[0.004s][info][gc] Using Parallel
[0.013s][info][gc,init] Version: 16.0.1+9 (release)
[0.013s][info][gc,init] CPUs: 8 total, 8 available
[0.013s][info][gc,init] Memory: 32117M
[0.013s][info][gc,init] Large Page Support: Disabled
[0.013s][info][gc,init] NUMA Support: Disabled
[0.013s][info][gc,init] Compressed Oops: Enabled (Zero based)
[0.013s][info][gc,init] Alignments: Space 512K, Generation 512K, Heap 2M
[0.013s][info][gc,init] Heap Min Capacity: 2054M
[0.013s][info][gc,init] Heap Initial Capacity: 2054M
[0.013s][info][gc,init] Heap Max Capacity: 3G
[0.013s][info][gc,init] Pre-touch: Disabled
[0.013s][info][gc,init] Parallel Workers: 4
[0.013s][info][gc,metaspace] CDS disabled.
[0.013s][info][gc,metaspace] Compressed class space mapped at: 0x0000000800000000-0x0000000840000000, reserved size: 1073741824
[0.013s][info][gc,metaspace] Narrow klass base: 0x0000000800000000, Narrow klass shift: 0, Narrow klass range: 0x40000000
[0.856s][info][safepoint   ] Safepoint "ICBufferFull", Time since last: 814370766 ns, Reaching safepoint: 3672390 ns, At safepoint: 7600 ns, Total: 3679990 ns
[1.234s][info][gc,start    ] GC(0) Pause Young (Metadata GC Threshold)
[1.246s][debug][gc,phases   ] GC(0) Scavenge 6.225ms
[1.246s][debug][gc,ref      ] GC(0) Skipped phase 1 of Reference Processing: no references
[1.246s][debug][gc,ref      ] GC(0) Skipped phase 3 of Reference Processing: no references
[1.246s][debug][gc,phases   ] GC(0) Reference Processing 0.136ms
[1.246s][debug][gc,phases   ] GC(0) Weak Processing 0.311ms
[1.246s][debug][gc,age      ] GC(0) Desired survivor size 536870912 bytes, new threshold 7 (max threshold 15)
[1.247s][info ][gc,heap     ] GC(0) PSYoungGen: 146801K(1572864K)->7828K(1572864K) Eden: 146801K(1048576K)->0K(1048576K) From: 0K(524288K)->7828K(524288K)
[1.247s][info ][gc,heap     ] GC(0) ParOldGen: 0K(6144K)->88K(6144K)
[1.247s][info ][gc,metaspace] GC(0) Metaspace: 20995K(21248K)->20995K(21248K) NonClass: 18625K(18752K)->18625K(18752K) Class: 2370K(2496K)->2370K(2496K)
[1.247s][info ][gc          ] GC(0) Pause Young (Metadata GC Threshold) 143M->7M(1542M) 12.498ms
[1.247s][info ][gc,cpu      ] GC(0) User=0.02s Sys=0.00s Real=0.01s
[1.247s][debug][gc,phases   ] GC(1) Pre Compact 0.014ms
[1.247s][info ][gc,start    ] GC(1) Pause Full (Metadata GC Threshold)
[1.247s][info ][gc,phases,start] GC(1) Marking Phase
[1.252s][debug][gc,phases      ] GC(1) Par Mark 4.894ms
[1.252s][debug][gc,ref         ] GC(1) Skipped phase 1 of Reference Processing: no references
[1.252s][debug][gc,ref         ] GC(1) Skipped phase 3 of Reference Processing: no references
[1.252s][debug][gc,phases      ] GC(1) Reference Processing 0.045ms
[1.252s][debug][gc,phases      ] GC(1) Weak Processing 0.118ms
[1.252s][debug][gc,phases      ] GC(1) ClassLoaderData 0.034ms
[1.252s][debug][gc,phases      ] GC(1) Trigger cleanups 0.000ms
[1.254s][debug][gc,phases      ] GC(1) Class Unloading 2.014ms
[1.254s][info ][gc,phases      ] GC(1) Marking Phase 7.145ms
[1.254s][info ][gc,phases,start] GC(1) Summary Phase
[1.254s][info ][gc,phases      ] GC(1) Summary Phase 0.006ms
[1.254s][info ][gc,phases,start] GC(1) Adjust Roots
[1.257s][info ][gc,phases      ] GC(1) Adjust Roots 3.206ms
[1.257s][info ][gc,phases,start] GC(1) Compaction Phase
[1.266s][info ][gc,phases      ] GC(1) Compaction Phase 8.740ms
[1.266s][info ][gc,phases,start] GC(1) Post Compact
[1.266s][info ][gc,phases      ] GC(1) Post Compact 0.434ms
[1.266s][info ][gc,heap        ] GC(1) PSYoungGen: 7828K(1572864K)->2147K(1572864K) Eden: 0K(1048576K)->0K(1048576K) From: 7828K(524288K)->2147K(524288K)
[1.266s][info ][gc,heap        ] GC(1) ParOldGen: 88K(6144K)->5707K(6144K)
[1.266s][info ][gc,metaspace   ] GC(1) Metaspace: 20995K(21248K)->20995K(21248K) NonClass: 18625K(18752K)->18625K(18752K) Class: 2370K(2496K)->2370K(2496K)
[1.266s][info ][gc             ] GC(1) Pause Full (Metadata GC Threshold) 7M->7M(1542M) 19.690ms
[1.266s][info ][gc,cpu         ] GC(1) User=0.03s Sys=0.00s Real=0.02s
[1.266s][info ][safepoint      ] Safepoint "CollectForMetadataAllocation", Time since last: 377983014 ns, Reaching safepoint: 137303 ns, At safepoint: 32344897 ns, Total: 32482200 ns
[1.522s][info ][safepoint      ] Safepoint "ICBufferFull", Time since last: 255837904 ns, Reaching safepoint: 71001 ns, At safepoint: 2000 ns, Total: 73001 ns
[1.546s][info ][safepoint      ] Safepoint "ICBufferFull", Time since last: 23407277 ns, Reaching safepoint: 61102 ns, At safepoint: 2100 ns, Total: 63202 ns
[1.558s][info ][safepoint      ] Safepoint "ICBufferFull", Time since last: 11715788 ns, Reaching safepoint: 58902 ns, At safepoint: 5100 ns, Total: 64002 ns
[1.573s][info ][safepoint      ] Safepoint "ICBufferFull", Time since last: 15908692 ns, Reaching safepoint: 54101 ns, At safepoint: 2000 ns, Total: 56101 ns
[1.578s][info ][safepoint      ] Safepoint "ICBufferFull", Time since last: 4250705 ns, Reaching safepoint: 115103 ns, At safepoint: 4900 ns, Total: 120003 ns
[1.584s][info ][safepoint      ] Safepoint "ICBufferFull", Time since last: 5756842 ns, Reaching safepoint: 199505 ns, At safepoint: 12500 ns, Total: 212005 ns
[1.587s][info ][safepoint      ] Safepoint "ICBufferFull", Time since last: 3353383 ns, Reaching safepoint: 43601 ns, At safepoint: 5700 ns, Total: 49301 ns
[1.592s][info ][safepoint      ] Safepoint "ICBufferFull", Time since last: 4539212 ns, Reaching safepoint: 45301 ns, At safepoint: 2200 ns, Total: 47501 ns
[1.605s][info ][safepoint      ] Safepoint "ICBufferFull", Time since last: 13007120 ns, Reaching safepoint: 162204 ns, At safepoint: 10601 ns, Total: 172805 ns
[1.620s][info ][safepoint      ] Safepoint "ICBufferFull", Time since last: 14765963 ns, Reaching safepoint: 82302 ns, At safepoint: 2901 ns, Total: 85203 ns
[1.621s][info ][safepoint      ] Safepoint "ICBufferFull", Time since last: 923822 ns, Reaching safepoint: 639016 ns, At safepoint: 1800 ns, Total: 640816 ns
[1.624s][info ][safepoint      ] Safepoint "ICBufferFull", Time since last: 917323 ns, Reaching safepoint: 1438235 ns, At safepoint: 2300 ns, Total: 1440535 ns
[1.741s][info ][safepoint      ] Safepoint "ICBufferFull", Time since last: 117484395 ns, Reaching safepoint: 156704 ns, At safepoint: 2700 ns, Total: 159404 ns
[1.745s][info ][safepoint      ] Safepoint "ICBufferFull", Time since last: 3721792 ns, Reaching safepoint: 41501 ns, At safepoint: 1700 ns, Total: 43201 ns
[1.747s][info ][safepoint      ] Safepoint "ICBufferFull", Time since last: 1346233 ns, Reaching safepoint: 16600 ns, At safepoint: 1200 ns, Total: 17800 ns
[1.750s][info ][safepoint      ] Safepoint "ICBufferFull", Time since last: 2970273 ns, Reaching safepoint: 113303 ns, At safepoint: 2700 ns, Total: 116003 ns
[1.753s][info ][safepoint      ] Safepoint "ICBufferFull", Time since last: 3607789 ns, Reaching safepoint: 92702 ns, At safepoint: 6401 ns, Total: 99103 ns
[1.757s][info ][safepoint      ] Safepoint "ICBufferFull", Time since last: 3358882 ns, Reaching safepoint: 23201 ns, At safepoint: 3200 ns, Total: 26401 ns
[1.761s][info ][safepoint      ] Safepoint "ICBufferFull", Time since last: 4515411 ns, Reaching safepoint: 32001 ns, At safepoint: 8800 ns, Total: 40801 ns
[1.762s][info ][safepoint      ] Safepoint "ICBufferFull", Time since last: 1066927 ns, Reaching safepoint: 24400 ns, At safepoint: 7800 ns, Total: 32200 ns
[1.764s][info ][safepoint      ] Safepoint "ICBufferFull", Time since last: 1350134 ns, Reaching safepoint: 35100 ns, At safepoint: 2001 ns, Total: 37101 ns
[1.765s][info ][safepoint      ] Safepoint "ICBufferFull", Time since last: 1243230 ns, Reaching safepoint: 23201 ns, At safepoint: 5000 ns, Total: 28201 ns
[1.767s][info ][safepoint      ] Safepoint "ICBufferFull", Time since last: 1924747 ns, Reaching safepoint: 141304 ns, At safepoint: 3800 ns, Total: 145104 ns
[1.772s][info ][safepoint      ] Safepoint "ICBufferFull", Time since last: 4921221 ns, Reaching safepoint: 30101 ns, At safepoint: 2100 ns, Total: 32201 ns
[1.774s][info ][safepoint      ] Safepoint "ICBufferFull", Time since last: 1690942 ns, Reaching safepoint: 26600 ns, At safepoint: 2100 ns, Total: 28700 ns
[1.775s][info ][safepoint      ] Safepoint "ICBufferFull", Time since last: 1466336 ns, Reaching safepoint: 23201 ns, At safepoint: 1600 ns, Total: 24801 ns
[1.778s][info ][safepoint      ] Safepoint "ICBufferFull", Time since last: 2430260 ns, Reaching safepoint: 32301 ns, At safepoint: 1700 ns, Total: 34001 ns
[1.784s][info ][safepoint      ] Safepoint "ICBufferFull", Time since last: 6035348 ns, Reaching safepoint: 60902 ns, At safepoint: 4100 ns, Total: 65002 ns
[1.795s][info ][safepoint      ] Safepoint "ICBufferFull", Time since last: 11561185 ns, Reaching safepoint: 57601 ns, At safepoint: 3000 ns, Total: 60601 ns
[1.829s][info ][safepoint      ] Safepoint "ICBufferFull", Time since last: 33445124 ns, Reaching safepoint: 53502 ns, At safepoint: 1700 ns, Total: 55202 ns
[1.839s][info ][safepoint      ] Safepoint "ICBufferFull", Time since last: 9711939 ns, Reaching safepoint: 45801 ns, At safepoint: 2700 ns, Total: 48501 ns
[2.001s][info ][safepoint      ] Safepoint "ICBufferFull", Time since last: 162282799 ns, Reaching safepoint: 154004 ns, At safepoint: 6800 ns, Total: 160804 ns
[2.284s][info ][safepoint      ] Safepoint "ICBufferFull", Time since last: 282424359 ns, Reaching safepoint: 827520 ns, At safepoint: 10000 ns, Total: 837520 ns
[2.889s][info ][safepoint      ] Safepoint "ICBufferFull", Time since last: 603861379 ns, Reaching safepoint: 279407 ns, At safepoint: 11400 ns, Total: 290807 ns
[3.297s][info ][gc,start       ] GC(2) Pause Young (Metadata GC Threshold)
[3.360s][debug][gc,phases      ] GC(2) Scavenge 62.922ms
[3.360s][debug][gc,ref         ] GC(2) Skipped phase 1 of Reference Processing: no references
[3.360s][debug][gc,ref         ] GC(2) Skipped phase 3 of Reference Processing: no references
[3.360s][debug][gc,phases      ] GC(2) Reference Processing 0.411ms
[3.361s][debug][gc,phases      ] GC(2) Weak Processing 1.316ms
[3.361s][debug][gc,age         ] GC(2) Desired survivor size 536870912 bytes, new threshold 7 (max threshold 15)
[3.361s][info ][gc,heap        ] GC(2) PSYoungGen: 450276K(1572864K)->53981K(1572864K) Eden: 448128K(1048576K)->0K(1048576K) From: 2147K(524288K)->53981K(524288K)
[3.361s][info ][gc,heap        ] GC(2) ParOldGen: 5707K(6144K)->5715K(6144K)
[3.361s][info ][gc,metaspace   ] GC(2) Metaspace: 35189K(35456K)->35189K(35456K) NonClass: 30755K(30912K)->30755K(30912K) Class: 4434K(4544K)->4434K(4544K)
[3.361s][info ][gc             ] GC(2) Pause Young (Metadata GC Threshold) 445M->58M(1542M) 64.799ms
[3.361s][info ][gc,cpu         ] GC(2) User=0.17s Sys=0.00s Real=0.06s
[3.361s][debug][gc,phases      ] GC(3) Pre Compact 0.012ms
[3.361s][info ][gc,start       ] GC(3) Pause Full (Metadata GC Threshold)
[3.361s][info ][gc,phases,start] GC(3) Marking Phase
[3.400s][debug][gc,phases      ] GC(3) Par Mark 38.464ms
[3.400s][debug][gc,ref         ] GC(3) Skipped phase 1 of Reference Processing: no references
[3.400s][debug][gc,ref         ] GC(3) Skipped phase 3 of Reference Processing: no references
[3.400s][debug][gc,phases      ] GC(3) Reference Processing 0.056ms
[3.400s][debug][gc,phases      ] GC(3) Weak Processing 0.357ms
[3.400s][debug][gc,phases      ] GC(3) ClassLoaderData 0.030ms
[3.400s][debug][gc,phases      ] GC(3) Trigger cleanups 0.000ms
[3.405s][debug][gc,phases      ] GC(3) Class Unloading 4.476ms
[3.405s][info ][gc,phases      ] GC(3) Marking Phase 43.469ms
[3.405s][info ][gc,phases,start] GC(3) Summary Phase
[3.405s][info ][gc,phases      ] GC(3) Summary Phase 0.008ms
[3.405s][info ][gc,phases,start] GC(3) Adjust Roots
[3.415s][info ][gc,phases      ] GC(3) Adjust Roots 10.167ms
[3.415s][info ][gc,phases,start] GC(3) Compaction Phase
[3.756s][info ][gc,phases      ] GC(3) Compaction Phase 341.396ms
[3.757s][info ][gc,phases,start] GC(3) Post Compact
[3.757s][info ][gc,phases      ] GC(3) Post Compact 0.691ms
[3.757s][info ][gc,heap        ] GC(3) PSYoungGen: 53981K(1572864K)->53323K(1572864K) Eden: 0K(1048576K)->0K(1048576K) From: 53981K(524288K)->53323K(524288K)
[3.757s][info ][gc,heap        ] GC(3) ParOldGen: 5715K(6144K)->6122K(6144K)
[3.757s][info ][gc,metaspace   ] GC(3) Metaspace: 35189K(35456K)->35189K(35456K) NonClass: 30755K(30912K)->30755K(30912K) Class: 4434K(4544K)->4434K(4544K)
[3.757s][info ][gc             ] GC(3) Pause Full (Metadata GC Threshold) 58M->58M(1542M) 395.873ms
[3.757s][info ][gc,cpu         ] GC(3) User=0.74s Sys=0.01s Real=0.40s
[3.757s][info ][safepoint      ] Safepoint "CollectForMetadataAllocation", Time since last: 407741847 ns, Reaching safepoint: 178004 ns, At safepoint: 460827755 ns, Total: 461005759 ns
[4.031s][info ][safepoint      ] Safepoint "ICBufferFull", Time since last: 273665443 ns, Reaching safepoint: 235106 ns, At safepoint: 4800 ns, Total: 239906 ns
[4.035s][info ][safepoint      ] Safepoint "ICBufferFull", Time since last: 3675791 ns, Reaching safepoint: 107302 ns, At safepoint: 11501 ns, Total: 118803 ns
[4.035s][info ][safepoint      ] Safepoint "ICBufferFull", Time since last: 80002 ns, Reaching safepoint: 99002 ns, At safepoint: 8000 ns, Total: 107002 ns
[4.056s][info ][safepoint      ] Safepoint "ICBufferFull", Time since last: 16083897 ns, Reaching safepoint: 5168827 ns, At safepoint: 29901 ns, Total: 5198728 ns
[4.062s][info ][safepoint      ] Safepoint "ICBufferFull", Time since last: 5240629 ns, Reaching safepoint: 117603 ns, At safepoint: 21600 ns, Total: 139203 ns
[4.068s][info ][safepoint      ] Safepoint "ICBufferFull", Time since last: 56102 ns, Reaching safepoint: 5884145 ns, At safepoint: 28800 ns, Total: 5912945 ns
[4.181s][info ][safepoint      ] Safepoint "ICBufferFull", Time since last: 105406998 ns, Reaching safepoint: 7760791 ns, At safepoint: 24300 ns, Total: 7785091 ns
[4.301s][info ][safepoint      ] Safepoint "ICBufferFull", Time since last: 114297717 ns, Reaching safepoint: 5471735 ns, At safepoint: 24800 ns, Total: 5496535 ns
[4.316s][info ][safepoint      ] Safepoint "ICBufferFull", Time since last: 6952671 ns, Reaching safepoint: 8291405 ns, At safepoint: 29000 ns, Total: 8320405 ns
[4.321s][info ][safepoint      ] Safepoint "ICBufferFull", Time since last: 4303006 ns, Reaching safepoint: 196605 ns, At safepoint: 23501 ns, Total: 220106 ns
[4.724s][info ][safepoint      ] Safepoint "ICBufferFull", Time since last: 403393140 ns, Reaching safepoint: 239605 ns, At safepoint: 17001 ns, Total: 256606 ns
[4.842s][info ][safepoint      ] Safepoint "ICBufferFull", Time since last: 117971507 ns, Reaching safepoint: 205905 ns, At safepoint: 22000 ns, Total: 227905 ns
[4.956s][info ][safepoint      ] Safepoint "ICBufferFull", Time since last: 108151965 ns, Reaching safepoint: 5595338 ns, At safepoint: 17801 ns, Total: 5613139 ns
[4.969s][info ][safepoint      ] Safepoint "ICBufferFull", Time since last: 12880717 ns, Reaching safepoint: 101902 ns, At safepoint: 20301 ns, Total: 122203 ns
[4.971s][info ][safepoint      ] Safepoint "ICBufferFull", Time since last: 2115752 ns, Reaching safepoint: 120803 ns, At safepoint: 11600 ns, Total: 132403 ns
[4.980s][info ][safepoint      ] Safepoint "ICBufferFull", Time since last: 4073301 ns, Reaching safepoint: 4239004 ns, At safepoint: 28501 ns, Total: 4267505 ns
[4.984s][info ][safepoint      ] Safepoint "ICBufferFull", Time since last: 844621 ns, Reaching safepoint: 3149077 ns, At safepoint: 12001 ns, Total: 3161078 ns
[4.992s][info ][safepoint      ] Safepoint "ICBufferFull", Time since last: 7970796 ns, Reaching safepoint: 124803 ns, At safepoint: 14900 ns, Total: 139703 ns
[4.994s][info ][safepoint      ] Safepoint "ICBufferFull", Time since last: 1866646 ns, Reaching safepoint: 127604 ns, At safepoint: 11400 ns, Total: 139004 ns
[4.998s][info ][safepoint      ] Safepoint "ICBufferFull", Time since last: 3113077 ns, Reaching safepoint: 637115 ns, At safepoint: 11301 ns, Total: 648416 ns
[5.004s][info ][safepoint      ] Safepoint "ICBufferFull", Time since last: 215605 ns, Reaching safepoint: 6422658 ns, At safepoint: 20901 ns, Total: 6443559 ns
[5.007s][info ][safepoint      ] Safepoint "ICBufferFull", Time since last: 2221254 ns, Reaching safepoint: 172305 ns, At safepoint: 15100 ns, Total: 187405 ns
[5.035s][info ][safepoint      ] Safepoint "ICBufferFull", Time since last: 25952239 ns, Reaching safepoint: 2157754 ns, At safepoint: 59301 ns, Total: 2217055 ns
[5.041s][info ][safepoint      ] Safepoint "ICBufferFull", Time since last: 2263556 ns, Reaching safepoint: 4226004 ns, At safepoint: 18300 ns, Total: 4244304 ns
[5.045s][info ][safepoint      ] Safepoint "ICBufferFull", Time since last: 3661391 ns, Reaching safepoint: 116703 ns, At safepoint: 13200 ns, Total: 129903 ns
[5.064s][info ][safepoint      ] Safepoint "ICBufferFull", Time since last: 17045120 ns, Reaching safepoint: 1382634 ns, At safepoint: 11400 ns, Total: 1394034 ns
[5.069s][info ][safepoint      ] Safepoint "ICBufferFull", Time since last: 3092576 ns, Reaching safepoint: 2329958 ns, At safepoint: 14900 ns, Total: 2344858 ns
[5.094s][info ][safepoint      ] Safepoint "ICBufferFull", Time since last: 7330581 ns, Reaching safepoint: 17688836 ns, At safepoint: 25400 ns, Total: 17714236 ns
[5.107s][info ][safepoint      ] Safepoint "ICBufferFull", Time since last: 1733543 ns, Reaching safepoint: 10586261 ns, At safepoint: 28401 ns, Total: 10614662 ns
[5.114s][info ][safepoint      ] Safepoint "ICBufferFull", Time since last: 7445183 ns, Reaching safepoint: 113103 ns, At safepoint: 18400 ns, Total: 131503 ns
[5.133s][info ][safepoint      ] Safepoint "ICBufferFull", Time since last: 18560558 ns, Reaching safepoint: 119203 ns, At safepoint: 9600 ns, Total: 128803 ns
[5.139s][info ][safepoint      ] Safepoint "ICBufferFull", Time since last: 5829143 ns, Reaching safepoint: 133704 ns, At safepoint: 20600 ns, Total: 154304 ns
[5.156s][info ][safepoint      ] Safepoint "ICBufferFull", Time since last: 11719289 ns, Reaching safepoint: 5890445 ns, At safepoint: 16001 ns, Total: 5906446 ns
[5.161s][info ][safepoint      ] Safepoint "ICBufferFull", Time since last: 4502910 ns, Reaching safepoint: 111103 ns, At safepoint: 12401 ns, Total: 123504 ns
[5.168s][info ][safepoint      ] Safepoint "ICBufferFull", Time since last: 4813718 ns, Reaching safepoint: 2156353 ns, At safepoint: 10301 ns, Total: 2166654 ns
[5.176s][info ][safepoint      ] Safepoint "ICBufferFull", Time since last: 3283180 ns, Reaching safepoint: 4293606 ns, At safepoint: 25001 ns, Total: 4318607 ns
[5.178s][info ][safepoint      ] Safepoint "ICBufferFull", Time since last: 2414059 ns, Reaching safepoint: 456912 ns, At safepoint: 18400 ns, Total: 475312 ns
[5.193s][info ][safepoint      ] Safepoint "ICBufferFull", Time since last: 3297181 ns, Reaching safepoint: 11069073 ns, At safepoint: 23201 ns, Total: 11092274 ns
[5.198s][info ][safepoint      ] Safepoint "ICBufferFull", Time since last: 5480835 ns, Reaching safepoint: 105102 ns, At safepoint: 18901 ns, Total: 124003 ns
[5.216s][info ][safepoint      ] Safepoint "ICBufferFull", Time since last: 9282628 ns, Reaching safepoint: 7886595 ns, At safepoint: 31801 ns, Total: 7918396 ns
[5.222s][info ][safepoint      ] Safepoint "ICBufferFull", Time since last: 5797742 ns, Reaching safepoint: 80202 ns, At safepoint: 25101 ns, Total: 105303 ns
[5.227s][info ][safepoint      ] Safepoint "ICBufferFull", Time since last: 4807918 ns, Reaching safepoint: 119903 ns, At safepoint: 18001 ns, Total: 137904 ns
[5.229s][info ][safepoint      ] Safepoint "ICBufferFull", Time since last: 2069551 ns, Reaching safepoint: 662616 ns, At safepoint: 16301 ns, Total: 678917 ns
[5.233s][info ][safepoint      ] Safepoint "ICBufferFull", Time since last: 3384983 ns, Reaching safepoint: 117203 ns, At safepoint: 13600 ns, Total: 130803 ns
[5.241s][info ][safepoint      ] Safepoint "ICBufferFull", Time since last: 4323307 ns, Reaching safepoint: 4053200 ns, At safepoint: 21800 ns, Total: 4075000 ns
[5.261s][info ][safepoint      ] Safepoint "ICBufferFull", Time since last: 15624485 ns, Reaching safepoint: 4240705 ns, At safepoint: 16200 ns, Total: 4256905 ns
[5.433s][info ][safepoint      ] Safepoint "ICBufferFull", Time since last: 165908188 ns, Reaching safepoint: 5742842 ns, At safepoint: 19400 ns, Total: 5762242 ns
[5.489s][info ][safepoint      ] Safepoint "ICBufferFull", Time since last: 47034759 ns, Reaching safepoint: 9165426 ns, At safepoint: 34401 ns, Total: 9199827 ns
[5.501s][info ][safepoint      ] Safepoint "ICBufferFull", Time since last: 12022696 ns, Reaching safepoint: 269707 ns, At safepoint: 21800 ns, Total: 291507 ns
[5.524s][info ][safepoint      ] Safepoint "ICBufferFull", Time since last: 18406854 ns, Reaching safepoint: 4273205 ns, At safepoint: 19700 ns, Total: 4292905 ns
[5.574s][info ][safepoint      ] Safepoint "ICBufferFull", Time since last: 39790281 ns, Reaching safepoint: 10052648 ns, At safepoint: 27000 ns, Total: 10079648 ns
[5.595s][info ][safepoint      ] Safepoint "ICBufferFull", Time since last: 19446179 ns, Reaching safepoint: 2128153 ns, At safepoint: 25101 ns, Total: 2153254 ns
[5.632s][info ][safepoint      ] Safepoint "ICBufferFull", Time since last: 22557955 ns, Reaching safepoint: 13816641 ns, At safepoint: 19600 ns, Total: 13836241 ns
[5.652s][info ][safepoint      ] Safepoint "ICBufferFull", Time since last: 15345478 ns, Reaching safepoint: 4987323 ns, At safepoint: 24201 ns, Total: 5011524 ns
[5.686s][info ][safepoint      ] Safepoint "ICBufferFull", Time since last: 30038040 ns, Reaching safepoint: 4232004 ns, At safepoint: 21301 ns, Total: 4253305 ns
[5.716s][info ][safepoint      ] Safepoint "ICBufferFull", Time since last: 29664731 ns, Reaching safepoint: 124503 ns, At safepoint: 10600 ns, Total: 135103 ns
[5.726s][info ][safepoint      ] Safepoint "ICBufferFull", Time since last: 9385731 ns, Reaching safepoint: 120903 ns, At safepoint: 10801 ns, Total: 131704 ns
[5.749s][info ][safepoint      ] Safepoint "ICBufferFull", Time since last: 15585184 ns, Reaching safepoint: 7459083 ns, At safepoint: 19901 ns, Total: 7478984 ns
[5.790s][info ][safepoint      ] Safepoint "ICBufferFull", Time since last: 31714581 ns, Reaching safepoint: 9550036 ns, At safepoint: 27500 ns, Total: 9577536 ns
[5.797s][info ][safepoint      ] Safepoint "ICBufferFull", Time since last: 6482960 ns, Reaching safepoint: 323908 ns, At safepoint: 23501 ns, Total: 347409 ns
[5.820s][info ][safepoint      ] Safepoint "ICBufferFull", Time since last: 18714661 ns, Reaching safepoint: 4328507 ns, At safepoint: 32300 ns, Total: 4360807 ns
[5.851s][info ][safepoint      ] Safepoint "ICBufferFull", Time since last: 21975242 ns, Reaching safepoint: 9147825 ns, At safepoint: 29201 ns, Total: 9177026 ns
[5.872s][info ][safepoint      ] Safepoint "ICBufferFull", Time since last: 11949394 ns, Reaching safepoint: 8570112 ns, At safepoint: 30400 ns, Total: 8600512 ns
[5.889s][info ][safepoint      ] Safepoint "ICBufferFull", Time since last: 10130750 ns, Reaching safepoint: 6746366 ns, At safepoint: 28901 ns, Total: 6775267 ns
[5.901s][info ][safepoint      ] Safepoint "ICBufferFull", Time since last: 8587111 ns, Reaching safepoint: 3287181 ns, At safepoint: 25301 ns, Total: 3312482 ns
[5.913s][info ][safepoint      ] Safepoint "ICBufferFull", Time since last: 8043998 ns, Reaching safepoint: 4246805 ns, At safepoint: 21000 ns, Total: 4267805 ns
[5.917s][info ][safepoint      ] Safepoint "ICBufferFull", Time since last: 4234305 ns, Reaching safepoint: 112803 ns, At safepoint: 12700 ns, Total: 125503 ns
[5.940s][info ][safepoint      ] Safepoint "ICBufferFull", Time since last: 11880893 ns, Reaching safepoint: 10649862 ns, At safepoint: 29201 ns, Total: 10679063 ns
[5.956s][info ][safepoint      ] Safepoint "ICBufferFull", Time since last: 8848818 ns, Reaching safepoint: 7076874 ns, At safepoint: 22301 ns, Total: 7099175 ns
[5.982s][debug][gc,phases      ] GC(4) Pre Compact 0.034ms
[5.982s][info ][gc,start       ] GC(4) Pause Full (Ergonomics)
[5.982s][info ][gc,phases,start] GC(4) Marking Phase
[6.113s][debug][gc,phases      ] GC(4) Par Mark 131.203ms
[6.113s][debug][gc,ref         ] GC(4) Skipped phase 1 of Reference Processing: no references
[6.113s][debug][gc,ref         ] GC(4) Skipped phase 3 of Reference Processing: no references
[6.114s][debug][gc,phases      ] GC(4) Reference Processing 0.313ms
[6.114s][debug][gc,phases      ] GC(4) Weak Processing 0.467ms
[6.114s][debug][gc,phases      ] GC(4) ClassLoaderData 0.042ms
[6.114s][debug][gc,phases      ] GC(4) Trigger cleanups 0.000ms
[6.120s][debug][gc,phases      ] GC(4) Class Unloading 5.555ms
[6.120s][info ][gc,phases      ] GC(4) Marking Phase 137.708ms
[6.120s][info ][gc,phases,start] GC(4) Summary Phase
[6.120s][info ][gc,phases      ] GC(4) Summary Phase 0.025ms
[6.120s][info ][gc,phases,start] GC(4) Adjust Roots
[6.134s][info ][gc,phases      ] GC(4) Adjust Roots 14.635ms
[6.134s][info ][gc,phases,start] GC(4) Compaction Phase
[6.434s][info ][gc,phases      ] GC(4) Compaction Phase 299.823ms
[6.434s][info ][gc,phases,start] GC(4) Post Compact
[6.438s][info ][gc,phases      ] GC(4) Post Compact 3.444ms
[6.438s][info ][gc,heap        ] GC(4) PSYoungGen: 1101899K(1572864K)->144268K(1572864K) Eden: 1048576K(1048576K)->144268K(1048576K) From: 53323K(524288K)->0K(524288K)
[6.438s][info ][gc,heap        ] GC(4) ParOldGen: 6122K(6144K)->6127K(18432K)
[6.438s][info ][gc,metaspace   ] GC(4) Metaspace: 47408K(47872K)->47408K(47872K) NonClass: 40539K(40768K)->40539K(40768K) Class: 6868K(7104K)->6868K(7104K)
[6.438s][info ][gc             ] GC(4) Pause Full (Ergonomics) 1082M->146M(1554M) 455.883ms
[6.438s][info ][gc,cpu         ] GC(4) User=1.42s Sys=0.01s Real=0.46s
[6.455s][info ][safepoint      ] Safepoint "ParallelGCFailedAllocation", Time since last: 20030093 ns, Reaching safepoint: 6170152 ns, At safepoint: 472730349 ns, Total: 478900501 ns
[6.456s][info ][safepoint      ] Safepoint "ICBufferFull", Time since last: 1138928 ns, Reaching safepoint: 99302 ns, At safepoint: 12401 ns, Total: 111703 ns
[6.468s][info ][safepoint      ] Safepoint "ICBufferFull", Time since last: 7823992 ns, Reaching safepoint: 4184704 ns, At safepoint: 14200 ns, Total: 4198904 ns
[6.476s][info ][safepoint      ] Safepoint "ICBufferFull", Time since last: 1936948 ns, Reaching safepoint: 5901645 ns, At safepoint: 14200 ns, Total: 5915845 ns
[6.496s][info ][safepoint      ] Safepoint "ICBufferFull", Time since last: 20104496 ns, Reaching safepoint: 132503 ns, At safepoint: 12200 ns, Total: 144703 ns
[6.505s][info ][safepoint      ] Safepoint "ICBufferFull", Time since last: 8481809 ns, Reaching safepoint: 85702 ns, At safepoint: 14101 ns, Total: 99803 ns
[6.506s][info ][safepoint      ] Safepoint "ICBufferFull", Time since last: 1417635 ns, Reaching safepoint: 188204 ns, At safepoint: 11801 ns, Total: 200005 ns
[6.513s][info ][safepoint      ] Safepoint "ICBufferFull", Time since last: 39101 ns, Reaching safepoint: 6521660 ns, At safepoint: 17001 ns, Total: 6538661 ns
[6.520s][info ][safepoint      ] Safepoint "ICBufferFull", Time since last: 6987272 ns, Reaching safepoint: 212905 ns, At safepoint: 9800 ns, Total: 222705 ns
[6.541s][info ][safepoint      ] Safepoint "ICBufferFull", Time since last: 16883216 ns, Reaching safepoint: 3844195 ns, At safepoint: 22601 ns, Total: 3866796 ns
[6.542s][info ][safepoint      ] Safepoint "ICBufferFull", Time since last: 1330332 ns, Reaching safepoint: 313808 ns, At safepoint: 15601 ns, Total: 329409 ns
[6.552s][info ][safepoint      ] Safepoint "ICBufferFull", Time since last: 6680264 ns, Reaching safepoint: 3222780 ns, At safepoint: 23800 ns, Total: 3246580 ns
[6.559s][info ][safepoint      ] Safepoint "ICBufferFull", Time since last: 6204653 ns, Reaching safepoint: 153004 ns, At safepoint: 15100 ns, Total: 168104 ns
[6.580s][info ][safepoint      ] Safepoint "ICBufferFull", Time since last: 14278552 ns, Reaching safepoint: 6750366 ns, At safepoint: 20101 ns, Total: 6770467 ns
[6.592s][info ][safepoint      ] Safepoint "ICBufferFull", Time since last: 3577788 ns, Reaching safepoint: 8402507 ns, At safepoint: 25301 ns, Total: 8427808 ns
[6.596s][info ][safepoint      ] Safepoint "ICBufferFull", Time since last: 4412808 ns, Reaching safepoint: 118503 ns, At safepoint: 17601 ns, Total: 136104 ns
[6.620s][info ][safepoint      ] Safepoint "ICBufferFull", Time since last: 19732486 ns, Reaching safepoint: 4285606 ns, At safepoint: 18100 ns, Total: 4303706 ns
[6.636s][info ][safepoint      ] Safepoint "ICBufferFull", Time since last: 6239754 ns, Reaching safepoint: 9095724 ns, At safepoint: 32501 ns, Total: 9128225 ns
[6.656s][info ][safepoint      ] Safepoint "ICBufferFull", Time since last: 16014994 ns, Reaching safepoint: 4354408 ns, At safepoint: 24100 ns, Total: 4378508 ns
[6.684s][info ][safepoint      ] Safepoint "ICBufferFull", Time since last: 19938892 ns, Reaching safepoint: 7499584 ns, At safepoint: 27101 ns, Total: 7526685 ns
[6.687s][info ][safepoint      ] Safepoint "ICBufferFull", Time since last: 2928072 ns, Reaching safepoint: 122303 ns, At safepoint: 24301 ns, Total: 146604 ns
[6.695s][info ][safepoint      ] Safepoint "ICBufferFull", Time since last: 8454508 ns, Reaching safepoint: 120503 ns, At safepoint: 38601 ns, Total: 159104 ns
[6.700s][info ][safepoint      ] Safepoint "ICBufferFull", Time since last: 4977823 ns, Reaching safepoint: 109302 ns, At safepoint: 19601 ns, Total: 128903 ns
[6.707s][info ][safepoint      ] Safepoint "ICBufferFull", Time since last: 6621763 ns, Reaching safepoint: 130203 ns, At safepoint: 39001 ns, Total: 169204 ns
[6.713s][info ][safepoint      ] Safepoint "ICBufferFull", Time since last: 175105 ns, Reaching safepoint: 5381532 ns, At safepoint: 19301 ns, Total: 5400833 ns
[6.733s][info ][safepoint      ] Safepoint "ICBufferFull", Time since last: 19465579 ns, Reaching safepoint: 311508 ns, At safepoint: 17400 ns, Total: 328908 ns
[6.744s][info ][safepoint      ] Safepoint "ICBufferFull", Time since last: 3589289 ns, Reaching safepoint: 7895394 ns, At safepoint: 20801 ns, Total: 7916195 ns
[6.764s][info ][safepoint      ] Safepoint "ICBufferFull", Time since last: 15664686 ns, Reaching safepoint: 3906896 ns, At safepoint: 18401 ns, Total: 3925297 ns
[6.780s][info ][safepoint      ] Safepoint "ICBufferFull", Time since last: 12075097 ns, Reaching safepoint: 3722092 ns, At safepoint: 26700 ns, Total: 3748792 ns
[6.784s][info ][safepoint      ] Safepoint "ICBufferFull", Time since last: 2800069 ns, Reaching safepoint: 2109652 ns, At safepoint: 18701 ns, Total: 2128353 ns
[6.793s][info ][safepoint      ] Safepoint "ICBufferFull", Time since last: 6123951 ns, Reaching safepoint: 2160653 ns, At safepoint: 19801 ns, Total: 2180454 ns
[6.797s][info ][safepoint      ] Safepoint "ICBufferFull", Time since last: 4329106 ns, Reaching safepoint: 105003 ns, At safepoint: 17300 ns, Total: 122303 ns
[6.805s][info ][safepoint      ] Safepoint "ICBufferFull", Time since last: 3300982 ns, Reaching safepoint: 4255704 ns, At safepoint: 15701 ns, Total: 4271405 ns
[6.861s][info ][gc,start       ] GC(5) Pause Young (Allocation Failure)
[6.975s][debug][gc,phases      ] GC(5) Scavenge 114.164ms
[6.976s][debug][gc,ref         ] GC(5) Skipped phase 1 of Reference Processing: no references
[6.976s][debug][gc,ref         ] GC(5) Skipped phase 3 of Reference Processing: no references
[6.976s][debug][gc,phases      ] GC(5) Reference Processing 0.265ms
[6.977s][debug][gc,phases      ] GC(5) Weak Processing 1.253ms
[6.977s][debug][gc,age         ] GC(5) Desired survivor size 536870912 bytes, new threshold 7 (max threshold 15)
[6.977s][info ][gc,heap        ] GC(5) PSYoungGen: 1048576K(1572864K)->142736K(1572864K) Eden: 1048576K(1048576K)->0K(1048576K) From: 0K(524288K)->142736K(524288K)
[6.977s][info ][gc,heap        ] GC(5) ParOldGen: 6127K(18432K)->6135K(18432K)
[6.977s][info ][gc,metaspace   ] GC(5) Metaspace: 47772K(48192K)->47772K(48192K) NonClass: 40849K(41088K)->40849K(41088K) Class: 6922K(7104K)->6922K(7104K)
[6.977s][info ][gc             ] GC(5) Pause Young (Allocation Failure) 1029M->145M(1554M) 115.828ms
[6.977s][info ][gc,cpu         ] GC(5) User=0.36s Sys=0.05s Real=0.12s
[6.977s][info ][safepoint      ] Safepoint "ParallelGCFailedAllocation", Time since last: 56252986 ns, Reaching safepoint: 225506 ns, At safepoint: 115932956 ns, Total: 116158462 ns
[7.305s][info ][gc,start       ] GC(6) Pause Young (Allocation Failure)
[7.421s][debug][gc,phases      ] GC(6) Scavenge 116.134ms
[7.421s][debug][gc,ref         ] GC(6) Skipped phase 1 of Reference Processing: no references
[7.422s][debug][gc,ref         ] GC(6) Skipped phase 3 of Reference Processing: no references
[7.422s][debug][gc,phases      ] GC(6) Reference Processing 0.430ms
[7.423s][debug][gc,phases      ] GC(6) Weak Processing 1.637ms
[7.423s][debug][gc,age         ] GC(6) Desired survivor size 536870912 bytes, new threshold 7 (max threshold 15)
[7.423s][info ][gc,heap        ] GC(6) PSYoungGen: 1191312K(1572864K)->152528K(1572864K) Eden: 1048576K(1048576K)->0K(1048576K) From: 142736K(524288K)->152528K(524288K)
[7.423s][info ][gc,heap        ] GC(6) ParOldGen: 6135K(18432K)->6143K(18432K)
[7.423s][info ][gc,metaspace   ] GC(6) Metaspace: 48923K(49344K)->48923K(49344K) NonClass: 41847K(42048K)->41847K(42048K) Class: 7076K(7296K)->7076K(7296K)
[7.423s][info ][gc             ] GC(6) Pause Young (Allocation Failure) 1169M->154M(1554M) 118.342ms
[7.423s][info ][gc,cpu         ] GC(6) User=0.37s Sys=0.03s Real=0.12s
[7.423s][info ][safepoint      ] Safepoint "ParallelGCFailedAllocation", Time since last: 317734030 ns, Reaching safepoint: 9983146 ns, At safepoint: 118454918 ns, Total: 128438064 ns
[8.051s][info ][gc,start       ] GC(7) Pause Young (Allocation Failure)
[8.169s][debug][gc,phases      ] GC(7) Scavenge 117.439ms
[8.169s][debug][gc,ref         ] GC(7) Skipped phase 1 of Reference Processing: no references
[8.169s][debug][gc,ref         ] GC(7) Skipped phase 3 of Reference Processing: no references
[8.169s][debug][gc,phases      ] GC(7) Reference Processing 0.546ms
[8.171s][debug][gc,phases      ] GC(7) Weak Processing 1.978ms
[8.171s][debug][gc,age         ] GC(7) Desired survivor size 237502464 bytes, new threshold 8 (max threshold 15)
[8.171s][info ][gc,heap        ] GC(7) PSYoungGen: 1201104K(1572864K)->156846K(1865216K) Eden: 1048576K(1048576K)->0K(1340928K) From: 152528K(524288K)->156846K(524288K)
[8.171s][info ][gc,heap        ] GC(7) ParOldGen: 6143K(18432K)->6151K(18432K)
[8.171s][info ][gc,metaspace   ] GC(7) Metaspace: 51516K(51968K)->51516K(51968K) NonClass: 43933K(44160K)->43933K(44160K) Class: 7583K(7808K)->7583K(7808K)
[8.171s][info ][gc             ] GC(7) Pause Young (Allocation Failure) 1178M->159M(1839M) 120.125ms
[8.171s][info ][gc,cpu         ] GC(7) User=0.40s Sys=0.00s Real=0.12s
[8.171s][info ][safepoint      ] Safepoint "ParallelGCFailedAllocation", Time since last: 613429316 ns, Reaching safepoint: 14403355 ns, At safepoint: 120244463 ns, Total: 134647818 ns
[9.056s][info ][gc,start       ] GC(8) Pause Young (Allocation Failure)
[9.179s][debug][gc,phases      ] GC(8) Scavenge 122.553ms
[9.179s][debug][gc,ref         ] GC(8) Skipped phase 1 of Reference Processing: no references
[9.179s][debug][gc,ref         ] GC(8) Skipped phase 3 of Reference Processing: no references
[9.179s][debug][gc,phases      ] GC(8) Reference Processing 0.469ms
[9.181s][debug][gc,phases      ] GC(8) Weak Processing 1.929ms
[9.181s][debug][gc,age         ] GC(8) Desired survivor size 252182528 bytes, new threshold 9 (max threshold 15)
[9.181s][info ][gc,heap        ] GC(8) PSYoungGen: 1497774K(1865216K)->164370K(1572864K) Eden: 1340928K(1340928K)->0K(1340928K) From: 156846K(524288K)->164370K(231936K)
[9.181s][info ][gc,heap        ] GC(8) ParOldGen: 6151K(18432K)->6159K(18432K)
[9.181s][info ][gc,metaspace   ] GC(8) Metaspace: 52068K(52480K)->52068K(52480K) NonClass: 44447K(44672K)->44447K(44672K) Class: 7621K(7808K)->7621K(7808K)
[9.181s][info ][gc             ] GC(8) Pause Young (Allocation Failure) 1468M->166M(1554M) 125.105ms
[9.182s][info ][gc,cpu         ] GC(8) User=0.32s Sys=0.06s Real=0.12s
[9.182s][info ][safepoint      ] Safepoint "ParallelGCFailedAllocation", Time since last: 878902057 ns, Reaching safepoint: 6013149 ns, At safepoint: 125226085 ns, Total: 131239234 ns
[9.598s][info ][gc,start       ] GC(9) Pause Young (Allocation Failure)
[9.716s][debug][gc,phases      ] GC(9) Scavenge 118.549ms
[9.716s][debug][gc,ref         ] GC(9) Skipped phase 1 of Reference Processing: no references
[9.717s][debug][gc,ref         ] GC(9) Skipped phase 3 of Reference Processing: no references
[9.717s][debug][gc,phases      ] GC(9) Reference Processing 0.464ms
[9.719s][debug][gc,phases      ] GC(9) Weak Processing 1.935ms
[9.719s][debug][gc,age         ] GC(9) Desired survivor size 263716864 bytes, new threshold 10 (max threshold 15)
[9.719s][info ][gc,heap        ] GC(9) PSYoungGen: 1505298K(1572864K)->172675K(1828352K) Eden: 1340928K(1340928K)->0K(1582080K) From: 164370K(231936K)->172675K(246272K)
[9.719s][info ][gc,heap        ] GC(9) ParOldGen: 6159K(18432K)->6167K(18432K)
[9.719s][info ][gc,metaspace   ] GC(9) Metaspace: 52069K(52480K)->52069K(52480K) NonClass: 44448K(44672K)->44448K(44672K) Class: 7621K(7808K)->7621K(7808K)
[9.719s][info ][gc             ] GC(9) Pause Young (Allocation Failure) 1476M->174M(1803M) 121.093ms
[9.719s][info ][gc,cpu         ] GC(9) User=0.25s Sys=0.14s Real=0.12s
[9.719s][info ][safepoint      ] Safepoint "ParallelGCFailedAllocation", Time since last: 415947650 ns, Reaching safepoint: 274607 ns, At safepoint: 121202186 ns, Total: 121476793 ns
[10.252s][info ][safepoint      ] Safepoint "ICBufferFull", Time since last: 520753233 ns, Reaching safepoint: 11996595 ns, At safepoint: 29801 ns, Total: 12026396 ns
[10.492s][info ][gc,start       ] GC(10) Pause Young (Allocation Failure)
[10.591s][debug][gc,phases      ] GC(10) Scavenge 99.511ms
[10.591s][debug][gc,ref         ] GC(10) Skipped phase 1 of Reference Processing: no references
[10.592s][debug][gc,ref         ] GC(10) Skipped phase 3 of Reference Processing: no references
[10.592s][debug][gc,phases      ] GC(10) Reference Processing 0.635ms
[10.594s][debug][gc,phases      ] GC(10) Weak Processing 2.054ms
[10.594s][debug][gc,age         ] GC(10) Desired survivor size 267386880 bytes, new threshold 11 (max threshold 15)
[10.594s][info ][gc,heap        ] GC(10) PSYoungGen: 1754755K(1828352K)->166259K(1748480K) Eden: 1582080K(1582080K)->0K(1582080K) From: 172675K(246272K)->166259K(166400K)
[10.594s][info ][gc,heap        ] GC(10) ParOldGen: 6167K(18432K)->6179K(18432K)
[10.594s][info ][gc,metaspace   ] GC(10) Metaspace: 53990K(54464K)->53990K(54464K) NonClass: 46115K(46336K)->46115K(46336K) Class: 7874K(8128K)->7874K(8128K)
[10.594s][info ][gc             ] GC(10) Pause Young (Allocation Failure) 1719M->168M(1725M) 102.375ms
[10.594s][info ][gc,cpu         ] GC(10) User=0.39s Sys=0.00s Real=0.10s
[10.594s][info ][safepoint      ] Safepoint "ParallelGCFailedAllocation", Time since last: 231197897 ns, Reaching safepoint: 8775617 ns, At safepoint: 102501025 ns, Total: 111276642 ns
[11.089s][info ][gc,start       ] GC(11) Pause Young (Allocation Failure)
[11.196s][debug][gc,phases      ] GC(11) Scavenge 107.128ms
[11.196s][debug][gc,ref         ] GC(11) Skipped phase 1 of Reference Processing: no references
[11.196s][debug][gc,ref         ] GC(11) Skipped phase 3 of Reference Processing: no references
[11.196s][debug][gc,phases      ] GC(11) Reference Processing 0.480ms
[11.198s][debug][gc,phases      ] GC(11) Weak Processing 1.753ms
[11.198s][debug][gc,age         ] GC(11) Desired survivor size 268959744 bytes, new threshold 12 (max threshold 15)
[11.198s][info ][gc,heap        ] GC(11) PSYoungGen: 1748339K(1748480K)->167294K(1832960K) Eden: 1582080K(1582080K)->0K(1571840K) From: 166259K(166400K)->167294K(261120K)
[11.198s][info ][gc,heap        ] GC(11) ParOldGen: 6179K(18432K)->6187K(18432K)
[11.198s][info ][gc,metaspace   ] GC(11) Metaspace: 54337K(54848K)->54337K(54848K) NonClass: 46429K(46720K)->46429K(46720K) Class: 7907K(8128K)->7907K(8128K)
[11.198s][info ][gc             ] GC(11) Pause Young (Allocation Failure) 1713M->169M(1808M) 109.499ms
[11.198s][info ][gc,cpu         ] GC(11) User=0.33s Sys=0.00s Real=0.11s
[11.198s][info ][safepoint      ] Safepoint "ParallelGCFailedAllocation", Time since last: 490085377 ns, Reaching safepoint: 4311706 ns, At safepoint: 109608001 ns, Total: 113919707 ns
[11.716s][info ][safepoint      ] Safepoint "ICBufferFull", Time since last: 516621831 ns, Reaching safepoint: 1099627 ns, At safepoint: 15901 ns, Total: 1115528 ns
[11.812s][info ][gc,start       ] GC(12) Pause Young (Allocation Failure)
[11.905s][debug][gc,phases      ] GC(12) Scavenge 93.332ms
[11.905s][debug][gc,ref         ] GC(12) Skipped phase 1 of Reference Processing: no references
[11.906s][debug][gc,ref         ] GC(12) Skipped phase 3 of Reference Processing: no references
[11.906s][debug][gc,phases      ] GC(12) Reference Processing 0.480ms
[11.907s][debug][gc,phases      ] GC(12) Weak Processing 1.684ms
[11.907s][debug][gc,age         ] GC(12) Desired survivor size 270008320 bytes, new threshold 13 (max threshold 15)
[11.907s][info ][gc,heap        ] GC(12) PSYoungGen: 1739134K(1832960K)->169075K(1741312K) Eden: 1571840K(1571840K)->0K(1571840K) From: 167294K(261120K)->169075K(169472K)
[11.907s][info ][gc,heap        ] GC(12) ParOldGen: 6187K(18432K)->6195K(18432K)
[11.908s][info ][gc,metaspace   ] GC(12) Metaspace: 54359K(54848K)->54359K(54848K) NonClass: 46450K(46720K)->46450K(46720K) Class: 7909K(8128K)->7909K(8128K)
[11.908s][info ][gc             ] GC(12) Pause Young (Allocation Failure) 1704M->171M(1718M) 95.645ms
[11.908s][info ][gc,cpu         ] GC(12) User=0.32s Sys=0.01s Real=0.09s
[11.908s][info ][safepoint      ] Safepoint "ParallelGCFailedAllocation", Time since last: 89474305 ns, Reaching safepoint: 6372757 ns, At safepoint: 95768160 ns, Total: 102140917 ns
[12.421s][info ][safepoint      ] Safepoint "ICBufferFull", Time since last: 508875440 ns, Reaching safepoint: 4416508 ns, At safepoint: 21101 ns, Total: 4437609 ns
[12.552s][info ][gc,start       ] GC(13) Pause Young (Allocation Failure)
[12.652s][debug][gc,phases      ] GC(13) Scavenge 99.933ms
[12.652s][debug][gc,ref         ] GC(13) Skipped phase 1 of Reference Processing: no references
[12.652s][debug][gc,ref         ] GC(13) Skipped phase 3 of Reference Processing: no references
[12.652s][debug][gc,phases      ] GC(13) Reference Processing 0.521ms
[12.654s][debug][gc,phases      ] GC(13) Weak Processing 1.912ms
[12.654s][debug][gc,age         ] GC(13) Desired survivor size 271581184 bytes, new threshold 14 (max threshold 15)
[12.654s][info ][gc,heap        ] GC(13) PSYoungGen: 1740915K(1741312K)->172810K(1830400K) Eden: 1571840K(1571840K)->0K(1566720K) From: 169075K(169472K)->172810K(263680K)
[12.654s][info ][gc,heap        ] GC(13) ParOldGen: 6195K(18432K)->6195K(18432K)
[12.654s][info ][gc,metaspace   ] GC(13) Metaspace: 54360K(54848K)->54360K(54848K) NonClass: 46451K(46720K)->46451K(46720K) Class: 7909K(8128K)->7909K(8128K)
[12.654s][info ][gc             ] GC(13) Pause Young (Allocation Failure) 1706M->174M(1805M) 102.501ms
[12.654s][info ][gc,cpu         ] GC(13) User=0.32s Sys=0.00s Real=0.10s
[12.654s][info ][safepoint      ] Safepoint "ParallelGCFailedAllocation", Time since last: 126696922 ns, Reaching safepoint: 4250705 ns, At safepoint: 102611829 ns, Total: 106862534 ns
[13.072s][info ][gc,start       ] GC(14) Pause Young (Allocation Failure)
[13.163s][debug][gc,phases      ] GC(14) Scavenge 91.386ms
[13.163s][debug][gc,ref         ] GC(14) Skipped phase 1 of Reference Processing: no references
[13.164s][debug][gc,ref         ] GC(14) Skipped phase 3 of Reference Processing: no references
[13.164s][debug][gc,phases      ] GC(14) Reference Processing 0.379ms
[13.166s][debug][gc,phases      ] GC(14) Weak Processing 2.045ms
[13.166s][debug][gc,age         ] GC(14) Desired survivor size 272629760 bytes, new threshold 15 (max threshold 15)
[13.166s][info ][gc,heap        ] GC(14) PSYoungGen: 1739530K(1830400K)->175363K(1742336K) Eden: 1566720K(1566720K)->0K(1566720K) From: 172810K(263680K)->175363K(175616K)
[13.166s][info ][gc,heap        ] GC(14) ParOldGen: 6195K(18432K)->6203K(18432K)
[13.166s][info ][gc,metaspace   ] GC(14) Metaspace: 54378K(54912K)->54378K(54912K) NonClass: 46467K(46784K)->46467K(46784K) Class: 7911K(8128K)->7911K(8128K)
[13.166s][info ][gc             ] GC(14) Pause Young (Allocation Failure) 1704M->177M(1719M) 94.016ms
[13.166s][info ][gc,cpu         ] GC(14) User=0.33s Sys=0.01s Real=0.09s
[13.166s][info ][safepoint      ] Safepoint "ParallelGCFailedAllocation", Time since last: 417214481 ns, Reaching safepoint: 166804 ns, At safepoint: 94124319 ns, Total: 94291123 ns
[13.325s][info ][safepoint      ] Safepoint "ICBufferFull", Time since last: 149761591 ns, Reaching safepoint: 9177526 ns, At safepoint: 28001 ns, Total: 9205527 ns
[13.338s][info ][safepoint      ] Safepoint "ICBufferFull", Time since last: 12841516 ns, Reaching safepoint: 116203 ns, At safepoint: 13401 ns, Total: 129604 ns
[13.344s][info ][safepoint      ] Safepoint "ICBufferFull", Time since last: 2340357 ns, Reaching safepoint: 4171603 ns, At safepoint: 18801 ns, Total: 4190404 ns
[13.349s][info ][safepoint      ] Safepoint "ICBufferFull", Time since last: 4169602 ns, Reaching safepoint: 121303 ns, At safepoint: 16501 ns, Total: 137804 ns
[13.353s][info ][safepoint      ] Safepoint "ICBufferFull", Time since last: 1951248 ns, Reaching safepoint: 2126352 ns, At safepoint: 25401 ns, Total: 2151753 ns
[13.356s][info ][safepoint      ] Safepoint "ICBufferFull", Time since last: 768119 ns, Reaching safepoint: 2135252 ns, At safepoint: 20901 ns, Total: 2156153 ns
[13.386s][info ][safepoint      ] Safepoint "ICBufferFull", Time since last: 11969395 ns, Reaching safepoint: 18055645 ns, At safepoint: 25100 ns, Total: 18080745 ns
[13.392s][info ][safepoint      ] Safepoint "ICBufferFull", Time since last: 765519 ns, Reaching safepoint: 5190728 ns, At safepoint: 21801 ns, Total: 5212529 ns
[13.393s][info ][safepoint      ] Safepoint "ICBufferFull", Time since last: 780519 ns, Reaching safepoint: 106303 ns, At safepoint: 12000 ns, Total: 118303 ns
[13.394s][info ][safepoint      ] Safepoint "ICBufferFull", Time since last: 729118 ns, Reaching safepoint: 109102 ns, At safepoint: 16101 ns, Total: 125203 ns
[13.394s][info ][safepoint      ] Safepoint "ICBufferFull", Time since last: 668816 ns, Reaching safepoint: 91103 ns, At safepoint: 16900 ns, Total: 108003 ns
[13.395s][info ][safepoint      ] Safepoint "ICBufferFull", Time since last: 731518 ns, Reaching safepoint: 91102 ns, At safepoint: 18201 ns, Total: 109303 ns
[13.400s][info ][safepoint      ] Safepoint "ICBufferFull", Time since last: 750218 ns, Reaching safepoint: 4211804 ns, At safepoint: 17800 ns, Total: 4229604 ns
[13.404s][info ][safepoint      ] Safepoint "ICBufferFull", Time since last: 1393035 ns, Reaching safepoint: 2220255 ns, At safepoint: 24500 ns, Total: 2244755 ns
[13.406s][info ][safepoint      ] Safepoint "ICBufferFull", Time since last: 1591839 ns, Reaching safepoint: 100603 ns, At safepoint: 21000 ns, Total: 121603 ns
[13.424s][info ][safepoint      ] Safepoint "ICBufferFull", Time since last: 14232451 ns, Reaching safepoint: 4262805 ns, At safepoint: 23401 ns, Total: 4286206 ns
[13.428s][info ][safepoint      ] Safepoint "ICBufferFull", Time since last: 875021 ns, Reaching safepoint: 3298082 ns, At safepoint: 16200 ns, Total: 3314282 ns
[13.431s][info ][safepoint      ] Safepoint "ICBufferFull", Time since last: 988424 ns, Reaching safepoint: 2131153 ns, At safepoint: 20200 ns, Total: 2151353 ns
[13.432s][info ][safepoint      ] Safepoint "ICBufferFull", Time since last: 738518 ns, Reaching safepoint: 106303 ns, At safepoint: 19501 ns, Total: 125804 ns
[13.433s][info ][safepoint      ] Safepoint "ICBufferFull", Time since last: 865521 ns, Reaching safepoint: 95802 ns, At safepoint: 20601 ns, Total: 116403 ns
[13.434s][info ][safepoint      ] Safepoint "ICBufferFull", Time since last: 663216 ns, Reaching safepoint: 103803 ns, At safepoint: 19300 ns, Total: 123103 ns
[13.435s][info ][safepoint      ] Safepoint "ICBufferFull", Time since last: 641116 ns, Reaching safepoint: 96202 ns, At safepoint: 16001 ns, Total: 112203 ns
[13.440s][info ][safepoint      ] Safepoint "ICBufferFull", Time since last: 659016 ns, Reaching safepoint: 4351507 ns, At safepoint: 16301 ns, Total: 4367808 ns
[13.444s][info ][safepoint      ] Safepoint "ICBufferFull", Time since last: 656416 ns, Reaching safepoint: 3161778 ns, At safepoint: 16900 ns, Total: 3178678 ns
[13.448s][info ][safepoint      ] Safepoint "ICBufferFull", Time since last: 668817 ns, Reaching safepoint: 4202303 ns, At safepoint: 15901 ns, Total: 4218204 ns
[13.450s][info ][safepoint      ] Safepoint "ICBufferFull", Time since last: 658616 ns, Reaching safepoint: 959823 ns, At safepoint: 15701 ns, Total: 975524 ns
[13.452s][info ][safepoint      ] Safepoint "ICBufferFull", Time since last: 641316 ns, Reaching safepoint: 1069526 ns, At safepoint: 19200 ns, Total: 1088726 ns
[13.453s][info ][safepoint      ] Safepoint "ICBufferFull", Time since last: 999525 ns, Reaching safepoint: 184005 ns, At safepoint: 20500 ns, Total: 204505 ns
[13.454s][info ][safepoint      ] Safepoint "ICBufferFull", Time since last: 716018 ns, Reaching safepoint: 107602 ns, At safepoint: 19401 ns, Total: 127003 ns
[13.455s][info ][safepoint      ] Safepoint "ICBufferFull", Time since last: 719318 ns, Reaching safepoint: 101702 ns, At safepoint: 19001 ns, Total: 120703 ns
[13.457s][info ][safepoint      ] Safepoint "ICBufferFull", Time since last: 1639440 ns, Reaching safepoint: 114403 ns, At safepoint: 15600 ns, Total: 130003 ns
[13.458s][info ][safepoint      ] Safepoint "ICBufferFull", Time since last: 1403835 ns, Reaching safepoint: 114403 ns, At safepoint: 21500 ns, Total: 135903 ns
[13.459s][info ][safepoint      ] Safepoint "ICBufferFull", Time since last: 858721 ns, Reaching safepoint: 89403 ns, At safepoint: 19000 ns, Total: 108403 ns
[13.460s][info ][safepoint      ] Safepoint "ICBufferFull", Time since last: 968024 ns, Reaching safepoint: 92502 ns, At safepoint: 16101 ns, Total: 108603 ns
[13.461s][info ][safepoint      ] Safepoint "ICBufferFull", Time since last: 1072426 ns, Reaching safepoint: 99902 ns, At safepoint: 21301 ns, Total: 121203 ns
[13.473s][info ][safepoint      ] Safepoint "ICBufferFull", Time since last: 5836744 ns, Reaching safepoint: 5698440 ns, At safepoint: 14901 ns, Total: 5713341 ns
[13.485s][info ][safepoint      ] Safepoint "ICBufferFull", Time since last: 7310880 ns, Reaching safepoint: 4473110 ns, At safepoint: 24401 ns, Total: 4497511 ns
[13.492s][info ][safepoint      ] Safepoint "ICBufferFull", Time since last: 734118 ns, Reaching safepoint: 6553961 ns, At safepoint: 29201 ns, Total: 6583162 ns
[13.504s][info ][safepoint      ] Safepoint "ICBufferFull", Time since last: 831920 ns, Reaching safepoint: 10937870 ns, At safepoint: 26301 ns, Total: 10964171 ns
[13.513s][info ][safepoint      ] Safepoint "ICBufferFull", Time since last: 824220 ns, Reaching safepoint: 8614212 ns, At safepoint: 31801 ns, Total: 8646013 ns
[13.518s][info ][safepoint      ] Safepoint "ICBufferFull", Time since last: 748118 ns, Reaching safepoint: 4184703 ns, At safepoint: 20501 ns, Total: 4205204 ns
[13.523s][info ][safepoint      ] Safepoint "ICBufferFull", Time since last: 4124002 ns, Reaching safepoint: 315107 ns, At safepoint: 12601 ns, Total: 327708 ns
[13.528s][info ][safepoint      ] Safepoint "ICBufferFull", Time since last: 2292256 ns, Reaching safepoint: 3176078 ns, At safepoint: 21801 ns, Total: 3197879 ns
[13.533s][info ][safepoint      ] Safepoint "ICBufferFull", Time since last: 4408609 ns, Reaching safepoint: 852121 ns, At safepoint: 11600 ns, Total: 863721 ns
[13.538s][info ][safepoint      ] Safepoint "ICBufferFull", Time since last: 4093101 ns, Reaching safepoint: 106802 ns, At safepoint: 21201 ns, Total: 128003 ns
[13.543s][info ][safepoint      ] Safepoint "ICBufferFull", Time since last: 5119226 ns, Reaching safepoint: 116603 ns, At safepoint: 13800 ns, Total: 130403 ns
[13.545s][info ][safepoint      ] Safepoint "ICBufferFull", Time since last: 1557839 ns, Reaching safepoint: 103502 ns, At safepoint: 17201 ns, Total: 120703 ns
[13.546s][info ][safepoint      ] Safepoint "ICBufferFull", Time since last: 1097527 ns, Reaching safepoint: 98602 ns, At safepoint: 19701 ns, Total: 118303 ns
[13.561s][info ][safepoint      ] Safepoint "ICBufferFull", Time since last: 11275277 ns, Reaching safepoint: 3476786 ns, At safepoint: 18301 ns, Total: 3495087 ns
[13.568s][info ][safepoint      ] Safepoint "ICBufferFull", Time since last: 815720 ns, Reaching safepoint: 6417858 ns, At safepoint: 16900 ns, Total: 6434758 ns
[13.573s][info ][safepoint      ] Safepoint "ICBufferFull", Time since last: 5266630 ns, Reaching safepoint: 136603 ns, At safepoint: 11301 ns, Total: 147904 ns
[13.581s][info ][safepoint      ] Safepoint "ICBufferFull", Time since last: 727718 ns, Reaching safepoint: 7135175 ns, At safepoint: 21501 ns, Total: 7156676 ns
[13.584s][info ][safepoint      ] Safepoint "ICBufferFull", Time since last: 953324 ns, Reaching safepoint: 2066950 ns, At safepoint: 11001 ns, Total: 2077951 ns
[13.589s][info ][safepoint      ] Safepoint "ICBufferFull", Time since last: 1179529 ns, Reaching safepoint: 4122701 ns, At safepoint: 15601 ns, Total: 4138302 ns
[13.605s][info ][safepoint      ] Safepoint "ICBufferFull", Time since last: 11020771 ns, Reaching safepoint: 4246505 ns, At safepoint: 180404 ns, Total: 4426909 ns
[13.609s][info ][safepoint      ] Safepoint "ICBufferFull", Time since last: 800520 ns, Reaching safepoint: 3123377 ns, At safepoint: 18501 ns, Total: 3141878 ns
[13.613s][info ][safepoint      ] Safepoint "ICBufferFull", Time since last: 3995898 ns, Reaching safepoint: 109703 ns, At safepoint: 12800 ns, Total: 122503 ns
[13.621s][info ][safepoint      ] Safepoint "ICBufferFull", Time since last: 1313132 ns, Reaching safepoint: 6413959 ns, At safepoint: 43301 ns, Total: 6457260 ns
[13.625s][info ][safepoint      ] Safepoint "ICBufferFull", Time since last: 864421 ns, Reaching safepoint: 3186178 ns, At safepoint: 11501 ns, Total: 3197679 ns
[13.975s][info ][gc,start       ] GC(15) Pause Young (Allocation Failure)
[14.096s][debug][gc,phases      ] GC(15) Scavenge 120.924ms
[14.096s][debug][gc,ref         ] GC(15) Skipped phase 1 of Reference Processing: no references
[14.097s][debug][gc,ref         ] GC(15) Skipped phase 3 of Reference Processing: no references
[14.097s][debug][gc,phases      ] GC(15) Reference Processing 0.546ms
[14.098s][debug][gc,phases      ] GC(15) Weak Processing 1.878ms
[14.099s][debug][gc,age         ] GC(15) Desired survivor size 272629760 bytes, new threshold 15 (max threshold 15)
[14.099s][info ][gc,heap        ] GC(15) PSYoungGen: 1742083K(1742336K)->176771K(1830912K) Eden: 1566720K(1566720K)->0K(1564672K) From: 175363K(175616K)->176771K(266240K)
[14.099s][info ][gc,heap        ] GC(15) ParOldGen: 6203K(18432K)->6211K(18432K)
[14.099s][info ][gc,metaspace   ] GC(15) Metaspace: 55774K(56256K)->55774K(56256K) NonClass: 47649K(47936K)->47649K(47936K) Class: 8125K(8320K)->8125K(8320K)
[14.099s][info ][gc             ] GC(15) Pause Young (Allocation Failure) 1707M->178M(1806M) 123.491ms
[14.099s][info ][gc,cpu         ] GC(15) User=0.32s Sys=0.01s Real=0.13s
[14.099s][info ][safepoint      ] Safepoint "ParallelGCFailedAllocation", Time since last: 328975807 ns, Reaching safepoint: 21252623 ns, At safepoint: 123626647 ns, Total: 144879270 ns
[14.642s][info ][gc,start       ] GC(16) Pause Young (Allocation Failure)
[14.764s][debug][gc,phases      ] GC(16) Scavenge 121.819ms
[14.764s][debug][gc,ref         ] GC(16) Skipped phase 1 of Reference Processing: no references
[14.765s][debug][gc,ref         ] GC(16) Skipped phase 3 of Reference Processing: no references
[14.765s][debug][gc,phases      ] GC(16) Reference Processing 0.644ms
[14.767s][debug][gc,phases      ] GC(16) Weak Processing 2.037ms
[14.767s][debug][gc,age         ] GC(16) Desired survivor size 272629760 bytes, new threshold 15 (max threshold 15)
[14.767s][info ][gc,heap        ] GC(16) PSYoungGen: 1741443K(1830912K)->178131K(1830912K) Eden: 1564672K(1564672K)->0K(1564672K) From: 176771K(266240K)->178131K(266240K)
[14.767s][info ][gc,heap        ] GC(16) ParOldGen: 6211K(18432K)->6211K(18432K)
[14.767s][info ][gc,metaspace   ] GC(16) Metaspace: 58417K(58944K)->58417K(58944K) NonClass: 49958K(50240K)->49958K(50240K) Class: 8459K(8704K)->8459K(8704K)
[14.767s][info ][gc             ] GC(16) Pause Young (Allocation Failure) 1706M->180M(1806M) 124.659ms
[14.767s][info ][gc,cpu         ] GC(16) User=0.32s Sys=0.00s Real=0.12s
[14.767s][info ][safepoint      ] Safepoint "ParallelGCFailedAllocation", Time since last: 526726880 ns, Reaching safepoint: 16590409 ns, At safepoint: 124770175 ns, Total: 141360584 ns
[15.324s][info ][gc,start       ] GC(17) Pause Young (Allocation Failure)
[15.456s][debug][gc,phases      ] GC(17) Scavenge 131.204ms
[15.456s][debug][gc,ref         ] GC(17) Skipped phase 1 of Reference Processing: no references
[15.456s][debug][gc,ref         ] GC(17) Skipped phase 3 of Reference Processing: no references
[15.456s][debug][gc,phases      ] GC(17) Reference Processing 0.585ms
[15.458s][debug][gc,phases      ] GC(17) Weak Processing 1.969ms
[15.458s][debug][gc,age         ] GC(17) Desired survivor size 285736960 bytes, new threshold 15 (max threshold 15)
[15.458s][info ][gc,heap        ] GC(17) PSYoungGen: 1742803K(1830912K)->214015K(1805312K) Eden: 1564672K(1564672K)->0K(1539072K) From: 178131K(266240K)->214015K(266240K)
[15.458s][info ][gc,heap        ] GC(17) ParOldGen: 6211K(18432K)->6219K(18432K)
[15.458s][info ][gc,metaspace   ] GC(17) Metaspace: 60150K(60736K)->60150K(60736K) NonClass: 51472K(51776K)->51472K(51776K) Class: 8677K(8960K)->8677K(8960K)
[15.458s][info ][gc             ] GC(17) Pause Young (Allocation Failure) 1708M->215M(1781M) 133.900ms
[15.458s][info ][gc,cpu         ] GC(17) User=0.40s Sys=0.02s Real=0.14s
[15.458s][info ][safepoint      ] Safepoint "ParallelGCFailedAllocation", Time since last: 555429288 ns, Reaching safepoint: 2190554 ns, At safepoint: 134021602 ns, Total: 136212156 ns
[15.937s][info ][gc,start       ] GC(18) Pause Young (Allocation Failure)
[16.078s][debug][gc,phases      ] GC(18) Scavenge 141.708ms
[16.078s][debug][gc,ref         ] GC(18) Skipped phase 1 of Reference Processing: no references
[16.079s][debug][gc,ref         ] GC(18) Skipped phase 3 of Reference Processing: no references
[16.079s][debug][gc,phases      ] GC(18) Reference Processing 0.569ms
[16.081s][debug][gc,phases      ] GC(18) Weak Processing 1.600ms
[16.081s][debug][gc,age         ] GC(18) Desired survivor size 304611328 bytes, new threshold 15 (max threshold 15)
[16.081s][info ][gc,heap        ] GC(18) PSYoungGen: 1753087K(1805312K)->238567K(1777664K) Eden: 1539072K(1539072K)->0K(1539072K) From: 214015K(266240K)->238567K(238592K)
[16.081s][info ][gc,heap        ] GC(18) ParOldGen: 6219K(18432K)->7905K(18432K)
[16.081s][info ][gc,metaspace   ] GC(18) Metaspace: 60635K(61120K)->60635K(61120K) NonClass: 51901K(52160K)->51901K(52160K) Class: 8734K(8960K)->8734K(8960K)
[16.081s][info ][gc             ] GC(18) Pause Young (Allocation Failure) 1718M->240M(1754M) 144.032ms
[16.081s][info ][gc,cpu         ] GC(18) User=0.48s Sys=0.00s Real=0.14s
[16.081s][info ][safepoint      ] Safepoint "ParallelGCFailedAllocation", Time since last: 461350570 ns, Reaching safepoint: 16826814 ns, At safepoint: 144157953 ns, Total: 160984767 ns
[16.572s][info ][gc,start       ] GC(19) Pause Young (Allocation Failure)
[16.762s][debug][gc,phases      ] GC(19) Scavenge 190.143ms
[16.762s][debug][gc,ref         ] GC(19) Skipped phase 1 of Reference Processing: no references
[16.762s][debug][gc,ref         ] GC(19) Skipped phase 3 of Reference Processing: no references
[16.762s][debug][gc,phases      ] GC(19) Reference Processing 0.226ms
[16.764s][debug][gc,phases      ] GC(19) Weak Processing 1.631ms
[17.254s][info ][gc,promotion   ] GC(19) Promotion failed
[17.254s][info ][gc,heap        ] GC(19) PSYoungGen: 1777639K(1777664K)->1777639K(1777664K) Eden: 1539072K(1539072K)->1539072K(1539072K) From: 238567K(238592K)->238567K(238592K)
[17.254s][info ][gc,heap        ] GC(19) ParOldGen: 7905K(18432K)->56125K(56320K)
[17.254s][info ][gc,metaspace   ] GC(19) Metaspace: 61135K(61632K)->61135K(61632K) NonClass: 52355K(52608K)->52355K(52608K) Class: 8780K(9024K)->8780K(9024K)
[17.254s][info ][gc             ] GC(19) Pause Young (Allocation Failure) 1743M->1790M(1791M) 681.669ms
[17.254s][info ][gc,cpu         ] GC(19) User=1.02s Sys=0.03s Real=0.68s
[17.254s][debug][gc,phases      ] GC(20) Pre Compact 0.021ms
[17.254s][info ][gc,start       ] GC(20) Pause Full (Ergonomics)
[17.254s][info ][gc,phases,start] GC(20) Marking Phase
[17.393s][debug][gc,phases      ] GC(20) Par Mark 139.585ms
[17.393s][debug][gc,ref         ] GC(20) Skipped phase 1 of Reference Processing: no references
[17.393s][debug][gc,ref         ] GC(20) Skipped phase 3 of Reference Processing: no references
[17.393s][debug][gc,phases      ] GC(20) Reference Processing 0.061ms
[17.394s][debug][gc,phases      ] GC(20) Weak Processing 0.500ms
[17.394s][debug][gc,phases      ] GC(20) ClassLoaderData 0.050ms
[17.394s][debug][gc,phases      ] GC(20) Trigger cleanups 0.000ms
[17.403s][debug][gc,phases      ] GC(20) Class Unloading 8.581ms
[17.403s][info ][gc,phases      ] GC(20) Marking Phase 148.902ms
[17.403s][info ][gc,phases,start] GC(20) Summary Phase
[17.403s][info ][gc,phases      ] GC(20) Summary Phase 0.050ms
[17.403s][info ][gc,phases,start] GC(20) Adjust Roots
[17.426s][info ][gc,phases      ] GC(20) Adjust Roots 23.408ms
[17.426s][info ][gc,phases,start] GC(20) Compaction Phase
[17.983s][info ][gc,phases      ] GC(20) Compaction Phase 556.436ms
[17.983s][info ][gc,phases,start] GC(20) Post Compact
[17.989s][info ][gc,phases      ] GC(20) Post Compact 6.399ms
[17.989s][info ][gc,heap        ] GC(20) PSYoungGen: 1777639K(1777664K)->194151K(1777664K) Eden: 1539072K(1539072K)->0K(1539072K) From: 238567K(238592K)->194151K(238592K)
[17.989s][info ][gc,heap        ] GC(20) ParOldGen: 56125K(56320K)->56193K(72704K)
[17.989s][info ][gc,metaspace   ] GC(20) Metaspace: 61135K(61632K)->61135K(61632K) NonClass: 52355K(52608K)->52355K(52608K) Class: 8780K(9024K)->8780K(9024K)
[17.989s][info ][gc             ] GC(20) Pause Full (Ergonomics) 1790M->244M(1807M) 735.463ms
[17.989s][info ][gc,cpu         ] GC(20) User=2.29s Sys=0.01s Real=0.74s
[18.012s][info ][safepoint      ] Safepoint "ParallelGCFailedAllocation", Time since last: 485995077 ns, Reaching safepoint: 5204328 ns, At safepoint: 1439934686 ns, Total: 1445139014 ns
[18.533s][info ][gc,start       ] GC(21) Pause Young (Allocation Failure)
[18.703s][debug][gc,phases      ] GC(21) Scavenge 169.819ms
[18.703s][debug][gc,ref         ] GC(21) Skipped phase 1 of Reference Processing: no references
[18.703s][debug][gc,ref         ] GC(21) Skipped phase 3 of Reference Processing: no references
[18.703s][debug][gc,phases      ] GC(21) Reference Processing 0.137ms
[18.704s][debug][gc,phases      ] GC(21) Weak Processing 1.047ms
[18.704s][debug][gc,age         ] GC(21) Desired survivor size 298844160 bytes, new threshold 14 (max threshold 15)
[18.704s][info ][gc,heap        ] GC(21) PSYoungGen: 1733223K(1777664K)->117923K(1805312K) Eden: 1539072K(1539072K)->0K(1507840K) From: 194151K(238592K)->117923K(297472K)
[18.704s][info ][gc,heap        ] GC(21) ParOldGen: 56193K(72704K)->143948K(144384K)
[18.704s][info ][gc,metaspace   ] GC(21) Metaspace: 61327K(61824K)->61327K(61824K) NonClass: 52519K(52800K)->52519K(52800K) Class: 8807K(9024K)->8807K(9024K)
[18.704s][info ][gc             ] GC(21) Pause Young (Allocation Failure) 1747M->255M(1904M) 171.143ms
[18.704s][info ][gc,cpu         ] GC(21) User=0.46s Sys=0.03s Real=0.17s
[18.704s][debug][gc,phases      ] GC(22) Pre Compact 0.011ms
[18.704s][info ][gc,start       ] GC(22) Pause Full (Ergonomics)
[18.704s][info ][gc,phases,start] GC(22) Marking Phase
[18.834s][debug][gc,phases      ] GC(22) Par Mark 130.070ms
[18.834s][debug][gc,ref         ] GC(22) Skipped phase 1 of Reference Processing: no references
[18.834s][debug][gc,ref         ] GC(22) Skipped phase 3 of Reference Processing: no references
[18.834s][debug][gc,phases      ] GC(22) Reference Processing 0.224ms
[18.835s][debug][gc,phases      ] GC(22) Weak Processing 0.644ms
[18.835s][debug][gc,phases      ] GC(22) ClassLoaderData 0.054ms
[18.835s][debug][gc,phases      ] GC(22) Trigger cleanups 0.000ms
[18.845s][debug][gc,phases      ] GC(22) Class Unloading 9.565ms
[18.845s][info ][gc,phases      ] GC(22) Marking Phase 140.666ms
[18.845s][info ][gc,phases,start] GC(22) Summary Phase
[18.845s][info ][gc,phases      ] GC(22) Summary Phase 0.012ms
[18.845s][info ][gc,phases,start] GC(22) Adjust Roots
[18.862s][info ][gc,phases      ] GC(22) Adjust Roots 17.111ms
[18.862s][info ][gc,phases,start] GC(22) Compaction Phase
[19.574s][info ][gc,phases      ] GC(22) Compaction Phase 711.850ms
[19.574s][info ][gc,phases,start] GC(22) Post Compact
[19.575s][info ][gc,phases      ] GC(22) Post Compact 0.839ms
[19.575s][info ][gc,heap        ] GC(22) PSYoungGen: 117923K(1805312K)->116833K(1805312K) Eden: 0K(1507840K)->0K(1507840K) From: 117923K(297472K)->116833K(297472K)
[19.575s][info ][gc,heap        ] GC(22) ParOldGen: 143948K(144384K)->144137K(198144K)
[19.575s][info ][gc,metaspace   ] GC(22) Metaspace: 61327K(61824K)->61327K(61824K) NonClass: 52519K(52800K)->52519K(52800K) Class: 8807K(9024K)->8807K(9024K)
[19.575s][info ][gc             ] GC(22) Pause Full (Ergonomics) 255M->254M(1956M) 870.724ms
[19.575s][info ][gc,cpu         ] GC(22) User=2.13s Sys=0.03s Real=0.87s
[19.596s][info ][safepoint      ] Safepoint "ParallelGCFailedAllocation", Time since last: 505633061 ns, Reaching safepoint: 15296477 ns, At safepoint: 1062988297 ns, Total: 1078284774 ns
[20.076s][info ][gc,start       ] GC(23) Pause Young (Allocation Failure)
[20.208s][debug][gc,phases      ] GC(23) Scavenge 131.716ms
[20.208s][debug][gc,ref         ] GC(23) Skipped phase 1 of Reference Processing: no references
[20.208s][debug][gc,ref         ] GC(23) Skipped phase 3 of Reference Processing: no references
[20.208s][debug][gc,phases      ] GC(23) Reference Processing 0.108ms
[20.209s][debug][gc,phases      ] GC(23) Weak Processing 0.661ms
[20.209s][debug][gc,age         ] GC(23) Desired survivor size 293076992 bytes, new threshold 15 (max threshold 15)
[20.209s][info ][gc,heap        ] GC(23) PSYoungGen: 1624673K(1805312K)->114816K(1799680K) Eden: 1507840K(1507840K)->0K(1507840K) From: 116833K(297472K)->114816K(291840K)
[20.209s][info ][gc,heap        ] GC(23) ParOldGen: 144137K(198144K)->160139K(198144K)
[20.209s][info ][gc,metaspace   ] GC(23) Metaspace: 61464K(61952K)->61464K(61952K) NonClass: 52657K(52928K)->52657K(52928K) Class: 8807K(9024K)->8807K(9024K)
[20.209s][info ][gc             ] GC(23) Pause Young (Allocation Failure) 1727M->268M(1951M) 132.597ms
[20.209s][info ][gc,cpu         ] GC(23) User=0.31s Sys=0.01s Real=0.13s
[20.209s][info ][safepoint      ] Safepoint "ParallelGCFailedAllocation", Time since last: 478039581 ns, Reaching safepoint: 2198155 ns, At safepoint: 132702670 ns, Total: 134900825 ns
[20.733s][info ][safepoint      ] Safepoint "ICBufferFull", Time since last: 519059092 ns, Reaching safepoint: 5083626 ns, At safepoint: 29000 ns, Total: 5112626 ns
[20.736s][info ][safepoint      ] Safepoint "ICBufferFull", Time since last: 1149829 ns, Reaching safepoint: 1634540 ns, At safepoint: 21801 ns, Total: 1656341 ns
[20.737s][info ][safepoint      ] Safepoint "ICBufferFull", Time since last: 770819 ns, Reaching safepoint: 184204 ns, At safepoint: 20601 ns, Total: 204805 ns
[20.739s][info ][safepoint      ] Safepoint "ICBufferFull", Time since last: 607915 ns, Reaching safepoint: 2150353 ns, At safepoint: 20600 ns, Total: 2170953 ns
[20.748s][info ][safepoint      ] Safepoint "ICBufferFull", Time since last: 2057351 ns, Reaching safepoint: 6811068 ns, At safepoint: 20500 ns, Total: 6831568 ns
[20.753s][info ][safepoint      ] Safepoint "ICBufferFull", Time since last: 1051926 ns, Reaching safepoint: 3216579 ns, At safepoint: 13801 ns, Total: 3230380 ns
[20.761s][info ][safepoint      ] Safepoint "ICBufferFull", Time since last: 3795793 ns, Reaching safepoint: 4241605 ns, At safepoint: 18700 ns, Total: 4260305 ns
[20.765s][info ][safepoint      ] Safepoint "ICBufferFull", Time since last: 3858195 ns, Reaching safepoint: 120803 ns, At safepoint: 16201 ns, Total: 137004 ns
[20.819s][info ][gc,start       ] GC(24) Pause Young (Allocation Failure)
[20.892s][debug][gc,phases      ] GC(24) Scavenge 72.440ms
[20.892s][debug][gc,ref         ] GC(24) Skipped phase 1 of Reference Processing: no references
[20.892s][debug][gc,ref         ] GC(24) Skipped phase 3 of Reference Processing: no references
[20.892s][debug][gc,phases      ] GC(24) Reference Processing 0.084ms
[20.893s][debug][gc,phases      ] GC(24) Weak Processing 0.596ms
[20.893s][debug][gc,age         ] GC(24) Desired survivor size 284164096 bytes, new threshold 15 (max threshold 15)
[20.893s][info ][gc,heap        ] GC(24) PSYoungGen: 1622656K(1799680K)->127744K(1819648K) Eden: 1507840K(1507840K)->0K(1533440K) From: 114816K(291840K)->127744K(286208K)
[20.893s][info ][gc,heap        ] GC(24) ParOldGen: 160139K(198144K)->160147K(198144K)
[20.893s][info ][gc,metaspace   ] GC(24) Metaspace: 61762K(62336K)->61762K(62336K) NonClass: 52915K(53248K)->52915K(53248K) Class: 8847K(9088K)->8847K(9088K)
[20.893s][info ][gc             ] GC(24) Pause Young (Allocation Failure) 1741M->281M(1970M) 73.280ms
[20.893s][info ][gc,cpu         ] GC(24) User=0.21s Sys=0.00s Real=0.07s
[20.893s][info ][safepoint      ] Safepoint "ParallelGCFailedAllocation", Time since last: 52517794 ns, Reaching safepoint: 2120152 ns, At safepoint: 73400209 ns, Total: 75520361 ns
[21.340s][info ][gc,start       ] GC(25) Pause Young (Allocation Failure)
[21.406s][debug][gc,phases      ] GC(25) Scavenge 66.357ms
[21.406s][debug][gc,ref         ] GC(25) Skipped phase 1 of Reference Processing: no references
[21.406s][debug][gc,ref         ] GC(25) Skipped phase 3 of Reference Processing: no references
[21.406s][debug][gc,phases      ] GC(25) Reference Processing 0.062ms
[21.407s][debug][gc,phases      ] GC(25) Weak Processing 0.591ms
[21.407s][debug][gc,age         ] GC(25) Desired survivor size 274726912 bytes, new threshold 15 (max threshold 15)
[21.407s][info ][gc,heap        ] GC(25) PSYoungGen: 1661184K(1819648K)->133168K(1810944K) Eden: 1533440K(1533440K)->0K(1533440K) From: 127744K(286208K)->133168K(277504K)
[21.407s][info ][gc,heap        ] GC(25) ParOldGen: 160147K(198144K)->163143K(198144K)
[21.407s][info ][gc,metaspace   ] GC(25) Metaspace: 61789K(62336K)->61789K(62336K) NonClass: 52942K(53248K)->52942K(53248K) Class: 8847K(9088K)->8847K(9088K)
[21.407s][info ][gc             ] GC(25) Pause Young (Allocation Failure) 1778M->289M(1962M) 67.161ms
[21.407s][info ][gc,cpu         ] GC(25) User=0.21s Sys=0.00s Real=0.06s
[21.407s][info ][safepoint      ] Safepoint "ParallelGCFailedAllocation", Time since last: 446872414 ns, Reaching safepoint: 351408 ns, At safepoint: 67280658 ns, Total: 67632066 ns
[21.957s][info ][gc,start       ] GC(26) Pause Young (Allocation Failure)
[22.055s][debug][gc,phases      ] GC(26) Scavenge 97.550ms
[22.055s][debug][gc,ref         ] GC(26) Skipped phase 1 of Reference Processing: no references
[22.055s][debug][gc,ref         ] GC(26) Skipped phase 3 of Reference Processing: no references
[22.055s][debug][gc,phases      ] GC(26) Reference Processing 0.097ms
[22.056s][debug][gc,phases      ] GC(26) Weak Processing 0.771ms
[22.056s][debug][gc,age         ] GC(26) Desired survivor size 263716864 bytes, new threshold 15 (max threshold 15)
[22.056s][info ][gc,heap        ] GC(26) PSYoungGen: 1666608K(1810944K)->143376K(1839616K) Eden: 1533440K(1533440K)->0K(1571328K) From: 133168K(277504K)->143376K(268288K)
[22.056s][info ][gc,heap        ] GC(26) ParOldGen: 163143K(198144K)->165895K(198144K)
[22.056s][info ][gc,metaspace   ] GC(26) Metaspace: 61818K(62336K)->61818K(62336K) NonClass: 52971K(53248K)->52971K(53248K) Class: 8847K(9088K)->8847K(9088K)
[22.056s][info ][gc             ] GC(26) Pause Young (Allocation Failure) 1786M->302M(1990M) 98.567ms
[22.056s][info ][gc,cpu         ] GC(26) User=0.21s Sys=0.00s Real=0.09s
[22.056s][info ][safepoint      ] Safepoint "ParallelGCFailedAllocation", Time since last: 546388866 ns, Reaching safepoint: 3479886 ns, At safepoint: 98749434 ns, Total: 102229320 ns
[22.540s][info ][gc,start       ] GC(27) Pause Young (Allocation Failure)
[22.604s][debug][gc,phases      ] GC(27) Scavenge 63.586ms
[22.604s][debug][gc,ref         ] GC(27) Skipped phase 1 of Reference Processing: no references
[22.604s][debug][gc,ref         ] GC(27) Skipped phase 3 of Reference Processing: no references
[22.604s][debug][gc,phases      ] GC(27) Reference Processing 0.122ms
[22.605s][debug][gc,phases      ] GC(27) Weak Processing 0.726ms
[22.605s][debug][gc,age         ] GC(27) Desired survivor size 252706816 bytes, new threshold 15 (max threshold 15)
[22.605s][info ][gc,heap        ] GC(27) PSYoungGen: 1714704K(1839616K)->149968K(1828864K) Eden: 1571328K(1571328K)->0K(1571328K) From: 143376K(268288K)->149968K(257536K)
[22.605s][info ][gc,heap        ] GC(27) ParOldGen: 165895K(198144K)->169328K(198144K)
[22.605s][info ][gc,metaspace   ] GC(27) Metaspace: 61837K(62336K)->61837K(62336K) NonClass: 52989K(53248K)->52989K(53248K) Class: 8847K(9088K)->8847K(9088K)
[22.605s][info ][gc             ] GC(27) Pause Young (Allocation Failure) 1836M->311M(1979M) 64.593ms
[22.605s][info ][gc,cpu         ] GC(27) User=0.19s Sys=0.01s Real=0.06s
[22.605s][info ][safepoint      ] Safepoint "ParallelGCFailedAllocation", Time since last: 470677200 ns, Reaching safepoint: 13641436 ns, At safepoint: 64718795 ns, Total: 78360231 ns
[22.880s][info ][safepoint      ] Safepoint "ICBufferFull", Time since last: 257591249 ns, Reaching safepoint: 17308627 ns, At safepoint: 38001 ns, Total: 17346628 ns
[22.885s][info ][safepoint      ] Safepoint "ICBufferFull", Time since last: 4032399 ns, Reaching safepoint: 954823 ns, At safepoint: 19301 ns, Total: 974124 ns
[22.900s][info ][safepoint      ] Safepoint "ICBufferFull", Time since last: 15025670 ns, Reaching safepoint: 141204 ns, At safepoint: 16700 ns, Total: 157904 ns
[22.910s][info ][safepoint      ] Safepoint "ICBufferFull", Time since last: 764219 ns, Reaching safepoint: 8749916 ns, At safepoint: 19700 ns, Total: 8769616 ns
[22.913s][info ][safepoint      ] Safepoint "ICBufferFull", Time since last: 686217 ns, Reaching safepoint: 3171878 ns, At safepoint: 14601 ns, Total: 3186479 ns
[22.916s][info ][safepoint      ] Safepoint "ICBufferFull", Time since last: 887221 ns, Reaching safepoint: 2089252 ns, At safepoint: 12100 ns, Total: 2101352 ns
[22.920s][info ][safepoint      ] Safepoint "ICBufferFull", Time since last: 662817 ns, Reaching safepoint: 3143777 ns, At safepoint: 15400 ns, Total: 3159177 ns
[22.948s][info ][safepoint      ] Safepoint "ICBufferFull", Time since last: 19369678 ns, Reaching safepoint: 8195802 ns, At safepoint: 34801 ns, Total: 8230603 ns
[22.956s][info ][safepoint      ] Safepoint "ICBufferFull", Time since last: 751718 ns, Reaching safepoint: 7226378 ns, At safepoint: 23501 ns, Total: 7249879 ns
[22.961s][info ][safepoint      ] Safepoint "ICBufferFull", Time since last: 741118 ns, Reaching safepoint: 4357307 ns, At safepoint: 18401 ns, Total: 4375708 ns
[22.969s][info ][safepoint      ] Safepoint "ICBufferFull", Time since last: 5130826 ns, Reaching safepoint: 2708667 ns, At safepoint: 20001 ns, Total: 2728668 ns
[22.973s][info ][safepoint      ] Safepoint "ICBufferFull", Time since last: 722817 ns, Reaching safepoint: 3143278 ns, At safepoint: 16300 ns, Total: 3159578 ns
[22.996s][info ][safepoint      ] Safepoint "ICBufferFull", Time since last: 20806513 ns, Reaching safepoint: 2130153 ns, At safepoint: 23200 ns, Total: 2153353 ns
[23.008s][info ][safepoint      ] Safepoint "ICBufferFull", Time since last: 7314980 ns, Reaching safepoint: 5463235 ns, At safepoint: 22301 ns, Total: 5485536 ns
[23.014s][info ][safepoint      ] Safepoint "ICBufferFull", Time since last: 5400833 ns, Reaching safepoint: 106902 ns, At safepoint: 10901 ns, Total: 117803 ns
[23.020s][info ][safepoint      ] Safepoint "ICBufferFull", Time since last: 1605239 ns, Reaching safepoint: 4259105 ns, At safepoint: 23601 ns, Total: 4282706 ns
[23.025s][info ][safepoint      ] Safepoint "ICBufferFull", Time since last: 656816 ns, Reaching safepoint: 4387908 ns, At safepoint: 26301 ns, Total: 4414209 ns
[23.028s][info ][safepoint      ] Safepoint "ICBufferFull", Time since last: 1933647 ns, Reaching safepoint: 1008525 ns, At safepoint: 14301 ns, Total: 1022826 ns
[23.033s][info ][safepoint      ] Safepoint "ICBufferFull", Time since last: 636815 ns, Reaching safepoint: 4231005 ns, At safepoint: 21600 ns, Total: 4252605 ns
[23.037s][info ][safepoint      ] Safepoint "ICBufferFull", Time since last: 657316 ns, Reaching safepoint: 3215280 ns, At safepoint: 17000 ns, Total: 3232280 ns
[23.040s][info ][safepoint      ] Safepoint "ICBufferFull", Time since last: 1468236 ns, Reaching safepoint: 2137553 ns, At safepoint: 18600 ns, Total: 2156153 ns
[23.042s][info ][safepoint      ] Safepoint "ICBufferFull", Time since last: 1808045 ns, Reaching safepoint: 379609 ns, At safepoint: 21101 ns, Total: 400710 ns
[23.043s][info ][safepoint      ] Safepoint "ICBufferFull", Time since last: 683217 ns, Reaching safepoint: 338508 ns, At safepoint: 16800 ns, Total: 355308 ns
[23.044s][info ][safepoint      ] Safepoint "ICBufferFull", Time since last: 725018 ns, Reaching safepoint: 253206 ns, At safepoint: 14201 ns, Total: 267407 ns
[23.046s][info ][safepoint      ] Safepoint "ICBufferFull", Time since last: 867621 ns, Reaching safepoint: 176705 ns, At safepoint: 10900 ns, Total: 187605 ns
[23.051s][info ][safepoint      ] Safepoint "ICBufferFull", Time since last: 4885820 ns, Reaching safepoint: 133504 ns, At safepoint: 12600 ns, Total: 146104 ns
[23.055s][info ][safepoint      ] Safepoint "ICBufferFull", Time since last: 4186603 ns, Reaching safepoint: 122703 ns, At safepoint: 12800 ns, Total: 135503 ns
[23.056s][info ][safepoint      ] Safepoint "ICBufferFull", Time since last: 755519 ns, Reaching safepoint: 111703 ns, At safepoint: 21700 ns, Total: 133403 ns
[23.064s][info ][safepoint      ] Safepoint "ICBufferFull", Time since last: 5493536 ns, Reaching safepoint: 2507161 ns, At safepoint: 20001 ns, Total: 2527162 ns
[23.072s][info ][safepoint      ] Safepoint "ICBufferFull", Time since last: 734218 ns, Reaching safepoint: 7470684 ns, At safepoint: 35401 ns, Total: 7506085 ns
[23.078s][info ][safepoint      ] Safepoint "ICBufferFull", Time since last: 6005548 ns, Reaching safepoint: 130003 ns, At safepoint: 15301 ns, Total: 145304 ns
[23.085s][info ][safepoint      ] Safepoint "ICBufferFull", Time since last: 627615 ns, Reaching safepoint: 5917046 ns, At safepoint: 22800 ns, Total: 5939846 ns
[23.089s][info ][safepoint      ] Safepoint "ICBufferFull", Time since last: 3513287 ns, Reaching safepoint: 278107 ns, At safepoint: 12200 ns, Total: 290307 ns
[23.095s][info ][safepoint      ] Safepoint "ICBufferFull", Time since last: 5676740 ns, Reaching safepoint: 1067126 ns, At safepoint: 23201 ns, Total: 1090327 ns
[23.101s][info ][safepoint      ] Safepoint "ICBufferFull", Time since last: 2162553 ns, Reaching safepoint: 3325182 ns, At safepoint: 28801 ns, Total: 3353983 ns
[23.105s][info ][safepoint      ] Safepoint "ICBufferFull", Time since last: 664916 ns, Reaching safepoint: 3410584 ns, At safepoint: 16301 ns, Total: 3426885 ns
[23.108s][info ][safepoint      ] Safepoint "ICBufferFull", Time since last: 2963673 ns, Reaching safepoint: 105202 ns, At safepoint: 14401 ns, Total: 119603 ns
[23.124s][info ][safepoint      ] Safepoint "ICBufferFull", Time since last: 825720 ns, Reaching safepoint: 15508882 ns, At safepoint: 26001 ns, Total: 15534883 ns
[23.133s][info ][safepoint      ] Safepoint "ICBufferFull", Time since last: 2764268 ns, Reaching safepoint: 5478535 ns, At safepoint: 27501 ns, Total: 5506036 ns
[23.147s][info ][safepoint      ] Safepoint "ICBufferFull", Time since last: 9244228 ns, Reaching safepoint: 4586913 ns, At safepoint: 27900 ns, Total: 4614813 ns
[23.153s][info ][safepoint      ] Safepoint "ICBufferFull", Time since last: 1390435 ns, Reaching safepoint: 4912821 ns, At safepoint: 13200 ns, Total: 4926021 ns
[23.156s][info ][safepoint      ] Safepoint "ICBufferFull", Time since last: 2358858 ns, Reaching safepoint: 643716 ns, At safepoint: 11700 ns, Total: 655416 ns
[23.163s][info ][safepoint      ] Safepoint "ICBufferFull", Time since last: 4100001 ns, Reaching safepoint: 3066776 ns, At safepoint: 20301 ns, Total: 3087077 ns
[23.176s][info ][safepoint      ] Safepoint "ICBufferFull", Time since last: 12716213 ns, Reaching safepoint: 120203 ns, At safepoint: 23400 ns, Total: 143603 ns
[23.177s][info ][safepoint      ] Safepoint "ICBufferFull", Time since last: 696718 ns, Reaching safepoint: 97402 ns, At safepoint: 17200 ns, Total: 114602 ns
[23.178s][info ][safepoint      ] Safepoint "ICBufferFull", Time since last: 1592840 ns, Reaching safepoint: 110802 ns, At safepoint: 27801 ns, Total: 138603 ns
[23.180s][info ][safepoint      ] Safepoint "ICBufferFull", Time since last: 1700242 ns, Reaching safepoint: 102503 ns, At safepoint: 21500 ns, Total: 124003 ns
[23.181s][info ][safepoint      ] Safepoint "ICBufferFull", Time since last: 652016 ns, Reaching safepoint: 95603 ns, At safepoint: 20600 ns, Total: 116203 ns
[23.182s][info ][safepoint      ] Safepoint "ICBufferFull", Time since last: 661716 ns, Reaching safepoint: 99103 ns, At safepoint: 27900 ns, Total: 127003 ns
[23.183s][info ][safepoint      ] Safepoint "ICBufferFull", Time since last: 645216 ns, Reaching safepoint: 96103 ns, At safepoint: 23000 ns, Total: 119103 ns
[23.188s][info ][safepoint      ] Safepoint "ICBufferFull", Time since last: 5037024 ns, Reaching safepoint: 275607 ns, At safepoint: 21301 ns, Total: 296908 ns
[23.196s][info ][safepoint      ] Safepoint "ICBufferFull", Time since last: 669616 ns, Reaching safepoint: 7186877 ns, At safepoint: 35201 ns, Total: 7222078 ns
[23.215s][info ][safepoint      ] Safepoint "ICBufferFull", Time since last: 10568161 ns, Reaching safepoint: 8415707 ns, At safepoint: 41001 ns, Total: 8456708 ns
[23.252s][info ][safepoint      ] Safepoint "ICBufferFull", Time since last: 13584435 ns, Reaching safepoint: 23618782 ns, At safepoint: 33401 ns, Total: 23652183 ns
[23.256s][info ][safepoint      ] Safepoint "ICBufferFull", Time since last: 697017 ns, Reaching safepoint: 3202279 ns, At safepoint: 24001 ns, Total: 3226280 ns
[23.260s][info ][safepoint      ] Safepoint "ICBufferFull", Time since last: 690517 ns, Reaching safepoint: 3207479 ns, At safepoint: 30200 ns, Total: 3237679 ns
[23.265s][info ][safepoint      ] Safepoint "ICBufferFull", Time since last: 678217 ns, Reaching safepoint: 4237905 ns, At safepoint: 22000 ns, Total: 4259905 ns
[23.269s][info ][safepoint      ] Safepoint "ICBufferFull", Time since last: 656516 ns, Reaching safepoint: 3222980 ns, At safepoint: 18400 ns, Total: 3241380 ns
[23.281s][info ][safepoint      ] Safepoint "ICBufferFull", Time since last: 9304530 ns, Reaching safepoint: 3332582 ns, At safepoint: 23900 ns, Total: 3356482 ns
[23.284s][info ][safepoint      ] Safepoint "ICBufferFull", Time since last: 1183829 ns, Reaching safepoint: 1320433 ns, At safepoint: 21100 ns, Total: 1341533 ns
[23.285s][info ][safepoint      ] Safepoint "ICBufferFull", Time since last: 568314 ns, Reaching safepoint: 100003 ns, At safepoint: 18700 ns, Total: 118703 ns
[23.285s][info ][safepoint      ] Safepoint "ICBufferFull", Time since last: 618716 ns, Reaching safepoint: 163304 ns, At safepoint: 15100 ns, Total: 178404 ns
[23.286s][info ][safepoint      ] Safepoint "ICBufferFull", Time since last: 613915 ns, Reaching safepoint: 100003 ns, At safepoint: 16500 ns, Total: 116503 ns
[23.288s][info ][safepoint      ] Safepoint "ICBufferFull", Time since last: 2072751 ns, Reaching safepoint: 187505 ns, At safepoint: 20000 ns, Total: 207505 ns
[23.290s][info ][safepoint      ] Safepoint "ICBufferFull", Time since last: 616015 ns, Reaching safepoint: 532214 ns, At safepoint: 20300 ns, Total: 552514 ns
[23.299s][info ][safepoint      ] Safepoint "ICBufferFull", Time since last: 634716 ns, Reaching safepoint: 8964521 ns, At safepoint: 30900 ns, Total: 8995421 ns
[23.302s][info ][safepoint      ] Safepoint "ICBufferFull", Time since last: 2135753 ns, Reaching safepoint: 599815 ns, At safepoint: 24300 ns, Total: 624115 ns
[23.316s][info ][safepoint      ] Safepoint "ICBufferFull", Time since last: 13746239 ns, Reaching safepoint: 111803 ns, At safepoint: 20800 ns, Total: 132603 ns
[23.328s][info ][safepoint      ] Safepoint "ICBufferFull", Time since last: 6407558 ns, Reaching safepoint: 5512836 ns, At safepoint: 24901 ns, Total: 5537737 ns
[23.332s][info ][safepoint      ] Safepoint "ICBufferFull", Time since last: 787119 ns, Reaching safepoint: 3429885 ns, At safepoint: 21200 ns, Total: 3451085 ns
[23.336s][info ][safepoint      ] Safepoint "ICBufferFull", Time since last: 3725592 ns, Reaching safepoint: 117003 ns, At safepoint: 16500 ns, Total: 133503 ns
[23.341s][info ][safepoint      ] Safepoint "ICBufferFull", Time since last: 616916 ns, Reaching safepoint: 4238604 ns, At safepoint: 17401 ns, Total: 4256005 ns
[23.344s][info ][safepoint      ] Safepoint "ICBufferFull", Time since last: 859421 ns, Reaching safepoint: 2194754 ns, At safepoint: 17200 ns, Total: 2211954 ns
[23.348s][info ][safepoint      ] Safepoint "ICBufferFull", Time since last: 923123 ns, Reaching safepoint: 2963873 ns, At safepoint: 16300 ns, Total: 2980173 ns
[23.353s][info ][safepoint      ] Safepoint "ICBufferFull", Time since last: 842621 ns, Reaching safepoint: 4187303 ns, At safepoint: 19101 ns, Total: 4206404 ns
[23.355s][info ][safepoint      ] Safepoint "ICBufferFull", Time since last: 2426160 ns, Reaching safepoint: 233205 ns, At safepoint: 17201 ns, Total: 250406 ns
[23.366s][info ][safepoint      ] Safepoint "ICBufferFull", Time since last: 4914521 ns, Reaching safepoint: 5324531 ns, At safepoint: 22001 ns, Total: 5346532 ns
[23.377s][info ][safepoint      ] Safepoint "ICBufferFull", Time since last: 6019548 ns, Reaching safepoint: 5571637 ns, At safepoint: 25301 ns, Total: 5596938 ns
[23.388s][info ][safepoint      ] Safepoint "ICBufferFull", Time since last: 10982371 ns, Reaching safepoint: 121803 ns, At safepoint: 21500 ns, Total: 143303 ns
[23.505s][info ][gc,start       ] GC(28) Pause Young (Allocation Failure)
[23.581s][debug][gc,phases      ] GC(28) Scavenge 76.216ms
[23.581s][debug][gc,ref         ] GC(28) Skipped phase 1 of Reference Processing: no references
[23.581s][debug][gc,ref         ] GC(28) Skipped phase 3 of Reference Processing: no references
[23.581s][debug][gc,phases      ] GC(28) Reference Processing 0.128ms
[23.582s][debug][gc,phases      ] GC(28) Weak Processing 0.676ms
[23.582s][debug][gc,age         ] GC(28) Desired survivor size 246939648 bytes, new threshold 15 (max threshold 15)
[23.582s][info ][gc,heap        ] GC(28) PSYoungGen: 1721296K(1828864K)->159536K(1856000K) Eden: 1571328K(1571328K)->0K(1609216K) From: 149968K(257536K)->159536K(246784K)
[23.582s][info ][gc,heap        ] GC(28) ParOldGen: 169328K(198144K)->170360K(198144K)
[23.582s][info ][gc,metaspace   ] GC(28) Metaspace: 61881K(62400K)->61881K(62400K) NonClass: 53029K(53312K)->53029K(53312K) Class: 8851K(9088K)->8851K(9088K)
[23.582s][info ][gc             ] GC(28) Pause Young (Allocation Failure) 1846M->322M(2006M) 77.159ms
[23.582s][info ][gc,cpu         ] GC(28) User=0.21s Sys=0.00s Real=0.08s
[23.582s][info ][safepoint      ] Safepoint "ParallelGCFailedAllocation", Time since last: 113129288 ns, Reaching safepoint: 3191079 ns, At safepoint: 77268404 ns, Total: 80459483 ns
[24.144s][info ][gc,start       ] GC(29) Pause Young (Allocation Failure)
[24.207s][debug][gc,phases      ] GC(29) Scavenge 62.916ms
[24.207s][debug][gc,ref         ] GC(29) Skipped phase 1 of Reference Processing: no references
[24.207s][debug][gc,ref         ] GC(29) Skipped phase 3 of Reference Processing: no references
[24.207s][debug][gc,phases      ] GC(29) Reference Processing 0.083ms
[24.208s][debug][gc,phases      ] GC(29) Weak Processing 0.548ms
[24.208s][debug][gc,age         ] GC(29) Desired survivor size 244318208 bytes, new threshold 15 (max threshold 15)
[24.208s][info ][gc,heap        ] GC(29) PSYoungGen: 1768752K(1856000K)->168225K(1850368K) Eden: 1609216K(1609216K)->0K(1609216K) From: 159536K(246784K)->168225K(241152K)
[24.208s][info ][gc,heap        ] GC(29) ParOldGen: 170360K(198144K)->172116K(198144K)
[24.208s][info ][gc,metaspace   ] GC(29) Metaspace: 61889K(62400K)->61889K(62400K) NonClass: 53037K(53312K)->53037K(53312K) Class: 8851K(9088K)->8851K(9088K)
[24.208s][info ][gc             ] GC(29) Pause Young (Allocation Failure) 1893M->332M(2000M) 63.694ms
[24.208s][info ][gc,cpu         ] GC(29) User=0.19s Sys=0.00s Real=0.06s
[24.208s][info ][safepoint      ] Safepoint "ParallelGCFailedAllocation", Time since last: 561098429 ns, Reaching safepoint: 684217 ns, At safepoint: 63803073 ns, Total: 64487290 ns
[24.755s][info ][gc,start       ] GC(30) Pause Young (Allocation Failure)
[24.822s][debug][gc,phases      ] GC(30) Scavenge 66.875ms
[24.822s][debug][gc,ref         ] GC(30) Skipped phase 1 of Reference Processing: no references
[24.822s][debug][gc,ref         ] GC(30) Skipped phase 3 of Reference Processing: no references
[24.822s][debug][gc,phases      ] GC(30) Reference Processing 0.108ms
[24.823s][debug][gc,phases      ] GC(30) Weak Processing 0.737ms
[24.823s][debug][gc,age         ] GC(30) Desired survivor size 243269632 bytes, new threshold 15 (max threshold 15)
[24.823s][info ][gc,heap        ] GC(30) PSYoungGen: 1777441K(1850368K)->173521K(1859584K) Eden: 1609216K(1609216K)->0K(1620992K) From: 168225K(241152K)->173521K(238592K)
[24.823s][info ][gc,heap        ] GC(30) ParOldGen: 172116K(198144K)->175956K(198144K)
[24.823s][info ][gc,metaspace   ] GC(30) Metaspace: 61911K(62400K)->61911K(62400K) NonClass: 53060K(53312K)->53060K(53312K) Class: 8851K(9088K)->8851K(9088K)
[24.823s][info ][gc             ] GC(30) Pause Young (Allocation Failure) 1903M->341M(2009M) 67.878ms
[24.823s][info ][gc,cpu         ] GC(30) User=0.20s Sys=0.00s Real=0.07s
[24.823s][debug][gc,phases      ] GC(31) Pre Compact 0.016ms
[24.823s][info ][gc,start       ] GC(31) Pause Full (Ergonomics)
[24.823s][info ][gc,phases,start] GC(31) Marking Phase
[24.969s][debug][gc,phases      ] GC(31) Par Mark 146.113ms
[24.969s][debug][gc,ref         ] GC(31) Skipped phase 1 of Reference Processing: no references
[24.969s][debug][gc,ref         ] GC(31) Skipped phase 3 of Reference Processing: no references
[24.969s][debug][gc,phases      ] GC(31) Reference Processing 0.077ms
[24.970s][debug][gc,phases      ] GC(31) Weak Processing 0.690ms
[24.970s][debug][gc,phases      ] GC(31) ClassLoaderData 0.056ms
[24.970s][debug][gc,phases      ] GC(31) Trigger cleanups 0.000ms
[24.982s][debug][gc,phases      ] GC(31) Class Unloading 11.812ms
[24.982s][info ][gc,phases      ] GC(31) Marking Phase 158.863ms
[24.982s][info ][gc,phases,start] GC(31) Summary Phase
[24.982s][info ][gc,phases      ] GC(31) Summary Phase 0.013ms
[24.982s][info ][gc,phases,start] GC(31) Adjust Roots
[24.996s][info ][gc,phases      ] GC(31) Adjust Roots 13.667ms
[24.996s][info ][gc,phases,start] GC(31) Compaction Phase
[25.213s][info ][gc,phases      ] GC(31) Compaction Phase 217.737ms
[25.213s][info ][gc,phases,start] GC(31) Post Compact
[25.214s][info ][gc,phases      ] GC(31) Post Compact 1.063ms
[25.215s][info ][gc,heap        ] GC(31) PSYoungGen: 173521K(1859584K)->148422K(1859584K) Eden: 0K(1620992K)->0K(1620992K) From: 173521K(238592K)->148422K(238592K)
[25.215s][info ][gc,heap        ] GC(31) ParOldGen: 175956K(198144K)->197753K(250880K)
[25.215s][info ][gc,metaspace   ] GC(31) Metaspace: 61911K(62400K)->61911K(62400K) NonClass: 53060K(53312K)->53060K(53312K) Class: 8851K(9088K)->8851K(9088K)
[25.215s][info ][gc             ] GC(31) Pause Full (Ergonomics) 341M->338M(2061M) 391.646ms
[25.215s][info ][gc,cpu         ] GC(31) User=1.25s Sys=0.00s Real=0.39s
[25.230s][info ][safepoint      ] Safepoint "ParallelGCFailedAllocation", Time since last: 537681052 ns, Reaching safepoint: 9535835 ns, At safepoint: 475433818 ns, Total: 484969653 ns
[25.717s][info ][safepoint      ] Safepoint "ParallelGCFailedAllocation", Time since last: 483106506 ns, Reaching safepoint: 3287882 ns, At safepoint: 36800 ns, Total: 3324682 ns
[25.720s][info ][gc,start       ] GC(32) Pause Young (GCLocker Initiated GC)
[25.808s][debug][gc,phases      ] GC(32) Scavenge 87.907ms
[25.808s][debug][gc,ref         ] GC(32) Skipped phase 1 of Reference Processing: no references
[25.808s][debug][gc,ref         ] GC(32) Skipped phase 3 of Reference Processing: no references
[25.808s][debug][gc,phases      ] GC(32) Reference Processing 0.031ms
[25.808s][debug][gc,phases      ] GC(32) Weak Processing 0.593ms
[25.808s][debug][gc,age         ] GC(32) Desired survivor size 236978176 bytes, new threshold 15 (max threshold 15)
[25.808s][info ][gc,heap        ] GC(32) PSYoungGen: 1769414K(1859584K)->159536K(1858560K) Eden: 1620992K(1620992K)->0K(1620992K) From: 148422K(238592K)->159536K(237568K)
[25.808s][info ][gc,heap        ] GC(32) ParOldGen: 197753K(250880K)->197761K(250880K)
[25.808s][info ][gc,metaspace   ] GC(32) Metaspace: 61923K(62464K)->61923K(62464K) NonClass: 53071K(53376K)->53071K(53376K) Class: 8851K(9088K)->8851K(9088K)
[25.808s][info ][gc             ] GC(32) Pause Young (GCLocker Initiated GC) 1921M->348M(2060M) 88.656ms
[25.809s][info ][gc,cpu         ] GC(32) User=0.25s Sys=0.00s Real=0.09s
[25.809s][info ][safepoint      ] Safepoint "ParallelGCSystemGC", Time since last: 731018 ns, Reaching safepoint: 2301957 ns, At safepoint: 88780388 ns, Total: 91082345 ns
[26.323s][info ][gc,start       ] GC(33) Pause Young (Allocation Failure)
[26.378s][debug][gc,phases      ] GC(33) Scavenge 54.527ms
[26.378s][debug][gc,ref         ] GC(33) Skipped phase 1 of Reference Processing: no references
[26.378s][debug][gc,ref         ] GC(33) Skipped phase 3 of Reference Processing: no references
[26.378s][debug][gc,phases      ] GC(33) Reference Processing 0.056ms
[26.378s][debug][gc,phases      ] GC(33) Weak Processing 0.687ms
[26.378s][debug][gc,age         ] GC(33) Desired survivor size 230162432 bytes, new threshold 15 (max threshold 15)
[26.378s][info ][gc,heap        ] GC(33) PSYoungGen: 1780528K(1858560K)->157552K(1872384K) Eden: 1620992K(1620992K)->0K(1640960K) From: 159536K(237568K)->157552K(231424K)
[26.378s][info ][gc,heap        ] GC(33) ParOldGen: 197762K(250880K)->197834K(250880K)
[26.378s][info ][gc,metaspace   ] GC(33) Metaspace: 62425K(62912K)->62425K(62912K) NonClass: 53498K(53760K)->53498K(53760K) Class: 8927K(9152K)->8927K(9152K)
[26.378s][info ][gc             ] GC(33) Pause Young (Allocation Failure) 1931M->347M(2073M) 55.421ms
[26.378s][info ][gc,cpu         ] GC(33) User=0.20s Sys=0.00s Real=0.06s
[26.378s][info ][safepoint      ] Safepoint "ParallelGCFailedAllocation", Time since last: 514045870 ns, Reaching safepoint: 302107 ns, At safepoint: 55562070 ns, Total: 55864177 ns
[26.480s][info ][safepoint      ] Safepoint "ICBufferFull", Time since last: 95934964 ns, Reaching safepoint: 6020349 ns, At safepoint: 39001 ns, Total: 6059350 ns
[26.590s][info ][safepoint      ] Safepoint "ICBufferFull", Time since last: 103654654 ns, Reaching safepoint: 6224854 ns, At safepoint: 34401 ns, Total: 6259255 ns
[26.704s][info ][safepoint      ] Safepoint "ICBufferFull", Time since last: 105360697 ns, Reaching safepoint: 8595411 ns, At safepoint: 23801 ns, Total: 8619212 ns
[27.001s][info ][gc,start       ] GC(34) Pause Young (Allocation Failure)
[27.035s][debug][gc,phases      ] GC(34) Scavenge 34.579ms
[27.035s][debug][gc,ref         ] GC(34) Skipped phase 1 of Reference Processing: no references
[27.036s][debug][gc,ref         ] GC(34) Skipped phase 3 of Reference Processing: no references
[27.036s][debug][gc,phases      ] GC(34) Reference Processing 0.058ms
[27.036s][debug][gc,phases      ] GC(34) Weak Processing 0.629ms
[27.036s][debug][gc,age         ] GC(34) Desired survivor size 226492416 bytes, new threshold 15 (max threshold 15)
[27.036s][info ][gc,heap        ] GC(34) PSYoungGen: 1798512K(1872384K)->133664K(1865728K) Eden: 1640960K(1640960K)->0K(1640960K) From: 157552K(231424K)->133664K(224768K)
[27.036s][info ][gc,heap        ] GC(34) ParOldGen: 197834K(250880K)->197882K(250880K)
[27.036s][info ][gc,metaspace   ] GC(34) Metaspace: 63267K(63808K)->63267K(63808K) NonClass: 54232K(54528K)->54232K(54528K) Class: 9035K(9280K)->9035K(9280K)
[27.036s][info ][gc             ] GC(34) Pause Young (Allocation Failure) 1949M->323M(2067M) 35.405ms
[27.036s][info ][gc,cpu         ] GC(34) User=0.15s Sys=0.00s Real=0.04s
[27.036s][info ][safepoint      ] Safepoint "ParallelGCFailedAllocation", Time since last: 284456011 ns, Reaching safepoint: 11963195 ns, At safepoint: 35521175 ns, Total: 47484370 ns
[27.305s][info ][safepoint      ] Safepoint "ICBufferFull", Time since last: 263455094 ns, Reaching safepoint: 5499535 ns, At safepoint: 25301 ns, Total: 5524836 ns
[27.584s][info ][gc,start       ] GC(35) Pause Young (Allocation Failure)
[27.625s][debug][gc,phases      ] GC(35) Scavenge 40.818ms
[27.625s][debug][gc,ref         ] GC(35) Skipped phase 1 of Reference Processing: no references
[27.625s][debug][gc,ref         ] GC(35) Skipped phase 3 of Reference Processing: no references
[27.625s][debug][gc,phases      ] GC(35) Reference Processing 0.090ms
[27.626s][debug][gc,phases      ] GC(35) Weak Processing 0.655ms
[27.626s][debug][gc,age         ] GC(35) Desired survivor size 223346688 bytes, new threshold 15 (max threshold 15)
[27.626s][info ][gc,heap        ] GC(35) PSYoungGen: 1774624K(1865728K)->132768K(1879040K) Eden: 1640960K(1640960K)->0K(1657856K) From: 133664K(224768K)->132768K(221184K)
[27.626s][info ][gc,heap        ] GC(35) ParOldGen: 197882K(250880K)->198986K(250880K)
[27.626s][info ][gc,metaspace   ] GC(35) Metaspace: 63769K(64320K)->63769K(64320K) NonClass: 54704K(54976K)->54704K(54976K) Class: 9064K(9344K)->9064K(9344K)
[27.626s][info ][gc             ] GC(35) Pause Young (Allocation Failure) 1926M->323M(2080M) 41.707ms
[27.626s][info ][gc,cpu         ] GC(35) User=0.12s Sys=0.00s Real=0.04s
[27.626s][info ][safepoint      ] Safepoint "ParallelGCFailedAllocation", Time since last: 275842799 ns, Reaching safepoint: 3309181 ns, At safepoint: 41825131 ns, Total: 45134312 ns
[27.924s][info ][safepoint      ] Safepoint "ICBufferFull", Time since last: 293266428 ns, Reaching safepoint: 4463310 ns, At safepoint: 21401 ns, Total: 4484711 ns
[28.124s][info ][safepoint      ] Safepoint "ICBufferFull", Time since last: 192365641 ns, Reaching safepoint: 7606288 ns, At safepoint: 22800 ns, Total: 7629088 ns
[28.168s][info ][gc,start       ] GC(36) Pause Young (Allocation Failure)
[28.205s][debug][gc,phases      ] GC(36) Scavenge 37.532ms
[28.205s][debug][gc,ref         ] GC(36) Skipped phase 1 of Reference Processing: no references
[28.205s][debug][gc,ref         ] GC(36) Skipped phase 3 of Reference Processing: no references
[28.205s][debug][gc,phases      ] GC(36) Reference Processing 0.070ms
[28.206s][debug][gc,phases      ] GC(36) Weak Processing 0.675ms
[28.206s][debug][gc,age         ] GC(36) Desired survivor size 219676672 bytes, new threshold 15 (max threshold 15)
[28.206s][info ][gc,heap        ] GC(36) PSYoungGen: 1790624K(1879040K)->132768K(1875968K) Eden: 1657856K(1657856K)->0K(1657856K) From: 132768K(221184K)->132768K(218112K)
[28.206s][info ][gc,heap        ] GC(36) ParOldGen: 198986K(250880K)->199250K(250880K)
[28.206s][info ][gc,metaspace   ] GC(36) Metaspace: 64034K(64640K)->64034K(64640K) NonClass: 54963K(55296K)->54963K(55296K) Class: 9070K(9344K)->9070K(9344K)
[28.206s][info ][gc             ] GC(36) Pause Young (Allocation Failure) 1942M->324M(2077M) 38.420ms
[28.206s][info ][gc,cpu         ] GC(36) User=0.11s Sys=0.02s Real=0.03s
[28.206s][info ][safepoint      ] Safepoint "ParallelGCFailedAllocation", Time since last: 30011040 ns, Reaching safepoint: 13719138 ns, At safepoint: 38548350 ns, Total: 52267488 ns
[28.386s][info ][safepoint      ] Safepoint "ICBufferFull", Time since last: 180085639 ns, Reaching safepoint: 99702 ns, At safepoint: 19101 ns, Total: 118803 ns
[28.457s][info ][safepoint      ] Safepoint "ICBufferFull", Time since last: 69601915 ns, Reaching safepoint: 396210 ns, At safepoint: 27101 ns, Total: 423311 ns
[28.555s][info ][safepoint      ] Safepoint "ICBufferFull", Time since last: 98166819 ns, Reaching safepoint: 163004 ns, At safepoint: 18201 ns, Total: 181205 ns
[28.680s][info ][safepoint      ] Safepoint "ICBufferFull", Time since last: 114879731 ns, Reaching safepoint: 10073949 ns, At safepoint: 23400 ns, Total: 10097349 ns
[28.762s][info ][safepoint      ] Safepoint "ICBufferFull", Time since last: 81380306 ns, Reaching safepoint: 305808 ns, At safepoint: 20100 ns, Total: 325908 ns
[28.816s][info ][gc,start       ] GC(37) Pause Young (Allocation Failure)
[28.864s][debug][gc,phases      ] GC(37) Scavenge 48.038ms
[28.864s][debug][gc,ref         ] GC(37) Skipped phase 1 of Reference Processing: no references
[28.864s][debug][gc,ref         ] GC(37) Skipped phase 3 of Reference Processing: no references
[28.864s][debug][gc,phases      ] GC(37) Reference Processing 0.072ms
[28.865s][debug][gc,phases      ] GC(37) Weak Processing 0.690ms
[28.865s][debug][gc,age         ] GC(37) Desired survivor size 216006656 bytes, new threshold 15 (max threshold 15)
[28.865s][info ][gc,heap        ] GC(37) PSYoungGen: 1790624K(1875968K)->131536K(1886208K) Eden: 1657856K(1657856K)->0K(1671680K) From: 132768K(218112K)->131536K(214528K)
[28.865s][info ][gc,heap        ] GC(37) ParOldGen: 199250K(250880K)->200619K(250880K)
[28.865s][info ][gc,metaspace   ] GC(37) Metaspace: 64133K(64704K)->64133K(64704K) NonClass: 55059K(55360K)->55059K(55360K) Class: 9074K(9344K)->9074K(9344K)
[28.865s][info ][gc             ] GC(37) Pause Young (Allocation Failure) 1943M->324M(2087M) 48.949ms
[28.865s][info ][gc,cpu         ] GC(37) User=0.11s Sys=0.00s Real=0.04s
[28.865s][info ][safepoint      ] Safepoint "ParallelGCFailedAllocation", Time since last: 53631022 ns, Reaching safepoint: 830021 ns, At safepoint: 49063109 ns, Total: 49893130 ns
[28.943s][info ][safepoint      ] Safepoint "ICBufferFull", Time since last: 64527390 ns, Reaching safepoint: 13545334 ns, At safepoint: 36701 ns, Total: 13582035 ns
[29.014s][info ][safepoint      ] Safepoint "ICBufferFull", Time since last: 70794145 ns, Reaching safepoint: 137003 ns, At safepoint: 12901 ns, Total: 149904 ns
[29.108s][info ][safepoint      ] Safepoint "ICBufferFull", Time since last: 89452104 ns, Reaching safepoint: 4309507 ns, At safepoint: 22900 ns, Total: 4332407 ns
[29.153s][info ][safepoint      ] Safepoint "ICBufferFull", Time since last: 41447822 ns, Reaching safepoint: 3208979 ns, At safepoint: 23300 ns, Total: 3232279 ns
[29.216s][info ][safepoint      ] Safepoint "ICBufferFull", Time since last: 60161783 ns, Reaching safepoint: 3233280 ns, At safepoint: 23501 ns, Total: 3256781 ns
[29.282s][info ][safepoint      ] Safepoint "ICBufferFull", Time since last: 62426538 ns, Reaching safepoint: 3460086 ns, At safepoint: 30100 ns, Total: 3490186 ns
[29.384s][info ][safepoint      ] Safepoint "ICBufferFull", Time since last: 97036492 ns, Reaching safepoint: 5378133 ns, At safepoint: 27900 ns, Total: 5406033 ns
[29.387s][info ][gc,start       ] GC(38) Pause Young (Allocation Failure)
[29.426s][debug][gc,phases      ] GC(38) Scavenge 38.414ms
[29.426s][debug][gc,ref         ] GC(38) Skipped phase 1 of Reference Processing: no references
[29.426s][debug][gc,ref         ] GC(38) Skipped phase 3 of Reference Processing: no references
[29.426s][debug][gc,phases      ] GC(38) Reference Processing 0.092ms
[29.426s][debug][gc,phases      ] GC(38) Weak Processing 0.634ms
[29.426s][debug][gc,age         ] GC(38) Desired survivor size 212860928 bytes, new threshold 15 (max threshold 15)
[29.426s][info ][gc,heap        ] GC(38) PSYoungGen: 1803216K(1886208K)->128480K(1882624K) Eden: 1671680K(1671680K)->0K(1671680K) From: 131536K(214528K)->128480K(210944K)
[29.426s][info ][gc,heap        ] GC(38) ParOldGen: 200619K(250880K)->204119K(250880K)
[29.426s][info ][gc,metaspace   ] GC(38) Metaspace: 64270K(64832K)->64270K(64832K) NonClass: 55196K(55488K)->55196K(55488K) Class: 9074K(9344K)->9074K(9344K)
[29.426s][info ][gc             ] GC(38) Pause Young (Allocation Failure) 1956M->324M(2083M) 39.281ms
[29.426s][info ][gc,cpu         ] GC(38) User=0.11s Sys=0.01s Real=0.04s
[29.427s][info ][safepoint      ] Safepoint "ParallelGCFailedAllocation", Time since last: 2627565 ns, Reaching safepoint: 122203 ns, At safepoint: 39398271 ns, Total: 39520474 ns
[29.512s][info ][safepoint      ] Safepoint "ICBufferFull", Time since last: 73454911 ns, Reaching safepoint: 11765990 ns, At safepoint: 81502 ns, Total: 11847492 ns
[29.667s][info ][safepoint      ] Safepoint "ICBufferFull", Time since last: 149346981 ns, Reaching safepoint: 5686040 ns, At safepoint: 35001 ns, Total: 5721041 ns
[29.966s][info ][gc,start       ] GC(39) Pause Young (Allocation Failure)
[30.021s][debug][gc,phases      ] GC(39) Scavenge 55.101ms
[30.021s][debug][gc,ref         ] GC(39) Skipped phase 1 of Reference Processing: no references
[30.022s][debug][gc,ref         ] GC(39) Skipped phase 3 of Reference Processing: no references
[30.022s][debug][gc,phases      ] GC(39) Reference Processing 0.250ms
[30.022s][debug][gc,phases      ] GC(39) Weak Processing 0.686ms
[30.022s][debug][gc,age         ] GC(39) Desired survivor size 210239488 bytes, new threshold 15 (max threshold 15)
[30.022s][info ][gc,heap        ] GC(39) PSYoungGen: 1800160K(1882624K)->124048K(1891840K) Eden: 1671680K(1671680K)->0K(1683968K) From: 128480K(210944K)->124048K(207872K)
[30.022s][info ][gc,heap        ] GC(39) ParOldGen: 204119K(250880K)->209656K(250880K)
[30.022s][info ][gc,metaspace   ] GC(39) Metaspace: 66150K(66688K)->66150K(66688K) NonClass: 56750K(57024K)->56750K(57024K) Class: 9400K(9664K)->9400K(9664K)
[30.022s][info ][gc             ] GC(39) Pause Young (Allocation Failure) 1957M->325M(2092M) 56.172ms
[30.022s][info ][gc,cpu         ] GC(39) User=0.15s Sys=0.00s Real=0.06s
[30.022s][info ][safepoint      ] Safepoint "ParallelGCFailedAllocation", Time since last: 296771515 ns, Reaching safepoint: 2446560 ns, At safepoint: 56288787 ns, Total: 58735347 ns
[30.633s][info ][gc,start       ] GC(40) Pause Young (Allocation Failure)
[30.692s][debug][gc,phases      ] GC(40) Scavenge 59.255ms
[30.692s][debug][gc,ref         ] GC(40) Skipped phase 1 of Reference Processing: no references
[30.692s][debug][gc,ref         ] GC(40) Skipped phase 3 of Reference Processing: no references
[30.692s][debug][gc,phases      ] GC(40) Reference Processing 0.110ms
[30.693s][debug][gc,phases      ] GC(40) Weak Processing 0.818ms
[30.693s][debug][gc,age         ] GC(40) Desired survivor size 208142336 bytes, new threshold 15 (max threshold 15)
[30.693s][info ][gc,heap        ] GC(40) PSYoungGen: 1808016K(1891840K)->118534K(1889280K) Eden: 1683968K(1683968K)->0K(1683968K) From: 124048K(207872K)->118534K(205312K)
[30.693s][info ][gc,heap        ] GC(40) ParOldGen: 209656K(250880K)->217506K(250880K)
[30.693s][info ][gc,metaspace   ] GC(40) Metaspace: 69550K(70144K)->69550K(70144K) NonClass: 59767K(60096K)->59767K(60096K) Class: 9782K(10048K)->9782K(10048K)
[30.693s][info ][gc             ] GC(40) Pause Young (Allocation Failure) 1970M->328M(2090M) 60.318ms
[30.693s][info ][gc,cpu         ] GC(40) User=0.12s Sys=0.00s Real=0.06s
[30.693s][info ][safepoint      ] Safepoint "ParallelGCFailedAllocation", Time since last: 606701554 ns, Reaching safepoint: 3368583 ns, At safepoint: 60442490 ns, Total: 63811073 ns
[30.876s][info ][safepoint      ] Safepoint "ICBufferFull", Time since last: 183110714 ns, Reaching safepoint: 254606 ns, At safepoint: 15800 ns, Total: 270406 ns
[31.225s][info ][gc,start       ] GC(41) Pause Young (Allocation Failure)
[31.270s][debug][gc,phases      ] GC(41) Scavenge 44.952ms
[31.270s][debug][gc,ref         ] GC(41) Skipped phase 1 of Reference Processing: no references
[31.270s][debug][gc,ref         ] GC(41) Skipped phase 3 of Reference Processing: no references
[31.270s][debug][gc,phases      ] GC(41) Reference Processing 0.072ms
[31.271s][debug][gc,phases      ] GC(41) Weak Processing 0.602ms
[31.271s][debug][gc,age         ] GC(41) Desired survivor size 207093760 bytes, new threshold 15 (max threshold 15)
[31.271s][info ][gc,heap        ] GC(41) PSYoungGen: 1802502K(1889280K)->109598K(1894912K) Eden: 1683968K(1683968K)->0K(1691648K) From: 118534K(205312K)->109598K(203264K)
[31.271s][info ][gc,heap        ] GC(41) ParOldGen: 217506K(250880K)->227489K(250880K)
[31.271s][info ][gc,metaspace   ] GC(41) Metaspace: 71452K(72128K)->71452K(72128K) NonClass: 61412K(61760K)->61412K(61760K) Class: 10040K(10368K)->10040K(10368K)
[31.271s][info ][gc             ] GC(41) Pause Young (Allocation Failure) 1972M->329M(2095M) 45.750ms
[31.271s][info ][gc,cpu         ] GC(41) User=0.11s Sys=0.01s Real=0.05s
[31.271s][info ][safepoint      ] Safepoint "ParallelGCFailedAllocation", Time since last: 347356362 ns, Reaching safepoint: 1523238 ns, At safepoint: 45871330 ns, Total: 47394568 ns
[31.737s][info ][gc,start       ] GC(42) Pause Young (Allocation Failure)
[31.769s][debug][gc,phases      ] GC(42) Scavenge 31.889ms
[31.769s][debug][gc,ref         ] GC(42) Skipped phase 1 of Reference Processing: no references
[31.770s][debug][gc,ref         ] GC(42) Skipped phase 3 of Reference Processing: no references
[31.770s][debug][gc,phases      ] GC(42) Reference Processing 0.082ms
[31.770s][debug][gc,phases      ] GC(42) Weak Processing 0.636ms
[31.770s][debug][gc,age         ] GC(42) Desired survivor size 208142336 bytes, new threshold 15 (max threshold 15)
[31.770s][info ][gc,heap        ] GC(42) PSYoungGen: 1801246K(1894912K)->94678K(1893888K) Eden: 1691648K(1691648K)->0K(1691648K) From: 109598K(203264K)->94678K(202240K)
[31.770s][info ][gc,heap        ] GC(42) ParOldGen: 227489K(250880K)->244138K(250880K)
[31.770s][info ][gc,metaspace   ] GC(42) Metaspace: 72011K(72576K)->72011K(72576K) NonClass: 61916K(62208K)->61916K(62208K) Class: 10094K(10368K)->10094K(10368K)
[31.770s][info ][gc             ] GC(42) Pause Young (Allocation Failure) 1981M->330M(2094M) 32.747ms
[31.770s][info ][gc,cpu         ] GC(42) User=0.11s Sys=0.02s Real=0.03s
[31.770s][debug][gc,phases      ] GC(43) Pre Compact 0.011ms
[31.770s][info ][gc,start       ] GC(43) Pause Full (Ergonomics)
[31.770s][info ][gc,phases,start] GC(43) Marking Phase
[31.894s][debug][gc,phases      ] GC(43) Par Mark 124.035ms
[31.894s][debug][gc,ref         ] GC(43) Skipped phase 1 of Reference Processing: no references
[31.895s][debug][gc,ref         ] GC(43) Skipped phase 3 of Reference Processing: no references
[31.895s][debug][gc,phases      ] GC(43) Reference Processing 0.317ms
[31.895s][debug][gc,phases      ] GC(43) Weak Processing 0.569ms
[31.895s][debug][gc,phases      ] GC(43) ClassLoaderData 0.057ms
[31.895s][debug][gc,phases      ] GC(43) Trigger cleanups 0.000ms
[31.908s][debug][gc,phases      ] GC(43) Class Unloading 12.847ms
[31.908s][info ][gc,phases      ] GC(43) Marking Phase 137.923ms
[31.908s][info ][gc,phases,start] GC(43) Summary Phase
[31.908s][info ][gc,phases      ] GC(43) Summary Phase 0.014ms
[31.908s][info ][gc,phases,start] GC(43) Adjust Roots
[31.929s][info ][gc,phases      ] GC(43) Adjust Roots 20.898ms
[31.929s][info ][gc,phases,start] GC(43) Compaction Phase
[32.181s][info ][gc,phases      ] GC(43) Compaction Phase 251.358ms
[32.181s][info ][gc,phases,start] GC(43) Post Compact
[32.182s][info ][gc,phases      ] GC(43) Post Compact 1.315ms
[32.182s][info ][gc,heap        ] GC(43) PSYoungGen: 94678K(1893888K)->80947K(1893888K) Eden: 0K(1691648K)->0K(1691648K) From: 94678K(202240K)->80947K(202240K)
[32.182s][info ][gc,heap        ] GC(43) ParOldGen: 244138K(250880K)->250852K(308736K)
[32.182s][info ][gc,metaspace   ] GC(43) Metaspace: 72011K(72576K)->72011K(72576K) NonClass: 61916K(62208K)->61916K(62208K) Class: 10094K(10368K)->10094K(10368K)
[32.182s][info ][gc             ] GC(43) Pause Full (Ergonomics) 330M->324M(2151M) 411.771ms
[32.182s][info ][gc,cpu         ] GC(43) User=1.55s Sys=0.00s Real=0.41s
[32.205s][info ][safepoint      ] Safepoint "ParallelGCFailedAllocation", Time since last: 466172491 ns, Reaching safepoint: 224005 ns, At safepoint: 467776930 ns, Total: 468000935 ns
[32.614s][info ][safepoint      ] Safepoint "ICBufferFull", Time since last: 402536222 ns, Reaching safepoint: 5787443 ns, At safepoint: 31801 ns, Total: 5819244 ns
[32.966s][info ][gc,start       ] GC(44) Pause Young (Allocation Failure)
[33.069s][debug][gc,phases      ] GC(44) Scavenge 102.403ms
[33.069s][debug][gc,ref         ] GC(44) Skipped phase 1 of Reference Processing: no references
[33.069s][debug][gc,ref         ] GC(44) Skipped phase 3 of Reference Processing: no references
[33.069s][debug][gc,phases      ] GC(44) Reference Processing 0.061ms
[33.070s][debug][gc,phases      ] GC(44) Weak Processing 0.907ms
[33.070s][debug][gc,age         ] GC(44) Desired survivor size 210239488 bytes, new threshold 15 (max threshold 15)
[33.070s][info ][gc,heap        ] GC(44) PSYoungGen: 1772595K(1893888K)->79541K(1889792K) Eden: 1691648K(1691648K)->0K(1686528K) From: 80947K(202240K)->79541K(203264K)
[33.070s][info ][gc,heap        ] GC(44) ParOldGen: 250852K(308736K)->262231K(308736K)
[33.070s][info ][gc,metaspace   ] GC(44) Metaspace: 72483K(73024K)->72483K(73024K) NonClass: 62320K(62592K)->62320K(62592K) Class: 10162K(10432K)->10162K(10432K)
[33.070s][info ][gc             ] GC(44) Pause Young (Allocation Failure) 1976M->333M(2147M) 103.508ms
[33.070s][info ][gc,cpu         ] GC(44) User=0.23s Sys=0.00s Real=0.11s
[33.070s][info ][safepoint      ] Safepoint "ParallelGCFailedAllocation", Time since last: 347747471 ns, Reaching safepoint: 5034424 ns, At safepoint: 103661056 ns, Total: 108695480 ns
[33.600s][info ][gc,start       ] GC(45) Pause Young (Allocation Failure)
[33.644s][debug][gc,phases      ] GC(45) Scavenge 43.141ms
[33.644s][debug][gc,ref         ] GC(45) Skipped phase 1 of Reference Processing: no references
[33.644s][debug][gc,ref         ] GC(45) Skipped phase 3 of Reference Processing: no references
[33.644s][debug][gc,phases      ] GC(45) Reference Processing 0.053ms
[33.644s][debug][gc,phases      ] GC(45) Weak Processing 0.821ms
[33.644s][debug][gc,age         ] GC(45) Desired survivor size 207093760 bytes, new threshold 15 (max threshold 15)
[33.644s][info ][gc,heap        ] GC(45) PSYoungGen: 1766069K(1889792K)->102309K(1891840K) Eden: 1686528K(1686528K)->0K(1686528K) From: 79541K(203264K)->102309K(205312K)
[33.644s][info ][gc,heap        ] GC(45) ParOldGen: 262231K(308736K)->273353K(308736K)
[33.644s][info ][gc,metaspace   ] GC(45) Metaspace: 72509K(73088K)->72509K(73088K) NonClass: 62344K(62656K)->62344K(62656K) Class: 10165K(10432K)->10165K(10432K)
[33.645s][info ][gc             ] GC(45) Pause Young (Allocation Failure) 1980M->366M(2149M) 44.165ms
[33.645s][info ][gc,cpu         ] GC(45) User=0.15s Sys=0.01s Real=0.04s
[33.645s][info ][safepoint      ] Safepoint "ParallelGCFailedAllocation", Time since last: 528097217 ns, Reaching safepoint: 2197654 ns, At safepoint: 44281591 ns, Total: 46479245 ns
[34.209s][info ][gc,start       ] GC(46) Pause Young (Allocation Failure)
[34.272s][debug][gc,phases      ] GC(46) Scavenge 62.084ms
[34.272s][debug][gc,ref         ] GC(46) Skipped phase 1 of Reference Processing: no references
[34.272s][debug][gc,ref         ] GC(46) Skipped phase 3 of Reference Processing: no references
[34.272s][debug][gc,phases      ] GC(46) Reference Processing 0.044ms
[34.272s][debug][gc,phases      ] GC(46) Weak Processing 0.723ms
[34.272s][debug][gc,age         ] GC(46) Desired survivor size 202899456 bytes, new threshold 15 (max threshold 15)
[34.272s][info ][gc,heap        ] GC(46) PSYoungGen: 1788837K(1891840K)->105020K(1899008K) Eden: 1686528K(1686528K)->0K(1696768K) From: 102309K(205312K)->105020K(202240K)
[34.272s][info ][gc,heap        ] GC(46) ParOldGen: 273353K(308736K)->287488K(308736K)
[34.272s][info ][gc,metaspace   ] GC(46) Metaspace: 72511K(73088K)->72511K(73088K) NonClass: 62345K(62656K)->62345K(62656K) Class: 10165K(10432K)->10165K(10432K)
[34.272s][info ][gc             ] GC(46) Pause Young (Allocation Failure) 2013M->383M(2156M) 62.986ms
[34.272s][info ][gc,cpu         ] GC(46) User=0.13s Sys=0.00s Real=0.06s
[34.272s][debug][gc,phases      ] GC(47) Pre Compact 0.014ms
[34.272s][info ][gc,start       ] GC(47) Pause Full (Ergonomics)
[34.272s][info ][gc,phases,start] GC(47) Marking Phase
[34.432s][debug][gc,phases      ] GC(47) Par Mark 159.249ms
[34.432s][debug][gc,ref         ] GC(47) Skipped phase 1 of Reference Processing: no references
[34.432s][debug][gc,ref         ] GC(47) Skipped phase 3 of Reference Processing: no references
[34.432s][debug][gc,phases      ] GC(47) Reference Processing 0.310ms
[34.433s][debug][gc,phases      ] GC(47) Weak Processing 0.657ms
[34.433s][debug][gc,phases      ] GC(47) ClassLoaderData 0.059ms
[34.433s][debug][gc,phases      ] GC(47) Trigger cleanups 0.000ms
[34.448s][debug][gc,phases      ] GC(47) Class Unloading 15.640ms
[34.448s][info ][gc,phases      ] GC(47) Marking Phase 176.007ms
[34.448s][info ][gc,phases,start] GC(47) Summary Phase
[34.448s][info ][gc,phases      ] GC(47) Summary Phase 0.014ms
[34.448s][info ][gc,phases,start] GC(47) Adjust Roots
[34.462s][info ][gc,phases      ] GC(47) Adjust Roots 13.129ms
[34.462s][info ][gc,phases,start] GC(47) Compaction Phase
[34.619s][info ][gc,phases      ] GC(47) Compaction Phase 157.722ms
[34.619s][info ][gc,phases,start] GC(47) Post Compact
[34.621s][info ][gc,phases      ] GC(47) Post Compact 1.172ms
[34.621s][info ][gc,heap        ] GC(47) PSYoungGen: 105020K(1899008K)->79963K(1899008K) Eden: 0K(1696768K)->0K(1696768K) From: 105020K(202240K)->79963K(202240K)
[34.621s][info ][gc,heap        ] GC(47) ParOldGen: 287488K(308736K)->308629K(378880K)
[34.621s][info ][gc,metaspace   ] GC(47) Metaspace: 72511K(73088K)->72511K(73088K) NonClass: 62345K(62656K)->62345K(62656K) Class: 10165K(10432K)->10165K(10432K)
[34.621s][info ][gc             ] GC(47) Pause Full (Ergonomics) 383M->379M(2224M) 348.328ms
[34.621s][info ][gc,cpu         ] GC(47) User=1.06s Sys=0.02s Real=0.35s
[34.621s][info ][safepoint      ] Safepoint "ParallelGCFailedAllocation", Time since last: 557251736 ns, Reaching safepoint: 7509385 ns, At safepoint: 411524144 ns, Total: 419033529 ns
[35.116s][info ][safepoint      ] Safepoint "ICBufferFull", Time since last: 494536390 ns, Reaching safepoint: 304808 ns, At safepoint: 48801 ns, Total: 353609 ns
[35.234s][info ][safepoint      ] Safepoint "ICBufferFull", Time since last: 113511198 ns, Reaching safepoint: 4413209 ns, At safepoint: 28000 ns, Total: 4441209 ns
[35.272s][info ][gc,start       ] GC(48) Pause Young (Allocation Failure)
[35.352s][debug][gc,phases      ] GC(48) Scavenge 79.845ms
[35.352s][debug][gc,ref         ] GC(48) Skipped phase 1 of Reference Processing: no references
[35.352s][debug][gc,ref         ] GC(48) Skipped phase 3 of Reference Processing: no references
[35.352s][debug][gc,phases      ] GC(48) Reference Processing 0.076ms
[35.353s][debug][gc,phases      ] GC(48) Weak Processing 0.718ms
[35.353s][debug][gc,age         ] GC(48) Desired survivor size 204472320 bytes, new threshold 15 (max threshold 15)
[35.353s][info ][gc,heap        ] GC(48) PSYoungGen: 1776731K(1899008K)->70415K(1894912K) Eden: 1696768K(1696768K)->0K(1696768K) From: 79963K(202240K)->70415K(198144K)
[35.353s][info ][gc,heap        ] GC(48) ParOldGen: 308629K(378880K)->323505K(378880K)
[35.353s][info ][gc,metaspace   ] GC(48) Metaspace: 73371K(73984K)->73371K(73984K) NonClass: 63096K(63424K)->63096K(63424K) Class: 10275K(10560K)->10275K(10560K)
[35.353s][info ][gc             ] GC(48) Pause Young (Allocation Failure) 2036M->384M(2220M) 80.775ms
[35.353s][info ][gc,cpu         ] GC(48) User=0.22s Sys=0.01s Real=0.08s
[35.353s][info ][safepoint      ] Safepoint "ParallelGCFailedAllocation", Time since last: 25782536 ns, Reaching safepoint: 12511408 ns, At safepoint: 80907795 ns, Total: 93419203 ns
[35.592s][info ][safepoint      ] Safepoint "ICBufferFull", Time since last: 234829888 ns, Reaching safepoint: 4364708 ns, At safepoint: 21000 ns, Total: 4385708 ns
[36.036s][info ][safepoint      ] Safepoint "ICBufferFull", Time since last: 430123703 ns, Reaching safepoint: 13431931 ns, At safepoint: 26300 ns, Total: 13458231 ns
[36.065s][info ][gc,start       ] GC(49) Pause Young (Allocation Failure)
[36.099s][debug][gc,phases      ] GC(49) Scavenge 33.742ms
[36.099s][debug][gc,ref         ] GC(49) Skipped phase 1 of Reference Processing: no references
[36.099s][debug][gc,ref         ] GC(49) Skipped phase 3 of Reference Processing: no references
[36.099s][debug][gc,phases      ] GC(49) Reference Processing 0.117ms
[36.100s][debug][gc,phases      ] GC(49) Weak Processing 0.786ms
[36.100s][debug][gc,age         ] GC(49) Desired survivor size 206569472 bytes, new threshold 15 (max threshold 15)
[36.100s][info ][gc,heap        ] GC(49) PSYoungGen: 1767183K(1894912K)->57352K(1893376K) Eden: 1696768K(1696768K)->0K(1693696K) From: 70415K(198144K)->57352K(199680K)
[36.100s][info ][gc,heap        ] GC(49) ParOldGen: 323505K(378880K)->338389K(378880K)
[36.100s][info ][gc,metaspace   ] GC(49) Metaspace: 74124K(74752K)->74124K(74752K) NonClass: 63724K(64064K)->63724K(64064K) Class: 10399K(10688K)->10399K(10688K)
[36.100s][info ][gc             ] GC(49) Pause Young (Allocation Failure) 2041M->386M(2219M) 34.790ms
[36.100s][info ][gc,cpu         ] GC(49) User=0.11s Sys=0.00s Real=0.04s
[36.100s][info ][safepoint      ] Safepoint "ParallelGCFailedAllocation", Time since last: 29536429 ns, Reaching safepoint: 122703 ns, At safepoint: 34891360 ns, Total: 35014063 ns
[36.528s][info ][safepoint      ] Safepoint "ICBufferFull", Time since last: 425660592 ns, Reaching safepoint: 2202254 ns, At safepoint: 21401 ns, Total: 2223655 ns
[36.678s][info ][gc,start       ] GC(50) Pause Young (Allocation Failure)
[36.709s][debug][gc,phases      ] GC(50) Scavenge 30.676ms
[36.709s][debug][gc,ref         ] GC(50) Skipped phase 1 of Reference Processing: no references
[36.709s][debug][gc,ref         ] GC(50) Skipped phase 3 of Reference Processing: no references
[36.709s][debug][gc,phases      ] GC(50) Reference Processing 0.104ms
[36.710s][debug][gc,phases      ] GC(50) Weak Processing 0.761ms
[36.710s][debug][gc,age         ] GC(50) Desired survivor size 208666624 bytes, new threshold 15 (max threshold 15)
[36.710s][info ][gc,heap        ] GC(50) PSYoungGen: 1751048K(1893376K)->46984K(1740800K) Eden: 1693696K(1693696K)->0K(1693696K) From: 57352K(199680K)->46984K(47104K)
[36.710s][info ][gc,heap        ] GC(50) ParOldGen: 338389K(378880K)->348307K(378880K)
[36.710s][info ][gc,metaspace   ] GC(50) Metaspace: 74321K(74944K)->74321K(74944K) NonClass: 63917K(64256K)->63917K(64256K) Class: 10403K(10688K)->10403K(10688K)
[36.710s][info ][gc             ] GC(50) Pause Young (Allocation Failure) 2040M->386M(2070M) 31.685ms
[36.710s][info ][gc,cpu         ] GC(50) User=0.05s Sys=0.02s Real=0.03s
[36.710s][info ][safepoint      ] Safepoint "ParallelGCFailedAllocation", Time since last: 140627166 ns, Reaching safepoint: 9228828 ns, At safepoint: 31812384 ns, Total: 41041212 ns
[37.332s][info ][gc,start       ] GC(51) Pause Young (Allocation Failure)
[37.366s][debug][gc,phases      ] GC(51) Scavenge 33.502ms
[37.366s][debug][gc,ref         ] GC(51) Skipped phase 1 of Reference Processing: no references
[37.366s][debug][gc,ref         ] GC(51) Skipped phase 3 of Reference Processing: no references
[37.366s][debug][gc,phases      ] GC(51) Reference Processing 0.083ms
[37.367s][debug][gc,phases      ] GC(51) Weak Processing 0.826ms
[37.367s][debug][gc,age         ] GC(51) Desired survivor size 209190912 bytes, new threshold 15 (max threshold 15)
[37.367s][info ][gc,heap        ] GC(51) PSYoungGen: 1740680K(1740800K)->45583K(1892352K) Eden: 1693696K(1693696K)->0K(1688576K) From: 46984K(47104K)->45583K(203776K)
[37.367s][info ][gc,heap        ] GC(51) ParOldGen: 348307K(378880K)->349631K(378880K)
[37.367s][info ][gc,metaspace   ] GC(51) Metaspace: 74512K(75136K)->74512K(75136K) NonClass: 64101K(64448K)->64101K(64448K) Class: 10411K(10688K)->10411K(10688K)
[37.367s][info ][gc             ] GC(51) Pause Young (Allocation Failure) 2040M->385M(2218M) 34.554ms
[37.367s][info ][gc,cpu         ] GC(51) User=0.09s Sys=0.00s Real=0.03s
[37.367s][info ][safepoint      ] Safepoint "ParallelGCFailedAllocation", Time since last: 617670326 ns, Reaching safepoint: 4804518 ns, At safepoint: 34690855 ns, Total: 39495373 ns
[37.729s][info ][safepoint      ] Safepoint "ICBufferFull", Time since last: 356128779 ns, Reaching safepoint: 5907846 ns, At safepoint: 46601 ns, Total: 5954447 ns
[37.910s][info ][gc,start       ] GC(52) Pause Young (Allocation Failure)
[37.927s][debug][gc,phases      ] GC(52) Scavenge 16.828ms
[37.927s][debug][gc,ref         ] GC(52) Skipped phase 1 of Reference Processing: no references
[37.927s][debug][gc,ref         ] GC(52) Skipped phase 3 of Reference Processing: no references
[37.927s][debug][gc,phases      ] GC(52) Reference Processing 0.089ms
[37.927s][debug][gc,phases      ] GC(52) Weak Processing 0.802ms
[37.928s][debug][gc,age         ] GC(52) Desired survivor size 208142336 bytes, new threshold 15 (max threshold 15)
[37.928s][info ][gc,heap        ] GC(52) PSYoungGen: 1734159K(1892352K)->44467K(1892864K) Eden: 1688576K(1688576K)->0K(1688576K) From: 45583K(203776K)->44467K(204288K)
[37.928s][info ][gc,heap        ] GC(52) ParOldGen: 349631K(378880K)->349807K(378880K)
[37.928s][info ][gc,metaspace   ] GC(52) Metaspace: 74645K(75328K)->74645K(75328K) NonClass: 64220K(64576K)->64220K(64576K) Class: 10424K(10752K)->10424K(10752K)
[37.928s][info ][gc             ] GC(52) Pause Young (Allocation Failure) 2034M->385M(2218M) 17.859ms
[37.928s][info ][gc,cpu         ] GC(52) User=0.06s Sys=0.00s Real=0.01s
[37.928s][info ][safepoint      ] Safepoint "ParallelGCFailedAllocation", Time since last: 178380497 ns, Reaching safepoint: 2217855 ns, At safepoint: 17985343 ns, Total: 20203198 ns
[38.505s][info ][safepoint      ] Safepoint "ICBufferFull", Time since last: 572676117 ns, Reaching safepoint: 4575613 ns, At safepoint: 19300 ns, Total: 4594913 ns
[38.673s][info ][gc,start       ] GC(53) Pause Young (Allocation Failure)
[38.698s][debug][gc,phases      ] GC(53) Scavenge 25.450ms
[38.698s][debug][gc,ref         ] GC(53) Skipped phase 1 of Reference Processing: no references
[38.699s][debug][gc,ref         ] GC(53) Skipped phase 3 of Reference Processing: no references
[38.699s][debug][gc,phases      ] GC(53) Reference Processing 0.089ms
[38.699s][debug][gc,phases      ] GC(53) Weak Processing 0.780ms
[38.699s][debug][gc,age         ] GC(53) Desired survivor size 205520896 bytes, new threshold 15 (max threshold 15)
[38.699s][info ][gc,heap        ] GC(53) PSYoungGen: 1733043K(1892864K)->45481K(1896448K) Eden: 1688576K(1688576K)->0K(1693184K) From: 44467K(204288K)->45481K(203264K)
[38.699s][info ][gc,heap        ] GC(53) ParOldGen: 349807K(378880K)->349931K(378880K)
[38.699s][info ][gc,metaspace   ] GC(53) Metaspace: 74728K(75392K)->74728K(75392K) NonClass: 64303K(64640K)->64303K(64640K) Class: 10425K(10752K)->10425K(10752K)
[38.699s][info ][gc             ] GC(53) Pause Young (Allocation Failure) 2034M->386M(2222M) 26.452ms
[38.699s][info ][gc,cpu         ] GC(53) User=0.06s Sys=0.00s Real=0.03s
[38.699s][info ][safepoint      ] Safepoint "ParallelGCFailedAllocation", Time since last: 156552259 ns, Reaching safepoint: 11443382 ns, At safepoint: 26576255 ns, Total: 38019637 ns
[39.227s][info ][gc,start       ] GC(54) Pause Young (Allocation Failure)
[39.246s][debug][gc,phases      ] GC(54) Scavenge 18.949ms
[39.246s][debug][gc,ref         ] GC(54) Skipped phase 1 of Reference Processing: no references
[39.246s][debug][gc,ref         ] GC(54) Skipped phase 3 of Reference Processing: no references
[39.246s][debug][gc,phases      ] GC(54) Reference Processing 0.056ms
[39.246s][debug][gc,phases      ] GC(54) Weak Processing 0.653ms
[39.246s][debug][gc,age         ] GC(54) Desired survivor size 201850880 bytes, new threshold 15 (max threshold 15)
[39.246s][info ][gc,heap        ] GC(54) PSYoungGen: 1738665K(1896448K)->44960K(1893888K) Eden: 1693184K(1693184K)->0K(1693184K) From: 45481K(203264K)->44960K(200704K)
[39.247s][info ][gc,heap        ] GC(54) ParOldGen: 349931K(378880K)->349971K(378880K)
[39.247s][info ][gc,metaspace   ] GC(54) Metaspace: 74840K(75520K)->74840K(75520K) NonClass: 64406K(64768K)->64406K(64768K) Class: 10433K(10752K)->10433K(10752K)
[39.247s][info ][gc             ] GC(54) Pause Young (Allocation Failure) 2039M->385M(2219M) 19.792ms
[39.247s][info ][gc,cpu         ] GC(54) User=0.06s Sys=0.01s Real=0.02s
[39.247s][info ][safepoint      ] Safepoint "ParallelGCFailedAllocation", Time since last: 527022292 ns, Reaching safepoint: 178904 ns, At safepoint: 19916991 ns, Total: 20095895 ns
[39.912s][info ][gc,start       ] GC(55) Pause Young (Allocation Failure)
[39.930s][debug][gc,phases      ] GC(55) Scavenge 18.269ms
[39.930s][debug][gc,ref         ] GC(55) Skipped phase 1 of Reference Processing: no references
[39.930s][debug][gc,ref         ] GC(55) Skipped phase 3 of Reference Processing: no references
[39.930s][debug][gc,phases      ] GC(55) Reference Processing 0.058ms
[39.931s][debug][gc,phases      ] GC(55) Weak Processing 0.663ms
[39.931s][debug][gc,age         ] GC(55) Desired survivor size 197656576 bytes, new threshold 15 (max threshold 15)
[39.931s][info ][gc,heap        ] GC(55) PSYoungGen: 1738144K(1893888K)->43065K(1904128K) Eden: 1693184K(1693184K)->0K(1707008K) From: 44960K(200704K)->43065K(197120K)
[39.931s][info ][gc,heap        ] GC(55) ParOldGen: 349971K(378880K)->350019K(378880K)
[39.931s][info ][gc,metaspace   ] GC(55) Metaspace: 74953K(75648K)->74953K(75648K) NonClass: 64516K(64896K)->64516K(64896K) Class: 10437K(10752K)->10437K(10752K)
[39.931s][info ][gc             ] GC(55) Pause Young (Allocation Failure) 2039M->383M(2229M) 19.125ms
[39.931s][info ][gc,cpu         ] GC(55) User=0.05s Sys=0.00s Real=0.02s
[39.931s][info ][safepoint      ] Safepoint "ParallelGCFailedAllocation", Time since last: 665158197 ns, Reaching safepoint: 205505 ns, At safepoint: 19324976 ns, Total: 19530481 ns
[40.532s][info ][gc,start       ] GC(56) Pause Young (Allocation Failure)
[40.560s][debug][gc,phases      ] GC(56) Scavenge 27.966ms
[40.560s][debug][gc,ref         ] GC(56) Skipped phase 1 of Reference Processing: no references
[40.560s][debug][gc,ref         ] GC(56) Skipped phase 3 of Reference Processing: no references
[40.560s][debug][gc,phases      ] GC(56) Reference Processing 0.077ms
[40.561s][debug][gc,phases      ] GC(56) Weak Processing 0.863ms
[40.561s][debug][gc,age         ] GC(56) Desired survivor size 192937984 bytes, new threshold 15 (max threshold 15)
[40.561s][info ][gc,heap        ] GC(56) PSYoungGen: 1750073K(1904128K)->41097K(1900032K) Eden: 1707008K(1707008K)->0K(1707008K) From: 43065K(197120K)->41097K(193024K)
[40.561s][info ][gc,heap        ] GC(56) ParOldGen: 350019K(378880K)->350215K(378880K)
[40.561s][info ][gc,metaspace   ] GC(56) Metaspace: 75002K(75648K)->75002K(75648K) NonClass: 64564K(64896K)->64564K(64896K) Class: 10437K(10752K)->10437K(10752K)
[40.561s][info ][gc             ] GC(56) Pause Young (Allocation Failure) 2050M->382M(2225M) 29.087ms
[40.561s][info ][gc,cpu         ] GC(56) User=0.06s Sys=0.00s Real=0.03s
[40.562s][info ][safepoint      ] Safepoint "ParallelGCFailedAllocation", Time since last: 600806311 ns, Reaching safepoint: 193205 ns, At safepoint: 29222220 ns, Total: 29415425 ns
[41.211s][info ][gc,start       ] GC(57) Pause Young (Allocation Failure)
[41.252s][debug][gc,phases      ] GC(57) Scavenge 40.769ms
[41.252s][debug][gc,ref         ] GC(57) Skipped phase 1 of Reference Processing: no references
[41.252s][debug][gc,ref         ] GC(57) Skipped phase 3 of Reference Processing: no references
[41.252s][debug][gc,phases      ] GC(57) Reference Processing 0.063ms
[41.253s][debug][gc,phases      ] GC(57) Weak Processing 0.827ms
[41.253s][debug][gc,age         ] GC(57) Desired survivor size 188219392 bytes, new threshold 15 (max threshold 15)
[41.253s][info ][gc,heap        ] GC(57) PSYoungGen: 1748105K(1900032K)->38090K(1913344K) Eden: 1707008K(1707008K)->0K(1724928K) From: 41097K(193024K)->38090K(188416K)
[41.253s][info ][gc,heap        ] GC(57) ParOldGen: 350215K(378880K)->351801K(378880K)
[41.253s][info ][gc,metaspace   ] GC(57) Metaspace: 75072K(75712K)->75072K(75712K) NonClass: 64634K(64960K)->64634K(64960K) Class: 10437K(10752K)->10437K(10752K)
[41.253s][info ][gc             ] GC(57) Pause Young (Allocation Failure) 2049M->380M(2238M) 41.862ms
[41.253s][info ][gc,cpu         ] GC(57) User=0.09s Sys=0.00s Real=0.04s
[41.253s][info ][safepoint      ] Safepoint "ParallelGCFailedAllocation", Time since last: 633039905 ns, Reaching safepoint: 16486507 ns, At safepoint: 42060737 ns, Total: 58547244 ns
[42.020s][info ][gc,start       ] GC(58) Pause Young (Allocation Failure)
[42.057s][debug][gc,phases      ] GC(58) Scavenge 36.532ms
[42.057s][debug][gc,ref         ] GC(58) Skipped phase 1 of Reference Processing: no references
[42.057s][debug][gc,ref         ] GC(58) Skipped phase 3 of Reference Processing: no references
[42.057s][debug][gc,phases      ] GC(58) Reference Processing 0.063ms
[42.057s][debug][gc,phases      ] GC(58) Weak Processing 0.700ms
[42.057s][debug][gc,age         ] GC(58) Desired survivor size 181927936 bytes, new threshold 15 (max threshold 15)
[42.057s][info ][gc,heap        ] GC(58) PSYoungGen: 1763018K(1913344K)->42393K(1908736K) Eden: 1724928K(1724928K)->0K(1724928K) From: 38090K(188416K)->42393K(183808K)
[42.057s][info ][gc,heap        ] GC(58) ParOldGen: 351801K(378880K)->352223K(378880K)
[42.057s][info ][gc,metaspace   ] GC(58) Metaspace: 75169K(75776K)->75169K(75776K) NonClass: 64724K(65024K)->64724K(65024K) Class: 10445K(10752K)->10445K(10752K)
[42.058s][info ][gc             ] GC(58) Pause Young (Allocation Failure) 2065M->385M(2234M) 37.483ms
[42.058s][info ][gc,cpu         ] GC(58) User=0.07s Sys=0.02s Real=0.04s
[42.058s][info ][safepoint      ] Safepoint "ParallelGCFailedAllocation", Time since last: 766531896 ns, Reaching safepoint: 324408 ns, At safepoint: 37700329 ns, Total: 38024737 ns
[42.648s][info ][gc,start       ] GC(59) Pause Young (Allocation Failure)
[42.668s][debug][gc,phases      ] GC(59) Scavenge 20.192ms
[42.668s][debug][gc,ref         ] GC(59) Skipped phase 1 of Reference Processing: no references
[42.668s][debug][gc,ref         ] GC(59) Skipped phase 3 of Reference Processing: no references
[42.668s][debug][gc,phases      ] GC(59) Reference Processing 0.085ms
[42.669s][debug][gc,phases      ] GC(59) Weak Processing 0.910ms
[42.669s][debug][gc,age         ] GC(59) Desired survivor size 175636480 bytes, new threshold 15 (max threshold 15)
[42.669s][info ][gc,heap        ] GC(59) PSYoungGen: 1767321K(1908736K)->44793K(1925632K) Eden: 1724928K(1724928K)->0K(1747968K) From: 42393K(183808K)->44793K(177664K)
[42.669s][info ][gc,heap        ] GC(59) ParOldGen: 352223K(378880K)->352279K(378880K)
[42.669s][info ][gc,metaspace   ] GC(59) Metaspace: 75174K(75776K)->75174K(75776K) NonClass: 64729K(65024K)->64729K(65024K) Class: 10445K(10752K)->10445K(10752K)
[42.669s][info ][gc             ] GC(59) Pause Young (Allocation Failure) 2069M->387M(2250M) 21.391ms
[42.669s][info ][gc,cpu         ] GC(59) User=0.07s Sys=0.00s Real=0.03s
[42.669s][info ][safepoint      ] Safepoint "ParallelGCFailedAllocation", Time since last: 589759039 ns, Reaching safepoint: 140603 ns, At safepoint: 21511831 ns, Total: 21652434 ns
[43.310s][info ][gc,start       ] GC(60) Pause Young (Allocation Failure)
[43.334s][debug][gc,phases      ] GC(60) Scavenge 23.631ms
[43.334s][debug][gc,ref         ] GC(60) Skipped phase 1 of Reference Processing: no references
[43.334s][debug][gc,ref         ] GC(60) Skipped phase 3 of Reference Processing: no references
[43.334s][debug][gc,phases      ] GC(60) Reference Processing 0.096ms
[43.335s][debug][gc,phases      ] GC(60) Weak Processing 0.805ms
[43.335s][debug][gc,age         ] GC(60) Desired survivor size 168296448 bytes, new threshold 15 (max threshold 15)
[43.335s][info ][gc,heap        ] GC(60) PSYoungGen: 1792761K(1925632K)->46057K(1919488K) Eden: 1747968K(1747968K)->0K(1747968K) From: 44793K(177664K)->46057K(171520K)
[43.335s][info ][gc,heap        ] GC(60) ParOldGen: 352279K(378880K)->356640K(378880K)
[43.335s][info ][gc,metaspace   ] GC(60) Metaspace: 75187K(75840K)->75187K(75840K) NonClass: 64741K(65088K)->64741K(65088K) Class: 10445K(10752K)->10445K(10752K)
[43.335s][info ][gc             ] GC(60) Pause Young (Allocation Failure) 2094M->393M(2244M) 24.821ms
[43.335s][info ][gc,cpu         ] GC(60) User=0.06s Sys=0.02s Real=0.02s
[43.335s][info ][safepoint      ] Safepoint "ParallelGCFailedAllocation", Time since last: 640912699 ns, Reaching safepoint: 225706 ns, At safepoint: 24951615 ns, Total: 25177321 ns
[44.068s][info ][gc,start       ] GC(61) Pause Young (Allocation Failure)
[44.112s][debug][gc,phases      ] GC(61) Scavenge 43.578ms
[44.112s][debug][gc,ref         ] GC(61) Skipped phase 1 of Reference Processing: no references
[44.112s][debug][gc,ref         ] GC(61) Skipped phase 3 of Reference Processing: no references
[44.112s][debug][gc,phases      ] GC(61) Reference Processing 0.084ms
[44.113s][debug][gc,phases      ] GC(61) Weak Processing 0.780ms
[44.113s][debug][gc,age         ] GC(61) Desired survivor size 161480704 bytes, new threshold 15 (max threshold 15)
[44.113s][info ][gc,heap        ] GC(61) PSYoungGen: 1794025K(1919488K)->47001K(1939456K) Eden: 1747968K(1747968K)->0K(1775104K) From: 46057K(171520K)->47001K(164352K)
[44.113s][info ][gc,heap        ] GC(61) ParOldGen: 356640K(378880K)->362685K(378880K)
[44.113s][info ][gc,metaspace   ] GC(61) Metaspace: 75211K(75840K)->75211K(75840K) NonClass: 64762K(65088K)->64762K(65088K) Class: 10449K(10752K)->10449K(10752K)
[44.113s][info ][gc             ] GC(61) Pause Young (Allocation Failure) 2100M->400M(2264M) 44.664ms
[44.113s][info ][gc,cpu         ] GC(61) User=0.07s Sys=0.00s Real=0.04s
[44.113s][debug][gc,phases      ] GC(62) Pre Compact 0.015ms
[44.113s][info ][gc,start       ] GC(62) Pause Full (Ergonomics)
[44.113s][info ][gc,phases,start] GC(62) Marking Phase
[44.298s][debug][gc,phases      ] GC(62) Par Mark 185.140ms
[44.298s][debug][gc,ref         ] GC(62) Skipped phase 1 of Reference Processing: no references
[44.298s][debug][gc,phases      ] GC(62) Reference Processing 0.096ms
[44.299s][debug][gc,phases      ] GC(62) Weak Processing 0.714ms
[44.299s][debug][gc,phases      ] GC(62) ClassLoaderData 0.103ms
[44.299s][debug][gc,phases      ] GC(62) Trigger cleanups 0.001ms
[44.319s][debug][gc,phases      ] GC(62) Class Unloading 20.600ms
[44.319s][info ][gc,phases      ] GC(62) Marking Phase 206.743ms
[44.319s][info ][gc,phases,start] GC(62) Summary Phase
[44.319s][info ][gc,phases      ] GC(62) Summary Phase 0.022ms
[44.319s][info ][gc,phases,start] GC(62) Adjust Roots
[44.344s][info ][gc,phases      ] GC(62) Adjust Roots 24.455ms
[44.344s][info ][gc,phases,start] GC(62) Compaction Phase
[44.585s][info ][gc,phases      ] GC(62) Compaction Phase 240.859ms
[44.585s][info ][gc,phases,start] GC(62) Post Compact
[44.587s][info ][gc,phases      ] GC(62) Post Compact 1.688ms
[44.587s][info ][gc,heap        ] GC(62) PSYoungGen: 47001K(1939456K)->26079K(1939456K) Eden: 0K(1775104K)->0K(1775104K) From: 47001K(164352K)->26079K(164352K)
[44.587s][info ][gc,heap        ] GC(62) ParOldGen: 362685K(378880K)->378719K(453632K)
[44.587s][info ][gc,metaspace   ] GC(62) Metaspace: 75211K(75840K)->75211K(75840K) NonClass: 64762K(65088K)->64762K(65088K) Class: 10449K(10752K)->10449K(10752K)
[44.587s][info ][gc             ] GC(62) Pause Full (Ergonomics) 400M->395M(2337M) 474.158ms
[44.587s][info ][gc,cpu         ] GC(62) User=1.35s Sys=0.10s Real=0.47s
[44.604s][info ][safepoint      ] Safepoint "ParallelGCFailedAllocation", Time since last: 732449956 ns, Reaching safepoint: 317908 ns, At safepoint: 535820809 ns, Total: 536138717 ns
[45.251s][info ][gc,start       ] GC(63) Pause Young (Allocation Failure)
[45.302s][debug][gc,phases      ] GC(63) Scavenge 50.885ms
[45.302s][debug][gc,ref         ] GC(63) Skipped phase 1 of Reference Processing: no references
[45.302s][debug][gc,ref         ] GC(63) Skipped phase 3 of Reference Processing: no references
[45.302s][debug][gc,phases      ] GC(63) Reference Processing 0.027ms
[45.302s][debug][gc,phases      ] GC(63) Weak Processing 0.548ms
[45.302s][debug][gc,age         ] GC(63) Desired survivor size 157810688 bytes, new threshold 15 (max threshold 15)
[45.302s][info ][gc,heap        ] GC(63) PSYoungGen: 1801183K(1939456K)->28896K(1932800K) Eden: 1775104K(1775104K)->0K(1775104K) From: 26079K(164352K)->28896K(157696K)
[45.302s][info ][gc,heap        ] GC(63) ParOldGen: 378719K(453632K)->386960K(453632K)
[45.302s][info ][gc,metaspace   ] GC(63) Metaspace: 75264K(75904K)->75264K(75904K) NonClass: 64807K(65152K)->64807K(65152K) Class: 10456K(10752K)->10456K(10752K)
[45.302s][info ][gc             ] GC(63) Pause Young (Allocation Failure) 2128M->406M(2330M) 51.595ms
[45.302s][info ][gc,cpu         ] GC(63) User=0.20s Sys=0.00s Real=0.05s
[45.302s][info ][safepoint      ] Safepoint "ParallelGCFailedAllocation", Time since last: 646742144 ns, Reaching safepoint: 242506 ns, At safepoint: 51710375 ns, Total: 51952881 ns
[45.659s][info ][gc,start       ] GC(64) Pause Young (Allocation Failure)
[45.670s][debug][gc,phases      ] GC(64) Scavenge 10.989ms
[45.670s][debug][gc,ref         ] GC(64) Skipped phase 1 of Reference Processing: no references
[45.670s][debug][gc,ref         ] GC(64) Skipped phase 3 of Reference Processing: no references
[45.670s][debug][gc,phases      ] GC(64) Reference Processing 0.022ms
[45.670s][debug][gc,phases      ] GC(64) Weak Processing 0.571ms
[45.670s][debug][gc,age         ] GC(64) Desired survivor size 153616384 bytes, new threshold 15 (max threshold 15)
[45.670s][info ][gc,heap        ] GC(64) PSYoungGen: 1804000K(1932800K)->30048K(1947136K) Eden: 1775104K(1775104K)->0K(1793024K) From: 28896K(157696K)->30048K(154112K)
[45.670s][info ][gc,heap        ] GC(64) ParOldGen: 386960K(453632K)->389237K(453632K)
[45.670s][info ][gc,metaspace   ] GC(64) Metaspace: 75278K(75904K)->75278K(75904K) NonClass: 64821K(65152K)->64821K(65152K) Class: 10456K(10752K)->10456K(10752K)
[45.670s][info ][gc             ] GC(64) Pause Young (Allocation Failure) 2139M->409M(2344M) 11.723ms
[45.670s][info ][gc,cpu         ] GC(64) User=0.04s Sys=0.00s Real=0.01s
[45.671s][info ][safepoint      ] Safepoint "ParallelGCFailedAllocation", Time since last: 356047177 ns, Reaching safepoint: 179805 ns, At safepoint: 11836792 ns, Total: 12016597 ns
[46.158s][info ][safepoint      ] Safepoint "ICBufferFull", Time since last: 487353614 ns, Reaching safepoint: 260707 ns, At safepoint: 33601 ns, Total: 294308 ns
[46.188s][info ][gc,start       ] GC(65) Pause Young (Allocation Failure)
[46.207s][debug][gc,phases      ] GC(65) Scavenge 18.957ms
[46.207s][debug][gc,ref         ] GC(65) Skipped phase 1 of Reference Processing: no references
[46.207s][debug][gc,ref         ] GC(65) Skipped phase 3 of Reference Processing: no references
[46.207s][debug][gc,phases      ] GC(65) Reference Processing 0.021ms
[46.208s][debug][gc,phases      ] GC(65) Weak Processing 0.519ms
[46.208s][debug][gc,age         ] GC(65) Desired survivor size 146276352 bytes, new threshold 15 (max threshold 15)
[46.208s][info ][gc,heap        ] GC(65) PSYoungGen: 1823072K(1947136K)->42784K(1943040K) Eden: 1793024K(1793024K)->0K(1793024K) From: 30048K(154112K)->42784K(150016K)
[46.208s][info ][gc,heap        ] GC(65) ParOldGen: 389237K(453632K)->390293K(453632K)
[46.208s][info ][gc,metaspace   ] GC(65) Metaspace: 75294K(75904K)->75294K(75904K) NonClass: 64837K(65152K)->64837K(65152K) Class: 10456K(10752K)->10456K(10752K)
[46.208s][info ][gc             ] GC(65) Pause Young (Allocation Failure) 2160M->422M(2340M) 19.638ms
[46.208s][info ][gc,cpu         ] GC(65) User=0.07s Sys=0.00s Real=0.02s
[46.208s][info ][safepoint      ] Safepoint "ParallelGCFailedAllocation", Time since last: 26619556 ns, Reaching safepoint: 3252280 ns, At safepoint: 19766987 ns, Total: 23019267 ns
[46.636s][info ][gc,start       ] GC(66) Pause Young (Allocation Failure)
[46.656s][debug][gc,phases      ] GC(66) Scavenge 19.767ms
[46.656s][debug][gc,ref         ] GC(66) Skipped phase 1 of Reference Processing: no references
[46.656s][debug][gc,ref         ] GC(66) Skipped phase 3 of Reference Processing: no references
[46.656s][debug][gc,phases      ] GC(66) Reference Processing 0.022ms
[46.656s][debug][gc,phases      ] GC(66) Weak Processing 0.558ms
[46.656s][debug][gc,age         ] GC(66) Desired survivor size 137887744 bytes, new threshold 15 (max threshold 15)
[46.656s][info ][gc,heap        ] GC(66) PSYoungGen: 1835808K(1943040K)->52032K(1962496K) Eden: 1793024K(1793024K)->0K(1819648K) From: 42784K(150016K)->52032K(142848K)
[46.656s][info ][gc,heap        ] GC(66) ParOldGen: 390293K(453632K)->390965K(453632K)
[46.656s][info ][gc,metaspace   ] GC(66) Metaspace: 75302K(75904K)->75302K(75904K) NonClass: 64845K(65152K)->64845K(65152K) Class: 10457K(10752K)->10457K(10752K)
[46.656s][info ][gc             ] GC(66) Pause Young (Allocation Failure) 2173M->432M(2359M) 20.484ms
[46.656s][info ][gc,cpu         ] GC(66) User=0.09s Sys=0.00s Real=0.02s
[46.656s][info ][safepoint      ] Safepoint "ParallelGCFailedAllocation", Time since last: 427774346 ns, Reaching safepoint: 202705 ns, At safepoint: 20611808 ns, Total: 20814513 ns
[47.022s][info ][gc,start       ] GC(67) Pause Young (Allocation Failure)
[47.043s][debug][gc,phases      ] GC(67) Scavenge 21.047ms
[47.043s][debug][gc,ref         ] GC(67) Skipped phase 1 of Reference Processing: no references
[47.043s][debug][gc,ref         ] GC(67) Skipped phase 3 of Reference Processing: no references
[47.043s][debug][gc,phases      ] GC(67) Reference Processing 0.023ms
[47.044s][debug][gc,phases      ] GC(67) Weak Processing 0.604ms
[47.044s][debug][gc,age         ] GC(67) Desired survivor size 130547712 bytes, new threshold 15 (max threshold 15)
[47.044s][info ][gc,heap        ] GC(67) PSYoungGen: 1871680K(1962496K)->56736K(1954304K) Eden: 1819648K(1819648K)->0K(1819648K) From: 52032K(142848K)->56736K(134656K)
[47.044s][info ][gc,heap        ] GC(67) ParOldGen: 390965K(453632K)->391469K(453632K)
[47.044s][info ][gc,metaspace   ] GC(67) Metaspace: 75321K(75904K)->75321K(75904K) NonClass: 64864K(65152K)->64864K(65152K) Class: 10457K(10752K)->10457K(10752K)
[47.044s][info ][gc             ] GC(67) Pause Young (Allocation Failure) 2209M->437M(2351M) 21.831ms
[47.044s][info ][gc,cpu         ] GC(67) User=0.08s Sys=0.01s Real=0.02s
[47.044s][info ][safepoint      ] Safepoint "ParallelGCFailedAllocation", Time since last: 365507311 ns, Reaching safepoint: 223406 ns, At safepoint: 21952341 ns, Total: 22175747 ns
[47.500s][info ][gc,start       ] GC(68) Pause Young (Allocation Failure)
[47.522s][debug][gc,phases      ] GC(68) Scavenge 22.340ms
[47.522s][debug][gc,ref         ] GC(68) Skipped phase 1 of Reference Processing: no references
[47.522s][debug][gc,ref         ] GC(68) Skipped phase 3 of Reference Processing: no references
[47.522s][debug][gc,phases      ] GC(68) Reference Processing 0.023ms
[47.523s][debug][gc,phases      ] GC(68) Weak Processing 0.589ms
[47.523s][debug][gc,age         ] GC(68) Desired survivor size 126353408 bytes, new threshold 15 (max threshold 15)
[47.523s][info ][gc,heap        ] GC(68) PSYoungGen: 1876384K(1954304K)->63136K(1973760K) Eden: 1819648K(1819648K)->0K(1846272K) From: 56736K(134656K)->63136K(127488K)
[47.523s][info ][gc,heap        ] GC(68) ParOldGen: 391469K(453632K)->392209K(453632K)
[47.523s][info ][gc,metaspace   ] GC(68) Metaspace: 75339K(75968K)->75339K(75968K) NonClass: 64879K(65216K)->64879K(65216K) Class: 10459K(10752K)->10459K(10752K)
[47.523s][info ][gc             ] GC(68) Pause Young (Allocation Failure) 2214M->444M(2370M) 23.092ms
[47.523s][info ][gc,cpu         ] GC(68) User=0.09s Sys=0.00s Real=0.02s
[47.523s][info ][safepoint      ] Safepoint "ParallelGCFailedAllocation", Time since last: 455232223 ns, Reaching safepoint: 165804 ns, At safepoint: 23217172 ns, Total: 23382976 ns
[47.957s][info ][gc,start       ] GC(69) Pause Young (Allocation Failure)
[47.980s][debug][gc,phases      ] GC(69) Scavenge 22.987ms
[47.980s][debug][gc,ref         ] GC(69) Skipped phase 1 of Reference Processing: no references
[47.980s][debug][gc,ref         ] GC(69) Skipped phase 3 of Reference Processing: no references
[47.980s][debug][gc,phases      ] GC(69) Reference Processing 0.024ms
[47.981s][debug][gc,phases      ] GC(69) Weak Processing 0.560ms
[47.981s][debug][gc,age         ] GC(69) Desired survivor size 126877696 bytes, new threshold 15 (max threshold 15)
[47.981s][info ][gc,heap        ] GC(69) PSYoungGen: 1909408K(1973760K)->75728K(1969664K) Eden: 1846272K(1846272K)->0K(1846272K) From: 63136K(127488K)->75728K(123392K)
[47.981s][info ][gc,heap        ] GC(69) ParOldGen: 392209K(453632K)->393621K(453632K)
[47.981s][info ][gc,metaspace   ] GC(69) Metaspace: 75350K(75968K)->75350K(75968K) NonClass: 64890K(65216K)->64890K(65216K) Class: 10460K(10752K)->10460K(10752K)
[47.981s][info ][gc             ] GC(69) Pause Young (Allocation Failure) 2247M->458M(2366M) 23.703ms
[47.981s][info ][gc,cpu         ] GC(69) User=0.09s Sys=0.00s Real=0.02s
[47.981s][info ][safepoint      ] Safepoint "ParallelGCFailedAllocation", Time since last: 433911298 ns, Reaching safepoint: 260706 ns, At safepoint: 23820087 ns, Total: 24080793 ns
[48.054s][info ][safepoint      ] Safepoint "ICBufferFull", Time since last: 73432811 ns, Reaching safepoint: 140203 ns, At safepoint: 23401 ns, Total: 163604 ns
[48.059s][info ][safepoint      ] Safepoint "ICBufferFull", Time since last: 4126801 ns, Reaching safepoint: 93403 ns, At safepoint: 24900 ns, Total: 118303 ns
[48.059s][info ][safepoint      ] Safepoint "ICBufferFull", Time since last: 681317 ns, Reaching safepoint: 87502 ns, At safepoint: 21901 ns, Total: 109403 ns
[48.060s][info ][safepoint      ] Safepoint "ICBufferFull", Time since last: 699417 ns, Reaching safepoint: 86602 ns, At safepoint: 20401 ns, Total: 107003 ns
[48.064s][info ][safepoint      ] Safepoint "ICBufferFull", Time since last: 3221979 ns, Reaching safepoint: 448211 ns, At safepoint: 21801 ns, Total: 470012 ns
[48.065s][info ][safepoint      ] Safepoint "ICBufferFull", Time since last: 1436535 ns, Reaching safepoint: 91902 ns, At safepoint: 22601 ns, Total: 114503 ns
[48.066s][info ][safepoint      ] Safepoint "ICBufferFull", Time since last: 668016 ns, Reaching safepoint: 66502 ns, At safepoint: 25701 ns, Total: 92203 ns
[48.068s][info ][safepoint      ] Safepoint "ICBufferFull", Time since last: 1509737 ns, Reaching safepoint: 107903 ns, At safepoint: 21300 ns, Total: 129203 ns
[48.070s][info ][safepoint      ] Safepoint "ICBufferFull", Time since last: 2413060 ns, Reaching safepoint: 92702 ns, At safepoint: 19400 ns, Total: 112102 ns
[48.095s][info ][safepoint      ] Safepoint "ICBufferFull", Time since last: 18761463 ns, Reaching safepoint: 6414158 ns, At safepoint: 36501 ns, Total: 6450659 ns
[48.096s][info ][safepoint      ] Safepoint "ICBufferFull", Time since last: 812620 ns, Reaching safepoint: 109503 ns, At safepoint: 20300 ns, Total: 129803 ns
[48.103s][info ][safepoint      ] Safepoint "ICBufferFull", Time since last: 6233854 ns, Reaching safepoint: 115303 ns, At safepoint: 54501 ns, Total: 169804 ns
[48.104s][info ][safepoint      ] Safepoint "ICBufferFull", Time since last: 675017 ns, Reaching safepoint: 103402 ns, At safepoint: 19001 ns, Total: 122403 ns
[48.105s][info ][safepoint      ] Safepoint "ICBufferFull", Time since last: 1249031 ns, Reaching safepoint: 110702 ns, At safepoint: 25701 ns, Total: 136403 ns
[48.107s][info ][safepoint      ] Safepoint "ICBufferFull", Time since last: 1795644 ns, Reaching safepoint: 106003 ns, At safepoint: 20300 ns, Total: 126303 ns
[48.108s][info ][safepoint      ] Safepoint "ICBufferFull", Time since last: 1192830 ns, Reaching safepoint: 91802 ns, At safepoint: 29601 ns, Total: 121403 ns
[48.400s][info ][gc,start       ] GC(70) Pause Young (Allocation Failure)
[48.426s][debug][gc,phases      ] GC(70) Scavenge 25.353ms
[48.426s][debug][gc,ref         ] GC(70) Skipped phase 1 of Reference Processing: no references
[48.426s][debug][gc,ref         ] GC(70) Skipped phase 3 of Reference Processing: no references
[48.426s][debug][gc,phases      ] GC(70) Reference Processing 0.024ms
[48.426s][debug][gc,phases      ] GC(70) Weak Processing 0.592ms
[48.426s][debug][gc,age         ] GC(70) Desired survivor size 127401984 bytes, new threshold 15 (max threshold 15)
[48.426s][info ][gc,heap        ] GC(70) PSYoungGen: 1922000K(1969664K)->77632K(1972224K) Eden: 1846272K(1846272K)->0K(1848320K) From: 75728K(123392K)->77632K(123904K)
[48.426s][info ][gc,heap        ] GC(70) ParOldGen: 393621K(453632K)->394258K(453632K)
[48.426s][info ][gc,metaspace   ] GC(70) Metaspace: 75378K(75968K)->75378K(75968K) NonClass: 64918K(65216K)->64918K(65216K) Class: 10460K(10752K)->10460K(10752K)
[48.426s][info ][gc             ] GC(70) Pause Young (Allocation Failure) 2261M->460M(2369M) 26.122ms
[48.426s][info ][gc,cpu         ] GC(70) User=0.08s Sys=0.02s Real=0.02s
[48.426s][info ][safepoint      ] Safepoint "ParallelGCFailedAllocation", Time since last: 288586014 ns, Reaching safepoint: 3275481 ns, At safepoint: 26245247 ns, Total: 29520728 ns
[48.857s][info ][gc,start       ] GC(71) Pause Young (Allocation Failure)
[48.879s][debug][gc,phases      ] GC(71) Scavenge 22.285ms
[48.879s][debug][gc,ref         ] GC(71) Skipped phase 1 of Reference Processing: no references
[48.879s][debug][gc,ref         ] GC(71) Skipped phase 3 of Reference Processing: no references
[48.879s][debug][gc,phases      ] GC(71) Reference Processing 0.025ms
[48.880s][debug][gc,phases      ] GC(71) Weak Processing 0.621ms
[48.880s][debug][gc,age         ] GC(71) Desired survivor size 127401984 bytes, new threshold 15 (max threshold 15)
[48.880s][info ][gc,heap        ] GC(71) PSYoungGen: 1925952K(1972224K)->77728K(1972736K) Eden: 1848320K(1848320K)->0K(1848320K) From: 77632K(123904K)->77728K(124416K)
[48.880s][info ][gc,heap        ] GC(71) ParOldGen: 394258K(453632K)->394698K(453632K)
[48.880s][info ][gc,metaspace   ] GC(71) Metaspace: 75399K(75968K)->75399K(75968K) NonClass: 64938K(65216K)->64938K(65216K) Class: 10460K(10752K)->10460K(10752K)
[48.880s][info ][gc             ] GC(71) Pause Young (Allocation Failure) 2265M->461M(2369M) 23.092ms
[48.880s][info ][gc,cpu         ] GC(71) User=0.09s Sys=0.00s Real=0.02s
[48.880s][info ][safepoint      ] Safepoint "ParallelGCFailedAllocation", Time since last: 428347960 ns, Reaching safepoint: 2186054 ns, At safepoint: 23217173 ns, Total: 25403227 ns
[49.323s][info ][safepoint      ] Safepoint "ICBufferFull", Time since last: 442851118 ns, Reaching safepoint: 172204 ns, At safepoint: 21800 ns, Total: 194004 ns
[49.372s][info ][gc,start       ] GC(72) Pause Young (Allocation Failure)
[49.396s][debug][gc,phases      ] GC(72) Scavenge 23.956ms
[49.396s][debug][gc,ref         ] GC(72) Skipped phase 1 of Reference Processing: no references
[49.396s][debug][gc,ref         ] GC(72) Skipped phase 3 of Reference Processing: no references
[49.396s][debug][gc,phases      ] GC(72) Reference Processing 0.024ms
[49.396s][debug][gc,phases      ] GC(72) Weak Processing 0.608ms
[49.396s][debug][gc,age         ] GC(72) Desired survivor size 126877696 bytes, new threshold 15 (max threshold 15)
[49.396s][info ][gc,heap        ] GC(72) PSYoungGen: 1926048K(1972736K)->76144K(1973248K) Eden: 1848320K(1848320K)->0K(1848832K) From: 77728K(124416K)->76144K(124416K)
[49.396s][info ][gc,heap        ] GC(72) ParOldGen: 394698K(453632K)->395258K(453632K)
[49.396s][info ][gc,metaspace   ] GC(72) Metaspace: 75462K(76032K)->75462K(76032K) NonClass: 65001K(65280K)->65001K(65280K) Class: 10460K(10752K)->10460K(10752K)
[49.396s][info ][gc             ] GC(72) Pause Young (Allocation Failure) 2266M->460M(2370M) 24.734ms
[49.396s][info ][gc,cpu         ] GC(72) User=0.13s Sys=0.00s Real=0.03s
[49.396s][info ][safepoint      ] Safepoint "ParallelGCFailedAllocation", Time since last: 48247990 ns, Reaching safepoint: 127003 ns, At safepoint: 24856113 ns, Total: 24983116 ns
[49.815s][info ][gc,start       ] GC(73) Pause Young (Allocation Failure)
[49.837s][debug][gc,phases      ] GC(73) Scavenge 21.725ms
[49.837s][debug][gc,ref         ] GC(73) Skipped phase 1 of Reference Processing: no references
[49.837s][debug][gc,ref         ] GC(73) Skipped phase 3 of Reference Processing: no references
[49.837s][debug][gc,phases      ] GC(73) Reference Processing 0.024ms
[49.838s][debug][gc,phases      ] GC(73) Weak Processing 0.639ms
[49.838s][debug][gc,age         ] GC(73) Desired survivor size 125304832 bytes, new threshold 15 (max threshold 15)
[49.838s][info ][gc,heap        ] GC(73) PSYoungGen: 1924976K(1973248K)->76368K(1972736K) Eden: 1848832K(1848832K)->0K(1848832K) From: 76144K(124416K)->76368K(123904K)
[49.838s][info ][gc,heap        ] GC(73) ParOldGen: 395258K(453632K)->395526K(453632K)
[49.838s][info ][gc,metaspace   ] GC(73) Metaspace: 75470K(76096K)->75470K(76096K) NonClass: 65009K(65344K)->65009K(65344K) Class: 10460K(10752K)->10460K(10752K)
[49.838s][info ][gc             ] GC(73) Pause Young (Allocation Failure) 2265M->460M(2369M) 22.530ms
[49.838s][info ][gc,cpu         ] GC(73) User=0.08s Sys=0.01s Real=0.03s
[49.838s][info ][safepoint      ] Safepoint "ParallelGCFailedAllocation", Time since last: 418447516 ns, Reaching safepoint: 225806 ns, At safepoint: 22651158 ns, Total: 22876964 ns
[50.269s][info ][gc,start       ] GC(74) Pause Young (Allocation Failure)
[50.295s][debug][gc,phases      ] GC(74) Scavenge 25.596ms
[50.295s][debug][gc,ref         ] GC(74) Skipped phase 1 of Reference Processing: no references
[50.295s][debug][gc,ref         ] GC(74) Skipped phase 3 of Reference Processing: no references
[50.295s][debug][gc,phases      ] GC(74) Reference Processing 0.029ms
[50.296s][debug][gc,phases      ] GC(74) Weak Processing 0.697ms
[50.296s][debug][gc,age         ] GC(74) Desired survivor size 123207680 bytes, new threshold 15 (max threshold 15)
[50.296s][info ][gc,heap        ] GC(74) PSYoungGen: 1925200K(1972736K)->73600K(1976832K) Eden: 1848832K(1848832K)->0K(1854464K) From: 76368K(123904K)->73600K(122368K)
[50.296s][info ][gc,heap        ] GC(74) ParOldGen: 395526K(453632K)->398795K(453632K)
[50.296s][info ][gc,metaspace   ] GC(74) Metaspace: 75494K(76160K)->75494K(76160K) NonClass: 65033K(65408K)->65033K(65408K) Class: 10460K(10752K)->10460K(10752K)
[50.296s][info ][gc             ] GC(74) Pause Young (Allocation Failure) 2266M->461M(2373M) 26.528ms
[50.296s][info ][gc,cpu         ] GC(74) User=0.10s Sys=0.00s Real=0.03s
[50.296s][info ][safepoint      ] Safepoint "ParallelGCFailedAllocation", Time since last: 431226132 ns, Reaching safepoint: 174704 ns, At safepoint: 26694958 ns, Total: 26869662 ns
[50.766s][info ][gc,start       ] GC(75) Pause Young (Allocation Failure)
[50.788s][debug][gc,phases      ] GC(75) Scavenge 21.948ms
[50.788s][debug][gc,ref         ] GC(75) Skipped phase 1 of Reference Processing: no references
[50.788s][debug][gc,ref         ] GC(75) Skipped phase 3 of Reference Processing: no references
[50.788s][debug][gc,phases      ] GC(75) Reference Processing 0.024ms
[50.788s][debug][gc,phases      ] GC(75) Weak Processing 0.586ms
[50.788s][debug][gc,age         ] GC(75) Desired survivor size 120061952 bytes, new threshold 15 (max threshold 15)
[50.788s][info ][gc,heap        ] GC(75) PSYoungGen: 1928064K(1976832K)->72064K(1974784K) Eden: 1854464K(1854464K)->0K(1854464K) From: 73600K(122368K)->72064K(120320K)
[50.788s][info ][gc,heap        ] GC(75) ParOldGen: 398795K(453632K)->400887K(453632K)
[50.788s][info ][gc,metaspace   ] GC(75) Metaspace: 75526K(76160K)->75526K(76160K) NonClass: 65065K(65408K)->65065K(65408K) Class: 10460K(10752K)->10460K(10752K)
[50.788s][info ][gc             ] GC(75) Pause Young (Allocation Failure) 2272M->461M(2371M) 22.701ms
[50.788s][info ][gc,cpu         ] GC(75) User=0.09s Sys=0.00s Real=0.03s
[50.788s][info ][safepoint      ] Safepoint "ParallelGCFailedAllocation", Time since last: 469583977 ns, Reaching safepoint: 140904 ns, At safepoint: 22811662 ns, Total: 22952566 ns
[51.244s][info ][gc,start       ] GC(76) Pause Young (Allocation Failure)
[51.267s][debug][gc,phases      ] GC(76) Scavenge 23.148ms
[51.267s][debug][gc,ref         ] GC(76) Skipped phase 1 of Reference Processing: no references
[51.267s][debug][gc,ref         ] GC(76) Skipped phase 3 of Reference Processing: no references
[51.267s][debug][gc,phases      ] GC(76) Reference Processing 0.024ms
[51.268s][debug][gc,phases      ] GC(76) Weak Processing 0.650ms
[51.268s][debug][gc,age         ] GC(76) Desired survivor size 116391936 bytes, new threshold 15 (max threshold 15)
[51.268s][info ][gc,heap        ] GC(76) PSYoungGen: 1926528K(1974784K)->69936K(1983488K) Eden: 1854464K(1854464K)->0K(1866240K) From: 72064K(120320K)->69936K(117248K)
[51.268s][info ][gc,heap        ] GC(76) ParOldGen: 400887K(453632K)->403404K(453632K)
[51.268s][info ][gc,metaspace   ] GC(76) Metaspace: 75540K(76224K)->75540K(76224K) NonClass: 65079K(65472K)->65079K(65472K) Class: 10460K(10752K)->10460K(10752K)
[51.268s][info ][gc             ] GC(76) Pause Young (Allocation Failure) 2272M->462M(2380M) 23.973ms
[51.268s][info ][gc,cpu         ] GC(76) User=0.09s Sys=0.00s Real=0.03s
[51.268s][info ][safepoint      ] Safepoint "ParallelGCFailedAllocation", Time since last: 455119221 ns, Reaching safepoint: 464211 ns, At safepoint: 24087494 ns, Total: 24551705 ns
[51.761s][info ][gc,start       ] GC(77) Pause Young (Allocation Failure)
[51.781s][debug][gc,phases      ] GC(77) Scavenge 20.400ms
[51.781s][debug][gc,ref         ] GC(77) Skipped phase 1 of Reference Processing: no references
[51.781s][debug][gc,ref         ] GC(77) Skipped phase 3 of Reference Processing: no references
[51.781s][debug][gc,phases      ] GC(77) Reference Processing 0.029ms
[51.782s][debug][gc,phases      ] GC(77) Weak Processing 0.561ms
[51.782s][debug][gc,age         ] GC(77) Desired survivor size 112721920 bytes, new threshold 15 (max threshold 15)
[51.782s][info ][gc,heap        ] GC(77) PSYoungGen: 1936176K(1983488K)->69760K(1979904K) Eden: 1866240K(1866240K)->0K(1866240K) From: 69936K(117248K)->69760K(113664K)
[51.782s][info ][gc,heap        ] GC(77) ParOldGen: 403404K(453632K)->404020K(453632K)
[51.782s][info ][gc,metaspace   ] GC(77) Metaspace: 75645K(76288K)->75645K(76288K) NonClass: 65173K(65536K)->65173K(65536K) Class: 10471K(10752K)->10471K(10752K)
[51.782s][info ][gc             ] GC(77) Pause Young (Allocation Failure) 2284M->462M(2376M) 21.157ms
[51.782s][info ][gc,cpu         ] GC(77) User=0.08s Sys=0.00s Real=0.02s
[51.782s][info ][safepoint      ] Safepoint "ParallelGCFailedAllocation", Time since last: 492581744 ns, Reaching safepoint: 237506 ns, At safepoint: 21267625 ns, Total: 21505131 ns
[52.199s][info ][gc,start       ] GC(78) Pause Young (Allocation Failure)
[52.223s][debug][gc,phases      ] GC(78) Scavenge 23.828ms
[52.223s][debug][gc,ref         ] GC(78) Skipped phase 1 of Reference Processing: no references
[52.223s][debug][gc,ref         ] GC(78) Skipped phase 3 of Reference Processing: no references
[52.223s][debug][gc,phases      ] GC(78) Reference Processing 0.035ms
[52.223s][debug][gc,phases      ] GC(78) Weak Processing 0.585ms
[52.223s][debug][gc,age         ] GC(78) Desired survivor size 109576192 bytes, new threshold 15 (max threshold 15)
[52.223s][info ][gc,heap        ] GC(78) PSYoungGen: 1936000K(1979904K)->59744K(1990144K) Eden: 1866240K(1866240K)->0K(1880064K) From: 69760K(113664K)->59744K(110080K)
[52.223s][info ][gc,heap        ] GC(78) ParOldGen: 404020K(453632K)->415130K(453632K)
[52.223s][info ][gc,metaspace   ] GC(78) Metaspace: 75657K(76288K)->75657K(76288K) NonClass: 65185K(65536K)->65185K(65536K) Class: 10471K(10752K)->10471K(10752K)
[52.223s][info ][gc             ] GC(78) Pause Young (Allocation Failure) 2285M->463M(2386M) 24.596ms
[52.223s][info ][gc,cpu         ] GC(78) User=0.10s Sys=0.00s Real=0.02s
[52.223s][info ][safepoint      ] Safepoint "ParallelGCFailedAllocation", Time since last: 415720049 ns, Reaching safepoint: 839921 ns, At safepoint: 24720509 ns, Total: 25560430 ns
[52.454s][info ][safepoint      ] Safepoint "ICBufferFull", Time since last: 230515783 ns, Reaching safepoint: 256707 ns, At safepoint: 30200 ns, Total: 286907 ns
[52.680s][info ][gc,start       ] GC(79) Pause Young (Allocation Failure)
[52.700s][debug][gc,phases      ] GC(79) Scavenge 20.564ms
[52.700s][debug][gc,ref         ] GC(79) Skipped phase 1 of Reference Processing: no references
[52.700s][debug][gc,ref         ] GC(79) Skipped phase 2 of Reference Processing: no references
[52.700s][debug][gc,ref         ] GC(79) Skipped phase 3 of Reference Processing: no references
[52.700s][debug][gc,phases      ] GC(79) Reference Processing 0.023ms
[52.701s][debug][gc,phases      ] GC(79) Weak Processing 0.539ms
[52.701s][debug][gc,age         ] GC(79) Desired survivor size 106954752 bytes, new threshold 15 (max threshold 15)
[52.701s][info ][gc,heap        ] GC(79) PSYoungGen: 1939808K(1990144K)->56880K(1987072K) Eden: 1880064K(1880064K)->0K(1880064K) From: 59744K(110080K)->56880K(107008K)
[52.701s][info ][gc,heap        ] GC(79) ParOldGen: 415130K(453632K)->418703K(453632K)
[52.701s][info ][gc,metaspace   ] GC(79) Metaspace: 75682K(76352K)->75682K(76352K) NonClass: 65210K(65600K)->65210K(65600K) Class: 10471K(10752K)->10471K(10752K)
[52.701s][info ][gc             ] GC(79) Pause Young (Allocation Failure) 2299M->464M(2383M) 21.299ms
[52.701s][info ][gc,cpu         ] GC(79) User=0.07s Sys=0.00s Real=0.02s
[52.701s][info ][safepoint      ] Safepoint "ParallelGCFailedAllocation", Time since last: 225129651 ns, Reaching safepoint: 353509 ns, At safepoint: 21411228 ns, Total: 21764737 ns
[53.155s][info ][gc,start       ] GC(80) Pause Young (Allocation Failure)
[53.179s][debug][gc,phases      ] GC(80) Scavenge 24.644ms
[53.179s][debug][gc,ref         ] GC(80) Skipped phase 1 of Reference Processing: no references
[53.179s][debug][gc,ref         ] GC(80) Skipped phase 2 of Reference Processing: no references
[53.179s][debug][gc,ref         ] GC(80) Skipped phase 3 of Reference Processing: no references
[53.179s][debug][gc,phases      ] GC(80) Reference Processing 0.023ms
[53.180s][debug][gc,phases      ] GC(80) Weak Processing 0.596ms
[53.180s][debug][gc,age         ] GC(80) Desired survivor size 106430464 bytes, new threshold 15 (max threshold 15)
[53.180s][info ][gc,heap        ] GC(80) PSYoungGen: 1936944K(1987072K)->44192K(1993216K) Eden: 1880064K(1880064K)->0K(1888768K) From: 56880K(107008K)->44192K(104448K)
[53.180s][info ][gc,heap        ] GC(80) ParOldGen: 418703K(453632K)->432184K(453632K)
[53.180s][info ][gc,metaspace   ] GC(80) Metaspace: 75720K(76352K)->75720K(76352K) NonClass: 65249K(65600K)->65249K(65600K) Class: 10471K(10752K)->10471K(10752K)
[53.180s][info ][gc             ] GC(80) Pause Young (Allocation Failure) 2300M->465M(2389M) 25.421ms
[53.180s][info ][gc,cpu         ] GC(80) User=0.12s Sys=0.00s Real=0.03s
[53.180s][info ][safepoint      ] Safepoint "ParallelGCFailedAllocation", Time since last: 453292775 ns, Reaching safepoint: 142704 ns, At safepoint: 25528429 ns, Total: 25671133 ns
[53.660s][info ][gc,start       ] GC(81) Pause Young (Allocation Failure)
[53.676s][debug][gc,phases      ] GC(81) Scavenge 16.112ms
[53.676s][debug][gc,ref         ] GC(81) Skipped phase 1 of Reference Processing: no references
[53.676s][debug][gc,ref         ] GC(81) Skipped phase 2 of Reference Processing: no references
[53.676s][debug][gc,ref         ] GC(81) Skipped phase 3 of Reference Processing: no references
[53.676s][debug][gc,phases      ] GC(81) Reference Processing 0.024ms
[53.676s][debug][gc,phases      ] GC(81) Weak Processing 0.591ms
[53.677s][debug][gc,age         ] GC(81) Desired survivor size 107479040 bytes, new threshold 15 (max threshold 15)
[53.677s][info ][gc,heap        ] GC(81) PSYoungGen: 1932960K(1993216K)->35056K(1924096K) Eden: 1888768K(1888768K)->0K(1888768K) From: 44192K(104448K)->35056K(35328K)
[53.677s][info ][gc,heap        ] GC(81) ParOldGen: 432184K(453632K)->442478K(453632K)
[53.677s][info ][gc,metaspace   ] GC(81) Metaspace: 75726K(76352K)->75726K(76352K) NonClass: 65255K(65600K)->65255K(65600K) Class: 10471K(10752K)->10471K(10752K)
[53.677s][info ][gc             ] GC(81) Pause Young (Allocation Failure) 2309M->466M(2322M) 16.895ms
[53.677s][info ][gc,cpu         ] GC(81) User=0.04s Sys=0.02s Real=0.02s
[53.677s][debug][gc,phases      ] GC(82) Pre Compact 0.010ms
[53.677s][info ][gc,start       ] GC(82) Pause Full (Ergonomics)
[53.677s][info ][gc,phases,start] GC(82) Marking Phase
[53.814s][debug][gc,phases      ] GC(82) Par Mark 137.119ms
[53.814s][debug][gc,ref         ] GC(82) Skipped phase 1 of Reference Processing: no references
[53.814s][debug][gc,ref         ] GC(82) Skipped phase 3 of Reference Processing: no references
[53.814s][debug][gc,phases      ] GC(82) Reference Processing 0.390ms
[53.815s][debug][gc,phases      ] GC(82) Weak Processing 0.542ms
[53.815s][debug][gc,phases      ] GC(82) ClassLoaderData 0.062ms
[53.815s][debug][gc,phases      ] GC(82) Trigger cleanups 0.000ms
[53.827s][debug][gc,phases      ] GC(82) Class Unloading 11.805ms
[53.827s][info ][gc,phases      ] GC(82) Marking Phase 150.035ms
[53.827s][info ][gc,phases,start] GC(82) Summary Phase
[53.827s][info ][gc,phases      ] GC(82) Summary Phase 0.012ms
[53.827s][info ][gc,phases,start] GC(82) Adjust Roots
[53.840s][info ][gc,phases      ] GC(82) Adjust Roots 13.534ms
[53.840s][info ][gc,phases,start] GC(82) Compaction Phase
[54.004s][info ][gc,phases      ] GC(82) Compaction Phase 163.974ms
[54.004s][info ][gc,phases,start] GC(82) Post Compact
[54.006s][info ][gc,phases      ] GC(82) Post Compact 1.277ms
[54.006s][info ][gc,heap        ] GC(82) PSYoungGen: 35056K(1924096K)->11283K(1924096K) Eden: 0K(1888768K)->0K(1888768K) From: 35056K(35328K)->11283K(35328K)
[54.006s][info ][gc,heap        ] GC(82) ParOldGen: 442478K(453632K)->453516K(539648K)
[54.006s][info ][gc,metaspace   ] GC(82) Metaspace: 75726K(76352K)->75726K(76352K) NonClass: 65255K(65600K)->65255K(65600K) Class: 10471K(10752K)->10471K(10752K)
[54.006s][info ][gc             ] GC(82) Pause Full (Ergonomics) 466M->453M(2406M) 329.089ms
[54.006s][info ][gc,cpu         ] GC(82) User=1.21s Sys=0.00s Real=0.32s
[54.020s][info ][safepoint      ] Safepoint "ParallelGCFailedAllocation", Time since last: 479393620 ns, Reaching safepoint: 176704 ns, At safepoint: 360114179 ns, Total: 360290883 ns
[54.441s][info ][gc,start       ] GC(83) Pause Young (Allocation Failure)
[54.486s][debug][gc,phases      ] GC(83) Scavenge 44.817ms
[54.486s][debug][gc,ref         ] GC(83) Skipped phase 1 of Reference Processing: no references
[54.486s][debug][gc,ref         ] GC(83) Skipped phase 3 of Reference Processing: no references
[54.486s][debug][gc,phases      ] GC(83) Reference Processing 0.032ms
[54.486s][debug][gc,phases      ] GC(83) Weak Processing 0.536ms
[54.486s][debug][gc,age         ] GC(83) Desired survivor size 111673344 bytes, new threshold 15 (max threshold 15)
[54.486s][info ][gc,heap        ] GC(83) PSYoungGen: 1900051K(1924096K)->10000K(1984000K) Eden: 1888768K(1888768K)->0K(1879040K) From: 11283K(35328K)->10000K(104960K)
[54.486s][info ][gc,heap        ] GC(83) ParOldGen: 453516K(539648K)->455936K(539648K)
[54.486s][info ][gc,metaspace   ] GC(83) Metaspace: 75729K(76352K)->75729K(76352K) NonClass: 65256K(65600K)->65256K(65600K) Class: 10472K(10752K)->10472K(10752K)
[54.486s][info ][gc             ] GC(83) Pause Young (Allocation Failure) 2298M->455M(2464M) 45.535ms
[54.486s][info ][gc,cpu         ] GC(83) User=0.18s Sys=0.00s Real=0.04s
[54.486s][info ][safepoint      ] Safepoint "ParallelGCFailedAllocation", Time since last: 420824975 ns, Reaching safepoint: 143504 ns, At safepoint: 45646825 ns, Total: 45790329 ns
[54.977s][info ][gc,start       ] GC(84) Pause Young (Allocation Failure)
[54.985s][debug][gc,phases      ] GC(84) Scavenge 7.569ms
[54.985s][debug][gc,ref         ] GC(84) Skipped phase 1 of Reference Processing: no references
[54.985s][debug][gc,ref         ] GC(84) Skipped phase 3 of Reference Processing: no references
[54.985s][debug][gc,ref         ] GC(84) Skipped phase 4 of Reference Processing: no references
[54.985s][debug][gc,phases      ] GC(84) Reference Processing 0.025ms
[54.985s][debug][gc,phases      ] GC(84) Weak Processing 0.545ms
[54.985s][debug][gc,age         ] GC(84) Desired survivor size 113770496 bytes, new threshold 15 (max threshold 15)
[54.985s][info ][gc,heap        ] GC(84) PSYoungGen: 1889040K(1984000K)->9568K(1888768K) Eden: 1879040K(1879040K)->0K(1879040K) From: 10000K(104960K)->9568K(9728K)
[54.985s][info ][gc,heap        ] GC(84) ParOldGen: 455936K(539648K)->457413K(539648K)
[54.985s][info ][gc,metaspace   ] GC(84) Metaspace: 75744K(76352K)->75744K(76352K) NonClass: 65270K(65600K)->65270K(65600K) Class: 10473K(10752K)->10473K(10752K)
[54.985s][info ][gc             ] GC(84) Pause Young (Allocation Failure) 2290M->456M(2371M) 8.281ms
[54.985s][info ][gc,cpu         ] GC(84) User=0.03s Sys=0.01s Real=0.00s
[54.985s][info ][safepoint      ] Safepoint "ParallelGCFailedAllocation", Time since last: 489558170 ns, Reaching safepoint: 993625 ns, At safepoint: 8390607 ns, Total: 9384232 ns
[55.423s][info ][safepoint      ] Safepoint "ICBufferFull", Time since last: 437126577 ns, Reaching safepoint: 195905 ns, At safepoint: 5500 ns, Total: 201405 ns
[56.082s][info ][safepoint      ] Safepoint "ICBufferFull", Time since last: 659290956 ns, Reaching safepoint: 176404 ns, At safepoint: 8800 ns, Total: 185204 ns
[56.525s][info ][safepoint      ] Safepoint "ICBufferFull", Time since last: 442864519 ns, Reaching safepoint: 216506 ns, At safepoint: 3700 ns, Total: 220206 ns
[57.525s][info ][safepoint      ] Safepoint "Cleanup", Time since last: 1000115659 ns, Reaching safepoint: 161404 ns, At safepoint: 13500 ns, Total: 174904 ns
[58.526s][info ][safepoint      ] Safepoint "Cleanup", Time since last: 1000102859 ns, Reaching safepoint: 203405 ns, At safepoint: 10200 ns, Total: 213605 ns
[59.526s][info ][safepoint      ] Safepoint "Cleanup", Time since last: 1000124960 ns, Reaching safepoint: 164104 ns, At safepoint: 16900 ns, Total: 181004 ns
[60.526s][info ][safepoint      ] Safepoint "Cleanup", Time since last: 1000130760 ns, Reaching safepoint: 93702 ns, At safepoint: 13801 ns, Total: 107503 ns
[61.527s][info ][safepoint      ] Safepoint "Cleanup", Time since last: 1000120460 ns, Reaching safepoint: 74902 ns, At safepoint: 13400 ns, Total: 88302 ns
[61.938s][info ][safepoint      ] Safepoint "ICBufferFull", Time since last: 411194539 ns, Reaching safepoint: 234706 ns, At safepoint: 12500 ns, Total: 247206 ns
[63.139s][info ][safepoint      ] Safepoint "Cleanup", Time since last: 1201022614 ns, Reaching safepoint: 209005 ns, At safepoint: 11901 ns, Total: 220906 ns
[64.109s][info ][gc,start       ] GC(85) Pause Young (Allocation Failure)
[64.117s][debug][gc,phases      ] GC(85) Scavenge 8.579ms
[64.117s][debug][gc,ref         ] GC(85) Skipped phase 1 of Reference Processing: no references
[64.117s][debug][gc,ref         ] GC(85) Skipped phase 3 of Reference Processing: no references
[64.117s][debug][gc,phases      ] GC(85) Reference Processing 0.039ms
[64.118s][debug][gc,phases      ] GC(85) Weak Processing 0.555ms
[64.118s][debug][gc,age         ] GC(85) Desired survivor size 115343360 bytes, new threshold 15 (max threshold 15)
[64.118s][info ][gc,heap        ] GC(85) PSYoungGen: 1888608K(1888768K)->8128K(1982976K) Eden: 1879040K(1879040K)->0K(1871872K) From: 9568K(9728K)->8128K(111104K)
[64.118s][info ][gc,heap        ] GC(85) ParOldGen: 457413K(539648K)->461398K(539648K)
[64.118s][info ][gc,metaspace   ] GC(85) Metaspace: 76091K(76736K)->76091K(76736K) NonClass: 65574K(65920K)->65574K(65920K) Class: 10516K(10816K)->10516K(10816K)
[64.118s][info ][gc             ] GC(85) Pause Young (Allocation Failure) 2291M->458M(2463M) 9.303ms
[64.118s][info ][gc,cpu         ] GC(85) User=0.03s Sys=0.00s Real=0.01s
[64.118s][info ][safepoint      ] Safepoint "ParallelGCFailedAllocation", Time since last: 969094695 ns, Reaching safepoint: 181505 ns, At safepoint: 9401832 ns, Total: 9583337 ns
[65.118s][info ][safepoint      ] Safepoint "Cleanup", Time since last: 1000086560 ns, Reaching safepoint: 160804 ns, At safepoint: 5800 ns, Total: 166604 ns
[66.118s][info ][safepoint      ] Safepoint "Cleanup", Time since last: 1000099861 ns, Reaching safepoint: 105903 ns, At safepoint: 6700 ns, Total: 112603 ns
[67.119s][info ][safepoint      ] Safepoint "Cleanup", Time since last: 1000104461 ns, Reaching safepoint: 168704 ns, At safepoint: 5900 ns, Total: 174604 ns
[68.119s][info ][safepoint      ] Safepoint "Cleanup", Time since last: 1000078661 ns, Reaching safepoint: 110703 ns, At safepoint: 9700 ns, Total: 120403 ns
[69.227s][info ][safepoint      ] Safepoint "ICBufferFull", Time since last: 1107551212 ns, Reaching safepoint: 295707 ns, At safepoint: 12000 ns, Total: 307707 ns
[70.227s][info ][safepoint      ] Safepoint "Cleanup", Time since last: 1000143163 ns, Reaching safepoint: 172805 ns, At safepoint: 10900 ns, Total: 183705 ns
[71.227s][info ][safepoint      ] Safepoint "Cleanup", Time since last: 1000116162 ns, Reaching safepoint: 192805 ns, At safepoint: 10400 ns, Total: 203205 ns
[72.228s][info ][safepoint      ] Safepoint "Cleanup", Time since last: 1000113463 ns, Reaching safepoint: 220906 ns, At safepoint: 12600 ns, Total: 233506 ns
[73.228s][info ][safepoint      ] Safepoint "Cleanup", Time since last: 1000124964 ns, Reaching safepoint: 142803 ns, At safepoint: 8800 ns, Total: 151603 ns
[74.228s][info ][safepoint      ] Safepoint "Cleanup", Time since last: 1000115664 ns, Reaching safepoint: 168204 ns, At safepoint: 11000 ns, Total: 179204 ns
[75.229s][info ][safepoint      ] Safepoint "Cleanup", Time since last: 1000136965 ns, Reaching safepoint: 181004 ns, At safepoint: 12300 ns, Total: 193304 ns
[76.137s][info ][safepoint      ] Safepoint "ICBufferFull", Time since last: 908466204 ns, Reaching safepoint: 212505 ns, At safepoint: 10601 ns, Total: 223106 ns
[77.187s][info ][safepoint      ] Safepoint "Cleanup", Time since last: 1049803589 ns, Reaching safepoint: 212906 ns, At safepoint: 11400 ns, Total: 224306 ns
[78.188s][info ][safepoint      ] Safepoint "Cleanup", Time since last: 1000093264 ns, Reaching safepoint: 155404 ns, At safepoint: 12200 ns, Total: 167604 ns
[79.143s][info ][gc,start       ] GC(86) Pause Young (Allocation Failure)
[79.155s][debug][gc,phases      ] GC(86) Scavenge 11.287ms
[79.155s][debug][gc,ref         ] GC(86) Skipped phase 1 of Reference Processing: no references
[79.155s][debug][gc,ref         ] GC(86) Skipped phase 3 of Reference Processing: no references
[79.155s][debug][gc,phases      ] GC(86) Reference Processing 0.033ms
[79.155s][debug][gc,phases      ] GC(86) Weak Processing 0.538ms
[79.155s][debug][gc,age         ] GC(86) Desired survivor size 111673344 bytes, new threshold 15 (max threshold 15)
[79.155s][info ][gc,heap        ] GC(86) PSYoungGen: 1880000K(1982976K)->27200K(1984512K) Eden: 1871872K(1871872K)->0K(1871872K) From: 8128K(111104K)->27200K(112640K)
[79.155s][info ][gc,heap        ] GC(86) ParOldGen: 461398K(539648K)->462314K(539648K)
[79.155s][info ][gc,metaspace   ] GC(86) Metaspace: 76263K(76928K)->76263K(76928K) NonClass: 65739K(66112K)->65739K(66112K) Class: 10523K(10816K)->10523K(10816K)
[79.155s][info ][gc             ] GC(86) Pause Young (Allocation Failure) 2286M->478M(2465M) 12.038ms
[79.155s][info ][gc,cpu         ] GC(86) User=0.05s Sys=0.00s Real=0.01s
[79.156s][info ][safepoint      ] Safepoint "ParallelGCFailedAllocation", Time since last: 955682369 ns, Reaching safepoint: 118503 ns, At safepoint: 12127899 ns, Total: 12246402 ns
[80.156s][info ][safepoint      ] Safepoint "Cleanup", Time since last: 1000095965 ns, Reaching safepoint: 152104 ns, At safepoint: 11900 ns, Total: 164004 ns
[81.156s][info ][safepoint      ] Safepoint "Cleanup", Time since last: 1000109865 ns, Reaching safepoint: 129603 ns, At safepoint: 9001 ns, Total: 138604 ns
[82.156s][info ][safepoint      ] Safepoint "Cleanup", Time since last: 1000110965 ns, Reaching safepoint: 94802 ns, At safepoint: 12901 ns, Total: 107703 ns
[83.156s][info ][safepoint      ] Safepoint "Cleanup", Time since last: 1000119766 ns, Reaching safepoint: 90702 ns, At safepoint: 5900 ns, Total: 96602 ns
[84.157s][info ][safepoint      ] Safepoint "Cleanup", Time since last: 1000052965 ns, Reaching safepoint: 48801 ns, At safepoint: 3200 ns, Total: 52001 ns
[85.157s][info ][safepoint      ] Safepoint "Cleanup", Time since last: 1000102366 ns, Reaching safepoint: 104103 ns, At safepoint: 9800 ns, Total: 113903 ns
[86.625s][info ][safepoint      ] Safepoint "Cleanup", Time since last: 1468347515 ns, Reaching safepoint: 223006 ns, At safepoint: 9900 ns, Total: 232906 ns
[87.395s][info ][safepoint      ] Safepoint "ICBufferFull", Time since last: 769011867 ns, Reaching safepoint: 252307 ns, At safepoint: 10000 ns, Total: 262307 ns
[88.131s][info ][safepoint      ] Safepoint "ICBufferFull", Time since last: 735967452 ns, Reaching safepoint: 335308 ns, At safepoint: 23301 ns, Total: 358609 ns
[89.131s][info ][safepoint      ] Safepoint "Cleanup", Time since last: 1000110967 ns, Reaching safepoint: 210905 ns, At safepoint: 8801 ns, Total: 219706 ns
[90.132s][info ][safepoint      ] Safepoint "Cleanup", Time since last: 1000102767 ns, Reaching safepoint: 151404 ns, At safepoint: 8900 ns, Total: 160304 ns
[91.137s][info ][safepoint      ] Safepoint "Cleanup", Time since last: 1005776908 ns, Reaching safepoint: 163204 ns, At safepoint: 6700 ns, Total: 169904 ns
[92.138s][info ][safepoint      ] Safepoint "Cleanup", Time since last: 1000117268 ns, Reaching safepoint: 141704 ns, At safepoint: 8700 ns, Total: 150404 ns
[93.030s][info ][gc,start       ] GC(87) Pause Young (Allocation Failure)
[93.060s][debug][gc,phases      ] GC(87) Scavenge 30.072ms
[93.060s][debug][gc,ref         ] GC(87) Skipped phase 1 of Reference Processing: no references
[93.060s][debug][gc,ref         ] GC(87) Skipped phase 3 of Reference Processing: no references
[93.060s][debug][gc,phases      ] GC(87) Reference Processing 0.074ms
[93.061s][debug][gc,phases      ] GC(87) Weak Processing 0.674ms
[93.061s][debug][gc,age         ] GC(87) Desired survivor size 105381888 bytes, new threshold 15 (max threshold 15)
[93.061s][info ][gc,heap        ] GC(87) PSYoungGen: 1899072K(1984512K)->42848K(1994240K) Eden: 1871872K(1871872K)->0K(1885184K) From: 27200K(112640K)->42848K(109056K)
[93.061s][info ][gc,heap        ] GC(87) ParOldGen: 462314K(539648K)->462498K(539648K)
[93.061s][info ][gc,metaspace   ] GC(87) Metaspace: 77008K(77632K)->77008K(77632K) NonClass: 66420K(66752K)->66420K(66752K) Class: 10588K(10880K)->10588K(10880K)
[93.061s][info ][gc             ] GC(87) Pause Young (Allocation Failure) 2306M->493M(2474M) 30.973ms
[93.061s][info ][gc,cpu         ] GC(87) User=0.06s Sys=0.01s Real=0.03s
[93.061s][info ][safepoint      ] Safepoint "ParallelGCFailedAllocation", Time since last: 891736096 ns, Reaching safepoint: 125103 ns, At safepoint: 31083166 ns, Total: 31208269 ns
[94.063s][info ][safepoint      ] Safepoint "Cleanup", Time since last: 1000101369 ns, Reaching safepoint: 2394359 ns, At safepoint: 7900 ns, Total: 2402259 ns
[95.064s][info ][safepoint      ] Safepoint "Cleanup", Time since last: 1000184671 ns, Reaching safepoint: 125103 ns, At safepoint: 12900 ns, Total: 138003 ns
[96.064s][info ][safepoint      ] Safepoint "Cleanup", Time since last: 1000116270 ns, Reaching safepoint: 113103 ns, At safepoint: 9500 ns, Total: 122603 ns
[97.253s][info ][safepoint      ] Safepoint "Cleanup", Time since last: 1189188233 ns, Reaching safepoint: 135404 ns, At safepoint: 9000 ns, Total: 144404 ns
[98.253s][info ][safepoint      ] Safepoint "Cleanup", Time since last: 1000106070 ns, Reaching safepoint: 65401 ns, At safepoint: 6300 ns, Total: 71701 ns
[99.253s][info ][safepoint      ] Safepoint "Cleanup", Time since last: 1000111971 ns, Reaching safepoint: 49901 ns, At safepoint: 5600 ns, Total: 55501 ns
[100.254s][info ][safepoint      ] Safepoint "Cleanup", Time since last: 1000101470 ns, Reaching safepoint: 65502 ns, At safepoint: 19400 ns, Total: 84902 ns
[101.254s][info ][safepoint      ] Safepoint "Cleanup", Time since last: 1000115171 ns, Reaching safepoint: 51701 ns, At safepoint: 11200 ns, Total: 62901 ns
[102.254s][info ][safepoint      ] Safepoint "Cleanup", Time since last: 1000116172 ns, Reaching safepoint: 75701 ns, At safepoint: 11801 ns, Total: 87502 ns
[103.254s][info ][safepoint      ] Safepoint "Cleanup", Time since last: 1000125371 ns, Reaching safepoint: 59402 ns, At safepoint: 8000 ns, Total: 67402 ns
[104.254s][info ][safepoint      ] Safepoint "Cleanup", Time since last: 1000119071 ns, Reaching safepoint: 58502 ns, At safepoint: 6700 ns, Total: 65202 ns
[105.255s][info ][safepoint      ] Safepoint "Cleanup", Time since last: 1000114872 ns, Reaching safepoint: 72002 ns, At safepoint: 6000 ns, Total: 78002 ns
[106.255s][info ][safepoint      ] Safepoint "Cleanup", Time since last: 1000107872 ns, Reaching safepoint: 76402 ns, At safepoint: 12100 ns, Total: 88502 ns
[107.255s][info ][safepoint      ] Safepoint "Cleanup", Time since last: 1000110272 ns, Reaching safepoint: 72802 ns, At safepoint: 5800 ns, Total: 78602 ns
[108.255s][info ][safepoint      ] Safepoint "Cleanup", Time since last: 1000107172 ns, Reaching safepoint: 47102 ns, At safepoint: 4200 ns, Total: 51302 ns
[109.255s][info ][safepoint      ] Safepoint "Cleanup", Time since last: 1000112372 ns, Reaching safepoint: 72702 ns, At safepoint: 11801 ns, Total: 84503 ns
[110.256s][info ][safepoint      ] Safepoint "Cleanup", Time since last: 1000109672 ns, Reaching safepoint: 71002 ns, At safepoint: 10300 ns, Total: 81302 ns
[110.783s][info ][gc,start       ] GC(88) Pause Young (Allocation Failure)
[110.795s][debug][gc,phases      ] GC(88) Scavenge 12.464ms
[110.795s][debug][gc,ref         ] GC(88) Skipped phase 1 of Reference Processing: no references
[110.795s][debug][gc,ref         ] GC(88) Skipped phase 3 of Reference Processing: no references
[110.795s][debug][gc,phases      ] GC(88) Reference Processing 0.051ms
[110.796s][debug][gc,phases      ] GC(88) Weak Processing 0.748ms
[110.796s][debug][gc,age         ] GC(88) Desired survivor size 99614720 bytes, new threshold 15 (max threshold 15)
[110.796s][info ][gc,heap        ] GC(88) PSYoungGen: 1928032K(1994240K)->42912K(1988096K) Eden: 1885184K(1885184K)->0K(1885184K) From: 42848K(109056K)->42912K(102912K)
[110.796s][info ][gc,heap        ] GC(88) ParOldGen: 462498K(539648K)->462626K(539648K)
[110.796s][info ][gc,metaspace   ] GC(88) Metaspace: 77066K(77696K)->77066K(77696K) NonClass: 66473K(66816K)->66473K(66816K) Class: 10592K(10880K)->10592K(10880K)
[110.796s][info ][gc             ] GC(88) Pause Young (Allocation Failure) 2334M->493M(2468M) 13.461ms
[110.796s][info ][gc,cpu         ] GC(88) User=0.05s Sys=0.00s Real=0.02s
[110.796s][info ][safepoint      ] Safepoint "ParallelGCFailedAllocation", Time since last: 527013402 ns, Reaching safepoint: 53901 ns, At safepoint: 13558435 ns, Total: 13612336 ns
[112.796s][info ][safepoint      ] Safepoint "Cleanup", Time since last: 2000160745 ns, Reaching safepoint: 52902 ns, At safepoint: 8000 ns, Total: 60902 ns
[113.797s][info ][safepoint      ] Safepoint "Cleanup", Time since last: 1000100074 ns, Reaching safepoint: 80702 ns, At safepoint: 8100 ns, Total: 88802 ns
[114.797s][info ][safepoint      ] Safepoint "Cleanup", Time since last: 1000093574 ns, Reaching safepoint: 70701 ns, At safepoint: 7600 ns, Total: 78301 ns
[115.797s][info ][safepoint      ] Safepoint "Cleanup", Time since last: 1000092174 ns, Reaching safepoint: 56402 ns, At safepoint: 5500 ns, Total: 61902 ns
[116.797s][info ][safepoint      ] Safepoint "Cleanup", Time since last: 1000115575 ns, Reaching safepoint: 68101 ns, At safepoint: 11301 ns, Total: 79402 ns
[117.797s][info ][safepoint      ] Safepoint "Cleanup", Time since last: 1000111975 ns, Reaching safepoint: 56901 ns, At safepoint: 7700 ns, Total: 64601 ns
[118.797s][info ][safepoint      ] Safepoint "Cleanup", Time since last: 1000069274 ns, Reaching safepoint: 61702 ns, At safepoint: 10500 ns, Total: 72202 ns
[119.798s][info ][safepoint      ] Safepoint "Cleanup", Time since last: 1000122776 ns, Reaching safepoint: 59701 ns, At safepoint: 6000 ns, Total: 65701 ns
[120.798s][info ][safepoint      ] Safepoint "Cleanup", Time since last: 1000106576 ns, Reaching safepoint: 67102 ns, At safepoint: 18400 ns, Total: 85502 ns
[121.798s][info ][safepoint      ] Safepoint "Cleanup", Time since last: 1000115376 ns, Reaching safepoint: 56502 ns, At safepoint: 8200 ns, Total: 64702 ns
[122.798s][info ][safepoint      ] Safepoint "Cleanup", Time since last: 1000107176 ns, Reaching safepoint: 47201 ns, At safepoint: 9600 ns, Total: 56801 ns
[123.798s][info ][safepoint      ] Safepoint "Cleanup", Time since last: 1000110977 ns, Reaching safepoint: 74701 ns, At safepoint: 6001 ns, Total: 80702 ns
[124.615s][info ][safepoint      ] Safepoint "ICBufferFull", Time since last: 816362942 ns, Reaching safepoint: 253807 ns, At safepoint: 12700 ns, Total: 266507 ns
[124.734s][info ][safepoint      ] Safepoint "ICBufferFull", Time since last: 119323044 ns, Reaching safepoint: 168504 ns, At safepoint: 18701 ns, Total: 187205 ns
[124.905s][info ][safepoint      ] Safepoint "ICBufferFull", Time since last: 170125098 ns, Reaching safepoint: 152903 ns, At safepoint: 3700 ns, Total: 156603 ns
[124.917s][info ][safepoint      ] Safepoint "ICBufferFull", Time since last: 11796491 ns, Reaching safepoint: 194105 ns, At safepoint: 19301 ns, Total: 213406 ns
[124.920s][info ][safepoint      ] Safepoint "ICBufferFull", Time since last: 3106776 ns, Reaching safepoint: 43501 ns, At safepoint: 12001 ns, Total: 55502 ns
[124.922s][info ][safepoint      ] Safepoint "ICBufferFull", Time since last: 2318457 ns, Reaching safepoint: 37701 ns, At safepoint: 2800 ns, Total: 40501 ns
[124.924s][info ][safepoint      ] Safepoint "ICBufferFull", Time since last: 2200554 ns, Reaching safepoint: 19401 ns, At safepoint: 1800 ns, Total: 21201 ns
[124.974s][info ][safepoint      ] Safepoint "ICBufferFull", Time since last: 49455620 ns, Reaching safepoint: 94102 ns, At safepoint: 7401 ns, Total: 101503 ns
[125.133s][info ][safepoint      ] Safepoint "ICBufferFull", Time since last: 159192827 ns, Reaching safepoint: 179205 ns, At safepoint: 10500 ns, Total: 189705 ns
[125.307s][info ][gc,start       ] GC(89) Pause Young (Allocation Failure)
[125.328s][debug][gc,phases      ] GC(89) Scavenge 21.349ms
[125.328s][debug][gc,ref         ] GC(89) Skipped phase 1 of Reference Processing: no references
[125.328s][debug][gc,ref         ] GC(89) Skipped phase 3 of Reference Processing: no references
[125.329s][debug][gc,phases      ] GC(89) Reference Processing 0.056ms
[125.329s][debug][gc,phases      ] GC(89) Weak Processing 0.574ms
[125.329s][debug][gc,age         ] GC(89) Desired survivor size 100139008 bytes, new threshold 15 (max threshold 15)
[125.329s][info ][gc,heap        ] GC(89) PSYoungGen: 1928096K(1988096K)->59267K(1998848K) Eden: 1885184K(1885184K)->0K(1901568K) From: 42912K(102912K)->59267K(97280K)
[125.329s][info ][gc,heap        ] GC(89) ParOldGen: 462626K(539648K)->462834K(539648K)
[125.329s][info ][gc,metaspace   ] GC(89) Metaspace: 77241K(77888K)->77241K(77888K) NonClass: 66638K(67008K)->66638K(67008K) Class: 10603K(10880K)->10603K(10880K)
[125.329s][info ][gc             ] GC(89) Pause Young (Allocation Failure) 2334M->509M(2479M) 22.123ms
[125.329s][info ][gc,cpu         ] GC(89) User=0.10s Sys=0.00s Real=0.03s
[125.329s][info ][safepoint      ] Safepoint "ParallelGCFailedAllocation", Time since last: 173466480 ns, Reaching safepoint: 81602 ns, At safepoint: 22222549 ns, Total: 22304151 ns
[125.515s][info ][safepoint      ] Safepoint "ICBufferFull", Time since last: 185417975 ns, Reaching safepoint: 150903 ns, At safepoint: 14201 ns, Total: 165104 ns
[125.796s][info ][safepoint      ] Safepoint "ICBufferFull", Time since last: 280717726 ns, Reaching safepoint: 89302 ns, At safepoint: 3901 ns, Total: 93203 ns
[126.796s][info ][safepoint      ] Safepoint "Cleanup", Time since last: 1000139577 ns, Reaching safepoint: 175705 ns, At safepoint: 9200 ns, Total: 184905 ns
[127.796s][info ][safepoint      ] Safepoint "Cleanup", Time since last: 1000110077 ns, Reaching safepoint: 161804 ns, At safepoint: 12001 ns, Total: 173805 ns
[128.796s][info ][safepoint      ] Safepoint "Cleanup", Time since last: 1000111477 ns, Reaching safepoint: 171005 ns, At safepoint: 11700 ns, Total: 182705 ns
[129.797s][info ][safepoint      ] Safepoint "Cleanup", Time since last: 1000122978 ns, Reaching safepoint: 136603 ns, At safepoint: 10301 ns, Total: 146904 ns
[131.590s][info ][safepoint      ] Safepoint "Cleanup", Time since last: 1793375052 ns, Reaching safepoint: 225706 ns, At safepoint: 11600 ns, Total: 237306 ns
[132.591s][info ][safepoint      ] Safepoint "Cleanup", Time since last: 1000124879 ns, Reaching safepoint: 128703 ns, At safepoint: 11100 ns, Total: 139803 ns
[133.254s][info ][gc,start       ] GC(90) Pause Young (Allocation Failure)
[133.272s][debug][gc,phases      ] GC(90) Scavenge 17.613ms
[133.272s][debug][gc,ref         ] GC(90) Skipped phase 1 of Reference Processing: no references
[133.272s][debug][gc,ref         ] GC(90) Skipped phase 3 of Reference Processing: no references
[133.272s][debug][gc,phases      ] GC(90) Reference Processing 0.037ms
[133.273s][debug][gc,phases      ] GC(90) Weak Processing 0.605ms
[133.273s][debug][gc,age         ] GC(90) Desired survivor size 105381888 bytes, new threshold 15 (max threshold 15)
[133.273s][info ][gc,heap        ] GC(90) PSYoungGen: 1960835K(1998848K)->73830K(1975808K) Eden: 1901568K(1901568K)->0K(1901568K) From: 59267K(97280K)->73830K(74240K)
[133.273s][info ][gc,heap        ] GC(90) ParOldGen: 462834K(539648K)->463070K(539648K)
[133.273s][info ][gc,metaspace   ] GC(90) Metaspace: 77324K(77952K)->77324K(77952K) NonClass: 66715K(67072K)->66715K(67072K) Class: 10608K(10880K)->10608K(10880K)
[133.273s][info ][gc             ] GC(90) Pause Young (Allocation Failure) 2366M->524M(2456M) 18.379ms
[133.273s][info ][gc,cpu         ] GC(90) User=0.08s Sys=0.00s Real=0.02s
[133.273s][info ][safepoint      ] Safepoint "ParallelGCFailedAllocation", Time since last: 663563375 ns, Reaching safepoint: 192404 ns, At safepoint: 18465356 ns, Total: 18657760 ns
[134.273s][info ][safepoint      ] Safepoint "Cleanup", Time since last: 1000081178 ns, Reaching safepoint: 59202 ns, At safepoint: 6600 ns, Total: 65802 ns
[135.273s][info ][safepoint      ] Safepoint "Cleanup", Time since last: 1000104679 ns, Reaching safepoint: 49701 ns, At safepoint: 10601 ns, Total: 60302 ns
[136.273s][info ][safepoint      ] Safepoint "Cleanup", Time since last: 1000117579 ns, Reaching safepoint: 57202 ns, At safepoint: 7000 ns, Total: 64202 ns
[137.274s][info ][safepoint      ] Safepoint "Cleanup", Time since last: 1000109579 ns, Reaching safepoint: 45702 ns, At safepoint: 3300 ns, Total: 49002 ns
[138.274s][info ][safepoint      ] Safepoint "Cleanup", Time since last: 1000111880 ns, Reaching safepoint: 55501 ns, At safepoint: 5600 ns, Total: 61101 ns
[139.274s][info ][safepoint      ] Safepoint "Cleanup", Time since last: 1000083080 ns, Reaching safepoint: 73002 ns, At safepoint: 11100 ns, Total: 84102 ns
[140.274s][info ][safepoint      ] Safepoint "Cleanup", Time since last: 1000101680 ns, Reaching safepoint: 59702 ns, At safepoint: 8500 ns, Total: 68202 ns
[141.274s][info ][safepoint      ] Safepoint "Cleanup", Time since last: 1000100880 ns, Reaching safepoint: 108303 ns, At safepoint: 9300 ns, Total: 117603 ns
[142.104s][info ][gc,start       ] GC(91) Pause Young (Allocation Failure)
[142.124s][debug][gc,phases      ] GC(91) Scavenge 20.002ms
[142.124s][debug][gc,ref         ] GC(91) Skipped phase 1 of Reference Processing: no references
[142.124s][debug][gc,phases      ] GC(91) Reference Processing 0.205ms
[142.125s][debug][gc,phases      ] GC(91) Weak Processing 0.600ms
[142.125s][debug][gc,age         ] GC(91) Desired survivor size 109576192 bytes, new threshold 15 (max threshold 15)
[142.125s][info ][gc,heap        ] GC(91) PSYoungGen: 1975398K(1975808K)->74326K(1986048K) Eden: 1901568K(1901568K)->0K(1883136K) From: 73830K(74240K)->74326K(102912K)
[142.125s][info ][gc,heap        ] GC(91) ParOldGen: 463070K(539648K)->463302K(539648K)
[142.125s][info ][gc,metaspace   ] GC(91) Metaspace: 77393K(78080K)->77393K(78080K) NonClass: 66781K(67136K)->66781K(67136K) Class: 10612K(10944K)->10612K(10944K)
[142.125s][info ][gc             ] GC(91) Pause Young (Allocation Failure) 2381M->525M(2466M) 20.964ms
[142.125s][info ][gc,cpu         ] GC(91) User=0.08s Sys=0.00s Real=0.02s
[142.125s][info ][safepoint      ] Safepoint "ParallelGCFailedAllocation", Time since last: 829668575 ns, Reaching safepoint: 66902 ns, At safepoint: 21061119 ns, Total: 21128021 ns
[143.125s][info ][safepoint      ] Safepoint "Cleanup", Time since last: 1000098081 ns, Reaching safepoint: 156404 ns, At safepoint: 12400 ns, Total: 168804 ns
[144.126s][info ][safepoint      ] Safepoint "Cleanup", Time since last: 1000108382 ns, Reaching safepoint: 212705 ns, At safepoint: 10100 ns, Total: 222805 ns
[145.126s][info ][safepoint      ] Safepoint "Cleanup", Time since last: 1000108182 ns, Reaching safepoint: 133803 ns, At safepoint: 10700 ns, Total: 144503 ns
[146.126s][info ][safepoint      ] Safepoint "Cleanup", Time since last: 1000127283 ns, Reaching safepoint: 151403 ns, At safepoint: 10301 ns, Total: 161704 ns
[147.126s][info ][safepoint      ] Safepoint "Cleanup", Time since last: 1000109982 ns, Reaching safepoint: 126303 ns, At safepoint: 9700 ns, Total: 136003 ns
[148.127s][info ][safepoint      ] Safepoint "Cleanup", Time since last: 1000090782 ns, Reaching safepoint: 132603 ns, At safepoint: 10400 ns, Total: 143003 ns
[149.127s][info ][safepoint      ] Safepoint "Cleanup", Time since last: 1000109983 ns, Reaching safepoint: 145204 ns, At safepoint: 9400 ns, Total: 154604 ns
[150.127s][info ][safepoint      ] Safepoint "Cleanup", Time since last: 1000120483 ns, Reaching safepoint: 136103 ns, At safepoint: 14601 ns, Total: 150704 ns
[150.573s][info ][gc,start       ] GC(92) Pause Young (Allocation Failure)
[150.591s][debug][gc,phases      ] GC(92) Scavenge 17.681ms
[150.591s][debug][gc,ref         ] GC(92) Skipped phase 1 of Reference Processing: no references
[150.591s][debug][gc,ref         ] GC(92) Skipped phase 3 of Reference Processing: no references
[150.591s][debug][gc,phases      ] GC(92) Reference Processing 0.041ms
[150.592s][debug][gc,phases      ] GC(92) Weak Processing 0.754ms
[150.592s][debug][gc,age         ] GC(92) Desired survivor size 112197632 bytes, new threshold 15 (max threshold 15)
[150.592s][info ][gc,heap        ] GC(92) PSYoungGen: 1957462K(1986048K)->72646K(1955840K) Eden: 1883136K(1883136K)->0K(1883136K) From: 74326K(102912K)->72646K(72704K)
[150.592s][info ][gc,heap        ] GC(92) ParOldGen: 463302K(539648K)->463462K(539648K)
[150.592s][info ][gc,metaspace   ] GC(92) Metaspace: 77444K(78080K)->77444K(78080K) NonClass: 66831K(67136K)->66831K(67136K) Class: 10612K(10944K)->10612K(10944K)
[150.592s][info ][gc             ] GC(92) Pause Young (Allocation Failure) 2364M->523M(2437M) 18.661ms
[150.592s][info ][gc,cpu         ] GC(92) User=0.07s Sys=0.00s Real=0.02s
[150.592s][info ][safepoint      ] Safepoint "ParallelGCFailedAllocation", Time since last: 446032908 ns, Reaching safepoint: 60001 ns, At safepoint: 18739363 ns, Total: 18799364 ns
[151.592s][info ][safepoint      ] Safepoint "Cleanup", Time since last: 1000100083 ns, Reaching safepoint: 143003 ns, At safepoint: 9501 ns, Total: 152504 ns
[152.593s][info ][safepoint      ] Safepoint "Cleanup", Time since last: 1000084682 ns, Reaching safepoint: 142104 ns, At safepoint: 10100 ns, Total: 152204 ns
[153.593s][info ][safepoint      ] Safepoint "Cleanup", Time since last: 1000123584 ns, Reaching safepoint: 149604 ns, At safepoint: 8400 ns, Total: 158004 ns
[154.593s][info ][safepoint      ] Safepoint "Cleanup", Time since last: 1000117284 ns, Reaching safepoint: 169104 ns, At safepoint: 10501 ns, Total: 179605 ns
[155.593s][info ][safepoint      ] Safepoint "Cleanup", Time since last: 1000121684 ns, Reaching safepoint: 255806 ns, At safepoint: 5800 ns, Total: 261606 ns
[156.594s][info ][safepoint      ] Safepoint "Cleanup", Time since last: 1000115185 ns, Reaching safepoint: 122503 ns, At safepoint: 6700 ns, Total: 129203 ns
[157.594s][info ][safepoint      ] Safepoint "Cleanup", Time since last: 1000113685 ns, Reaching safepoint: 106702 ns, At safepoint: 13701 ns, Total: 120403 ns
[158.594s][info ][safepoint      ] Safepoint "Cleanup", Time since last: 1000115585 ns, Reaching safepoint: 122603 ns, At safepoint: 12300 ns, Total: 134903 ns
[159.230s][info ][gc,start       ] GC(93) Pause Young (Allocation Failure)
[159.248s][debug][gc,phases      ] GC(93) Scavenge 17.442ms
[159.248s][debug][gc,ref         ] GC(93) Skipped phase 1 of Reference Processing: no references
[159.248s][debug][gc,ref         ] GC(93) Skipped phase 3 of Reference Processing: no references
[159.248s][debug][gc,phases      ] GC(93) Reference Processing 0.036ms
[159.249s][debug][gc,phases      ] GC(93) Weak Processing 0.542ms
[159.249s][debug][gc,age         ] GC(93) Desired survivor size 113246208 bytes, new threshold 15 (max threshold 15)
[159.249s][info ][gc,heap        ] GC(93) PSYoungGen: 1955782K(1955840K)->71078K(1985536K) Eden: 1883136K(1883136K)->0K(1875968K) From: 72646K(72704K)->71078K(109568K)
[159.249s][info ][gc,heap        ] GC(93) ParOldGen: 463462K(539648K)->463686K(539648K)
[159.249s][info ][gc,metaspace   ] GC(93) Metaspace: 77469K(78144K)->77469K(78144K) NonClass: 66854K(67200K)->66854K(67200K) Class: 10614K(10944K)->10614K(10944K)
[159.249s][info ][gc             ] GC(93) Pause Young (Allocation Failure) 2362M->522M(2466M) 18.160ms
[159.249s][info ][gc,cpu         ] GC(93) User=0.06s Sys=0.00s Real=0.02s
[159.249s][info ][safepoint      ] Safepoint "ParallelGCFailedAllocation", Time since last: 636156702 ns, Reaching safepoint: 58301 ns, At safepoint: 18244651 ns, Total: 18302952 ns
[160.249s][info ][safepoint      ] Safepoint "Cleanup", Time since last: 1000091484 ns, Reaching safepoint: 124003 ns, At safepoint: 7501 ns, Total: 131504 ns
[161.249s][info ][safepoint      ] Safepoint "Cleanup", Time since last: 1000122985 ns, Reaching safepoint: 140604 ns, At safepoint: 11200 ns, Total: 151804 ns
[162.249s][info ][safepoint      ] Safepoint "Cleanup", Time since last: 1000124386 ns, Reaching safepoint: 130403 ns, At safepoint: 11701 ns, Total: 142104 ns
[163.250s][info ][safepoint      ] Safepoint "Cleanup", Time since last: 1000124086 ns, Reaching safepoint: 175304 ns, At safepoint: 12400 ns, Total: 187704 ns
[164.250s][info ][safepoint      ] Safepoint "Cleanup", Time since last: 1000110287 ns, Reaching safepoint: 137403 ns, At safepoint: 11400 ns, Total: 148803 ns
[165.250s][info ][safepoint      ] Safepoint "Cleanup", Time since last: 1000131487 ns, Reaching safepoint: 130003 ns, At safepoint: 8901 ns, Total: 138904 ns
[166.376s][info ][safepoint      ] Safepoint "ICBufferFull", Time since last: 1125436980 ns, Reaching safepoint: 189304 ns, At safepoint: 8201 ns, Total: 197505 ns
[167.246s][info ][safepoint      ] Safepoint "ICBufferFull", Time since last: 869936673 ns, Reaching safepoint: 202705 ns, At safepoint: 13701 ns, Total: 216406 ns
[167.252s][info ][gc,start       ] GC(94) Pause Young (Allocation Failure)
[167.272s][debug][gc,phases      ] GC(94) Scavenge 19.496ms
[167.272s][debug][gc,ref         ] GC(94) Skipped phase 1 of Reference Processing: no references
[167.272s][debug][gc,ref         ] GC(94) Skipped phase 3 of Reference Processing: no references
[167.272s][debug][gc,phases      ] GC(94) Reference Processing 0.038ms
[167.272s][debug][gc,phases      ] GC(94) Weak Processing 0.632ms
[167.272s][debug][gc,age         ] GC(94) Desired survivor size 114819072 bytes, new threshold 15 (max threshold 15)
[167.272s][info ][gc,heap        ] GC(94) PSYoungGen: 1947046K(1985536K)->74342K(1950720K) Eden: 1875968K(1875968K)->0K(1875968K) From: 71078K(109568K)->74342K(74752K)
[167.272s][info ][gc,heap        ] GC(94) ParOldGen: 463686K(539648K)->463886K(539648K)
[167.272s][info ][gc,metaspace   ] GC(94) Metaspace: 77520K(78208K)->77520K(78208K) NonClass: 66904K(67264K)->66904K(67264K) Class: 10616K(10944K)->10616K(10944K)
[167.272s][info ][gc             ] GC(94) Pause Young (Allocation Failure) 2354M->525M(2432M) 20.313ms
[167.272s][info ][gc,cpu         ] GC(94) User=0.08s Sys=0.00s Real=0.02s
[167.272s][info ][safepoint      ] Safepoint "ParallelGCFailedAllocation", Time since last: 5799143 ns, Reaching safepoint: 107902 ns, At safepoint: 20400804 ns, Total: 20508706 ns
[167.719s][info ][safepoint      ] Safepoint "ICBufferFull", Time since last: 446635525 ns, Reaching safepoint: 90002 ns, At safepoint: 7600 ns, Total: 97602 ns
[168.575s][info ][safepoint      ] Safepoint "ICBufferFull", Time since last: 856282537 ns, Reaching safepoint: 82502 ns, At safepoint: 8500 ns, Total: 91002 ns
[169.576s][info ][safepoint      ] Safepoint "Cleanup", Time since last: 1000113088 ns, Reaching safepoint: 72002 ns, At safepoint: 9600 ns, Total: 81602 ns
[170.576s][info ][safepoint      ] Safepoint "Cleanup", Time since last: 1000094187 ns, Reaching safepoint: 177404 ns, At safepoint: 15001 ns, Total: 192405 ns
[171.623s][info ][safepoint      ] Safepoint "Cleanup", Time since last: 1047035746 ns, Reaching safepoint: 124503 ns, At safepoint: 12900 ns, Total: 137403 ns
[172.947s][info ][safepoint      ] Safepoint "Cleanup", Time since last: 1324054285 ns, Reaching safepoint: 144804 ns, At safepoint: 9000 ns, Total: 153804 ns
[173.948s][info ][safepoint      ] Safepoint "Cleanup", Time since last: 1000114088 ns, Reaching safepoint: 219306 ns, At safepoint: 12100 ns, Total: 231406 ns
[174.948s][info ][safepoint      ] Safepoint "Cleanup", Time since last: 1000119889 ns, Reaching safepoint: 180104 ns, At safepoint: 13501 ns, Total: 193605 ns
[175.450s][info ][gc,start       ] GC(95) Pause Young (Allocation Failure)
[175.470s][debug][gc,phases      ] GC(95) Scavenge 20.289ms
[175.470s][debug][gc,ref         ] GC(95) Skipped phase 1 of Reference Processing: no references
[175.470s][debug][gc,ref         ] GC(95) Skipped phase 3 of Reference Processing: no references
[175.470s][debug][gc,phases      ] GC(95) Reference Processing 0.039ms
[175.471s][debug][gc,phases      ] GC(95) Weak Processing 0.528ms
[175.471s][debug][gc,age         ] GC(95) Desired survivor size 118489088 bytes, new threshold 15 (max threshold 15)
[175.471s][info ][gc,heap        ] GC(95) PSYoungGen: 1950310K(1950720K)->80902K(1977856K) Eden: 1875968K(1875968K)->0K(1865728K) From: 74342K(74752K)->80902K(112128K)
[175.471s][info ][gc,heap        ] GC(95) ParOldGen: 463886K(539648K)->464134K(539648K)
[175.471s][info ][gc,metaspace   ] GC(95) Metaspace: 77591K(78272K)->77591K(78272K) NonClass: 66973K(67328K)->66973K(67328K) Class: 10618K(10944K)->10618K(10944K)
[175.471s][info ][gc             ] GC(95) Pause Young (Allocation Failure) 2357M->532M(2458M) 21.013ms
[175.471s][info ][gc,cpu         ] GC(95) User=0.08s Sys=0.00s Real=0.02s
[175.471s][info ][safepoint      ] Safepoint "ParallelGCFailedAllocation", Time since last: 501613183 ns, Reaching safepoint: 72601 ns, At safepoint: 21095721 ns, Total: 21168322 ns
[176.471s][info ][safepoint      ] Safepoint "Cleanup", Time since last: 1000084889 ns, Reaching safepoint: 69201 ns, At safepoint: 7700 ns, Total: 76901 ns
[177.471s][info ][safepoint      ] Safepoint "Cleanup", Time since last: 1000113190 ns, Reaching safepoint: 67901 ns, At safepoint: 7501 ns, Total: 75402 ns
[178.471s][info ][safepoint      ] Safepoint "Cleanup", Time since last: 1000067288 ns, Reaching safepoint: 80502 ns, At safepoint: 10300 ns, Total: 90802 ns
[179.471s][info ][safepoint      ] Safepoint "Cleanup", Time since last: 1000112090 ns, Reaching safepoint: 55101 ns, At safepoint: 7500 ns, Total: 62601 ns
[181.472s][info ][safepoint      ] Safepoint "Cleanup", Time since last: 2000177379 ns, Reaching safepoint: 49501 ns, At safepoint: 16201 ns, Total: 65702 ns
[182.472s][info ][safepoint      ] Safepoint "Cleanup", Time since last: 1000117590 ns, Reaching safepoint: 50301 ns, At safepoint: 7401 ns, Total: 57702 ns
[183.472s][info ][safepoint      ] Safepoint "Cleanup", Time since last: 1000061389 ns, Reaching safepoint: 47101 ns, At safepoint: 4100 ns, Total: 51201 ns
[184.472s][info ][safepoint      ] Safepoint "Cleanup", Time since last: 1000113191 ns, Reaching safepoint: 79302 ns, At safepoint: 7100 ns, Total: 86402 ns
[185.472s][info ][safepoint      ] Safepoint "Cleanup", Time since last: 1000115791 ns, Reaching safepoint: 50601 ns, At safepoint: 3601 ns, Total: 54202 ns
[186.451s][info ][gc,start       ] GC(96) Pause Young (Allocation Failure)
[186.469s][debug][gc,phases      ] GC(96) Scavenge 18.342ms
[186.469s][debug][gc,ref         ] GC(96) Skipped phase 1 of Reference Processing: no references
[186.469s][debug][gc,ref         ] GC(96) Skipped phase 3 of Reference Processing: no references
[186.469s][debug][gc,phases      ] GC(96) Reference Processing 0.058ms
[186.470s][debug][gc,phases      ] GC(96) Weak Processing 0.690ms
[186.470s][debug][gc,age         ] GC(96) Desired survivor size 120061952 bytes, new threshold 15 (max threshold 15)
[186.470s][info ][gc,heap        ] GC(96) PSYoungGen: 1946630K(1977856K)->79046K(1945088K) Eden: 1865728K(1865728K)->0K(1865728K) From: 80902K(112128K)->79046K(79360K)
[186.470s][info ][gc,heap        ] GC(96) ParOldGen: 464134K(539648K)->464486K(539648K)
[186.470s][info ][gc,metaspace   ] GC(96) Metaspace: 77635K(78272K)->77635K(78272K) NonClass: 67014K(67328K)->67014K(67328K) Class: 10620K(10944K)->10620K(10944K)
[186.470s][info ][gc             ] GC(96) Pause Young (Allocation Failure) 2354M->530M(2426M) 19.240ms
[186.470s][info ][gc,cpu         ] GC(96) User=0.08s Sys=0.00s Real=0.02s
[186.470s][info ][safepoint      ] Safepoint "ParallelGCFailedAllocation", Time since last: 978206150 ns, Reaching safepoint: 54601 ns, At safepoint: 19351078 ns, Total: 19405679 ns
[187.470s][info ][safepoint      ] Safepoint "Cleanup", Time since last: 1000093191 ns, Reaching safepoint: 80102 ns, At safepoint: 5200 ns, Total: 85302 ns
[188.470s][info ][safepoint      ] Safepoint "Cleanup", Time since last: 1000112392 ns, Reaching safepoint: 45401 ns, At safepoint: 7200 ns, Total: 52601 ns
[189.470s][info ][safepoint      ] Safepoint "Cleanup", Time since last: 1000064991 ns, Reaching safepoint: 49301 ns, At safepoint: 16100 ns, Total: 65401 ns
[190.471s][info ][safepoint      ] Safepoint "Cleanup", Time since last: 1000111793 ns, Reaching safepoint: 112502 ns, At safepoint: 6700 ns, Total: 119202 ns
[191.471s][info ][safepoint      ] Safepoint "Cleanup", Time since last: 1000104793 ns, Reaching safepoint: 53701 ns, At safepoint: 7300 ns, Total: 61001 ns
[192.471s][info ][safepoint      ] Safepoint "Cleanup", Time since last: 1000104092 ns, Reaching safepoint: 51802 ns, At safepoint: 6300 ns, Total: 58102 ns
[193.471s][info ][safepoint      ] Safepoint "Cleanup", Time since last: 1000124193 ns, Reaching safepoint: 66602 ns, At safepoint: 7300 ns, Total: 73902 ns
[194.471s][info ][safepoint      ] Safepoint "Cleanup", Time since last: 1000103393 ns, Reaching safepoint: 114702 ns, At safepoint: 10401 ns, Total: 125103 ns
[195.472s][info ][safepoint      ] Safepoint "Cleanup", Time since last: 1000077892 ns, Reaching safepoint: 61202 ns, At safepoint: 5700 ns, Total: 66902 ns
[196.472s][info ][safepoint      ] Safepoint "Cleanup", Time since last: 1000075792 ns, Reaching safepoint: 48401 ns, At safepoint: 4600 ns, Total: 53001 ns
[197.472s][info ][safepoint      ] Safepoint "Cleanup", Time since last: 1000128495 ns, Reaching safepoint: 59601 ns, At safepoint: 5900 ns, Total: 65501 ns
[198.472s][info ][safepoint      ] Safepoint "Cleanup", Time since last: 1000104094 ns, Reaching safepoint: 47601 ns, At safepoint: 3100 ns, Total: 50701 ns
[199.276s][info ][gc,start       ] GC(97) Pause Young (Allocation Failure)
[199.295s][debug][gc,phases      ] GC(97) Scavenge 18.819ms
[199.295s][debug][gc,ref         ] GC(97) Skipped phase 1 of Reference Processing: no references
[199.295s][debug][gc,ref         ] GC(97) Skipped phase 3 of Reference Processing: no references
[199.295s][debug][gc,phases      ] GC(97) Reference Processing 0.046ms
[199.296s][debug][gc,phases      ] GC(97) Weak Processing 0.590ms
[199.296s][debug][gc,age         ] GC(97) Desired survivor size 120061952 bytes, new threshold 15 (max threshold 15)
[199.296s][info ][gc,heap        ] GC(97) PSYoungGen: 1944774K(1945088K)->76358K(1979904K) Eden: 1865728K(1865728K)->0K(1862656K) From: 79046K(79360K)->76358K(117248K)
[199.296s][info ][gc,heap        ] GC(97) ParOldGen: 464486K(539648K)->464894K(539648K)
[199.296s][info ][gc,metaspace   ] GC(97) Metaspace: 77738K(78400K)->77738K(78400K) NonClass: 67101K(67456K)->67101K(67456K) Class: 10637K(10944K)->10637K(10944K)
[199.296s][info ][gc             ] GC(97) Pause Young (Allocation Failure) 2352M->528M(2460M) 19.604ms
[199.296s][info ][gc,cpu         ] GC(97) User=0.07s Sys=0.01s Real=0.01s
[199.296s][info ][safepoint      ] Safepoint "ParallelGCFailedAllocation", Time since last: 803830348 ns, Reaching safepoint: 133303 ns, At safepoint: 19745087 ns, Total: 19878390 ns
[200.296s][info ][safepoint      ] Safepoint "Cleanup", Time since last: 1000070694 ns, Reaching safepoint: 63901 ns, At safepoint: 7500 ns, Total: 71401 ns
[201.296s][info ][safepoint      ] Safepoint "Cleanup", Time since last: 1000101995 ns, Reaching safepoint: 54701 ns, At safepoint: 5800 ns, Total: 60501 ns
[202.296s][info ][safepoint      ] Safepoint "Cleanup", Time since last: 1000104495 ns, Reaching safepoint: 47901 ns, At safepoint: 2600 ns, Total: 50501 ns
[203.296s][info ][safepoint      ] Safepoint "Cleanup", Time since last: 1000103595 ns, Reaching safepoint: 45001 ns, At safepoint: 13300 ns, Total: 58301 ns
[205.004s][info ][safepoint      ] Safepoint "Cleanup", Time since last: 1707563964 ns, Reaching safepoint: 105302 ns, At safepoint: 5701 ns, Total: 111003 ns
[206.004s][info ][safepoint      ] Safepoint "Cleanup", Time since last: 1000114195 ns, Reaching safepoint: 83202 ns, At safepoint: 6500 ns, Total: 89702 ns
[207.004s][info ][safepoint      ] Safepoint "Cleanup", Time since last: 1000081195 ns, Reaching safepoint: 69602 ns, At safepoint: 4700 ns, Total: 74302 ns
[208.005s][info ][safepoint      ] Safepoint "Cleanup", Time since last: 1000125896 ns, Reaching safepoint: 56202 ns, At safepoint: 12500 ns, Total: 68702 ns
[209.005s][info ][safepoint      ] Safepoint "Cleanup", Time since last: 1000118096 ns, Reaching safepoint: 50201 ns, At safepoint: 3101 ns, Total: 53302 ns
[210.005s][info ][safepoint      ] Safepoint "Cleanup", Time since last: 1000107996 ns, Reaching safepoint: 58301 ns, At safepoint: 6200 ns, Total: 64501 ns
[211.005s][info ][safepoint      ] Safepoint "Cleanup", Time since last: 1000105997 ns, Reaching safepoint: 50301 ns, At safepoint: 6100 ns, Total: 56401 ns
[212.005s][info ][safepoint      ] Safepoint "Cleanup", Time since last: 1000127997 ns, Reaching safepoint: 58302 ns, At safepoint: 3500 ns, Total: 61802 ns
[213.005s][info ][safepoint      ] Safepoint "Cleanup", Time since last: 1000119097 ns, Reaching safepoint: 55401 ns, At safepoint: 9901 ns, Total: 65302 ns
[213.082s][info ][gc,start       ] GC(98) Pause Young (Allocation Failure)
[213.100s][debug][gc,phases      ] GC(98) Scavenge 17.846ms
[213.100s][debug][gc,ref         ] GC(98) Skipped phase 1 of Reference Processing: no references
[213.100s][debug][gc,ref         ] GC(98) Skipped phase 3 of Reference Processing: no references
[213.100s][debug][gc,phases      ] GC(98) Reference Processing 0.037ms
[213.101s][debug][gc,phases      ] GC(98) Weak Processing 0.578ms
[213.101s][debug][gc,age         ] GC(98) Desired survivor size 119537664 bytes, new threshold 15 (max threshold 15)
[213.101s][info ][gc,heap        ] GC(98) PSYoungGen: 1939014K(1979904K)->75734K(1979904K) Eden: 1862656K(1862656K)->0K(1862656K) From: 76358K(117248K)->75734K(117248K)
[213.101s][info ][gc,heap        ] GC(98) ParOldGen: 464894K(539648K)->465626K(539648K)
[213.101s][info ][gc,metaspace   ] GC(98) Metaspace: 77776K(78400K)->77776K(78400K) NonClass: 67139K(67456K)->67139K(67456K) Class: 10637K(10944K)->10637K(10944K)
[213.101s][info ][gc             ] GC(98) Pause Young (Allocation Failure) 2347M->528M(2460M) 18.606ms
[213.101s][info ][gc,cpu         ] GC(98) User=0.07s Sys=0.00s Real=0.02s
[213.101s][info ][safepoint      ] Safepoint "ParallelGCFailedAllocation", Time since last: 76590491 ns, Reaching safepoint: 30901 ns, At safepoint: 18685961 ns, Total: 18716862 ns
[214.101s][info ][safepoint      ] Safepoint "Cleanup", Time since last: 1000082897 ns, Reaching safepoint: 70001 ns, At safepoint: 10501 ns, Total: 80502 ns
[215.101s][info ][safepoint      ] Safepoint "Cleanup", Time since last: 1000123097 ns, Reaching safepoint: 78502 ns, At safepoint: 8000 ns, Total: 86502 ns
[216.101s][info ][safepoint      ] Safepoint "Cleanup", Time since last: 1000119998 ns, Reaching safepoint: 56001 ns, At safepoint: 10001 ns, Total: 66002 ns
[217.102s][info ][safepoint      ] Safepoint "Cleanup", Time since last: 1000127698 ns, Reaching safepoint: 208005 ns, At safepoint: 8500 ns, Total: 216505 ns
[218.102s][info ][safepoint      ] Safepoint "Cleanup", Time since last: 1000118498 ns, Reaching safepoint: 48202 ns, At safepoint: 7100 ns, Total: 55302 ns
[219.102s][info ][safepoint      ] Safepoint "Cleanup", Time since last: 1000113098 ns, Reaching safepoint: 121903 ns, At safepoint: 11800 ns, Total: 133703 ns
[220.102s][info ][safepoint      ] Safepoint "Cleanup", Time since last: 1000114899 ns, Reaching safepoint: 59901 ns, At safepoint: 9301 ns, Total: 69202 ns
[221.102s][info ][safepoint      ] Safepoint "Cleanup", Time since last: 1000099398 ns, Reaching safepoint: 61301 ns, At safepoint: 4401 ns, Total: 65702 ns
[222.103s][info ][safepoint      ] Safepoint "Cleanup", Time since last: 1000112998 ns, Reaching safepoint: 50802 ns, At safepoint: 6100 ns, Total: 56902 ns
[223.103s][info ][safepoint      ] Safepoint "Cleanup", Time since last: 1000117999 ns, Reaching safepoint: 57001 ns, At safepoint: 3400 ns, Total: 60401 ns
[224.103s][info ][safepoint      ] Safepoint "Cleanup", Time since last: 1000116300 ns, Reaching safepoint: 47501 ns, At safepoint: 7300 ns, Total: 54801 ns
[225.103s][info ][safepoint      ] Safepoint "Cleanup", Time since last: 1000105899 ns, Reaching safepoint: 66302 ns, At safepoint: 5500 ns, Total: 71802 ns
[226.103s][info ][safepoint      ] Safepoint "Cleanup", Time since last: 1000105300 ns, Reaching safepoint: 55201 ns, At safepoint: 2400 ns, Total: 57601 ns
[226.990s][info ][gc,start       ] GC(99) Pause Young (Allocation Failure)
[227.009s][debug][gc,phases      ] GC(99) Scavenge 18.568ms
[227.009s][debug][gc,ref         ] GC(99) Skipped phase 1 of Reference Processing: no references
[227.009s][debug][gc,ref         ] GC(99) Skipped phase 3 of Reference Processing: no references
[227.009s][debug][gc,phases      ] GC(99) Reference Processing 0.059ms
[227.009s][debug][gc,phases      ] GC(99) Weak Processing 0.617ms
[227.009s][debug][gc,age         ] GC(99) Desired survivor size 117964800 bytes, new threshold 15 (max threshold 15)
[227.009s][info ][gc,heap        ] GC(99) PSYoungGen: 1938390K(1979904K)->74838K(1981952K) Eden: 1862656K(1862656K)->0K(1865216K) From: 75734K(117248K)->74838K(116736K)
[227.009s][info ][gc,heap        ] GC(99) ParOldGen: 465626K(539648K)->466718K(539648K)
[227.009s][info ][gc,metaspace   ] GC(99) Metaspace: 77816K(78528K)->77816K(78528K) NonClass: 67179K(67584K)->67179K(67584K) Class: 10637K(10944K)->10637K(10944K)
[227.009s][info ][gc             ] GC(99) Pause Young (Allocation Failure) 2347M->528M(2462M) 19.401ms
[227.009s][info ][gc,cpu         ] GC(99) User=0.07s Sys=0.00s Real=0.02s
[227.009s][info ][safepoint      ] Safepoint "ParallelGCFailedAllocation", Time since last: 886457993 ns, Reaching safepoint: 83302 ns, At safepoint: 19509582 ns, Total: 19592884 ns
[228.010s][info ][safepoint      ] Safepoint "Cleanup", Time since last: 1000082799 ns, Reaching safepoint: 43801 ns, At safepoint: 5501 ns, Total: 49302 ns
[229.010s][info ][safepoint      ] Safepoint "Cleanup", Time since last: 1000104900 ns, Reaching safepoint: 73401 ns, At safepoint: 5901 ns, Total: 79302 ns
[230.010s][info ][safepoint      ] Safepoint "Cleanup", Time since last: 1000110000 ns, Reaching safepoint: 52001 ns, At safepoint: 7400 ns, Total: 59401 ns
[231.010s][info ][safepoint      ] Safepoint "Cleanup", Time since last: 1000104801 ns, Reaching safepoint: 56701 ns, At safepoint: 4100 ns, Total: 60801 ns
[232.010s][info ][safepoint      ] Safepoint "Cleanup", Time since last: 1000108201 ns, Reaching safepoint: 45901 ns, At safepoint: 2900 ns, Total: 48801 ns
[234.010s][info ][safepoint      ] Safepoint "Cleanup", Time since last: 2000167601 ns, Reaching safepoint: 49902 ns, At safepoint: 8200 ns, Total: 58102 ns
[235.011s][info ][safepoint      ] Safepoint "Cleanup", Time since last: 1000096601 ns, Reaching safepoint: 67002 ns, At safepoint: 7300 ns, Total: 74302 ns
[236.011s][info ][safepoint      ] Safepoint "Cleanup", Time since last: 1000122302 ns, Reaching safepoint: 70301 ns, At safepoint: 7201 ns, Total: 77502 ns
[237.011s][info ][safepoint      ] Safepoint "Cleanup", Time since last: 1000074801 ns, Reaching safepoint: 50301 ns, At safepoint: 2900 ns, Total: 53201 ns
[238.011s][info ][safepoint      ] Safepoint "Cleanup", Time since last: 1000078601 ns, Reaching safepoint: 65602 ns, At safepoint: 10800 ns, Total: 76402 ns
[239.011s][info ][safepoint      ] Safepoint "Cleanup", Time since last: 1000115002 ns, Reaching safepoint: 57202 ns, At safepoint: 7500 ns, Total: 64702 ns
[240.011s][info ][safepoint      ] Safepoint "Cleanup", Time since last: 1000106002 ns, Reaching safepoint: 46701 ns, At safepoint: 4201 ns, Total: 50902 ns
[240.976s][info ][gc,start       ] GC(100) Pause Young (Allocation Failure)
[240.995s][debug][gc,phases      ] GC(100) Scavenge 18.900ms
[240.995s][debug][gc,ref         ] GC(100) Skipped phase 1 of Reference Processing: no references
[240.995s][debug][gc,ref         ] GC(100) Skipped phase 3 of Reference Processing: no references
[240.995s][debug][gc,phases      ] GC(100) Reference Processing 0.029ms
[240.996s][debug][gc,phases      ] GC(100) Weak Processing 0.587ms
[240.996s][debug][gc,age         ] GC(100) Desired survivor size 115867648 bytes, new threshold 15 (max threshold 15)
[240.996s][info ][gc,heap        ] GC(100) PSYoungGen: 1940054K(1981952K)->73492K(1980416K) Eden: 1865216K(1865216K)->0K(1865216K) From: 74838K(116736K)->73492K(115200K)
[240.996s][info ][gc,heap        ] GC(100) ParOldGen: 466718K(539648K)->468134K(539648K)
[240.996s][info ][gc,metaspace   ] GC(100) Metaspace: 77839K(78528K)->77839K(78528K) NonClass: 67200K(67584K)->67200K(67584K) Class: 10639K(10944K)->10639K(10944K)
[240.996s][info ][gc             ] GC(100) Pause Young (Allocation Failure) 2350M->528M(2461M) 19.689ms
[240.996s][info ][gc,cpu         ] GC(100) User=0.07s Sys=0.00s Real=0.02s
[240.996s][info ][safepoint      ] Safepoint "ParallelGCFailedAllocation", Time since last: 964502523 ns, Reaching safepoint: 127003 ns, At safepoint: 19796889 ns, Total: 19923892 ns
[241.996s][info ][safepoint      ] Safepoint "Cleanup", Time since last: 1000089502 ns, Reaching safepoint: 52201 ns, At safepoint: 10201 ns, Total: 62402 ns
[243.996s][info ][safepoint      ] Safepoint "Cleanup", Time since last: 2000200005 ns, Reaching safepoint: 69802 ns, At safepoint: 8300 ns, Total: 78102 ns
[244.996s][info ][safepoint      ] Safepoint "Cleanup", Time since last: 1000122904 ns, Reaching safepoint: 59202 ns, At safepoint: 3400 ns, Total: 62602 ns
[245.997s][info ][safepoint      ] Safepoint "Cleanup", Time since last: 1000197005 ns, Reaching safepoint: 62502 ns, At safepoint: 8400 ns, Total: 70902 ns
[246.997s][info ][safepoint      ] Safepoint "Cleanup", Time since last: 1000114704 ns, Reaching safepoint: 57101 ns, At safepoint: 3201 ns, Total: 60302 ns
[247.997s][info ][safepoint      ] Safepoint "Cleanup", Time since last: 1000119804 ns, Reaching safepoint: 69802 ns, At safepoint: 6300 ns, Total: 76102 ns
[248.997s][info ][safepoint      ] Safepoint "Cleanup", Time since last: 1000117604 ns, Reaching safepoint: 54601 ns, At safepoint: 7901 ns, Total: 62502 ns
[249.997s][info ][safepoint      ] Safepoint "Cleanup", Time since last: 1000112004 ns, Reaching safepoint: 62102 ns, At safepoint: 3600 ns, Total: 65702 ns
[250.998s][info ][safepoint      ] Safepoint "Cleanup", Time since last: 1000122005 ns, Reaching safepoint: 46701 ns, At safepoint: 3200 ns, Total: 49901 ns
[252.998s][info ][safepoint      ] Safepoint "Cleanup", Time since last: 2000176608 ns, Reaching safepoint: 68802 ns, At safepoint: 7000 ns, Total: 75802 ns
[253.998s][info ][safepoint      ] Safepoint "Cleanup", Time since last: 1000113006 ns, Reaching safepoint: 55801 ns, At safepoint: 3900 ns, Total: 59701 ns
[254.927s][info ][gc,start       ] GC(101) Pause Young (Allocation Failure)
[254.945s][debug][gc,phases      ] GC(101) Scavenge 17.905ms
[254.945s][debug][gc,ref         ] GC(101) Skipped phase 1 of Reference Processing: no references
[254.945s][debug][gc,ref         ] GC(101) Skipped phase 3 of Reference Processing: no references
[254.945s][debug][gc,phases      ] GC(101) Reference Processing 0.035ms
[254.945s][debug][gc,phases      ] GC(101) Weak Processing 0.543ms
[254.945s][debug][gc,age         ] GC(101) Desired survivor size 111673344 bytes, new threshold 15 (max threshold 15)
[254.945s][info ][gc,heap        ] GC(101) PSYoungGen: 1938708K(1980416K)->63203K(1988096K) Eden: 1865216K(1865216K)->0K(1874944K) From: 73492K(115200K)->63203K(113152K)
[254.945s][info ][gc,heap        ] GC(101) ParOldGen: 468134K(539648K)->479160K(539648K)
[254.945s][info ][gc,metaspace   ] GC(101) Metaspace: 77885K(78528K)->77885K(78528K) NonClass: 67239K(67584K)->67239K(67584K) Class: 10645K(10944K)->10645K(10944K)
[254.945s][info ][gc             ] GC(101) Pause Young (Allocation Failure) 2350M->529M(2468M) 18.630ms
[254.945s][info ][gc,cpu         ] GC(101) User=0.07s Sys=0.00s Real=0.02s
[254.946s][info ][safepoint      ] Safepoint "ParallelGCFailedAllocation", Time since last: 928624640 ns, Reaching safepoint: 123803 ns, At safepoint: 18726962 ns, Total: 18850765 ns
[255.946s][info ][safepoint      ] Safepoint "Cleanup", Time since last: 1000084205 ns, Reaching safepoint: 45801 ns, At safepoint: 2900 ns, Total: 48701 ns
[256.946s][info ][safepoint      ] Safepoint "Cleanup", Time since last: 1000116806 ns, Reaching safepoint: 65202 ns, At safepoint: 6300 ns, Total: 71502 ns
[257.946s][info ][safepoint      ] Safepoint "Cleanup", Time since last: 1000119506 ns, Reaching safepoint: 44801 ns, At safepoint: 3600 ns, Total: 48401 ns
[258.946s][info ][safepoint      ] Safepoint "Cleanup", Time since last: 1000113807 ns, Reaching safepoint: 59501 ns, At safepoint: 8400 ns, Total: 67901 ns
[259.946s][info ][safepoint      ] Safepoint "Cleanup", Time since last: 1000103507 ns, Reaching safepoint: 52901 ns, At safepoint: 11600 ns, Total: 64501 ns
[260.947s][info ][safepoint      ] Safepoint "Cleanup", Time since last: 1000124407 ns, Reaching safepoint: 56801 ns, At safepoint: 7001 ns, Total: 63802 ns
[261.947s][info ][safepoint      ] Safepoint "Cleanup", Time since last: 1000108306 ns, Reaching safepoint: 125803 ns, At safepoint: 6901 ns, Total: 132704 ns
[263.947s][info ][safepoint      ] Safepoint "Cleanup", Time since last: 2000146812 ns, Reaching safepoint: 51001 ns, At safepoint: 8200 ns, Total: 59201 ns
[264.947s][info ][safepoint      ] Safepoint "Cleanup", Time since last: 1000124208 ns, Reaching safepoint: 52101 ns, At safepoint: 3200 ns, Total: 55301 ns
[265.947s][info ][safepoint      ] Safepoint "Cleanup", Time since last: 1000110808 ns, Reaching safepoint: 124903 ns, At safepoint: 15100 ns, Total: 140003 ns
[266.948s][info ][safepoint      ] Safepoint "Cleanup", Time since last: 1000116008 ns, Reaching safepoint: 75302 ns, At safepoint: 7800 ns, Total: 83102 ns
[267.948s][info ][safepoint      ] Safepoint "Cleanup", Time since last: 1000116008 ns, Reaching safepoint: 56201 ns, At safepoint: 9501 ns, Total: 65702 ns
[268.427s][info ][gc,start       ] GC(102) Pause Young (Allocation Failure)
[268.444s][debug][gc,phases      ] GC(102) Scavenge 17.174ms
[268.444s][debug][gc,ref         ] GC(102) Skipped phase 1 of Reference Processing: no references
[268.444s][debug][gc,ref         ] GC(102) Skipped phase 3 of Reference Processing: no references
[268.444s][debug][gc,phases      ] GC(102) Reference Processing 0.032ms
[268.444s][debug][gc,phases      ] GC(102) Weak Processing 0.548ms
[268.444s][debug][gc,age         ] GC(102) Desired survivor size 110100480 bytes, new threshold 15 (max threshold 15)
[268.444s][info ][gc,heap        ] GC(102) PSYoungGen: 1938147K(1988096K)->50374K(1984000K) Eden: 1874944K(1874944K)->0K(1874944K) From: 63203K(113152K)->50374K(109056K)
[268.444s][info ][gc,heap        ] GC(102) ParOldGen: 479160K(539648K)->492615K(539648K)
[268.444s][info ][gc,metaspace   ] GC(102) Metaspace: 77946K(78592K)->77946K(78592K) NonClass: 67295K(67648K)->67295K(67648K) Class: 10650K(10944K)->10650K(10944K)
[268.444s][info ][gc             ] GC(102) Pause Young (Allocation Failure) 2360M->530M(2464M) 17.895ms
[268.445s][info ][gc,cpu         ] GC(102) User=0.06s Sys=0.01s Real=0.02s
[268.445s][info ][safepoint      ] Safepoint "ParallelGCFailedAllocation", Time since last: 478703326 ns, Reaching safepoint: 52601 ns, At safepoint: 17987345 ns, Total: 18039946 ns
[271.445s][info ][safepoint      ] Safepoint "Cleanup", Time since last: 3000203822 ns, Reaching safepoint: 54501 ns, At safepoint: 5200 ns, Total: 59701 ns
[272.445s][info ][safepoint      ] Safepoint "Cleanup", Time since last: 1000101209 ns, Reaching safepoint: 47301 ns, At safepoint: 3000 ns, Total: 50301 ns
[273.445s][info ][safepoint      ] Safepoint "Cleanup", Time since last: 1000117809 ns, Reaching safepoint: 156604 ns, At safepoint: 12400 ns, Total: 169004 ns
[275.446s][info ][safepoint      ] Safepoint "Cleanup", Time since last: 2000164217 ns, Reaching safepoint: 111703 ns, At safepoint: 9300 ns, Total: 121003 ns
[276.446s][info ][safepoint      ] Safepoint "Cleanup", Time since last: 1000117610 ns, Reaching safepoint: 85302 ns, At safepoint: 15000 ns, Total: 100302 ns
[277.446s][info ][safepoint      ] Safepoint "Cleanup", Time since last: 1000118910 ns, Reaching safepoint: 65802 ns, At safepoint: 7900 ns, Total: 73702 ns
[280.446s][info ][safepoint      ] Safepoint "Cleanup", Time since last: 3000247928 ns, Reaching safepoint: 51401 ns, At safepoint: 7100 ns, Total: 58501 ns
[281.446s][info ][safepoint      ] Safepoint "Cleanup", Time since last: 1000104810 ns, Reaching safepoint: 55702 ns, At safepoint: 8000 ns, Total: 63702 ns
[283.129s][info ][gc,start       ] GC(103) Pause Young (Allocation Failure)
[283.141s][debug][gc,phases      ] GC(103) Scavenge 11.878ms
[283.141s][debug][gc,ref         ] GC(103) Skipped phase 1 of Reference Processing: no references
[283.141s][debug][gc,ref         ] GC(103) Skipped phase 3 of Reference Processing: no references
[283.141s][debug][gc,phases      ] GC(103) Reference Processing 0.034ms
[283.141s][debug][gc,phases      ] GC(103) Weak Processing 0.689ms
[283.141s][debug][gc,age         ] GC(103) Desired survivor size 108003328 bytes, new threshold 15 (max threshold 15)
[283.142s][info ][gc,heap        ] GC(103) PSYoungGen: 1925318K(1984000K)->50134K(1991680K) Eden: 1874944K(1874944K)->0K(1884160K) From: 50374K(109056K)->50134K(107520K)
[283.142s][info ][gc,heap        ] GC(103) ParOldGen: 492615K(539648K)->492923K(539648K)
[283.142s][info ][gc,metaspace   ] GC(103) Metaspace: 77970K(78656K)->77970K(78656K) NonClass: 67319K(67712K)->67319K(67712K) Class: 10650K(10944K)->10650K(10944K)
[283.142s][info ][gc             ] GC(103) Pause Young (Allocation Failure) 2361M->530M(2472M) 12.778ms
[283.142s][info ][gc,cpu         ] GC(103) User=0.05s Sys=0.00s Real=0.01s
[283.142s][info ][safepoint      ] Safepoint "ParallelGCFailedAllocation", Time since last: 1682261265 ns, Reaching safepoint: 51901 ns, At safepoint: 12864918 ns, Total: 12916819 ns
[284.142s][info ][safepoint      ] Safepoint "Cleanup", Time since last: 1000142512 ns, Reaching safepoint: 131603 ns, At safepoint: 12401 ns, Total: 144004 ns
[285.142s][info ][safepoint      ] Safepoint "Cleanup", Time since last: 1000112211 ns, Reaching safepoint: 47901 ns, At safepoint: 3300 ns, Total: 51201 ns
[286.142s][info ][safepoint      ] Safepoint "Cleanup", Time since last: 1000170813 ns, Reaching safepoint: 73901 ns, At safepoint: 3601 ns, Total: 77502 ns
[287.143s][info ][safepoint      ] Safepoint "Cleanup", Time since last: 1000117811 ns, Reaching safepoint: 129703 ns, At safepoint: 10401 ns, Total: 140104 ns
[288.143s][info ][safepoint      ] Safepoint "Cleanup", Time since last: 1000121511 ns, Reaching safepoint: 56902 ns, At safepoint: 4400 ns, Total: 61302 ns
[289.143s][info ][safepoint      ] Safepoint "Cleanup", Time since last: 1000114212 ns, Reaching safepoint: 73002 ns, At safepoint: 8100 ns, Total: 81102 ns
[290.143s][info ][safepoint      ] Safepoint "Cleanup", Time since last: 1000112712 ns, Reaching safepoint: 60301 ns, At safepoint: 9101 ns, Total: 69402 ns
[291.143s][info ][safepoint      ] Safepoint "Cleanup", Time since last: 1000120712 ns, Reaching safepoint: 121203 ns, At safepoint: 6500 ns, Total: 127703 ns
[293.144s][info ][safepoint      ] Safepoint "Cleanup", Time since last: 2000188324 ns, Reaching safepoint: 123603 ns, At safepoint: 7500 ns, Total: 131103 ns
[294.144s][info ][safepoint      ] Safepoint "Cleanup", Time since last: 1000123713 ns, Reaching safepoint: 44102 ns, At safepoint: 6000 ns, Total: 50102 ns
[295.144s][info ][safepoint      ] Safepoint "Cleanup", Time since last: 1000113313 ns, Reaching safepoint: 50701 ns, At safepoint: 2800 ns, Total: 53501 ns
[296.144s][info ][safepoint      ] Safepoint "Cleanup", Time since last: 1000117813 ns, Reaching safepoint: 123303 ns, At safepoint: 14501 ns, Total: 137804 ns
[297.042s][info ][gc,start       ] GC(104) Pause Young (Allocation Failure)
[297.058s][debug][gc,phases      ] GC(104) Scavenge 15.065ms
[297.058s][debug][gc,ref         ] GC(104) Skipped phase 1 of Reference Processing: no references
[297.058s][debug][gc,ref         ] GC(104) Skipped phase 3 of Reference Processing: no references
[297.058s][debug][gc,ref         ] GC(104) Skipped phase 4 of Reference Processing: no references
[297.058s][debug][gc,phases      ] GC(104) Reference Processing 0.026ms
[297.058s][debug][gc,phases      ] GC(104) Weak Processing 0.635ms
[297.058s][debug][gc,age         ] GC(104) Desired survivor size 108003328 bytes, new threshold 15 (max threshold 15)
[297.058s][info ][gc,heap        ] GC(104) PSYoungGen: 1934294K(1991680K)->38240K(1989632K) Eden: 1884160K(1884160K)->0K(1884160K) From: 50134K(107520K)->38240K(105472K)
[297.058s][info ][gc,heap        ] GC(104) ParOldGen: 492923K(539648K)->505655K(539648K)
[297.058s][info ][gc,metaspace   ] GC(104) Metaspace: 77982K(78656K)->77982K(78656K) NonClass: 67331K(67712K)->67331K(67712K) Class: 10650K(10944K)->10650K(10944K)
[297.058s][info ][gc             ] GC(104) Pause Young (Allocation Failure) 2370M->531M(2470M) 15.866ms
[297.058s][info ][gc,cpu         ] GC(104) User=0.05s Sys=0.00s Real=0.02s
[297.058s][info ][safepoint      ] Safepoint "ParallelGCFailedAllocation", Time since last: 898138593 ns, Reaching safepoint: 42701 ns, At safepoint: 15981295 ns, Total: 16023996 ns
[298.059s][info ][safepoint      ] Safepoint "Cleanup", Time since last: 1000086013 ns, Reaching safepoint: 81702 ns, At safepoint: 10100 ns, Total: 91802 ns
[299.059s][info ][safepoint      ] Safepoint "Cleanup", Time since last: 1000105313 ns, Reaching safepoint: 51602 ns, At safepoint: 3500 ns, Total: 55102 ns
[300.059s][info ][safepoint      ] Safepoint "Cleanup", Time since last: 1000109414 ns, Reaching safepoint: 53901 ns, At safepoint: 7500 ns, Total: 61401 ns
[303.059s][info ][safepoint      ] Safepoint "Cleanup", Time since last: 3000216839 ns, Reaching safepoint: 61502 ns, At safepoint: 8700 ns, Total: 70202 ns
[305.059s][info ][safepoint      ] Safepoint "Cleanup", Time since last: 2000177028 ns, Reaching safepoint: 55202 ns, At safepoint: 6900 ns, Total: 62102 ns
[306.060s][info ][safepoint      ] Safepoint "Cleanup", Time since last: 1000107414 ns, Reaching safepoint: 59202 ns, At safepoint: 21100 ns, Total: 80302 ns
[307.381s][info ][safepoint      ] Safepoint "Cleanup", Time since last: 1320879042 ns, Reaching safepoint: 155904 ns, At safepoint: 12001 ns, Total: 167905 ns
[308.381s][info ][safepoint      ] Safepoint "Cleanup", Time since last: 1000172716 ns, Reaching safepoint: 164504 ns, At safepoint: 19601 ns, Total: 184105 ns
[309.381s][info ][safepoint      ] Safepoint "Cleanup", Time since last: 1000149016 ns, Reaching safepoint: 125903 ns, At safepoint: 6900 ns, Total: 132803 ns
[310.382s][info ][safepoint      ] Safepoint "Cleanup", Time since last: 1000105616 ns, Reaching safepoint: 117903 ns, At safepoint: 16000 ns, Total: 133903 ns
[310.977s][info ][gc,start       ] GC(105) Pause Young (Allocation Failure)
[310.988s][debug][gc,phases      ] GC(105) Scavenge 10.841ms
[310.988s][debug][gc,ref         ] GC(105) Skipped phase 1 of Reference Processing: no references
[310.988s][debug][gc,ref         ] GC(105) Skipped phase 3 of Reference Processing: no references
[310.988s][debug][gc,ref         ] GC(105) Skipped phase 4 of Reference Processing: no references
[310.988s][debug][gc,phases      ] GC(105) Reference Processing 0.039ms
[310.988s][debug][gc,phases      ] GC(105) Weak Processing 0.597ms
[310.988s][debug][gc,age         ] GC(105) Desired survivor size 110624768 bytes, new threshold 15 (max threshold 15)
[310.988s][info ][gc,heap        ] GC(105) PSYoungGen: 1922400K(1989632K)->18016K(1986560K) Eden: 1884160K(1884160K)->0K(1881088K) From: 38240K(105472K)->18016K(105472K)
[310.988s][info ][gc,heap        ] GC(105) ParOldGen: 505655K(539648K)->525976K(539648K)
[310.988s][info ][gc,metaspace   ] GC(105) Metaspace: 77987K(78656K)->77987K(78656K) NonClass: 67336K(67712K)->67336K(67712K) Class: 10650K(10944K)->10650K(10944K)
[310.988s][info ][gc             ] GC(105) Pause Young (Allocation Failure) 2371M->531M(2467M) 11.619ms
[310.988s][info ][gc,cpu         ] GC(105) User=0.04s Sys=0.01s Real=0.01s
[310.988s][debug][gc,phases      ] GC(106) Pre Compact 0.014ms
[310.988s][info ][gc,start       ] GC(106) Pause Full (Ergonomics)
[310.988s][info ][gc,phases,start] GC(106) Marking Phase
[311.140s][debug][gc,phases      ] GC(106) Par Mark 151.791ms
[311.140s][debug][gc,ref         ] GC(106) Skipped phase 1 of Reference Processing: no references
[311.141s][debug][gc,ref         ] GC(106) Skipped phase 3 of Reference Processing: no references
[311.141s][debug][gc,phases      ] GC(106) Reference Processing 0.522ms
[311.142s][debug][gc,phases      ] GC(106) Weak Processing 0.758ms
[311.142s][debug][gc,phases      ] GC(106) ClassLoaderData 0.069ms
[311.142s][debug][gc,phases      ] GC(106) Trigger cleanups 0.000ms
[311.161s][debug][gc,phases      ] GC(106) Class Unloading 19.440ms
[311.161s][info ][gc,phases      ] GC(106) Marking Phase 172.700ms
[311.161s][info ][gc,phases,start] GC(106) Summary Phase
[311.161s][info ][gc,phases      ] GC(106) Summary Phase 0.020ms
[311.161s][info ][gc,phases,start] GC(106) Adjust Roots
[311.177s][info ][gc,phases      ] GC(106) Adjust Roots 15.477ms
[311.177s][info ][gc,phases,start] GC(106) Compaction Phase
[311.291s][info ][gc,phases      ] GC(106) Compaction Phase 114.194ms
[311.291s][info ][gc,phases,start] GC(106) Post Compact
[311.292s][info ][gc,phases      ] GC(106) Post Compact 1.368ms
[311.292s][info ][gc,heap        ] GC(106) PSYoungGen: 18016K(1986560K)->0K(1989120K) Eden: 0K(1881088K)->0K(1881088K) From: 18016K(105472K)->0K(108032K)
[311.292s][info ][gc,heap        ] GC(106) ParOldGen: 525976K(539648K)->429268K(538112K)
[311.292s][info ][gc,metaspace   ] GC(106) Metaspace: 77987K(78656K)->77987K(78656K) NonClass: 67336K(67712K)->67336K(67712K) Class: 10650K(10944K)->10650K(10944K)
[311.292s][info ][gc             ] GC(106) Pause Full (Ergonomics) 531M->419M(2468M) 303.993ms
[311.292s][info ][gc,cpu         ] GC(106) User=1.09s Sys=0.00s Real=0.30s
[311.292s][info ][safepoint      ] Safepoint "ParallelGCFailedAllocation", Time since last: 594936703 ns, Reaching safepoint: 106702 ns, At safepoint: 315771804 ns, Total: 315878506 ns
[312.360s][info ][safepoint      ] Safepoint "Cleanup", Time since last: 1067783388 ns, Reaching safepoint: 42802 ns, At safepoint: 7300 ns, Total: 50102 ns
[314.360s][info ][safepoint      ] Safepoint "Cleanup", Time since last: 2000170831 ns, Reaching safepoint: 50501 ns, At safepoint: 3000 ns, Total: 53501 ns
[315.361s][info ][safepoint      ] Safepoint "Cleanup", Time since last: 1000104116 ns, Reaching safepoint: 50902 ns, At safepoint: 2900 ns, Total: 53802 ns
[316.361s][info ][safepoint      ] Safepoint "Cleanup", Time since last: 1000116416 ns, Reaching safepoint: 66602 ns, At safepoint: 6100 ns, Total: 72702 ns
[317.361s][info ][safepoint      ] Safepoint "Cleanup", Time since last: 1000104517 ns, Reaching safepoint: 48901 ns, At safepoint: 3500 ns, Total: 52401 ns
[318.361s][info ][safepoint      ] Safepoint "Cleanup", Time since last: 1000139518 ns, Reaching safepoint: 55301 ns, At safepoint: 8600 ns, Total: 63901 ns
[321.362s][info ][safepoint      ] Safepoint "Cleanup", Time since last: 3000240450 ns, Reaching safepoint: 137203 ns, At safepoint: 12501 ns, Total: 149704 ns
[322.362s][info ][safepoint      ] Safepoint "Cleanup", Time since last: 1000111717 ns, Reaching safepoint: 56802 ns, At safepoint: 4300 ns, Total: 61102 ns
[323.362s][info ][safepoint      ] Safepoint "Cleanup", Time since last: 1000109418 ns, Reaching safepoint: 47901 ns, At safepoint: 2800 ns, Total: 50701 ns
[324.156s][info ][gc,start       ] GC(107) Pause Young (Allocation Failure)
[324.159s][debug][gc,phases      ] GC(107) Scavenge 2.417ms
[324.159s][debug][gc,ref         ] GC(107) Skipped phase 1 of Reference Processing: no references
[324.159s][debug][gc,ref         ] GC(107) Skipped phase 3 of Reference Processing: no references
[324.159s][debug][gc,ref         ] GC(107) Skipped phase 4 of Reference Processing: no references
[324.159s][debug][gc,phases      ] GC(107) Reference Processing 0.025ms
[324.159s][debug][gc,phases      ] GC(107) Weak Processing 0.570ms
[324.159s][debug][gc,age         ] GC(107) Desired survivor size 114819072 bytes, new threshold 15 (max threshold 15)
[324.159s][info ][gc,heap        ] GC(107) PSYoungGen: 1881088K(1989120K)->3200K(1980928K) Eden: 1881088K(1881088K)->0K(1872896K) From: 0K(108032K)->3200K(108032K)
[324.159s][info ][gc,heap        ] GC(107) ParOldGen: 429268K(538112K)->429268K(538112K)
[324.159s][info ][gc,metaspace   ] GC(107) Metaspace: 78000K(78656K)->78000K(78656K) NonClass: 67349K(67712K)->67349K(67712K) Class: 10650K(10944K)->10650K(10944K)
[324.160s][info ][gc             ] GC(107) Pause Young (Allocation Failure) 2256M->422M(2460M) 3.147ms
[324.160s][info ][gc,cpu         ] GC(107) User=0.01s Sys=0.00s Real=0.00s
[324.160s][info ][safepoint      ] Safepoint "ParallelGCFailedAllocation", Time since last: 794403034 ns, Reaching safepoint: 29700 ns, At safepoint: 3231580 ns, Total: 3261280 ns
[325.160s][info ][safepoint      ] Safepoint "Cleanup", Time since last: 1000090818 ns, Reaching safepoint: 48301 ns, At safepoint: 2800 ns, Total: 51101 ns
[326.160s][info ][safepoint      ] Safepoint "Cleanup", Time since last: 1000135219 ns, Reaching safepoint: 50001 ns, At safepoint: 7400 ns, Total: 57401 ns
[328.160s][info ][safepoint      ] Safepoint "Cleanup", Time since last: 2000183636 ns, Reaching safepoint: 79802 ns, At safepoint: 11701 ns, Total: 91503 ns
[329.160s][info ][safepoint      ] Safepoint "Cleanup", Time since last: 1000223221 ns, Reaching safepoint: 46501 ns, At safepoint: 3601 ns, Total: 50102 ns
[330.161s][info ][safepoint      ] Safepoint "Cleanup", Time since last: 1000112018 ns, Reaching safepoint: 76502 ns, At safepoint: 6501 ns, Total: 83003 ns
[331.161s][info ][safepoint      ] Safepoint "Cleanup", Time since last: 1000105619 ns, Reaching safepoint: 62901 ns, At safepoint: 7900 ns, Total: 70801 ns
[334.161s][info ][safepoint      ] Safepoint "Cleanup", Time since last: 3000233156 ns, Reaching safepoint: 68502 ns, At safepoint: 10200 ns, Total: 78702 ns
[335.161s][info ][safepoint      ] Safepoint "Cleanup", Time since last: 1000085619 ns, Reaching safepoint: 51301 ns, At safepoint: 9101 ns, Total: 60402 ns
[337.162s][info ][safepoint      ] Safepoint "Cleanup", Time since last: 2000183639 ns, Reaching safepoint: 60401 ns, At safepoint: 9001 ns, Total: 69402 ns
[337.279s][info ][gc,start       ] GC(108) Pause Young (Allocation Failure)
[337.281s][debug][gc,phases      ] GC(108) Scavenge 2.417ms
[337.281s][debug][gc,ref         ] GC(108) Skipped phase 1 of Reference Processing: no references
[337.281s][debug][gc,ref         ] GC(108) Skipped phase 3 of Reference Processing: no references
[337.281s][debug][gc,ref         ] GC(108) Skipped phase 4 of Reference Processing: no references
[337.281s][debug][gc,phases      ] GC(108) Reference Processing 0.025ms
[337.282s][debug][gc,phases      ] GC(108) Weak Processing 0.597ms
[337.282s][debug][gc,age         ] GC(108) Desired survivor size 116916224 bytes, new threshold 15 (max threshold 15)
[337.282s][info ][gc,heap        ] GC(108) PSYoungGen: 1876096K(1980928K)->3520K(1876480K) Eden: 1872896K(1872896K)->0K(1872896K) From: 3200K(108032K)->3520K(3584K)
[337.282s][info ][gc,heap        ] GC(108) ParOldGen: 429268K(538112K)->429268K(538112K)
[337.282s][info ][gc,metaspace   ] GC(108) Metaspace: 78011K(78656K)->78011K(78656K) NonClass: 67360K(67712K)->67360K(67712K) Class: 10650K(10944K)->10650K(10944K)
[337.282s][info ][gc             ] GC(108) Pause Young (Allocation Failure) 2251M->422M(2358M) 3.167ms
[337.282s][info ][gc,cpu         ] GC(108) User=0.01s Sys=0.00s Real=0.00s
[337.282s][info ][safepoint      ] Safepoint "ParallelGCFailedAllocation", Time since last: 117130195 ns, Reaching safepoint: 106302 ns, At safepoint: 3251781 ns, Total: 3358083 ns
[338.282s][info ][safepoint      ] Safepoint "Cleanup", Time since last: 1000085619 ns, Reaching safepoint: 197805 ns, At safepoint: 12601 ns, Total: 210406 ns
[339.283s][info ][safepoint      ] Safepoint "Cleanup", Time since last: 1000121620 ns, Reaching safepoint: 161004 ns, At safepoint: 7900 ns, Total: 168904 ns
[340.283s][info ][safepoint      ] Safepoint "Cleanup", Time since last: 1000119321 ns, Reaching safepoint: 122003 ns, At safepoint: 13801 ns, Total: 135804 ns
[341.283s][info ][safepoint      ] Safepoint "Cleanup", Time since last: 1000121621 ns, Reaching safepoint: 131403 ns, At safepoint: 9300 ns, Total: 140703 ns
[342.283s][info ][safepoint      ] Safepoint "Cleanup", Time since last: 1000119921 ns, Reaching safepoint: 133004 ns, At safepoint: 11400 ns, Total: 144404 ns
[343.284s][info ][safepoint      ] Safepoint "Cleanup", Time since last: 1000103621 ns, Reaching safepoint: 99802 ns, At safepoint: 11301 ns, Total: 111103 ns
[344.284s][info ][safepoint      ] Safepoint "Cleanup", Time since last: 1000104321 ns, Reaching safepoint: 100302 ns, At safepoint: 8900 ns, Total: 109202 ns
[345.284s][info ][safepoint      ] Safepoint "Cleanup", Time since last: 1000098721 ns, Reaching safepoint: 151204 ns, At safepoint: 9600 ns, Total: 160804 ns
[346.284s][info ][safepoint      ] Safepoint "Cleanup", Time since last: 1000117522 ns, Reaching safepoint: 144404 ns, At safepoint: 8900 ns, Total: 153304 ns
[347.285s][info ][safepoint      ] Safepoint "Cleanup", Time since last: 1000113422 ns, Reaching safepoint: 125303 ns, At safepoint: 12800 ns, Total: 138103 ns
[349.087s][info ][safepoint      ] Safepoint "Cleanup", Time since last: 1801697037 ns, Reaching safepoint: 214805 ns, At safepoint: 10000 ns, Total: 224805 ns
[349.677s][info ][gc,start       ] GC(109) Pause Young (Allocation Failure)
[349.680s][debug][gc,phases      ] GC(109) Scavenge 3.366ms
[349.680s][debug][gc,ref         ] GC(109) Skipped phase 1 of Reference Processing: no references
[349.680s][debug][gc,ref         ] GC(109) Skipped phase 3 of Reference Processing: no references
[349.680s][debug][gc,phases      ] GC(109) Reference Processing 0.033ms
[349.681s][debug][gc,phases      ] GC(109) Weak Processing 0.522ms
[349.681s][debug][gc,age         ] GC(109) Desired survivor size 116916224 bytes, new threshold 15 (max threshold 15)
[349.681s][info ][gc,heap        ] GC(109) PSYoungGen: 1876416K(1876480K)->3888K(1982976K) Eden: 1872896K(1872896K)->0K(1868800K) From: 3520K(3584K)->3888K(114176K)
[349.681s][info ][gc,heap        ] GC(109) ParOldGen: 429268K(538112K)->429276K(538112K)
[349.681s][info ][gc,metaspace   ] GC(109) Metaspace: 78202K(78912K)->78202K(78912K) NonClass: 67519K(67904K)->67519K(67904K) Class: 10683K(11008K)->10683K(11008K)
[349.681s][info ][gc             ] GC(109) Pause Young (Allocation Failure) 2251M->423M(2462M) 4.063ms
[349.681s][info ][gc,cpu         ] GC(109) User=0.01s Sys=0.00s Real=0.00s
[349.681s][info ][safepoint      ] Safepoint "ParallelGCFailedAllocation", Time since last: 590221290 ns, Reaching safepoint: 125803 ns, At safepoint: 4151303 ns, Total: 4277106 ns
[350.681s][info ][safepoint      ] Safepoint "Cleanup", Time since last: 1000098722 ns, Reaching safepoint: 133903 ns, At safepoint: 8601 ns, Total: 142504 ns
[351.682s][info ][safepoint      ] Safepoint "Cleanup", Time since last: 1000107822 ns, Reaching safepoint: 141903 ns, At safepoint: 11501 ns, Total: 153404 ns
[352.682s][info ][safepoint      ] Safepoint "Cleanup", Time since last: 1000114322 ns, Reaching safepoint: 130804 ns, At safepoint: 8600 ns, Total: 139404 ns
[353.682s][info ][safepoint      ] Safepoint "Cleanup", Time since last: 1000106223 ns, Reaching safepoint: 111202 ns, At safepoint: 7200 ns, Total: 118402 ns
[354.682s][info ][safepoint      ] Safepoint "Cleanup", Time since last: 1000115224 ns, Reaching safepoint: 124603 ns, At safepoint: 163204 ns, Total: 287807 ns
[356.683s][info ][safepoint      ] Safepoint "Cleanup", Time since last: 2000189245 ns, Reaching safepoint: 132803 ns, At safepoint: 14701 ns, Total: 147504 ns
[357.683s][info ][safepoint      ] Safepoint "Cleanup", Time since last: 1000116423 ns, Reaching safepoint: 123503 ns, At safepoint: 10101 ns, Total: 133604 ns
[358.683s][info ][safepoint      ] Safepoint "Cleanup", Time since last: 1000111123 ns, Reaching safepoint: 119103 ns, At safepoint: 11901 ns, Total: 131004 ns
[359.683s][info ][safepoint      ] Safepoint "Cleanup", Time since last: 1000131224 ns, Reaching safepoint: 135703 ns, At safepoint: 8500 ns, Total: 144203 ns
[361.684s][info ][safepoint      ] Safepoint "Cleanup", Time since last: 2000166347 ns, Reaching safepoint: 122203 ns, At safepoint: 12300 ns, Total: 134503 ns
[362.684s][info ][safepoint      ] Safepoint "Cleanup", Time since last: 1000105424 ns, Reaching safepoint: 134604 ns, At safepoint: 10700 ns, Total: 145304 ns
[363.376s][info ][gc,start       ] GC(110) Pause Young (Allocation Failure)
[363.380s][debug][gc,phases      ] GC(110) Scavenge 3.242ms
[363.380s][debug][gc,ref         ] GC(110) Skipped phase 1 of Reference Processing: no references
[363.380s][debug][gc,ref         ] GC(110) Skipped phase 3 of Reference Processing: no references
[363.380s][debug][gc,phases      ] GC(110) Reference Processing 0.034ms
[363.380s][debug][gc,phases      ] GC(110) Weak Processing 0.557ms
[363.380s][debug][gc,age         ] GC(110) Desired survivor size 116391936 bytes, new threshold 15 (max threshold 15)
[363.380s][info ][gc,heap        ] GC(110) PSYoungGen: 1872688K(1982976K)->4336K(1982976K) Eden: 1868800K(1868800K)->0K(1868800K) From: 3888K(114176K)->4336K(114176K)
[363.380s][info ][gc,heap        ] GC(110) ParOldGen: 429276K(538112K)->429284K(538112K)
[363.380s][info ][gc,metaspace   ] GC(110) Metaspace: 78299K(78976K)->78299K(78976K) NonClass: 67610K(67968K)->67610K(67968K) Class: 10688K(11008K)->10688K(11008K)
[363.380s][info ][gc             ] GC(110) Pause Young (Allocation Failure) 2248M->423M(2462M) 3.985ms
[363.380s][info ][gc,cpu         ] GC(110) User=0.02s Sys=0.00s Real=0.00s
[363.380s][info ][safepoint      ] Safepoint "ParallelGCFailedAllocation", Time since last: 692086209 ns, Reaching safepoint: 118803 ns, At safepoint: 4077101 ns, Total: 4195904 ns
[364.381s][info ][safepoint      ] Safepoint "Cleanup", Time since last: 1000112725 ns, Reaching safepoint: 127303 ns, At safepoint: 8800 ns, Total: 136103 ns
[365.381s][info ][safepoint      ] Safepoint "Cleanup", Time since last: 1000123625 ns, Reaching safepoint: 122903 ns, At safepoint: 12400 ns, Total: 135303 ns
[367.381s][info ][safepoint      ] Safepoint "Cleanup", Time since last: 2000177449 ns, Reaching safepoint: 132103 ns, At safepoint: 9400 ns, Total: 141503 ns
[369.382s][info ][safepoint      ] Safepoint "Cleanup", Time since last: 2000191750 ns, Reaching safepoint: 160104 ns, At safepoint: 9000 ns, Total: 169104 ns
[370.382s][info ][safepoint      ] Safepoint "Cleanup", Time since last: 1000130026 ns, Reaching safepoint: 142904 ns, At safepoint: 11900 ns, Total: 154804 ns
[371.382s][info ][safepoint      ] Safepoint "Cleanup", Time since last: 1000117526 ns, Reaching safepoint: 120703 ns, At safepoint: 7700 ns, Total: 128403 ns
[372.382s][info ][safepoint      ] Safepoint "Cleanup", Time since last: 1000100725 ns, Reaching safepoint: 158504 ns, At safepoint: 10200 ns, Total: 168704 ns
[373.383s][info ][safepoint      ] Safepoint "Cleanup", Time since last: 1000104826 ns, Reaching safepoint: 152904 ns, At safepoint: 9200 ns, Total: 162104 ns
[375.383s][info ][safepoint      ] Safepoint "Cleanup", Time since last: 2000177451 ns, Reaching safepoint: 130503 ns, At safepoint: 7601 ns, Total: 138104 ns
[376.383s][info ][safepoint      ] Safepoint "Cleanup", Time since last: 1000118126 ns, Reaching safepoint: 119803 ns, At safepoint: 5600 ns, Total: 125403 ns
[376.529s][info ][gc,start       ] GC(111) Pause Young (Allocation Failure)
[376.532s][debug][gc,phases      ] GC(111) Scavenge 3.606ms
[376.532s][debug][gc,ref         ] GC(111) Skipped phase 1 of Reference Processing: no references
[376.532s][debug][gc,ref         ] GC(111) Skipped phase 3 of Reference Processing: no references
[376.532s][debug][gc,phases      ] GC(111) Reference Processing 0.028ms
[376.533s][debug][gc,phases      ] GC(111) Weak Processing 0.642ms
[376.533s][debug][gc,age         ] GC(111) Desired survivor size 114294784 bytes, new threshold 15 (max threshold 15)
[376.533s][info ][gc,heap        ] GC(111) PSYoungGen: 1873136K(1982976K)->5168K(1985536K) Eden: 1868800K(1868800K)->0K(1871872K) From: 4336K(114176K)->5168K(113664K)
[376.533s][info ][gc,heap        ] GC(111) ParOldGen: 429284K(538112K)->429284K(538112K)
[376.533s][info ][gc,metaspace   ] GC(111) Metaspace: 78394K(79040K)->78394K(79040K) NonClass: 67695K(68032K)->67695K(68032K) Class: 10699K(11008K)->10699K(11008K)
[376.533s][info ][gc             ] GC(111) Pause Young (Allocation Failure) 2248M->424M(2464M) 4.441ms
[376.533s][info ][gc,cpu         ] GC(111) User=0.01s Sys=0.00s Real=0.00s
[376.533s][info ][safepoint      ] Safepoint "ParallelGCFailedAllocation", Time since last: 145427696 ns, Reaching safepoint: 98202 ns, At safepoint: 4526412 ns, Total: 4624614 ns
[377.533s][info ][safepoint      ] Safepoint "Cleanup", Time since last: 1000086626 ns, Reaching safepoint: 51301 ns, At safepoint: 6200 ns, Total: 57501 ns
[378.534s][info ][safepoint      ] Safepoint "Cleanup", Time since last: 1000109627 ns, Reaching safepoint: 116303 ns, At safepoint: 6100 ns, Total: 122403 ns
[379.534s][info ][safepoint      ] Safepoint "Cleanup", Time since last: 1000103927 ns, Reaching safepoint: 116603 ns, At safepoint: 12500 ns, Total: 129103 ns
[380.534s][info ][safepoint      ] Safepoint "Cleanup", Time since last: 1000113827 ns, Reaching safepoint: 124603 ns, At safepoint: 12300 ns, Total: 136903 ns
[381.534s][info ][safepoint      ] Safepoint "Cleanup", Time since last: 1000126028 ns, Reaching safepoint: 139903 ns, At safepoint: 14601 ns, Total: 154504 ns
[384.535s][info ][safepoint      ] Safepoint "Cleanup", Time since last: 3000259780 ns, Reaching safepoint: 122603 ns, At safepoint: 12700 ns, Total: 135303 ns
[386.535s][info ][safepoint      ] Safepoint "Cleanup", Time since last: 2000174855 ns, Reaching safepoint: 124403 ns, At safepoint: 13900 ns, Total: 138303 ns
[390.277s][info ][gc,start       ] GC(112) Pause Young (Allocation Failure)
[390.280s][debug][gc,phases      ] GC(112) Scavenge 3.411ms
[390.280s][debug][gc,ref         ] GC(112) Skipped phase 1 of Reference Processing: no references
[390.280s][debug][gc,ref         ] GC(112) Skipped phase 3 of Reference Processing: no references
[390.280s][debug][gc,phases      ] GC(112) Reference Processing 0.025ms
[390.281s][debug][gc,phases      ] GC(112) Weak Processing 0.544ms
[390.281s][debug][gc,age         ] GC(112) Desired survivor size 111673344 bytes, new threshold 15 (max threshold 15)
[390.281s][info ][gc,heap        ] GC(112) PSYoungGen: 1877040K(1985536K)->5072K(1983488K) Eden: 1871872K(1871872K)->0K(1871872K) From: 5168K(113664K)->5072K(111616K)
[390.281s][info ][gc,heap        ] GC(112) ParOldGen: 429284K(538112K)->429284K(538112K)
[390.281s][info ][gc,metaspace   ] GC(112) Metaspace: 78410K(79104K)->78410K(79104K) NonClass: 67710K(68096K)->67710K(68096K) Class: 10699K(11008K)->10699K(11008K)
[390.281s][info ][gc             ] GC(112) Pause Young (Allocation Failure) 2252M->424M(2462M) 4.102ms
[390.281s][info ][gc,cpu         ] GC(112) User=0.01s Sys=0.00s Real=0.00s
[390.281s][info ][safepoint      ] Safepoint "ParallelGCFailedAllocation", Time since last: 3741269005 ns, Reaching safepoint: 155504 ns, At safepoint: 4190403 ns, Total: 4345907 ns
[391.281s][info ][safepoint      ] Safepoint "Cleanup", Time since last: 1000094029 ns, Reaching safepoint: 127503 ns, At safepoint: 7800 ns, Total: 135303 ns
[392.281s][info ][safepoint      ] Safepoint "Cleanup", Time since last: 1000121629 ns, Reaching safepoint: 129203 ns, At safepoint: 11900 ns, Total: 141103 ns
[394.281s][info ][safepoint      ] Safepoint "Cleanup", Time since last: 2000200658 ns, Reaching safepoint: 121803 ns, At safepoint: 12500 ns, Total: 134303 ns
[395.282s][info ][safepoint      ] Safepoint "Cleanup", Time since last: 1000116629 ns, Reaching safepoint: 139704 ns, At safepoint: 7500 ns, Total: 147204 ns
[396.282s][info ][safepoint      ] Safepoint "Cleanup", Time since last: 1000119330 ns, Reaching safepoint: 107902 ns, At safepoint: 6100 ns, Total: 114002 ns
[398.282s][info ][safepoint      ] Safepoint "Cleanup", Time since last: 2000190759 ns, Reaching safepoint: 129503 ns, At safepoint: 6900 ns, Total: 136403 ns
[399.283s][info ][safepoint      ] Safepoint "Cleanup", Time since last: 1000107630 ns, Reaching safepoint: 106802 ns, At safepoint: 10301 ns, Total: 117103 ns
[400.283s][info ][safepoint      ] Safepoint "Cleanup", Time since last: 1000115630 ns, Reaching safepoint: 121903 ns, At safepoint: 9100 ns, Total: 131003 ns
[401.283s][info ][safepoint      ] Safepoint "Cleanup", Time since last: 1000109830 ns, Reaching safepoint: 131703 ns, At safepoint: 10200 ns, Total: 141903 ns
[402.283s][info ][safepoint      ] Safepoint "Cleanup", Time since last: 1000118431 ns, Reaching safepoint: 121003 ns, At safepoint: 9500 ns, Total: 130503 ns
[404.577s][info ][gc,start       ] GC(113) Pause Young (Allocation Failure)
[404.581s][debug][gc,phases      ] GC(113) Scavenge 3.522ms
[404.581s][debug][gc,ref         ] GC(113) Skipped phase 1 of Reference Processing: no references
[404.581s][debug][gc,ref         ] GC(113) Skipped phase 3 of Reference Processing: no references
[404.581s][debug][gc,phases      ] GC(113) Reference Processing 0.049ms
[404.581s][debug][gc,phases      ] GC(113) Weak Processing 0.542ms
[404.581s][debug][gc,age         ] GC(113) Desired survivor size 108527616 bytes, new threshold 15 (max threshold 15)
[404.581s][info ][gc,heap        ] GC(113) PSYoungGen: 1876944K(1983488K)->5072K(1991168K) Eden: 1871872K(1871872K)->0K(1882112K) From: 5072K(111616K)->5072K(109056K)
[404.581s][info ][gc,heap        ] GC(113) ParOldGen: 429284K(538112K)->429292K(538112K)
[404.581s][info ][gc,metaspace   ] GC(113) Metaspace: 78418K(79104K)->78418K(79104K) NonClass: 67718K(68096K)->67718K(68096K) Class: 10700K(11008K)->10700K(11008K)
[404.581s][info ][gc             ] GC(113) Pause Young (Allocation Failure) 2252M->424M(2470M) 4.257ms
[404.581s][info ][gc,cpu         ] GC(113) User=0.01s Sys=0.00s Real=0.00s
[404.581s][info ][safepoint      ] Safepoint "ParallelGCFailedAllocation", Time since last: 2293563214 ns, Reaching safepoint: 172805 ns, At safepoint: 4349707 ns, Total: 4522512 ns
[405.582s][info ][safepoint      ] Safepoint "Cleanup", Time since last: 1000104131 ns, Reaching safepoint: 168304 ns, At safepoint: 20400 ns, Total: 188704 ns
[413.582s][info ][safepoint      ] Safepoint "Cleanup", Time since last: 8000573043 ns, Reaching safepoint: 122903 ns, At safepoint: 10800 ns, Total: 133703 ns
[414.583s][info ][safepoint      ] Safepoint "Cleanup", Time since last: 1000105432 ns, Reaching safepoint: 99403 ns, At safepoint: 10000 ns, Total: 109403 ns
[415.583s][info ][safepoint      ] Safepoint "Cleanup", Time since last: 1000117032 ns, Reaching safepoint: 115903 ns, At safepoint: 7100 ns, Total: 123003 ns
[418.877s][info ][gc,start       ] GC(114) Pause Young (Allocation Failure)
[418.881s][debug][gc,phases      ] GC(114) Scavenge 3.639ms
[418.881s][debug][gc,ref         ] GC(114) Skipped phase 1 of Reference Processing: no references
[418.881s][debug][gc,ref         ] GC(114) Skipped phase 3 of Reference Processing: no references
[418.881s][debug][gc,phases      ] GC(114) Reference Processing 0.028ms
[418.881s][debug][gc,phases      ] GC(114) Weak Processing 0.522ms
[418.881s][debug][gc,age         ] GC(114) Desired survivor size 104857600 bytes, new threshold 15 (max threshold 15)
[418.881s][info ][gc,heap        ] GC(114) PSYoungGen: 1887184K(1991168K)->5872K(1988096K) Eden: 1882112K(1882112K)->0K(1882112K) From: 5072K(109056K)->5872K(105984K)
[418.881s][info ][gc,heap        ] GC(114) ParOldGen: 429292K(538112K)->429292K(538112K)
[418.881s][info ][gc,metaspace   ] GC(114) Metaspace: 78462K(79104K)->78462K(79104K) NonClass: 67756K(68096K)->67756K(68096K) Class: 10706K(11008K)->10706K(11008K)
[418.881s][info ][gc             ] GC(114) Pause Young (Allocation Failure) 2262M->424M(2467M) 4.332ms
[418.881s][info ][gc,cpu         ] GC(114) User=0.02s Sys=0.00s Real=0.00s
[418.881s][info ][safepoint      ] Safepoint "ParallelGCFailedAllocation", Time since last: 3293908758 ns, Reaching safepoint: 104602 ns, At safepoint: 4424210 ns, Total: 4528812 ns
[419.881s][info ][safepoint      ] Safepoint "Cleanup", Time since last: 1000056031 ns, Reaching safepoint: 123003 ns, At safepoint: 5600 ns, Total: 128603 ns
[420.882s][info ][safepoint      ] Safepoint "Cleanup", Time since last: 1000096633 ns, Reaching safepoint: 172204 ns, At safepoint: 10700 ns, Total: 182904 ns
[421.882s][info ][safepoint      ] Safepoint "Cleanup", Time since last: 1000146234 ns, Reaching safepoint: 126303 ns, At safepoint: 9400 ns, Total: 135703 ns
[424.882s][info ][safepoint      ] Safepoint "Cleanup", Time since last: 3000261398 ns, Reaching safepoint: 130003 ns, At safepoint: 8501 ns, Total: 138504 ns
[427.883s][info ][safepoint      ] Safepoint "Cleanup", Time since last: 3000254099 ns, Reaching safepoint: 114503 ns, At safepoint: 8800 ns, Total: 123303 ns
[429.883s][info ][safepoint      ] Safepoint "Cleanup", Time since last: 2000161966 ns, Reaching safepoint: 72102 ns, At safepoint: 7800 ns, Total: 79902 ns
[430.883s][info ][safepoint      ] Safepoint "Cleanup", Time since last: 1000146035 ns, Reaching safepoint: 147404 ns, At safepoint: 11500 ns, Total: 158904 ns
[431.427s][info ][gc,start       ] GC(115) Pause Young (Allocation Failure)
[431.431s][debug][gc,phases      ] GC(115) Scavenge 4.090ms
[431.431s][debug][gc,ref         ] GC(115) Skipped phase 1 of Reference Processing: no references
[431.431s][debug][gc,ref         ] GC(115) Skipped phase 3 of Reference Processing: no references
[431.431s][debug][gc,phases      ] GC(115) Reference Processing 0.026ms
[431.432s][debug][gc,phases      ] GC(115) Weak Processing 0.532ms
[431.432s][debug][gc,age         ] GC(115) Desired survivor size 100139008 bytes, new threshold 15 (max threshold 15)
[431.432s][info ][gc,heap        ] GC(115) PSYoungGen: 1887984K(1988096K)->7008K(1999360K) Eden: 1882112K(1882112K)->0K(1896960K) From: 5872K(105984K)->7008K(102400K)
[431.432s][info ][gc,heap        ] GC(115) ParOldGen: 429292K(538112K)->429292K(538112K)
[431.432s][info ][gc,metaspace   ] GC(115) Metaspace: 78470K(79104K)->78470K(79104K) NonClass: 67764K(68096K)->67764K(68096K) Class: 10706K(11008K)->10706K(11008K)
[431.432s][info ][gc             ] GC(115) Pause Young (Allocation Failure) 2262M->426M(2478M) 4.775ms
[431.432s][info ][gc,cpu         ] GC(115) User=0.02s Sys=0.00s Real=0.01s
[431.432s][info ][safepoint      ] Safepoint "ParallelGCFailedAllocation", Time since last: 543390639 ns, Reaching safepoint: 81302 ns, At safepoint: 4862721 ns, Total: 4944023 ns
[432.432s][info ][safepoint      ] Safepoint "Cleanup", Time since last: 1000090934 ns, Reaching safepoint: 141303 ns, At safepoint: 9600 ns, Total: 150903 ns
[433.432s][info ][safepoint      ] Safepoint "Cleanup", Time since last: 1000107635 ns, Reaching safepoint: 118503 ns, At safepoint: 9400 ns, Total: 127903 ns
[434.432s][info ][safepoint      ] Safepoint "Cleanup", Time since last: 1000112835 ns, Reaching safepoint: 123003 ns, At safepoint: 22000 ns, Total: 145003 ns
[435.433s][info ][safepoint      ] Safepoint "Cleanup", Time since last: 1000122435 ns, Reaching safepoint: 117903 ns, At safepoint: 11401 ns, Total: 129304 ns
[436.433s][info ][safepoint      ] Safepoint "Cleanup", Time since last: 1000109335 ns, Reaching safepoint: 116002 ns, At safepoint: 8301 ns, Total: 124303 ns
[438.056s][info ][safepoint      ] Safepoint "Cleanup", Time since last: 1623509353 ns, Reaching safepoint: 55501 ns, At safepoint: 5100 ns, Total: 60601 ns
[439.057s][info ][safepoint      ] Safepoint "Cleanup", Time since last: 1000112036 ns, Reaching safepoint: 47901 ns, At safepoint: 3100 ns, Total: 51001 ns
[440.057s][info ][safepoint      ] Safepoint "Cleanup", Time since last: 1000110436 ns, Reaching safepoint: 43301 ns, At safepoint: 16900 ns, Total: 60201 ns
[441.544s][info ][safepoint      ] Safepoint "Cleanup", Time since last: 1487415588 ns, Reaching safepoint: 140804 ns, At safepoint: 11700 ns, Total: 152504 ns
[443.776s][info ][gc,start       ] GC(116) Pause Young (Allocation Failure)
[443.780s][debug][gc,phases      ] GC(116) Scavenge 3.905ms
[443.780s][debug][gc,ref         ] GC(116) Skipped phase 1 of Reference Processing: no references
[443.780s][debug][gc,ref         ] GC(116) Skipped phase 3 of Reference Processing: no references
[443.780s][debug][gc,phases      ] GC(116) Reference Processing 0.027ms
[443.781s][debug][gc,phases      ] GC(116) Weak Processing 0.560ms
[443.781s][debug][gc,age         ] GC(116) Desired survivor size 95944704 bytes, new threshold 15 (max threshold 15)
[443.781s][info ][gc,heap        ] GC(116) PSYoungGen: 1903968K(1999360K)->7456K(1994752K) Eden: 1896960K(1896960K)->0K(1896960K) From: 7008K(102400K)->7456K(97792K)
[443.781s][info ][gc,heap        ] GC(116) ParOldGen: 429292K(538112K)->429292K(538112K)
[443.781s][info ][gc,metaspace   ] GC(116) Metaspace: 78491K(79168K)->78491K(79168K) NonClass: 67783K(68160K)->67783K(68160K) Class: 10707K(11008K)->10707K(11008K)
[443.781s][info ][gc             ] GC(116) Pause Young (Allocation Failure) 2278M->426M(2473M) 4.620ms
[443.781s][info ][gc,cpu         ] GC(116) User=0.01s Sys=0.00s Real=0.00s
[443.781s][info ][safepoint      ] Safepoint "ParallelGCFailedAllocation", Time since last: 2231942503 ns, Reaching safepoint: 126903 ns, At safepoint: 4728717 ns, Total: 4855620 ns
[445.781s][info ][safepoint      ] Safepoint "Cleanup", Time since last: 1999906265 ns, Reaching safepoint: 116802 ns, At safepoint: 11001 ns, Total: 127803 ns
[447.730s][info ][safepoint      ] Safepoint "Cleanup", Time since last: 1949145209 ns, Reaching safepoint: 121003 ns, At safepoint: 7200 ns, Total: 128203 ns
[449.731s][info ][safepoint      ] Safepoint "Cleanup", Time since last: 2000172873 ns, Reaching safepoint: 93002 ns, At safepoint: 11300 ns, Total: 104302 ns
[452.731s][info ][safepoint      ] Safepoint "Cleanup", Time since last: 3000239309 ns, Reaching safepoint: 136403 ns, At safepoint: 9601 ns, Total: 146004 ns
[454.731s][info ][safepoint      ] Safepoint "Cleanup", Time since last: 2000176073 ns, Reaching safepoint: 110503 ns, At safepoint: 12000 ns, Total: 122503 ns
[455.732s][info ][safepoint      ] Safepoint "Cleanup", Time since last: 1000120138 ns, Reaching safepoint: 130603 ns, At safepoint: 7100 ns, Total: 137703 ns
[456.327s][info ][gc,start       ] GC(117) Pause Young (Allocation Failure)
[456.332s][debug][gc,phases      ] GC(117) Scavenge 4.600ms
[456.332s][debug][gc,ref         ] GC(117) Skipped phase 1 of Reference Processing: no references
[456.332s][debug][gc,ref         ] GC(117) Skipped phase 3 of Reference Processing: no references
[456.332s][debug][gc,phases      ] GC(117) Reference Processing 0.028ms
[456.333s][debug][gc,phases      ] GC(117) Weak Processing 0.553ms
[456.333s][debug][gc,age         ] GC(117) Desired survivor size 91226112 bytes, new threshold 15 (max threshold 15)
[456.333s][info ][gc,heap        ] GC(117) PSYoungGen: 1904416K(1994752K)->7472K(2008064K) Eden: 1896960K(1896960K)->0K(1914368K) From: 7456K(97792K)->7472K(93696K)
[456.333s][info ][gc,heap        ] GC(117) ParOldGen: 429292K(538112K)->429292K(538112K)
[456.333s][info ][gc,metaspace   ] GC(117) Metaspace: 78514K(79168K)->78514K(79168K) NonClass: 67804K(68160K)->67804K(68160K) Class: 10709K(11008K)->10709K(11008K)
[456.333s][info ][gc             ] GC(117) Pause Young (Allocation Failure) 2279M->426M(2486M) 5.323ms
[456.333s][info ][gc,cpu         ] GC(117) User=0.01s Sys=0.00s Real=0.01s
[456.333s][info ][safepoint      ] Safepoint "ParallelGCFailedAllocation", Time since last: 595438729 ns, Reaching safepoint: 185604 ns, At safepoint: 5427434 ns, Total: 5613038 ns
[457.333s][info ][safepoint      ] Safepoint "Cleanup", Time since last: 1000084638 ns, Reaching safepoint: 114502 ns, At safepoint: 7701 ns, Total: 122203 ns
[458.333s][info ][safepoint      ] Safepoint "Cleanup", Time since last: 1000109637 ns, Reaching safepoint: 115403 ns, At safepoint: 5900 ns, Total: 121303 ns
[459.333s][info ][safepoint      ] Safepoint "Cleanup", Time since last: 1000108938 ns, Reaching safepoint: 191805 ns, At safepoint: 11200 ns, Total: 203005 ns
[461.334s][info ][safepoint      ] Safepoint "Cleanup", Time since last: 2000181776 ns, Reaching safepoint: 122203 ns, At safepoint: 11900 ns, Total: 134103 ns
[464.334s][info ][safepoint      ] Safepoint "Cleanup", Time since last: 3000258914 ns, Reaching safepoint: 117603 ns, At safepoint: 7400 ns, Total: 125003 ns
[465.334s][info ][safepoint      ] Safepoint "Cleanup", Time since last: 1000111039 ns, Reaching safepoint: 119203 ns, At safepoint: 9700 ns, Total: 128903 ns
[466.335s][info ][safepoint      ] Safepoint "Cleanup", Time since last: 1000124739 ns, Reaching safepoint: 134704 ns, At safepoint: 9100 ns, Total: 143804 ns
[468.335s][info ][safepoint      ] Safepoint "Cleanup", Time since last: 2000183777 ns, Reaching safepoint: 117903 ns, At safepoint: 10500 ns, Total: 128403 ns
[468.832s][info ][gc,start       ] GC(118) Pause Young (Allocation Failure)
[468.836s][debug][gc,phases      ] GC(118) Scavenge 3.806ms
[468.836s][debug][gc,ref         ] GC(118) Skipped phase 1 of Reference Processing: no references
[468.836s][debug][gc,ref         ] GC(118) Skipped phase 3 of Reference Processing: no references
[468.836s][debug][gc,phases      ] GC(118) Reference Processing 0.066ms
[468.837s][debug][gc,phases      ] GC(118) Weak Processing 0.655ms
[468.837s][debug][gc,age         ] GC(118) Desired survivor size 87031808 bytes, new threshold 15 (max threshold 15)
[468.837s][info ][gc,heap        ] GC(118) PSYoungGen: 1921840K(2008064K)->7248K(2003456K) Eden: 1914368K(1914368K)->0K(1914368K) From: 7472K(93696K)->7248K(89088K)
[468.837s][info ][gc,heap        ] GC(118) ParOldGen: 429292K(538112K)->429292K(538112K)
[468.837s][info ][gc,metaspace   ] GC(118) Metaspace: 78516K(79168K)->78516K(79168K) NonClass: 67806K(68160K)->67806K(68160K) Class: 10709K(11008K)->10709K(11008K)
[468.837s][info ][gc             ] GC(118) Pause Young (Allocation Failure) 2296M->426M(2482M) 4.676ms
[468.837s][info ][gc,cpu         ] GC(118) User=0.02s Sys=0.00s Real=0.01s
[468.837s][info ][safepoint      ] Safepoint "ParallelGCFailedAllocation", Time since last: 497112897 ns, Reaching safepoint: 45201 ns, At safepoint: 4764718 ns, Total: 4809919 ns
[469.837s][info ][safepoint      ] Safepoint "Cleanup", Time since last: 1000093439 ns, Reaching safepoint: 132203 ns, At safepoint: 12901 ns, Total: 145104 ns
[470.837s][info ][safepoint      ] Safepoint "Cleanup", Time since last: 1000160441 ns, Reaching safepoint: 155003 ns, At safepoint: 10401 ns, Total: 165404 ns
[471.838s][info ][safepoint      ] Safepoint "Cleanup", Time since last: 1000106239 ns, Reaching safepoint: 146004 ns, At safepoint: 8800 ns, Total: 154804 ns
[472.838s][info ][safepoint      ] Safepoint "Cleanup", Time since last: 1000110140 ns, Reaching safepoint: 135103 ns, At safepoint: 10800 ns, Total: 145903 ns
[473.838s][info ][safepoint      ] Safepoint "Cleanup", Time since last: 1000112740 ns, Reaching safepoint: 126303 ns, At safepoint: 15901 ns, Total: 142204 ns
[474.839s][info ][safepoint      ] Safepoint "Cleanup", Time since last: 1000107740 ns, Reaching safepoint: 129303 ns, At safepoint: 12100 ns, Total: 141403 ns
[475.839s][info ][safepoint      ] Safepoint "Cleanup", Time since last: 1000124641 ns, Reaching safepoint: 138403 ns, At safepoint: 10200 ns, Total: 148603 ns
[476.316s][info ][gc,start       ] GC(119) Pause Young (Allocation Failure)
[476.334s][debug][gc,phases      ] GC(119) Scavenge 18.318ms
[476.334s][debug][gc,ref         ] GC(119) Skipped phase 1 of Reference Processing: no references
[476.334s][debug][gc,ref         ] GC(119) Skipped phase 3 of Reference Processing: no references
[476.334s][debug][gc,phases      ] GC(119) Reference Processing 0.047ms
[476.335s][debug][gc,phases      ] GC(119) Weak Processing 0.542ms
[476.335s][debug][gc,age         ] GC(119) Desired survivor size 94371840 bytes, new threshold 15 (max threshold 15)
[476.335s][info ][gc,heap        ] GC(119) PSYoungGen: 1921616K(2003456K)->57120K(1997824K) Eden: 1914368K(1914368K)->0K(1912832K) From: 7248K(89088K)->57120K(84992K)
[476.335s][info ][gc,heap        ] GC(119) ParOldGen: 429292K(538112K)->429292K(538112K)
[476.335s][info ][gc,metaspace   ] GC(119) Metaspace: 78521K(79168K)->78521K(79168K) NonClass: 67812K(68160K)->67812K(68160K) Class: 10709K(11008K)->10709K(11008K)
[476.335s][info ][gc             ] GC(119) Pause Young (Allocation Failure) 2295M->475M(2476M) 19.045ms
[476.335s][info ][gc,cpu         ] GC(119) User=0.07s Sys=0.00s Real=0.02s
[476.335s][info ][safepoint      ] Safepoint "ParallelGCFailedAllocation", Time since last: 476599890 ns, Reaching safepoint: 123103 ns, At safepoint: 19160974 ns, Total: 19284077 ns
[477.335s][info ][safepoint      ] Safepoint "Cleanup", Time since last: 1000089140 ns, Reaching safepoint: 134603 ns, At safepoint: 10701 ns, Total: 145304 ns
[478.335s][info ][safepoint      ] Safepoint "Cleanup", Time since last: 1000113740 ns, Reaching safepoint: 184205 ns, At safepoint: 10100 ns, Total: 194305 ns
[479.335s][info ][safepoint      ] Safepoint "Cleanup", Time since last: 1000074840 ns, Reaching safepoint: 140203 ns, At safepoint: 11600 ns, Total: 151803 ns
[480.336s][info ][safepoint      ] Safepoint "Cleanup", Time since last: 1000115241 ns, Reaching safepoint: 133004 ns, At safepoint: 6800 ns, Total: 139804 ns
[481.336s][info ][safepoint      ] Safepoint "Cleanup", Time since last: 1000127741 ns, Reaching safepoint: 101202 ns, At safepoint: 11001 ns, Total: 112203 ns
[482.336s][info ][safepoint      ] Safepoint "Cleanup", Time since last: 1000116541 ns, Reaching safepoint: 162004 ns, At safepoint: 8600 ns, Total: 170604 ns
[482.529s][info ][gc,start       ] GC(120) Pause Young (Allocation Failure)
[482.551s][debug][gc,phases      ] GC(120) Scavenge 22.452ms
[482.552s][debug][gc,ref         ] GC(120) Skipped phase 1 of Reference Processing: no references
[482.552s][debug][gc,ref         ] GC(120) Skipped phase 3 of Reference Processing: no references
[482.552s][debug][gc,phases      ] GC(120) Reference Processing 0.035ms
[482.552s][debug][gc,phases      ] GC(120) Weak Processing 0.770ms
[482.552s][debug][gc,age         ] GC(120) Desired survivor size 110624768 bytes, new threshold 15 (max threshold 15)
[482.552s][info ][gc,heap        ] GC(120) PSYoungGen: 1969952K(1997824K)->85376K(1998336K) Eden: 1912832K(1912832K)->0K(1912832K) From: 57120K(84992K)->85376K(85504K)
[482.552s][info ][gc,heap        ] GC(120) ParOldGen: 429292K(538112K)->429292K(538112K)
[482.552s][info ][gc,metaspace   ] GC(120) Metaspace: 78556K(79232K)->78556K(79232K) NonClass: 67846K(68224K)->67846K(68224K) Class: 10709K(11008K)->10709K(11008K)
[482.552s][info ][gc             ] GC(120) Pause Young (Allocation Failure) 2343M->502M(2477M) 23.430ms
[482.552s][info ][gc,cpu         ] GC(120) User=0.09s Sys=0.00s Real=0.02s
[482.552s][info ][safepoint      ] Safepoint "ParallelGCFailedAllocation", Time since last: 192584464 ns, Reaching safepoint: 129603 ns, At safepoint: 23523282 ns, Total: 23652885 ns
[483.553s][info ][safepoint      ] Safepoint "Cleanup", Time since last: 1000083641 ns, Reaching safepoint: 113203 ns, At safepoint: 13600 ns, Total: 126803 ns
[484.553s][info ][safepoint      ] Safepoint "Cleanup", Time since last: 1000117641 ns, Reaching safepoint: 122003 ns, At safepoint: 8601 ns, Total: 130604 ns
[485.553s][info ][safepoint      ] Safepoint "Cleanup", Time since last: 1000107841 ns, Reaching safepoint: 135503 ns, At safepoint: 15301 ns, Total: 150804 ns
[487.469s][info ][safepoint      ] Safepoint "Cleanup", Time since last: 1916128402 ns, Reaching safepoint: 134704 ns, At safepoint: 6900 ns, Total: 141604 ns
[488.470s][info ][safepoint      ] Safepoint "Cleanup", Time since last: 1000098341 ns, Reaching safepoint: 93903 ns, At safepoint: 10000 ns, Total: 103903 ns
[489.470s][info ][safepoint      ] Safepoint "Cleanup", Time since last: 1000109642 ns, Reaching safepoint: 50301 ns, At safepoint: 2400 ns, Total: 52701 ns
[490.470s][info ][safepoint      ] Safepoint "Cleanup", Time since last: 1000067741 ns, Reaching safepoint: 64701 ns, At safepoint: 8601 ns, Total: 73302 ns
[490.644s][info ][gc,start       ] GC(121) Pause Young (Allocation Failure)
[490.664s][debug][gc,phases      ] GC(121) Scavenge 19.445ms
[490.664s][debug][gc,ref         ] GC(121) Skipped phase 1 of Reference Processing: no references
[490.664s][debug][gc,ref         ] GC(121) Skipped phase 3 of Reference Processing: no references
[490.664s][debug][gc,phases      ] GC(121) Reference Processing 0.036ms
[490.665s][debug][gc,phases      ] GC(121) Weak Processing 0.581ms
[490.665s][debug][gc,age         ] GC(121) Desired survivor size 121634816 bytes, new threshold 15 (max threshold 15)
[490.665s][info ][gc,heap        ] GC(121) PSYoungGen: 1998208K(1998336K)->80096K(1958400K) Eden: 1912832K(1912832K)->0K(1859584K) From: 85376K(85504K)->80096K(98816K)
[490.665s][info ][gc,heap        ] GC(121) ParOldGen: 429292K(538112K)->429292K(538112K)
[490.665s][info ][gc,metaspace   ] GC(121) Metaspace: 78597K(79232K)->78597K(79232K) NonClass: 67888K(68224K)->67888K(68224K) Class: 10709K(11008K)->10709K(11008K)
[490.665s][info ][gc             ] GC(121) Pause Young (Allocation Failure) 2370M->497M(2438M) 20.207ms
[490.665s][info ][gc,cpu         ] GC(121) User=0.08s Sys=0.00s Real=0.02s
[490.665s][info ][safepoint      ] Safepoint "ParallelGCFailedAllocation", Time since last: 174468816 ns, Reaching safepoint: 32901 ns, At safepoint: 20296002 ns, Total: 20328903 ns
[492.665s][info ][safepoint      ] Safepoint "Cleanup", Time since last: 2000166983 ns, Reaching safepoint: 47501 ns, At safepoint: 7200 ns, Total: 54701 ns
[493.665s][info ][safepoint      ] Safepoint "Cleanup", Time since last: 1000103942 ns, Reaching safepoint: 53002 ns, At safepoint: 10800 ns, Total: 63802 ns
[497.665s][info ][safepoint      ] Safepoint "Cleanup", Time since last: 4000297767 ns, Reaching safepoint: 46701 ns, At safepoint: 9800 ns, Total: 56501 ns
[498.666s][info ][safepoint      ] Safepoint "Cleanup", Time since last: 1000095643 ns, Reaching safepoint: 69801 ns, At safepoint: 6401 ns, Total: 76202 ns
[499.424s][info ][gc,start       ] GC(122) Pause Young (Allocation Failure)
[499.461s][debug][gc,phases      ] GC(122) Scavenge 37.488ms
[499.461s][debug][gc,ref         ] GC(122) Skipped phase 1 of Reference Processing: no references
[499.461s][debug][gc,ref         ] GC(122) Skipped phase 3 of Reference Processing: no references
[499.462s][debug][gc,phases      ] GC(122) Reference Processing 0.048ms
[499.462s][debug][gc,phases      ] GC(122) Weak Processing 0.768ms
[499.462s][debug][gc,age         ] GC(122) Desired survivor size 150994944 bytes, new threshold 14 (max threshold 15)
[499.462s][info ][gc,heap        ] GC(122) PSYoungGen: 1939680K(1958400K)->118752K(1978368K) Eden: 1859584K(1859584K)->0K(1859584K) From: 80096K(98816K)->118752K(118784K)
[499.462s][info ][gc,heap        ] GC(122) ParOldGen: 429292K(538112K)->445664K(538112K)
[499.462s][info ][gc,metaspace   ] GC(122) Metaspace: 78740K(79424K)->78740K(79424K) NonClass: 68007K(68352K)->68007K(68352K) Class: 10732K(11072K)->10732K(11072K)
[499.462s][info ][gc             ] GC(122) Pause Young (Allocation Failure) 2313M->551M(2457M) 38.475ms
[499.462s][info ][gc,cpu         ] GC(122) User=0.14s Sys=0.00s Real=0.04s
[499.462s][info ][safepoint      ] Safepoint "ParallelGCFailedAllocation", Time since last: 757934351 ns, Reaching safepoint: 245206 ns, At safepoint: 38574455 ns, Total: 38819661 ns
[500.463s][info ][safepoint      ] Safepoint "Cleanup", Time since last: 1000083442 ns, Reaching safepoint: 175004 ns, At safepoint: 13101 ns, Total: 188105 ns
[501.435s][info ][safepoint      ] Safepoint "ICBufferFull", Time since last: 969052075 ns, Reaching safepoint: 3133877 ns, At safepoint: 11600 ns, Total: 3145477 ns
[502.435s][info ][safepoint      ] Safepoint "Cleanup", Time since last: 1000111044 ns, Reaching safepoint: 303107 ns, At safepoint: 9601 ns, Total: 312708 ns
[503.442s][info ][safepoint      ] Safepoint "Cleanup", Time since last: 1003239720 ns, Reaching safepoint: 3335683 ns, At safepoint: 21201 ns, Total: 3356884 ns
[504.442s][info ][safepoint      ] Safepoint "Cleanup", Time since last: 1000102443 ns, Reaching safepoint: 152304 ns, At safepoint: 10100 ns, Total: 162404 ns
[505.442s][info ][safepoint      ] Safepoint "Cleanup", Time since last: 1000098543 ns, Reaching safepoint: 201005 ns, At safepoint: 11401 ns, Total: 212406 ns
[505.534s][info ][gc,start       ] GC(123) Pause Young (Allocation Failure)
[505.612s][debug][gc,phases      ] GC(123) Scavenge 77.593ms
[505.612s][debug][gc,ref         ] GC(123) Skipped phase 1 of Reference Processing: no references
[505.612s][debug][gc,ref         ] GC(123) Skipped phase 3 of Reference Processing: no references
[505.612s][debug][gc,phases      ] GC(123) Reference Processing 0.035ms
[505.612s][debug][gc,phases      ] GC(123) Weak Processing 0.572ms
[505.612s][debug][gc,age         ] GC(123) Desired survivor size 200802304 bytes, new threshold 13 (max threshold 15)
[505.612s][info ][gc,heap        ] GC(123) PSYoungGen: 1978336K(1978368K)->118771K(1823744K) Eden: 1859584K(1859584K)->0K(1704960K) From: 118752K(118784K)->118771K(118784K)
[505.612s][info ][gc,heap        ] GC(123) ParOldGen: 445664K(538112K)->530644K(538112K)
[505.612s][info ][gc,metaspace   ] GC(123) Metaspace: 78999K(79616K)->78999K(79616K) NonClass: 68228K(68544K)->68228K(68544K) Class: 10770K(11072K)->10770K(11072K)
[505.612s][info ][gc             ] GC(123) Pause Young (Allocation Failure) 2367M->634M(2306M) 78.352ms
[505.612s][info ][gc,cpu         ] GC(123) User=0.22s Sys=0.00s Real=0.08s
[505.613s][debug][gc,phases      ] GC(124) Pre Compact 0.010ms
[505.613s][info ][gc,start       ] GC(124) Pause Full (Ergonomics)
[505.613s][info ][gc,phases,start] GC(124) Marking Phase
[505.786s][debug][gc,phases      ] GC(124) Par Mark 173.051ms
[505.786s][debug][gc,ref         ] GC(124) Skipped phase 1 of Reference Processing: no references
[505.786s][debug][gc,ref         ] GC(124) Skipped phase 3 of Reference Processing: no references
[505.786s][debug][gc,phases      ] GC(124) Reference Processing 0.406ms
[505.787s][debug][gc,phases      ] GC(124) Weak Processing 0.556ms
[505.787s][debug][gc,phases      ] GC(124) ClassLoaderData 0.152ms
[505.787s][debug][gc,phases      ] GC(124) Trigger cleanups 0.008ms
[505.823s][debug][gc,phases      ] GC(124) Class Unloading 35.840ms
[505.823s][info ][gc,phases      ] GC(124) Marking Phase 210.024ms
[505.823s][info ][gc,phases,start] GC(124) Summary Phase
[505.823s][info ][gc,phases      ] GC(124) Summary Phase 0.016ms
[505.823s][info ][gc,phases,start] GC(124) Adjust Roots
[505.847s][info ][gc,phases      ] GC(124) Adjust Roots 24.230ms
[505.847s][info ][gc,phases,start] GC(124) Compaction Phase
[506.149s][info ][gc,phases      ] GC(124) Compaction Phase 301.736ms
[506.149s][info ][gc,phases,start] GC(124) Post Compact
[506.150s][info ][gc,phases      ] GC(124) Post Compact 1.847ms
[506.151s][info ][gc,heap        ] GC(124) PSYoungGen: 118771K(1823744K)->86112K(1823744K) Eden: 0K(1704960K)->0K(1704960K) From: 118771K(118784K)->86112K(118784K)
[506.151s][info ][gc,heap        ] GC(124) ParOldGen: 530644K(538112K)->537742K(695296K)
[506.151s][info ][gc,metaspace   ] GC(124) Metaspace: 78999K(79616K)->78997K(79616K) NonClass: 68228K(68544K)->68227K(68544K) Class: 10770K(11072K)->10770K(11072K)
[506.151s][info ][gc             ] GC(124) Pause Full (Ergonomics) 634M->609M(2460M) 538.206ms
[506.151s][info ][gc,cpu         ] GC(124) User=1.86s Sys=0.02s Real=0.54s
[506.164s][info ][safepoint      ] Safepoint "ParallelGCFailedAllocation", Time since last: 91455962 ns, Reaching safepoint: 124903 ns, At safepoint: 629671579 ns, Total: 629796482 ns
[506.165s][info ][safepoint      ] Safepoint "ICBufferFull", Time since last: 79602 ns, Reaching safepoint: 748419 ns, At safepoint: 11500 ns, Total: 759919 ns
[506.184s][info ][safepoint      ] Safepoint "ICBufferFull", Time since last: 19158074 ns, Reaching safepoint: 354809 ns, At safepoint: 8200 ns, Total: 363009 ns
[506.336s][info ][safepoint      ] Safepoint "ICBufferFull", Time since last: 151336344 ns, Reaching safepoint: 273907 ns, At safepoint: 3000 ns, Total: 276907 ns
[507.336s][info ][safepoint      ] Safepoint "Cleanup", Time since last: 1000111544 ns, Reaching safepoint: 280807 ns, At safepoint: 7200 ns, Total: 288007 ns
[508.974s][info ][safepoint      ] Safepoint "Cleanup", Time since last: 1637751620 ns, Reaching safepoint: 313308 ns, At safepoint: 19701 ns, Total: 333009 ns
[509.975s][info ][safepoint      ] Safepoint "Cleanup", Time since last: 1000097444 ns, Reaching safepoint: 209205 ns, At safepoint: 7800 ns, Total: 217005 ns
[510.975s][info ][safepoint      ] Safepoint "Cleanup", Time since last: 1000100444 ns, Reaching safepoint: 217406 ns, At safepoint: 18400 ns, Total: 235806 ns
[511.009s][info ][gc,start       ] GC(125) Pause Young (Allocation Failure)
[511.111s][debug][gc,phases      ] GC(125) Scavenge 102.051ms
[511.111s][debug][gc,ref         ] GC(125) Skipped phase 1 of Reference Processing: no references
[511.111s][debug][gc,ref         ] GC(125) Skipped phase 3 of Reference Processing: no references
[511.111s][debug][gc,ref         ] GC(125) Skipped phase 4 of Reference Processing: no references
[511.111s][debug][gc,phases      ] GC(125) Reference Processing 0.038ms
[511.111s][debug][gc,phases      ] GC(125) Weak Processing 0.673ms
[511.111s][debug][gc,age         ] GC(125) Desired survivor size 216530944 bytes, new threshold 14 (max threshold 15)
[511.112s][info ][gc,heap        ] GC(125) PSYoungGen: 1791072K(1823744K)->138424K(1843712K) Eden: 1704960K(1704960K)->0K(1704960K) From: 86112K(118784K)->138424K(138752K)
[511.112s][info ][gc,heap        ] GC(125) ParOldGen: 537742K(695296K)->537954K(695296K)
[511.112s][info ][gc,metaspace   ] GC(125) Metaspace: 79028K(79680K)->79028K(79680K) NonClass: 68256K(68608K)->68256K(68608K) Class: 10771K(11072K)->10771K(11072K)
[511.112s][info ][gc             ] GC(125) Pause Young (Allocation Failure) 2274M->660M(2479M) 102.914ms
[511.112s][info ][gc,cpu         ] GC(125) User=0.33s Sys=0.00s Real=0.10s
[511.112s][info ][safepoint      ] Safepoint "ParallelGCFailedAllocation", Time since last: 33604431 ns, Reaching safepoint: 129104 ns, At safepoint: 103025249 ns, Total: 103154353 ns
[512.112s][info ][safepoint      ] Safepoint "Cleanup", Time since last: 1000134945 ns, Reaching safepoint: 287207 ns, At safepoint: 12800 ns, Total: 300007 ns
[513.112s][info ][safepoint      ] Safepoint "Cleanup", Time since last: 1000104345 ns, Reaching safepoint: 116303 ns, At safepoint: 7000 ns, Total: 123303 ns
[514.112s][info ][safepoint      ] Safepoint "Cleanup", Time since last: 1000100244 ns, Reaching safepoint: 108003 ns, At safepoint: 5600 ns, Total: 113603 ns
[515.113s][info ][safepoint      ] Safepoint "Cleanup", Time since last: 1000101445 ns, Reaching safepoint: 61201 ns, At safepoint: 7000 ns, Total: 68201 ns
[516.113s][info ][safepoint      ] Safepoint "Cleanup", Time since last: 1000100745 ns, Reaching safepoint: 67602 ns, At safepoint: 2600 ns, Total: 70202 ns
[517.113s][info ][safepoint      ] Safepoint "Cleanup", Time since last: 1000101745 ns, Reaching safepoint: 173404 ns, At safepoint: 18201 ns, Total: 191605 ns
[518.113s][info ][safepoint      ] Safepoint "Cleanup", Time since last: 1000110545 ns, Reaching safepoint: 52401 ns, At safepoint: 7100 ns, Total: 59501 ns
[518.882s][info ][gc,start       ] GC(126) Pause Young (Allocation Failure)
[518.927s][debug][gc,phases      ] GC(126) Scavenge 44.593ms
[518.927s][debug][gc,ref         ] GC(126) Skipped phase 1 of Reference Processing: no references
[518.927s][debug][gc,ref         ] GC(126) Skipped phase 3 of Reference Processing: no references
[518.927s][debug][gc,phases      ] GC(126) Reference Processing 0.027ms
[518.928s][debug][gc,phases      ] GC(126) Weak Processing 0.609ms
[518.928s][debug][gc,age         ] GC(126) Desired survivor size 232783872 bytes, new threshold 15 (max threshold 15)
[518.928s][info ][gc,heap        ] GC(126) PSYoungGen: 1843384K(1843712K)->150667K(1853952K) Eden: 1704960K(1704960K)->0K(1642496K) From: 138424K(138752K)->150667K(211456K)
[518.928s][info ][gc,heap        ] GC(126) ParOldGen: 537954K(695296K)->537962K(695296K)
[518.928s][info ][gc,metaspace   ] GC(126) Metaspace: 79070K(79680K)->79070K(79680K) NonClass: 68297K(68608K)->68297K(68608K) Class: 10773K(11072K)->10773K(11072K)
[518.928s][info ][gc             ] GC(126) Pause Young (Allocation Failure) 2325M->672M(2489M) 45.370ms
[518.928s][info ][gc,cpu         ] GC(126) User=0.15s Sys=0.00s Real=0.04s
[518.928s][info ][safepoint      ] Safepoint "ParallelGCFailedAllocation", Time since last: 768862124 ns, Reaching safepoint: 64302 ns, At safepoint: 45478125 ns, Total: 45542427 ns
[519.928s][info ][safepoint      ] Safepoint "Cleanup", Time since last: 1000096945 ns, Reaching safepoint: 142503 ns, At safepoint: 10401 ns, Total: 152904 ns
[521.928s][info ][safepoint      ] Safepoint "Cleanup", Time since last: 2000179390 ns, Reaching safepoint: 107003 ns, At safepoint: 13900 ns, Total: 120903 ns
[522.928s][info ][safepoint      ] Safepoint "Cleanup", Time since last: 1000119546 ns, Reaching safepoint: 97402 ns, At safepoint: 14701 ns, Total: 112103 ns
[523.929s][info ][safepoint      ] Safepoint "Cleanup", Time since last: 1000128546 ns, Reaching safepoint: 184205 ns, At safepoint: 10100 ns, Total: 194305 ns
[524.929s][info ][safepoint      ] Safepoint "Cleanup", Time since last: 1000122046 ns, Reaching safepoint: 134103 ns, At safepoint: 15301 ns, Total: 149404 ns
[525.929s][info ][safepoint      ] Safepoint "Cleanup", Time since last: 1000138147 ns, Reaching safepoint: 155904 ns, At safepoint: 22100 ns, Total: 178004 ns
[526.930s][info ][safepoint      ] Safepoint "Cleanup", Time since last: 1000118547 ns, Reaching safepoint: 141603 ns, At safepoint: 9100 ns, Total: 150703 ns
[527.930s][info ][safepoint      ] Safepoint "Cleanup", Time since last: 1000111647 ns, Reaching safepoint: 144603 ns, At safepoint: 12601 ns, Total: 157204 ns
[528.930s][info ][safepoint      ] Safepoint "Cleanup", Time since last: 1000117446 ns, Reaching safepoint: 124603 ns, At safepoint: 10501 ns, Total: 135104 ns
[530.930s][info ][safepoint      ] Safepoint "Cleanup", Time since last: 2000173292 ns, Reaching safepoint: 136003 ns, At safepoint: 15900 ns, Total: 151903 ns
[531.132s][info ][gc,start       ] GC(127) Pause Young (Allocation Failure)
[531.162s][debug][gc,phases      ] GC(127) Scavenge 30.382ms
[531.162s][debug][gc,ref         ] GC(127) Skipped phase 1 of Reference Processing: no references
[531.162s][debug][gc,ref         ] GC(127) Skipped phase 3 of Reference Processing: no references
[531.162s][debug][gc,phases      ] GC(127) Reference Processing 0.027ms
[531.163s][debug][gc,phases      ] GC(127) Weak Processing 0.565ms
[531.163s][debug][gc,age         ] GC(127) Desired survivor size 245891072 bytes, new threshold 15 (max threshold 15)
[531.163s][info ][gc,heap        ] GC(127) PSYoungGen: 1793163K(1853952K)->151404K(1794048K) Eden: 1642496K(1642496K)->0K(1642496K) From: 150667K(211456K)->151404K(151552K)
[531.163s][info ][gc,heap        ] GC(127) ParOldGen: 537962K(695296K)->537970K(695296K)
[531.163s][info ][gc,metaspace   ] GC(127) Metaspace: 79099K(79744K)->79099K(79744K) NonClass: 68323K(68672K)->68323K(68672K) Class: 10775K(11072K)->10775K(11072K)
[531.163s][info ][gc             ] GC(127) Pause Young (Allocation Failure) 2276M->673M(2431M) 31.114ms
[531.163s][info ][gc,cpu         ] GC(127) User=0.12s Sys=0.01s Real=0.03s
[531.163s][info ][safepoint      ] Safepoint "ParallelGCFailedAllocation", Time since last: 200933872 ns, Reaching safepoint: 36401 ns, At safepoint: 31198672 ns, Total: 31235073 ns
[534.165s][info ][safepoint      ] Safepoint "Cleanup", Time since last: 3002366691 ns, Reaching safepoint: 50402 ns, At safepoint: 6300 ns, Total: 56702 ns
[535.165s][info ][safepoint      ] Safepoint "Cleanup", Time since last: 1000107947 ns, Reaching safepoint: 50301 ns, At safepoint: 7300 ns, Total: 57601 ns
[537.077s][info ][safepoint      ] Safepoint "Cleanup", Time since last: 1911947011 ns, Reaching safepoint: 174604 ns, At safepoint: 12500 ns, Total: 187104 ns
[538.078s][info ][safepoint      ] Safepoint "Cleanup", Time since last: 1000135348 ns, Reaching safepoint: 169405 ns, At safepoint: 17500 ns, Total: 186905 ns
[539.078s][info ][safepoint      ] Safepoint "Cleanup", Time since last: 1000121948 ns, Reaching safepoint: 133803 ns, At safepoint: 9901 ns, Total: 143704 ns
[540.078s][info ][safepoint      ] Safepoint "Cleanup", Time since last: 1000124448 ns, Reaching safepoint: 130903 ns, At safepoint: 11000 ns, Total: 141903 ns
[544.079s][info ][safepoint      ] Safepoint "Cleanup", Time since last: 4000357690 ns, Reaching safepoint: 236706 ns, At safepoint: 14700 ns, Total: 251406 ns
[545.223s][info ][safepoint      ] Safepoint "Cleanup", Time since last: 1144501522 ns, Reaching safepoint: 72901 ns, At safepoint: 11201 ns, Total: 84102 ns
[546.224s][info ][safepoint      ] Safepoint "Cleanup", Time since last: 1000109648 ns, Reaching safepoint: 52501 ns, At safepoint: 3300 ns, Total: 55801 ns
[549.075s][info ][safepoint      ] Safepoint "Cleanup", Time since last: 2851685168 ns, Reaching safepoint: 108803 ns, At safepoint: 8800 ns, Total: 117603 ns
[550.076s][info ][safepoint      ] Safepoint "Cleanup", Time since last: 1000111349 ns, Reaching safepoint: 127603 ns, At safepoint: 7000 ns, Total: 134603 ns
[551.076s][info ][safepoint      ] Safepoint "Cleanup", Time since last: 1000111449 ns, Reaching safepoint: 123503 ns, At safepoint: 9900 ns, Total: 133403 ns
[552.076s][info ][safepoint      ] Safepoint "Cleanup", Time since last: 1000130450 ns, Reaching safepoint: 135503 ns, At safepoint: 7800 ns, Total: 143303 ns
[555.077s][info ][safepoint      ] Safepoint "Cleanup", Time since last: 3000242746 ns, Reaching safepoint: 128903 ns, At safepoint: 12100 ns, Total: 141003 ns
[558.077s][info ][safepoint      ] Safepoint "Cleanup", Time since last: 3000246447 ns, Reaching safepoint: 125603 ns, At safepoint: 12100 ns, Total: 137703 ns
[559.077s][info ][safepoint      ] Safepoint "Cleanup", Time since last: 1000121850 ns, Reaching safepoint: 54302 ns, At safepoint: 14400 ns, Total: 68702 ns
[562.078s][info ][safepoint      ] Safepoint "Cleanup", Time since last: 3000355851 ns, Reaching safepoint: 162304 ns, At safepoint: 29201 ns, Total: 191505 ns
[567.381s][info ][gc,start       ] GC(128) Pause Young (Allocation Failure)
[567.414s][debug][gc,phases      ] GC(128) Scavenge 32.568ms
[567.414s][debug][gc,ref         ] GC(128) Skipped phase 1 of Reference Processing: no references
[567.414s][debug][gc,ref         ] GC(128) Skipped phase 3 of Reference Processing: no references
[567.414s][debug][gc,phases      ] GC(128) Reference Processing 0.028ms
[567.415s][debug][gc,phases      ] GC(128) Weak Processing 0.617ms
[567.415s][debug][gc,age         ] GC(128) Desired survivor size 255852544 bytes, new threshold 15 (max threshold 15)
[567.415s][info ][gc,heap        ] GC(128) PSYoungGen: 1793900K(1794048K)->152519K(1837568K) Eden: 1642496K(1642496K)->0K(1597440K) From: 151404K(151552K)->152519K(240128K)
[567.415s][info ][gc,heap        ] GC(128) ParOldGen: 537970K(695296K)->538002K(695296K)
[567.415s][info ][gc,metaspace   ] GC(128) Metaspace: 79133K(79744K)->79133K(79744K) NonClass: 68356K(68672K)->68356K(68672K) Class: 10776K(11072K)->10776K(11072K)
[567.415s][info ][gc             ] GC(128) Pause Young (Allocation Failure) 2277M->674M(2473M) 33.362ms
[567.415s][info ][gc,cpu         ] GC(128) User=0.13s Sys=0.00s Real=0.03s
[567.415s][info ][safepoint      ] Safepoint "ParallelGCFailedAllocation", Time since last: 5303596051 ns, Reaching safepoint: 45202 ns, At safepoint: 33457728 ns, Total: 33502930 ns
[570.415s][info ][safepoint      ] Safepoint "Cleanup", Time since last: 3000183949 ns, Reaching safepoint: 50901 ns, At safepoint: 8900 ns, Total: 59801 ns
[572.415s][info ][safepoint      ] Safepoint "Cleanup", Time since last: 2000172701 ns, Reaching safepoint: 59602 ns, At safepoint: 9300 ns, Total: 68902 ns
[576.416s][info ][safepoint      ] Safepoint "Cleanup", Time since last: 4000327803 ns, Reaching safepoint: 92202 ns, At safepoint: 20501 ns, Total: 112703 ns
[587.417s][info ][safepoint      ] Safepoint "Cleanup", Time since last: 11000779763 ns, Reaching safepoint: 49102 ns, At safepoint: 3600 ns, Total: 52702 ns
[595.417s][info ][safepoint      ] Safepoint "Cleanup", Time since last: 8000527416 ns, Reaching safepoint: 46702 ns, At safepoint: 5600 ns, Total: 52302 ns
[596.417s][info ][safepoint      ] Safepoint "Cleanup", Time since last: 1000056052 ns, Reaching safepoint: 48901 ns, At safepoint: 8400 ns, Total: 57301 ns
[597.417s][info ][safepoint      ] Safepoint "Cleanup", Time since last: 1000112954 ns, Reaching safepoint: 38601 ns, At safepoint: 4000 ns, Total: 42601 ns
[600.418s][info ][safepoint      ] Safepoint "Cleanup", Time since last: 3000308962 ns, Reaching safepoint: 47301 ns, At safepoint: 6900 ns, Total: 54201 ns
[601.094s][info ][gc,start       ] GC(129) Pause Young (Allocation Failure)
[601.128s][debug][gc,phases      ] GC(129) Scavenge 33.528ms
[601.128s][debug][gc,ref         ] GC(129) Skipped phase 1 of Reference Processing: no references
[601.128s][debug][gc,ref         ] GC(129) Skipped phase 3 of Reference Processing: no references
[601.128s][debug][gc,phases      ] GC(129) Reference Processing 0.032ms
[601.129s][debug][gc,phases      ] GC(129) Weak Processing 0.643ms
[601.129s][debug][gc,age         ] GC(129) Desired survivor size 272629760 bytes, new threshold 15 (max threshold 15)
[601.129s][info ][gc,heap        ] GC(129) PSYoungGen: 1749959K(1837568K)->178822K(1776640K) Eden: 1597440K(1597440K)->0K(1597440K) From: 152519K(240128K)->178822K(179200K)
[601.129s][info ][gc,heap        ] GC(129) ParOldGen: 538002K(695296K)->538143K(695296K)
[601.129s][info ][gc,metaspace   ] GC(129) Metaspace: 79135K(79744K)->79135K(79744K) NonClass: 68358K(68672K)->68358K(68672K) Class: 10776K(11072K)->10776K(11072K)
[601.129s][info ][gc             ] GC(129) Pause Young (Allocation Failure) 2234M->700M(2414M) 34.391ms
[601.129s][info ][gc,cpu         ] GC(129) User=0.14s Sys=0.00s Real=0.04s
[601.129s][info ][safepoint      ] Safepoint "ParallelGCFailedAllocation", Time since last: 676531445 ns, Reaching safepoint: 111003 ns, At safepoint: 34491053 ns, Total: 34602056 ns
[602.129s][info ][safepoint      ] Safepoint "Cleanup", Time since last: 1000098054 ns, Reaching safepoint: 122303 ns, At safepoint: 9001 ns, Total: 131304 ns
[604.129s][info ][safepoint      ] Safepoint "Cleanup", Time since last: 2000185607 ns, Reaching safepoint: 141304 ns, At safepoint: 11900 ns, Total: 153204 ns
[605.130s][info ][safepoint      ] Safepoint "Cleanup", Time since last: 1000120655 ns, Reaching safepoint: 154004 ns, At safepoint: 7700 ns, Total: 161704 ns
[607.130s][info ][safepoint      ] Safepoint "Cleanup", Time since last: 2000156708 ns, Reaching safepoint: 206505 ns, At safepoint: 11800 ns, Total: 218305 ns
[608.130s][info ][safepoint      ] Safepoint "Cleanup", Time since last: 1000159156 ns, Reaching safepoint: 174304 ns, At safepoint: 15301 ns, Total: 189605 ns
[609.131s][info ][safepoint      ] Safepoint "Cleanup", Time since last: 1000147056 ns, Reaching safepoint: 768119 ns, At safepoint: 11800 ns, Total: 779919 ns
[610.132s][info ][safepoint      ] Safepoint "Cleanup", Time since last: 1000118855 ns, Reaching safepoint: 154904 ns, At safepoint: 12400 ns, Total: 167304 ns
[611.132s][info ][safepoint      ] Safepoint "Cleanup", Time since last: 1000118956 ns, Reaching safepoint: 218005 ns, At safepoint: 10600 ns, Total: 228605 ns
[612.278s][info ][safepoint      ] Safepoint "Cleanup", Time since last: 1145492854 ns, Reaching safepoint: 190405 ns, At safepoint: 12900 ns, Total: 203305 ns
[613.278s][info ][safepoint      ] Safepoint "Cleanup", Time since last: 1000114455 ns, Reaching safepoint: 128604 ns, At safepoint: 21700 ns, Total: 150304 ns
[614.278s][info ][safepoint      ] Safepoint "Cleanup", Time since last: 1000114456 ns, Reaching safepoint: 125203 ns, At safepoint: 13000 ns, Total: 138203 ns
[615.278s][info ][safepoint      ] Safepoint "Cleanup", Time since last: 1000107655 ns, Reaching safepoint: 123103 ns, At safepoint: 13301 ns, Total: 136404 ns
[616.281s][info ][safepoint      ] Safepoint "Cleanup", Time since last: 1000108755 ns, Reaching safepoint: 2152354 ns, At safepoint: 20400 ns, Total: 2172754 ns
[617.281s][info ][safepoint      ] Safepoint "Cleanup", Time since last: 1000113756 ns, Reaching safepoint: 125003 ns, At safepoint: 15300 ns, Total: 140303 ns
[618.081s][info ][gc,start       ] GC(130) Pause Young (Allocation Failure)
[618.127s][debug][gc,phases      ] GC(130) Scavenge 45.379ms
[618.127s][debug][gc,ref         ] GC(130) Skipped phase 1 of Reference Processing: no references
[618.127s][debug][gc,ref         ] GC(130) Skipped phase 3 of Reference Processing: no references
[618.127s][debug][gc,phases      ] GC(130) Reference Processing 0.036ms
[618.128s][debug][gc,phases      ] GC(130) Weak Processing 0.853ms
[618.128s][debug][gc,age         ] GC(130) Desired survivor size 297271296 bytes, new threshold 15 (max threshold 15)
[618.128s][info ][gc,heap        ] GC(130) PSYoungGen: 1776262K(1776640K)->210093K(1782784K) Eden: 1597440K(1597440K)->0K(1516544K) From: 178822K(179200K)->210093K(266240K)
[618.128s][info ][gc,heap        ] GC(130) ParOldGen: 538143K(695296K)->538271K(695296K)
[618.128s][info ][gc,metaspace   ] GC(130) Metaspace: 79234K(79872K)->79234K(79872K) NonClass: 68451K(68800K)->68451K(68800K) Class: 10782K(11072K)->10782K(11072K)
[618.128s][info ][gc             ] GC(130) Pause Young (Allocation Failure) 2260M->730M(2420M) 46.444ms
[618.128s][info ][gc,cpu         ] GC(130) User=0.19s Sys=0.00s Real=0.05s
[618.128s][info ][safepoint      ] Safepoint "ParallelGCFailedAllocation", Time since last: 800292410 ns, Reaching safepoint: 140603 ns, At safepoint: 46563553 ns, Total: 46704156 ns
[619.128s][info ][safepoint      ] Safepoint "Cleanup", Time since last: 1000089055 ns, Reaching safepoint: 133804 ns, At safepoint: 12200 ns, Total: 146004 ns
[620.128s][info ][safepoint      ] Safepoint "Cleanup", Time since last: 1000117356 ns, Reaching safepoint: 54601 ns, At safepoint: 14001 ns, Total: 68602 ns
[621.129s][info ][safepoint      ] Safepoint "Cleanup", Time since last: 1000117056 ns, Reaching safepoint: 105603 ns, At safepoint: 13100 ns, Total: 118703 ns
[622.129s][info ][safepoint      ] Safepoint "Cleanup", Time since last: 1000117056 ns, Reaching safepoint: 144304 ns, At safepoint: 10000 ns, Total: 154304 ns
[623.129s][info ][safepoint      ] Safepoint "Cleanup", Time since last: 1000112156 ns, Reaching safepoint: 153704 ns, At safepoint: 11100 ns, Total: 164804 ns
[624.129s][info ][safepoint      ] Safepoint "Cleanup", Time since last: 1000121957 ns, Reaching safepoint: 119803 ns, At safepoint: 5600 ns, Total: 125403 ns
[625.130s][info ][safepoint      ] Safepoint "Cleanup", Time since last: 1000113757 ns, Reaching safepoint: 122103 ns, At safepoint: 10100 ns, Total: 132203 ns
[626.130s][info ][safepoint      ] Safepoint "Cleanup", Time since last: 1000114457 ns, Reaching safepoint: 129403 ns, At safepoint: 9300 ns, Total: 138703 ns
[627.130s][info ][safepoint      ] Safepoint "Cleanup", Time since last: 1000102456 ns, Reaching safepoint: 143604 ns, At safepoint: 11300 ns, Total: 154904 ns
[629.131s][info ][safepoint      ] Safepoint "Cleanup", Time since last: 2000200313 ns, Reaching safepoint: 124803 ns, At safepoint: 8100 ns, Total: 132903 ns
[630.131s][info ][safepoint      ] Safepoint "Cleanup", Time since last: 1000098357 ns, Reaching safepoint: 115603 ns, At safepoint: 5000 ns, Total: 120603 ns
[634.131s][info ][safepoint      ] Safepoint "Cleanup", Time since last: 4000386627 ns, Reaching safepoint: 90902 ns, At safepoint: 10201 ns, Total: 101103 ns
[637.132s][info ][safepoint      ] Safepoint "Cleanup", Time since last: 3000254770 ns, Reaching safepoint: 130803 ns, At safepoint: 11801 ns, Total: 142604 ns
[637.375s][info ][gc,start       ] GC(131) Pause Young (Allocation Failure)
[637.412s][debug][gc,phases      ] GC(131) Scavenge 37.176ms
[637.412s][debug][gc,ref         ] GC(131) Skipped phase 1 of Reference Processing: no references
[637.412s][debug][gc,ref         ] GC(131) Skipped phase 3 of Reference Processing: no references
[637.412s][debug][gc,phases      ] GC(131) Reference Processing 0.034ms
[637.413s][debug][gc,phases      ] GC(131) Weak Processing 0.606ms
[637.413s][debug][gc,age         ] GC(131) Desired survivor size 311951360 bytes, new threshold 15 (max threshold 15)
[637.413s][info ][gc,heap        ] GC(131) PSYoungGen: 1726637K(1782784K)->198332K(1715200K) Eden: 1516544K(1516544K)->0K(1516544K) From: 210093K(266240K)->198332K(198656K)
[637.413s][info ][gc,heap        ] GC(131) ParOldGen: 538271K(695296K)->538419K(695296K)
[637.413s][info ][gc,metaspace   ] GC(131) Metaspace: 79291K(79936K)->79291K(79936K) NonClass: 68507K(68864K)->68507K(68864K) Class: 10784K(11072K)->10784K(11072K)
[637.413s][info ][gc             ] GC(131) Pause Young (Allocation Failure) 2211M->719M(2354M) 37.988ms
[637.413s][info ][gc,cpu         ] GC(131) User=0.15s Sys=0.01s Real=0.04s
[637.413s][info ][safepoint      ] Safepoint "ParallelGCFailedAllocation", Time since last: 243000715 ns, Reaching safepoint: 56201 ns, At safepoint: 38073143 ns, Total: 38129344 ns
[638.413s][info ][safepoint      ] Safepoint "Cleanup", Time since last: 1000080557 ns, Reaching safepoint: 74002 ns, At safepoint: 9400 ns, Total: 83402 ns
[639.413s][info ][safepoint      ] Safepoint "Cleanup", Time since last: 1000096557 ns, Reaching safepoint: 69802 ns, At safepoint: 5600 ns, Total: 75402 ns
[640.413s][info ][safepoint      ] Safepoint "Cleanup", Time since last: 1000104858 ns, Reaching safepoint: 59601 ns, At safepoint: 7901 ns, Total: 67502 ns
[641.413s][info ][safepoint      ] Safepoint "Cleanup", Time since last: 1000120258 ns, Reaching safepoint: 52501 ns, At safepoint: 3000 ns, Total: 55501 ns
[644.414s][info ][safepoint      ] Safepoint "Cleanup", Time since last: 3000246072 ns, Reaching safepoint: 48201 ns, At safepoint: 4401 ns, Total: 52602 ns
[645.503s][info ][safepoint      ] Safepoint "Cleanup", Time since last: 1089452070 ns, Reaching safepoint: 179704 ns, At safepoint: 10700 ns, Total: 190404 ns
[648.962s][info ][safepoint      ] Safepoint "Cleanup", Time since last: 3458124509 ns, Reaching safepoint: 80902 ns, At safepoint: 6300 ns, Total: 87202 ns
[649.962s][info ][safepoint      ] Safepoint "Cleanup", Time since last: 1000107559 ns, Reaching safepoint: 51901 ns, At safepoint: 5100 ns, Total: 57001 ns
[652.962s][info ][safepoint      ] Safepoint "Cleanup", Time since last: 3000246274 ns, Reaching safepoint: 54802 ns, At safepoint: 8700 ns, Total: 63502 ns
[655.962s][info ][safepoint      ] Safepoint "Cleanup", Time since last: 3000236775 ns, Reaching safepoint: 50101 ns, At safepoint: 5701 ns, Total: 55802 ns
[657.200s][info ][safepoint      ] Safepoint "Cleanup", Time since last: 1237171228 ns, Reaching safepoint: 184104 ns, At safepoint: 9900 ns, Total: 194004 ns
[658.200s][info ][safepoint      ] Safepoint "Cleanup", Time since last: 1000088959 ns, Reaching safepoint: 71402 ns, At safepoint: 5400 ns, Total: 76802 ns
[660.200s][info ][safepoint      ] Safepoint "Cleanup", Time since last: 2000187119 ns, Reaching safepoint: 60001 ns, At safepoint: 15000 ns, Total: 75001 ns
[661.200s][info ][safepoint      ] Safepoint "Cleanup", Time since last: 1000080659 ns, Reaching safepoint: 54802 ns, At safepoint: 4300 ns, Total: 59102 ns
[673.774s][info ][gc,start       ] GC(132) Pause Young (Allocation Failure)
[673.817s][debug][gc,phases      ] GC(132) Scavenge 42.338ms
[673.817s][debug][gc,ref         ] GC(132) Skipped phase 1 of Reference Processing: no references
[673.817s][debug][gc,ref         ] GC(132) Skipped phase 3 of Reference Processing: no references
[673.817s][debug][gc,phases      ] GC(132) Reference Processing 0.037ms
[673.817s][debug][gc,phases      ] GC(132) Weak Processing 0.654ms
[673.817s][debug][gc,age         ] GC(132) Desired survivor size 327155712 bytes, new threshold 15 (max threshold 15)
[673.817s][info ][gc,heap        ] GC(132) PSYoungGen: 1714876K(1715200K)->209403K(1762816K) Eden: 1516544K(1516544K)->0K(1458176K) From: 198332K(198656K)->209403K(304640K)
[673.817s][info ][gc,heap        ] GC(132) ParOldGen: 538419K(695296K)->538507K(695296K)
[673.817s][info ][gc,metaspace   ] GC(132) Metaspace: 79336K(79936K)->79336K(79936K) NonClass: 68548K(68864K)->68548K(68864K) Class: 10787K(11072K)->10787K(11072K)
[673.818s][info ][gc             ] GC(132) Pause Young (Allocation Failure) 2200M->730M(2400M) 43.177ms
[673.818s][info ][gc,cpu         ] GC(132) User=0.17s Sys=0.00s Real=0.05s
[673.818s][info ][safepoint      ] Safepoint "ParallelGCFailedAllocation", Time since last: 12573894999 ns, Reaching safepoint: 69201 ns, At safepoint: 43278272 ns, Total: 43347473 ns
[674.818s][info ][safepoint      ] Safepoint "Cleanup", Time since last: 1000085760 ns, Reaching safepoint: 45901 ns, At safepoint: 3400 ns, Total: 49301 ns
[689.819s][info ][safepoint      ] Safepoint "Cleanup", Time since last: 15000967306 ns, Reaching safepoint: 49302 ns, At safepoint: 10300 ns, Total: 59602 ns
[690.819s][info ][safepoint      ] Safepoint "Cleanup", Time since last: 1000109862 ns, Reaching safepoint: 52201 ns, At safepoint: 2600 ns, Total: 54801 ns
[691.819s][info ][safepoint      ] Safepoint "Cleanup", Time since last: 1000113163 ns, Reaching safepoint: 52601 ns, At safepoint: 3600 ns, Total: 56201 ns
[694.819s][info ][safepoint      ] Safepoint "Cleanup", Time since last: 3000213885 ns, Reaching safepoint: 49301 ns, At safepoint: 7500 ns, Total: 56801 ns
[698.820s][info ][safepoint      ] Safepoint "Cleanup", Time since last: 4000306648 ns, Reaching safepoint: 47101 ns, At safepoint: 28800 ns, Total: 75901 ns
[704.820s][info ][safepoint      ] Safepoint "Cleanup", Time since last: 6000404073 ns, Reaching safepoint: 49901 ns, At safepoint: 3300 ns, Total: 53201 ns
[711.821s][info ][safepoint      ] Safepoint "Cleanup", Time since last: 7000493739 ns, Reaching safepoint: 48201 ns, At safepoint: 8800 ns, Total: 57001 ns
[720.878s][info ][gc,start       ] GC(133) Pause Young (Allocation Failure)
[720.916s][debug][gc,phases      ] GC(133) Scavenge 37.935ms
[720.916s][debug][gc,ref         ] GC(133) Skipped phase 1 of Reference Processing: no references
[720.916s][debug][gc,ref         ] GC(133) Skipped phase 3 of Reference Processing: no references
[720.916s][debug][gc,phases      ] GC(133) Reference Processing 0.030ms
[720.917s][debug][gc,phases      ] GC(133) Weak Processing 0.896ms
[720.917s][debug][gc,age         ] GC(133) Desired survivor size 338165760 bytes, new threshold 15 (max threshold 15)
[720.917s][info ][gc,heap        ] GC(133) PSYoungGen: 1667579K(1762816K)->209387K(1667584K) Eden: 1458176K(1458176K)->0K(1458176K) From: 209403K(304640K)->209387K(209408K)
[720.917s][info ][gc,heap        ] GC(133) ParOldGen: 538507K(695296K)->538583K(695296K)
[720.917s][info ][gc,metaspace   ] GC(133) Metaspace: 79338K(79936K)->79338K(79936K) NonClass: 68550K(68864K)->68550K(68864K) Class: 10787K(11072K)->10787K(11072K)
[720.917s][info ][gc             ] GC(133) Pause Young (Allocation Failure) 2154M->730M(2307M) 39.067ms
[720.917s][info ][gc,cpu         ] GC(133) User=0.15s Sys=0.00s Real=0.04s
[720.917s][info ][safepoint      ] Safepoint "ParallelGCFailedAllocation", Time since last: 9056867463 ns, Reaching safepoint: 55001 ns, At safepoint: 39171970 ns, Total: 39226971 ns
[727.917s][info ][safepoint      ] Safepoint "Cleanup", Time since last: 7000435646 ns, Reaching safepoint: 83802 ns, At safepoint: 11001 ns, Total: 94803 ns
[728.917s][info ][safepoint      ] Safepoint "Cleanup", Time since last: 1000058464 ns, Reaching safepoint: 73601 ns, At safepoint: 5800 ns, Total: 79401 ns
[739.918s][info ][safepoint      ] Safepoint "Cleanup", Time since last: 11000712011 ns, Reaching safepoint: 56901 ns, At safepoint: 7200 ns, Total: 64101 ns
[767.977s][info ][gc,start       ] GC(134) Pause Young (Allocation Failure)
[768.018s][debug][gc,phases      ] GC(134) Scavenge 40.926ms
[768.018s][debug][gc,ref         ] GC(134) Skipped phase 1 of Reference Processing: no references
[768.018s][debug][gc,ref         ] GC(134) Skipped phase 3 of Reference Processing: no references
[768.018s][debug][gc,phases      ] GC(134) Reference Processing 0.035ms
[768.019s][debug][gc,phases      ] GC(134) Weak Processing 0.672ms
[768.019s][debug][gc,age         ] GC(134) Desired survivor size 346030080 bytes, new threshold 15 (max threshold 15)
[768.019s][info ][gc,heap        ] GC(134) PSYoungGen: 1667563K(1667584K)->209179K(1751552K) Eden: 1458176K(1458176K)->0K(1421312K) From: 209387K(209408K)->209179K(330240K)
[768.019s][info ][gc,heap        ] GC(134) ParOldGen: 538583K(695296K)->538687K(695296K)
[768.019s][info ][gc,metaspace   ] GC(134) Metaspace: 79342K(79936K)->79342K(79936K) NonClass: 68554K(68864K)->68554K(68864K) Class: 10787K(11072K)->10787K(11072K)
[768.019s][info ][gc             ] GC(134) Pause Young (Allocation Failure) 2154M->730M(2389M) 41.783ms
[768.019s][info ][gc,cpu         ] GC(134) User=0.17s Sys=0.00s Real=0.04s
[768.019s][info ][safepoint      ] Safepoint "ParallelGCFailedAllocation", Time since last: 28058517053 ns, Reaching safepoint: 72702 ns, At safepoint: 41877337 ns, Total: 41950039 ns
[770.019s][info ][safepoint      ] Safepoint "Cleanup", Time since last: 2000101633 ns, Reaching safepoint: 42201 ns, At safepoint: 6501 ns, Total: 48702 ns
[772.019s][info ][safepoint      ] Safepoint "Cleanup", Time since last: 2000181835 ns, Reaching safepoint: 49902 ns, At safepoint: 8100 ns, Total: 58002 ns
[773.019s][info ][safepoint      ] Safepoint "Cleanup", Time since last: 1000112368 ns, Reaching safepoint: 52402 ns, At safepoint: 7700 ns, Total: 60102 ns
[813.878s][info ][gc,start       ] GC(135) Pause Young (Allocation Failure)
[813.916s][debug][gc,phases      ] GC(135) Scavenge 38.018ms
[813.916s][debug][gc,ref         ] GC(135) Skipped phase 1 of Reference Processing: no references
[813.916s][debug][gc,ref         ] GC(135) Skipped phase 3 of Reference Processing: no references
[813.916s][debug][gc,phases      ] GC(135) Reference Processing 0.027ms
[813.917s][debug][gc,phases      ] GC(135) Weak Processing 0.566ms
[813.917s][debug][gc,age         ] GC(135) Desired survivor size 345505792 bytes, new threshold 15 (max threshold 15)
[813.917s][info ][gc,heap        ] GC(135) PSYoungGen: 1630491K(1751552K)->195547K(1759232K) Eden: 1421312K(1421312K)->0K(1421312K) From: 209179K(330240K)->195547K(337920K)
[813.917s][info ][gc,heap        ] GC(135) ParOldGen: 538687K(695296K)->553274K(695296K)
[813.917s][info ][gc,metaspace   ] GC(135) Metaspace: 79353K(80000K)->79353K(80000K) NonClass: 68566K(68928K)->68566K(68928K) Class: 10787K(11072K)->10787K(11072K)
[813.917s][info ][gc             ] GC(135) Pause Young (Allocation Failure) 2118M->731M(2397M) 38.758ms
[813.917s][info ][gc,cpu         ] GC(135) User=0.15s Sys=0.00s Real=0.04s
[813.917s][info ][safepoint      ] Safepoint "ParallelGCFailedAllocation", Time since last: 40858463649 ns, Reaching safepoint: 65402 ns, At safepoint: 38839062 ns, Total: 38904464 ns
[814.917s][info ][safepoint      ] Safepoint "Cleanup", Time since last: 1000081970 ns, Reaching safepoint: 49801 ns, At safepoint: 12101 ns, Total: 61902 ns
[815.917s][info ][safepoint      ] Safepoint "Cleanup", Time since last: 1000112671 ns, Reaching safepoint: 53101 ns, At safepoint: 11401 ns, Total: 64502 ns
[816.917s][info ][safepoint      ] Safepoint "Cleanup", Time since last: 1000113071 ns, Reaching safepoint: 54202 ns, At safepoint: 17800 ns, Total: 72002 ns
[817.917s][info ][safepoint      ] Safepoint "Cleanup", Time since last: 1000113972 ns, Reaching safepoint: 53301 ns, At safepoint: 2900 ns, Total: 56201 ns
[845.919s][info ][safepoint      ] Safepoint "Cleanup", Time since last: 28001800096 ns, Reaching safepoint: 71502 ns, At safepoint: 4600 ns, Total: 76102 ns
[847.919s][info ][safepoint      ] Safepoint "Cleanup", Time since last: 2000178245 ns, Reaching safepoint: 49502 ns, At safepoint: 3600 ns, Total: 53102 ns
[859.728s][info ][gc,start       ] GC(136) Pause Young (Allocation Failure)
[859.768s][debug][gc,phases      ] GC(136) Scavenge 39.661ms
[859.768s][debug][gc,ref         ] GC(136) Skipped phase 1 of Reference Processing: no references
[859.768s][debug][gc,ref         ] GC(136) Skipped phase 3 of Reference Processing: no references
[859.768s][debug][gc,phases      ] GC(136) Reference Processing 0.040ms
[859.768s][debug][gc,phases      ] GC(136) Weak Processing 0.725ms
[859.768s][debug][gc,age         ] GC(136) Desired survivor size 342360064 bytes, new threshold 15 (max threshold 15)
[859.768s][info ][gc,heap        ] GC(136) PSYoungGen: 1616859K(1759232K)->190587K(1762816K) Eden: 1421312K(1421312K)->0K(1425408K) From: 195547K(337920K)->190587K(337408K)
[859.768s][info ][gc,heap        ] GC(136) ParOldGen: 553274K(695296K)->558778K(695296K)
[859.768s][info ][gc,metaspace   ] GC(136) Metaspace: 79364K(80000K)->79364K(80000K) NonClass: 68577K(68928K)->68577K(68928K) Class: 10787K(11072K)->10787K(11072K)
[859.768s][info ][gc             ] GC(136) Pause Young (Allocation Failure) 2119M->731M(2400M) 40.612ms
[859.768s][info ][gc,cpu         ] GC(136) User=0.16s Sys=0.00s Real=0.04s
[859.768s][info ][safepoint      ] Safepoint "ParallelGCFailedAllocation", Time since last: 11808145300 ns, Reaching safepoint: 155504 ns, At safepoint: 40728908 ns, Total: 40884412 ns
[873.769s][info ][safepoint      ] Safepoint "Cleanup", Time since last: 14000943529 ns, Reaching safepoint: 46301 ns, At safepoint: 3800 ns, Total: 50101 ns
[884.770s][info ][safepoint      ] Safepoint "Cleanup", Time since last: 11000781518 ns, Reaching safepoint: 82302 ns, At safepoint: 8300 ns, Total: 90602 ns
[894.771s][info ][safepoint      ] Safepoint "Cleanup", Time since last: 10000766850 ns, Reaching safepoint: 43901 ns, At safepoint: 7900 ns, Total: 51801 ns
[903.772s][info ][safepoint      ] Safepoint "Cleanup", Time since last: 9000579477 ns, Reaching safepoint: 52802 ns, At safepoint: 7100 ns, Total: 59902 ns
[904.772s][info ][safepoint      ] Safepoint "Cleanup", Time since last: 1000105476 ns, Reaching safepoint: 42801 ns, At safepoint: 2201 ns, Total: 45002 ns
[905.577s][info ][gc,start       ] GC(137) Pause Young (Allocation Failure)
[905.609s][debug][gc,phases      ] GC(137) Scavenge 32.682ms
[905.610s][debug][gc,ref         ] GC(137) Skipped phase 1 of Reference Processing: no references
[905.610s][debug][gc,ref         ] GC(137) Skipped phase 3 of Reference Processing: no references
[905.610s][debug][gc,phases      ] GC(137) Reference Processing 0.030ms
[905.610s][debug][gc,phases      ] GC(137) Weak Processing 0.595ms
[905.610s][debug][gc,age         ] GC(137) Desired survivor size 337641472 bytes, new threshold 15 (max threshold 15)
[905.610s][info ][gc,heap        ] GC(137) PSYoungGen: 1615995K(1762816K)->190117K(1759744K) Eden: 1425408K(1425408K)->0K(1425408K) From: 190587K(337408K)->190117K(334336K)
[905.610s][info ][gc,heap        ] GC(137) ParOldGen: 558778K(695296K)->559379K(695296K)
[905.610s][info ][gc,metaspace   ] GC(137) Metaspace: 79374K(80000K)->79374K(80000K) NonClass: 68586K(68928K)->68586K(68928K) Class: 10787K(11072K)->10787K(11072K)
[905.610s][info ][gc             ] GC(137) Pause Young (Allocation Failure) 2123M->731M(2397M) 33.455ms
[905.610s][info ][gc,cpu         ] GC(137) User=0.13s Sys=0.00s Real=0.03s
[905.610s][info ][safepoint      ] Safepoint "ParallelGCFailedAllocation", Time since last: 804714736 ns, Reaching safepoint: 31800 ns, At safepoint: 33533631 ns, Total: 33565431 ns
[906.610s][info ][safepoint      ] Safepoint "Cleanup", Time since last: 1000092076 ns, Reaching safepoint: 53902 ns, At safepoint: 3400 ns, Total: 57302 ns
[921.612s][info ][safepoint      ] Safepoint "Cleanup", Time since last: 15001105444 ns, Reaching safepoint: 73402 ns, At safepoint: 10700 ns, Total: 84102 ns
[931.612s][info ][safepoint      ] Safepoint "Cleanup", Time since last: 10000615666 ns, Reaching safepoint: 45301 ns, At safepoint: 2501 ns, Total: 47802 ns
[937.613s][info ][safepoint      ] Safepoint "Cleanup", Time since last: 6000371362 ns, Reaching safepoint: 55201 ns, At safepoint: 14801 ns, Total: 70002 ns
[949.376s][info ][gc,start       ] GC(138) Pause Young (Allocation Failure)
[949.416s][debug][gc,phases      ] GC(138) Scavenge 40.218ms
[949.416s][debug][gc,ref         ] GC(138) Skipped phase 1 of Reference Processing: no references
[949.416s][debug][gc,ref         ] GC(138) Skipped phase 3 of Reference Processing: no references
[949.417s][debug][gc,phases      ] GC(138) Reference Processing 0.031ms
[949.417s][debug][gc,phases      ] GC(138) Weak Processing 0.533ms
[949.417s][debug][gc,age         ] GC(138) Desired survivor size 328728576 bytes, new threshold 15 (max threshold 15)
[949.417s][info ][gc,heap        ] GC(138) PSYoungGen: 1615525K(1759744K)->179979K(1776128K) Eden: 1425408K(1425408K)->0K(1446400K) From: 190117K(334336K)->179979K(329728K)
[949.417s][info ][gc,heap        ] GC(138) ParOldGen: 559379K(695296K)->569941K(695296K)
[949.417s][info ][gc,metaspace   ] GC(138) Metaspace: 79378K(80000K)->79378K(80000K) NonClass: 68590K(68928K)->68590K(68928K) Class: 10787K(11072K)->10787K(11072K)
[949.417s][info ][gc             ] GC(138) Pause Young (Allocation Failure) 2123M->732M(2413M) 40.934ms
[949.417s][info ][gc,cpu         ] GC(138) User=0.16s Sys=0.00s Real=0.04s
[949.417s][info ][safepoint      ] Safepoint "ParallelGCFailedAllocation", Time since last: 11763379349 ns, Reaching safepoint: 71202 ns, At safepoint: 41024916 ns, Total: 41096118 ns
[960.418s][info ][safepoint      ] Safepoint "Cleanup", Time since last: 11000732660 ns, Reaching safepoint: 48001 ns, At safepoint: 2400 ns, Total: 50401 ns
[993.420s][info ][safepoint      ] Safepoint "Cleanup", Time since last: 33001875908 ns, Reaching safepoint: 64401 ns, At safepoint: 8600 ns, Total: 73001 ns
[996.077s][info ][gc,start       ] GC(139) Pause Young (Allocation Failure)
[996.117s][debug][gc,phases      ] GC(139) Scavenge 39.908ms
[996.117s][debug][gc,ref         ] GC(139) Skipped phase 1 of Reference Processing: no references
[996.117s][debug][gc,ref         ] GC(139) Skipped phase 3 of Reference Processing: no references
[996.117s][debug][gc,phases      ] GC(139) Reference Processing 0.031ms
[996.118s][debug][gc,phases      ] GC(139) Weak Processing 0.613ms
[996.118s][debug][gc,age         ] GC(139) Desired survivor size 315097088 bytes, new threshold 15 (max threshold 15)
[996.118s][info ][gc,heap        ] GC(139) PSYoungGen: 1626379K(1776128K)->142543K(1767424K) Eden: 1446400K(1446400K)->0K(1446400K) From: 179979K(329728K)->142543K(321024K)
[996.118s][info ][gc,heap        ] GC(139) ParOldGen: 569941K(695296K)->608921K(695296K)
[996.118s][info ][gc,metaspace   ] GC(139) Metaspace: 79385K(80000K)->79385K(80000K) NonClass: 68597K(68928K)->68597K(68928K) Class: 10787K(11072K)->10787K(11072K)
[996.118s][info ][gc             ] GC(139) Pause Young (Allocation Failure) 2144M->733M(2405M) 40.731ms
[996.118s][info ][gc,cpu         ] GC(139) User=0.14s Sys=0.02s Real=0.04s
[996.118s][info ][safepoint      ] Safepoint "ParallelGCFailedAllocation", Time since last: 2657457548 ns, Reaching safepoint: 49201 ns, At safepoint: 40824912 ns, Total: 40874113 ns
[1042.276s][info ][gc,start       ] GC(140) Pause Young (Allocation Failure)
[1042.311s][debug][gc,phases      ] GC(140) Scavenge 35.149ms
[1042.311s][debug][gc,ref         ] GC(140) Skipped phase 1 of Reference Processing: no references
[1042.311s][debug][gc,ref         ] GC(140) Skipped phase 3 of Reference Processing: no references
[1042.311s][debug][gc,phases      ] GC(140) Reference Processing 0.025ms
[1042.312s][debug][gc,phases      ] GC(140) Weak Processing 0.572ms
[1042.312s][debug][gc,age         ] GC(140) Desired survivor size 310378496 bytes, new threshold 15 (max threshold 15)
[1042.312s][info ][gc,heap        ] GC(140) PSYoungGen: 1588943K(1767424K)->96221K(1794048K) Eden: 1446400K(1446400K)->0K(1486336K) From: 142543K(321024K)->96221K(307712K)
[1042.312s][info ][gc,heap        ] GC(140) ParOldGen: 608921K(695296K)->658358K(695296K)
[1042.312s][info ][gc,metaspace   ] GC(140) Metaspace: 79386K(80000K)->79386K(80000K) NonClass: 68598K(68928K)->68598K(68928K) Class: 10787K(11072K)->10787K(11072K)
[1042.312s][info ][gc             ] GC(140) Pause Young (Allocation Failure) 2146M->736M(2431M) 35.884ms
[1042.312s][info ][gc,cpu         ] GC(140) User=0.12s Sys=0.03s Real=0.03s
[1042.312s][debug][gc,phases      ] GC(141) Pre Compact 0.009ms
[1042.312s][info ][gc,start       ] GC(141) Pause Full (Ergonomics)
[1042.312s][info ][gc,phases,start] GC(141) Marking Phase
[1042.447s][debug][gc,phases      ] GC(141) Par Mark 135.064ms
[1042.447s][debug][gc,ref         ] GC(141) Skipped phase 1 of Reference Processing: no references
[1042.448s][debug][gc,ref         ] GC(141) Skipped phase 3 of Reference Processing: no references
[1042.448s][debug][gc,phases      ] GC(141) Reference Processing 0.464ms
[1042.448s][debug][gc,phases      ] GC(141) Weak Processing 0.641ms
[1042.448s][debug][gc,phases      ] GC(141) ClassLoaderData 0.073ms
[1042.448s][debug][gc,phases      ] GC(141) Trigger cleanups 0.000ms
[1042.466s][debug][gc,phases      ] GC(141) Class Unloading 17.970ms
[1042.466s][info ][gc,phases      ] GC(141) Marking Phase 154.337ms
[1042.466s][info ][gc,phases,start] GC(141) Summary Phase
[1042.466s][info ][gc,phases      ] GC(141) Summary Phase 0.024ms
[1042.466s][info ][gc,phases,start] GC(141) Adjust Roots
[1042.482s][info ][gc,phases      ] GC(141) Adjust Roots 15.603ms
[1042.482s][info ][gc,phases,start] GC(141) Compaction Phase
[1042.590s][info ][gc,phases      ] GC(141) Compaction Phase 107.681ms
[1042.590s][info ][gc,phases,start] GC(141) Post Compact
[1042.592s][info ][gc,phases      ] GC(141) Post Compact 2.395ms
[1042.592s][info ][gc,heap        ] GC(141) PSYoungGen: 96221K(1794048K)->0K(1789440K) Eden: 0K(1486336K)->0K(1486336K) From: 96221K(307712K)->0K(303104K)
[1042.592s][info ][gc,heap        ] GC(141) ParOldGen: 658358K(695296K)->489601K(672256K)
[1042.592s][info ][gc,metaspace   ] GC(141) Metaspace: 79386K(80000K)->79386K(80000K) NonClass: 68598K(68928K)->68598K(68928K) Class: 10787K(11072K)->10787K(11072K)
[1042.592s][info ][gc             ] GC(141) Pause Full (Ergonomics) 736M->478M(2404M) 280.300ms
[1042.592s][info ][gc,cpu         ] GC(141) User=1.00s Sys=0.00s Real=0.28s
[1042.592s][info ][safepoint      ] Safepoint "ParallelGCFailedAllocation", Time since last: 46157727566 ns, Reaching safepoint: 76302 ns, At safepoint: 316331038 ns, Total: 316407340 ns
[1046.593s][info ][safepoint      ] Safepoint "Cleanup", Time since last: 4000281230 ns, Reaching safepoint: 55501 ns, At safepoint: 10300 ns, Total: 65801 ns
[1075.595s][info ][safepoint      ] Safepoint "Cleanup", Time since last: 29001914104 ns, Reaching safepoint: 61602 ns, At safepoint: 2400 ns, Total: 64002 ns
[1081.595s][info ][safepoint      ] Safepoint "Cleanup", Time since last: 6000415802 ns, Reaching safepoint: 61902 ns, At safepoint: 11000 ns, Total: 72902 ns
[1090.275s][info ][gc,start       ] GC(142) Pause Young (Allocation Failure)
[1090.276s][debug][gc,phases      ] GC(142) Scavenge 0.976ms
[1090.276s][debug][gc,ref         ] GC(142) Skipped phase 1 of Reference Processing: no references
[1090.276s][debug][gc,ref         ] GC(142) Skipped phase 2 of Reference Processing: no references
[1090.276s][debug][gc,ref         ] GC(142) Skipped phase 3 of Reference Processing: no references
[1090.276s][debug][gc,ref         ] GC(142) Skipped phase 4 of Reference Processing: no references
[1090.276s][debug][gc,phases      ] GC(142) Reference Processing 0.021ms
[1090.277s][debug][gc,phases      ] GC(142) Weak Processing 0.527ms
[1090.277s][debug][gc,age         ] GC(142) Desired survivor size 321388544 bytes, new threshold 15 (max threshold 15)
[1090.277s][info ][gc,heap        ] GC(142) PSYoungGen: 1486336K(1789440K)->288K(1772544K) Eden: 1486336K(1486336K)->0K(1469440K) From: 0K(303104K)->288K(303104K)
[1090.277s][info ][gc,heap        ] GC(142) ParOldGen: 489601K(672256K)->489601K(672256K)
[1090.277s][info ][gc,metaspace   ] GC(142) Metaspace: 79392K(80000K)->79392K(80000K) NonClass: 68604K(68928K)->68604K(68928K) Class: 10787K(11072K)->10787K(11072K)
[1090.277s][info ][gc             ] GC(142) Pause Young (Allocation Failure) 1929M->478M(2387M) 1.626ms
[1090.277s][info ][gc,cpu         ] GC(142) User=0.01s Sys=0.00s Real=0.01s
[1090.277s][info ][safepoint      ] Safepoint "ParallelGCFailedAllocation", Time since last: 8680115713 ns, Reaching safepoint: 47901 ns, At safepoint: 1690442 ns, Total: 1738343 ns
[1137.777s][info ][gc,start       ] GC(143) Pause Young (Allocation Failure)
[1137.778s][debug][gc,phases      ] GC(143) Scavenge 0.869ms
[1137.778s][debug][gc,ref         ] GC(143) Skipped phase 1 of Reference Processing: no references
[1137.778s][debug][gc,ref         ] GC(143) Skipped phase 2 of Reference Processing: no references
[1137.778s][debug][gc,ref         ] GC(143) Skipped phase 3 of Reference Processing: no references
[1137.778s][debug][gc,ref         ] GC(143) Skipped phase 4 of Reference Processing: no references
[1137.778s][debug][gc,phases      ] GC(143) Reference Processing 0.021ms
[1137.778s][debug][gc,phases      ] GC(143) Weak Processing 0.533ms
[1137.778s][debug][gc,age         ] GC(143) Desired survivor size 326631424 bytes, new threshold 15 (max threshold 15)
[1137.778s][info ][gc,heap        ] GC(143) PSYoungGen: 1469728K(1772544K)->320K(1469952K) Eden: 1469440K(1469440K)->0K(1469440K) From: 288K(303104K)->320K(512K)
[1137.778s][info ][gc,heap        ] GC(143) ParOldGen: 489601K(672256K)->489601K(672256K)
[1137.778s][info ][gc,metaspace   ] GC(143) Metaspace: 79392K(80000K)->79392K(80000K) NonClass: 68604K(68928K)->68604K(68928K) Class: 10787K(11072K)->10787K(11072K)
[1137.778s][info ][gc             ] GC(143) Pause Young (Allocation Failure) 1913M->478M(2092M) 1.515ms
[1137.778s][info ][gc,cpu         ] GC(143) User=0.00s Sys=0.00s Real=0.00s
[1137.778s][info ][safepoint      ] Safepoint "ParallelGCFailedAllocation", Time since last: 47499785000 ns, Reaching safepoint: 57701 ns, At safepoint: 1583239 ns, Total: 1640940 ns
[1185.128s][info ][gc,start       ] GC(144) Pause Young (Allocation Failure)
[1185.129s][debug][gc,phases      ] GC(144) Scavenge 0.903ms
[1185.129s][debug][gc,ref         ] GC(144) Skipped phase 1 of Reference Processing: no references
[1185.129s][debug][gc,ref         ] GC(144) Skipped phase 2 of Reference Processing: no references
[1185.129s][debug][gc,ref         ] GC(144) Skipped phase 3 of Reference Processing: no references
[1185.129s][debug][gc,ref         ] GC(144) Skipped phase 4 of Reference Processing: no references
[1185.129s][debug][gc,phases      ] GC(144) Reference Processing 0.025ms
[1185.129s][debug][gc,phases      ] GC(144) Weak Processing 0.571ms
[1185.129s][debug][gc,age         ] GC(144) Desired survivor size 328204288 bytes, new threshold 15 (max threshold 15)
[1185.129s][info ][gc,heap        ] GC(144) PSYoungGen: 1469760K(1469952K)->320K(1775104K) Eden: 1469440K(1469440K)->0K(1456128K) From: 320K(512K)->320K(318976K)
[1185.129s][info ][gc,heap        ] GC(144) ParOldGen: 489601K(672256K)->489601K(672256K)
[1185.129s][info ][gc,metaspace   ] GC(144) Metaspace: 79392K(80000K)->79392K(80000K) NonClass: 68604K(68928K)->68604K(68928K) Class: 10787K(11072K)->10787K(11072K)
[1185.129s][info ][gc             ] GC(144) Pause Young (Allocation Failure) 1913M->478M(2390M) 1.616ms
[1185.129s][info ][gc,cpu         ] GC(144) User=0.00s Sys=0.00s Real=0.01s
[1185.129s][info ][safepoint      ] Safepoint "ParallelGCFailedAllocation", Time since last: 47349031842 ns, Reaching safepoint: 100002 ns, At safepoint: 1693442 ns, Total: 1793444 ns
[1231.927s][info ][gc,start       ] GC(145) Pause Young (Allocation Failure)
[1231.928s][debug][gc,phases      ] GC(145) Scavenge 0.939ms
[1231.928s][debug][gc,ref         ] GC(145) Skipped phase 1 of Reference Processing: no references
[1231.928s][debug][gc,ref         ] GC(145) Skipped phase 2 of Reference Processing: no references
[1231.928s][debug][gc,ref         ] GC(145) Skipped phase 3 of Reference Processing: no references
[1231.928s][debug][gc,ref         ] GC(145) Skipped phase 4 of Reference Processing: no references
[1231.928s][debug][gc,phases      ] GC(145) Reference Processing 0.022ms
[1231.929s][debug][gc,phases      ] GC(145) Weak Processing 0.545ms
[1231.929s][debug][gc,age         ] GC(145) Desired survivor size 325582848 bytes, new threshold 15 (max threshold 15)
[1231.929s][info ][gc,heap        ] GC(145) PSYoungGen: 1456448K(1775104K)->352K(1776640K) Eden: 1456128K(1456128K)->0K(1456128K) From: 320K(318976K)->352K(320512K)
[1231.929s][info ][gc,heap        ] GC(145) ParOldGen: 489601K(672256K)->489601K(672256K)
[1231.929s][info ][gc,metaspace   ] GC(145) Metaspace: 79393K(80000K)->79393K(80000K) NonClass: 68606K(68928K)->68606K(68928K) Class: 10787K(11072K)->10787K(11072K)
[1231.929s][info ][gc             ] GC(145) Pause Young (Allocation Failure) 1900M->478M(2391M) 1.606ms
[1231.929s][info ][gc,cpu         ] GC(145) User=0.00s Sys=0.00s Real=0.01s
[1231.929s][info ][safepoint      ] Safepoint "ParallelGCFailedAllocation", Time since last: 46798012154 ns, Reaching safepoint: 135203 ns, At safepoint: 1688742 ns, Total: 1823945 ns
[1250.930s][info ][safepoint      ] Safepoint "Cleanup", Time since last: 19001233590 ns, Reaching safepoint: 81602 ns, At safepoint: 3100 ns, Total: 84702 ns
[1258.931s][info ][safepoint      ] Safepoint "Cleanup", Time since last: 8000543615 ns, Reaching safepoint: 51702 ns, At safepoint: 2800 ns, Total: 54502 ns
[1260.931s][info ][safepoint      ] Safepoint "Cleanup", Time since last: 2000173580 ns, Reaching safepoint: 65001 ns, At safepoint: 10501 ns, Total: 75502 ns
[1277.025s][info ][gc,start       ] GC(146) Pause Young (Allocation Failure)
[1277.026s][debug][gc,phases      ] GC(146) Scavenge 0.859ms
[1277.026s][debug][gc,ref         ] GC(146) Skipped phase 1 of Reference Processing: no references
[1277.026s][debug][gc,ref         ] GC(146) Skipped phase 3 of Reference Processing: no references
[1277.026s][debug][gc,phases      ] GC(146) Reference Processing 0.033ms
[1277.027s][debug][gc,phases      ] GC(146) Weak Processing 0.546ms
[1277.027s][debug][gc,age         ] GC(146) Desired survivor size 320339968 bytes, new threshold 15 (max threshold 15)
[1277.027s][info ][gc,heap        ] GC(146) PSYoungGen: 1456480K(1776640K)->416K(1784320K) Eden: 1456128K(1456128K)->0K(1466368K) From: 352K(320512K)->416K(317952K)
[1277.027s][info ][gc,heap        ] GC(146) ParOldGen: 489601K(672256K)->489601K(672256K)
[1277.027s][info ][gc,metaspace   ] GC(146) Metaspace: 79403K(80000K)->79403K(80000K) NonClass: 68615K(68928K)->68615K(68928K) Class: 10787K(11072K)->10787K(11072K)
[1277.027s][info ][gc             ] GC(146) Pause Young (Allocation Failure) 1900M->478M(2399M) 1.541ms
[1277.027s][info ][gc,cpu         ] GC(146) User=0.00s Sys=0.00s Real=0.00s
[1277.027s][info ][safepoint      ] Safepoint "ParallelGCFailedAllocation", Time since last: 16093838035 ns, Reaching safepoint: 36001 ns, At safepoint: 1614040 ns, Total: 1650041 ns
[1301.029s][info ][safepoint      ] Safepoint "Cleanup", Time since last: 24001817172 ns, Reaching safepoint: 64302 ns, At safepoint: 14400 ns, Total: 78702 ns
[1317.032s][info ][safepoint      ] Safepoint "Cleanup", Time since last: 16003567615 ns, Reaching safepoint: 74102 ns, At safepoint: 2900 ns, Total: 77002 ns
[1323.826s][info ][gc,start       ] GC(147) Pause Young (Allocation Failure)
[1323.827s][debug][gc,phases      ] GC(147) Scavenge 0.857ms
[1323.827s][debug][gc,ref         ] GC(147) Skipped phase 1 of Reference Processing: no references
[1323.827s][debug][gc,ref         ] GC(147) Skipped phase 2 of Reference Processing: no references
[1323.827s][debug][gc,ref         ] GC(147) Skipped phase 3 of Reference Processing: no references
[1323.827s][debug][gc,ref         ] GC(147) Skipped phase 4 of Reference Processing: no references
[1323.827s][debug][gc,phases      ] GC(147) Reference Processing 0.022ms
[1323.828s][debug][gc,phases      ] GC(147) Weak Processing 0.564ms
[1323.828s][debug][gc,age         ] GC(147) Desired survivor size 312999936 bytes, new threshold 15 (max threshold 15)
[1323.828s][info ][gc,heap        ] GC(147) PSYoungGen: 1466784K(1784320K)->384K(1779200K) Eden: 1466368K(1466368K)->0K(1466368K) From: 416K(317952K)->384K(312832K)
[1323.828s][info ][gc,heap        ] GC(147) ParOldGen: 489601K(672256K)->489601K(672256K)
[1323.828s][info ][gc,metaspace   ] GC(147) Metaspace: 79404K(80000K)->79404K(80000K) NonClass: 68616K(68928K)->68616K(68928K) Class: 10787K(11072K)->10787K(11072K)
[1323.828s][info ][gc             ] GC(147) Pause Young (Allocation Failure) 1910M->478M(2394M) 1.547ms
[1323.828s][info ][gc,cpu         ] GC(147) User=0.00s Sys=0.00s Real=0.01s
[1323.828s][info ][safepoint      ] Safepoint "ParallelGCFailedAllocation", Time since last: 6794136922 ns, Reaching safepoint: 32001 ns, At safepoint: 1621440 ns, Total: 1653441 ns
[1349.830s][info ][safepoint      ] Safepoint "Cleanup", Time since last: 26001691477 ns, Reaching safepoint: 44201 ns, At safepoint: 3100 ns, Total: 47301 ns
[1370.878s][info ][gc,start       ] GC(148) Pause Young (Allocation Failure)
[1370.878s][debug][gc,phases      ] GC(148) Scavenge 0.890ms
[1370.878s][debug][gc,ref         ] GC(148) Skipped phase 1 of Reference Processing: no references
[1370.878s][debug][gc,ref         ] GC(148) Skipped phase 2 of Reference Processing: no references
[1370.879s][debug][gc,ref         ] GC(148) Skipped phase 3 of Reference Processing: no references
[1370.879s][debug][gc,ref         ] GC(148) Skipped phase 4 of Reference Processing: no references
[1370.879s][debug][gc,phases      ] GC(148) Reference Processing 0.020ms
[1370.879s][debug][gc,phases      ] GC(148) Weak Processing 0.510ms
[1370.879s][debug][gc,age         ] GC(148) Desired survivor size 304087040 bytes, new threshold 15 (max threshold 15)
[1370.879s][info ][gc,heap        ] GC(148) PSYoungGen: 1466752K(1779200K)->384K(1800192K) Eden: 1466368K(1466368K)->0K(1494528K) From: 384K(312832K)->384K(305664K)
[1370.879s][info ][gc,heap        ] GC(148) ParOldGen: 489601K(672256K)->489601K(672256K)
[1370.879s][info ][gc,metaspace   ] GC(148) Metaspace: 79410K(80000K)->79410K(80000K) NonClass: 68622K(68928K)->68622K(68928K) Class: 10787K(11072K)->10787K(11072K)
[1370.879s][info ][gc             ] GC(148) Pause Young (Allocation Failure) 1910M->478M(2414M) 1.541ms
[1370.879s][info ][gc,cpu         ] GC(148) User=0.00s Sys=0.00s Real=0.00s
[1370.879s][info ][safepoint      ] Safepoint "ParallelGCFailedAllocation", Time since last: 21047653378 ns, Reaching safepoint: 31801 ns, At safepoint: 1605440 ns, Total: 1637241 ns
[1373.879s][info ][safepoint      ] Safepoint "Cleanup", Time since last: 3000217177 ns, Reaching safepoint: 84602 ns, At safepoint: 10400 ns, Total: 95002 ns
[1394.881s][info ][safepoint      ] Safepoint "Cleanup", Time since last: 21001371242 ns, Reaching safepoint: 52902 ns, At safepoint: 20900 ns, Total: 73802 ns
[1396.881s][info ][safepoint      ] Safepoint "Cleanup", Time since last: 2000188787 ns, Reaching safepoint: 58202 ns, At safepoint: 6200 ns, Total: 64402 ns
[1416.882s][info ][safepoint      ] Safepoint "Cleanup", Time since last: 20001303158 ns, Reaching safepoint: 50102 ns, At safepoint: 7100 ns, Total: 57202 ns
[1418.828s][info ][gc,start       ] GC(149) Pause Young (Allocation Failure)
[1418.829s][debug][gc,phases      ] GC(149) Scavenge 0.883ms
[1418.829s][debug][gc,ref         ] GC(149) Skipped phase 1 of Reference Processing: no references
[1418.829s][debug][gc,ref         ] GC(149) Skipped phase 2 of Reference Processing: no references
[1418.829s][debug][gc,ref         ] GC(149) Skipped phase 3 of Reference Processing: no references
[1418.829s][debug][gc,ref         ] GC(149) Skipped phase 4 of Reference Processing: no references
[1418.829s][debug][gc,phases      ] GC(149) Reference Processing 0.022ms
[1418.829s][debug][gc,phases      ] GC(149) Weak Processing 0.520ms
[1418.829s][debug][gc,age         ] GC(149) Desired survivor size 293601280 bytes, new threshold 15 (max threshold 15)
[1418.829s][info ][gc,heap        ] GC(149) PSYoungGen: 1494912K(1800192K)->352K(1791488K) Eden: 1494528K(1494528K)->0K(1494528K) From: 384K(305664K)->352K(296960K)
[1418.829s][info ][gc,heap        ] GC(149) ParOldGen: 489601K(672256K)->489601K(672256K)
[1418.829s][info ][gc,metaspace   ] GC(149) Metaspace: 79426K(80064K)->79426K(80064K) NonClass: 68638K(68992K)->68638K(68992K) Class: 10787K(11072K)->10787K(11072K)
[1418.829s][info ][gc             ] GC(149) Pause Young (Allocation Failure) 1938M->478M(2406M) 1.546ms
[1418.829s][info ][gc,cpu         ] GC(149) User=0.00s Sys=0.00s Real=0.01s
[1418.829s][info ][safepoint      ] Safepoint "ParallelGCFailedAllocation", Time since last: 1945062621 ns, Reaching safepoint: 105503 ns, At safepoint: 1628540 ns, Total: 1734043 ns
[1436.831s][info ][safepoint      ] Safepoint "Cleanup", Time since last: 18001188181 ns, Reaching safepoint: 75602 ns, At safepoint: 8400 ns, Total: 84002 ns
[1466.678s][info ][gc,start       ] GC(150) Pause Young (Allocation Failure)
[1466.678s][debug][gc,phases      ] GC(150) Scavenge 0.908ms
[1466.679s][debug][gc,ref         ] GC(150) Skipped phase 1 of Reference Processing: no references
[1466.679s][debug][gc,ref         ] GC(150) Skipped phase 2 of Reference Processing: no references
[1466.679s][debug][gc,ref         ] GC(150) Skipped phase 3 of Reference Processing: no references
[1466.679s][debug][gc,ref         ] GC(150) Skipped phase 4 of Reference Processing: no references
[1466.679s][debug][gc,phases      ] GC(150) Reference Processing 0.022ms
[1466.679s][debug][gc,phases      ] GC(150) Weak Processing 0.516ms
[1466.679s][debug][gc,age         ] GC(150) Desired survivor size 282591232 bytes, new threshold 15 (max threshold 15)
[1466.679s][info ][gc,heap        ] GC(150) PSYoungGen: 1494880K(1791488K)->384K(1821184K) Eden: 1494528K(1494528K)->0K(1534464K) From: 352K(296960K)->384K(286720K)
[1466.679s][info ][gc,heap        ] GC(150) ParOldGen: 489601K(672256K)->489601K(672256K)
[1466.679s][info ][gc,metaspace   ] GC(150) Metaspace: 79426K(80064K)->79426K(80064K) NonClass: 68639K(68992K)->68639K(68992K) Class: 10787K(11072K)->10787K(11072K)
[1466.679s][info ][gc             ] GC(150) Pause Young (Allocation Failure) 1937M->478M(2435M) 1.562ms
[1466.679s][info ][gc,cpu         ] GC(150) User=0.00s Sys=0.00s Real=0.00s
[1466.679s][info ][safepoint      ] Safepoint "ParallelGCFailedAllocation", Time since last: 29846816468 ns, Reaching safepoint: 137503 ns, At safepoint: 1641941 ns, Total: 1779444 ns
[1472.680s][info ][safepoint      ] Safepoint "Cleanup", Time since last: 6000430666 ns, Reaching safepoint: 68002 ns, At safepoint: 14100 ns, Total: 82102 ns
[1511.682s][info ][safepoint      ] Safepoint "Cleanup", Time since last: 39002622289 ns, Reaching safepoint: 49201 ns, At safepoint: 30401 ns, Total: 79602 ns
[1516.176s][info ][gc,start       ] GC(151) Pause Young (Allocation Failure)
[1516.177s][debug][gc,phases      ] GC(151) Scavenge 0.858ms
[1516.177s][debug][gc,ref         ] GC(151) Skipped phase 1 of Reference Processing: no references
[1516.177s][debug][gc,ref         ] GC(151) Skipped phase 2 of Reference Processing: no references
[1516.177s][debug][gc,ref         ] GC(151) Skipped phase 3 of Reference Processing: no references
[1516.177s][debug][gc,ref         ] GC(151) Skipped phase 4 of Reference Processing: no references
[1516.177s][debug][gc,phases      ] GC(151) Reference Processing 0.021ms
[1516.177s][debug][gc,phases      ] GC(151) Weak Processing 0.502ms
[1516.177s][debug][gc,age         ] GC(151) Desired survivor size 270532608 bytes, new threshold 15 (max threshold 15)
[1516.177s][info ][gc,heap        ] GC(151) PSYoungGen: 1534848K(1821184K)->352K(1810432K) Eden: 1534464K(1534464K)->0K(1534464K) From: 384K(286720K)->352K(275968K)
[1516.177s][info ][gc,heap        ] GC(151) ParOldGen: 489601K(672256K)->489601K(672256K)
[1516.177s][info ][gc,metaspace   ] GC(151) Metaspace: 79427K(80064K)->79427K(80064K) NonClass: 68640K(68992K)->68640K(68992K) Class: 10787K(11072K)->10787K(11072K)
[1516.177s][info ][gc             ] GC(151) Pause Young (Allocation Failure) 1977M->478M(2424M) 1.479ms
[1516.177s][info ][gc,cpu         ] GC(151) User=0.01s Sys=0.00s Real=0.00s
[1516.177s][info ][safepoint      ] Safepoint "ParallelGCFailedAllocation", Time since last: 4493450007 ns, Reaching safepoint: 40501 ns, At safepoint: 1545139 ns, Total: 1585640 ns
[1530.178s][info ][safepoint      ] Safepoint "Cleanup", Time since last: 14001040234 ns, Reaching safepoint: 53201 ns, At safepoint: 13000 ns, Total: 66201 ns
[1538.179s][info ][safepoint      ] Safepoint "Cleanup", Time since last: 8000541363 ns, Reaching safepoint: 60801 ns, At safepoint: 7400 ns, Total: 68201 ns
[1563.277s][info ][gc,start       ] GC(152) Pause Young (Allocation Failure)
[1563.279s][debug][gc,phases      ] GC(152) Scavenge 1.011ms
[1563.279s][debug][gc,ref         ] GC(152) Skipped phase 1 of Reference Processing: no references
[1563.279s][debug][gc,ref         ] GC(152) Skipped phase 3 of Reference Processing: no references
[1563.279s][debug][gc,phases      ] GC(152) Reference Processing 0.022ms
[1563.279s][debug][gc,phases      ] GC(152) Weak Processing 0.645ms
[1563.279s][debug][gc,age         ] GC(152) Desired survivor size 257949696 bytes, new threshold 15 (max threshold 15)
[1563.279s][info ][gc,heap        ] GC(152) PSYoungGen: 1534816K(1810432K)->384K(1845248K) Eden: 1534464K(1534464K)->0K(1581056K) From: 352K(275968K)->384K(264192K)
[1563.279s][info ][gc,heap        ] GC(152) ParOldGen: 489601K(672256K)->489601K(672256K)
[1563.279s][info ][gc,metaspace   ] GC(152) Metaspace: 79433K(80064K)->79433K(80064K) NonClass: 68645K(68992K)->68645K(68992K) Class: 10787K(11072K)->10787K(11072K)
[1563.279s][info ][gc             ] GC(152) Pause Young (Allocation Failure) 1976M->478M(2458M) 1.799ms
[1563.279s][info ][gc,cpu         ] GC(152) User=0.00s Sys=0.00s Real=0.00s
[1563.279s][info ][safepoint      ] Safepoint "ParallelGCFailedAllocation", Time since last: 25098189182 ns, Reaching safepoint: 143303 ns, At safepoint: 1897347 ns, Total: 2040650 ns
[1606.282s][info ][safepoint      ] Safepoint "Cleanup", Time since last: 43002825929 ns, Reaching safepoint: 84502 ns, At safepoint: 8100 ns, Total: 92602 ns
[1613.676s][info ][gc,start       ] GC(153) Pause Young (Allocation Failure)
[1613.677s][debug][gc,phases      ] GC(153) Scavenge 0.838ms
[1613.677s][debug][gc,ref         ] GC(153) Skipped phase 1 of Reference Processing: no references
[1613.677s][debug][gc,ref         ] GC(153) Skipped phase 2 of Reference Processing: no references
[1613.677s][debug][gc,ref         ] GC(153) Skipped phase 3 of Reference Processing: no references
[1613.677s][debug][gc,ref         ] GC(153) Skipped phase 4 of Reference Processing: no references
[1613.677s][debug][gc,phases      ] GC(153) Reference Processing 0.031ms
[1613.677s][debug][gc,phases      ] GC(153) Weak Processing 0.611ms
[1613.677s][debug][gc,age         ] GC(153) Desired survivor size 245366784 bytes, new threshold 15 (max threshold 15)
[1613.677s][info ][gc,heap        ] GC(153) PSYoungGen: 1581440K(1845248K)->384K(1832960K) Eden: 1581056K(1581056K)->0K(1581056K) From: 384K(264192K)->384K(251904K)
[1613.677s][info ][gc,heap        ] GC(153) ParOldGen: 489601K(672256K)->489601K(672256K)
[1613.677s][info ][gc,metaspace   ] GC(153) Metaspace: 79433K(80064K)->79433K(80064K) NonClass: 68645K(68992K)->68645K(68992K) Class: 10787K(11072K)->10787K(11072K)
[1613.677s][info ][gc             ] GC(153) Pause Young (Allocation Failure) 2022M->478M(2446M) 1.594ms
[1613.677s][info ][gc,cpu         ] GC(153) User=0.01s Sys=0.00s Real=0.00s
[1613.677s][info ][safepoint      ] Safepoint "ParallelGCFailedAllocation", Time since last: 7393517620 ns, Reaching safepoint: 28801 ns, At safepoint: 1670641 ns, Total: 1699442 ns
[1642.680s][info ][safepoint      ] Safepoint "Cleanup", Time since last: 29001979104 ns, Reaching safepoint: 87602 ns, At safepoint: 8000 ns, Total: 95602 ns
[1664.077s][info ][gc,start       ] GC(154) Pause Young (Allocation Failure)
[1664.078s][debug][gc,phases      ] GC(154) Scavenge 0.926ms
[1664.078s][debug][gc,ref         ] GC(154) Skipped phase 1 of Reference Processing: no references
[1664.078s][debug][gc,ref         ] GC(154) Skipped phase 2 of Reference Processing: no references
[1664.078s][debug][gc,ref         ] GC(154) Skipped phase 3 of Reference Processing: no references
[1664.078s][debug][gc,ref         ] GC(154) Skipped phase 4 of Reference Processing: no references
[1664.078s][debug][gc,phases      ] GC(154) Reference Processing 0.022ms
[1664.079s][debug][gc,phases      ] GC(154) Weak Processing 0.551ms
[1664.079s][debug][gc,age         ] GC(154) Desired survivor size 232783872 bytes, new threshold 15 (max threshold 15)
[1664.079s][info ][gc,heap        ] GC(154) PSYoungGen: 1581440K(1832960K)->384K(1869824K) Eden: 1581056K(1581056K)->0K(1630208K) From: 384K(251904K)->384K(239616K)
[1664.079s][info ][gc,heap        ] GC(154) ParOldGen: 489601K(672256K)->489601K(672256K)
[1664.079s][info ][gc,metaspace   ] GC(154) Metaspace: 79438K(80064K)->79438K(80064K) NonClass: 68650K(68992K)->68650K(68992K) Class: 10787K(11072K)->10787K(11072K)
[1664.079s][info ][gc             ] GC(154) Pause Young (Allocation Failure) 2022M->478M(2482M) 1.602ms
[1664.079s][info ][gc,cpu         ] GC(154) User=0.01s Sys=0.00s Real=0.00s
[1664.079s][info ][safepoint      ] Safepoint "ParallelGCFailedAllocation", Time since last: 21397662962 ns, Reaching safepoint: 128803 ns, At safepoint: 1681642 ns, Total: 1810445 ns
[1699.082s][info ][safepoint      ] Safepoint "Cleanup", Time since last: 35002460208 ns, Reaching safepoint: 83502 ns, At safepoint: 8001 ns, Total: 91503 ns
[1716.228s][info ][gc,start       ] GC(155) Pause Young (Allocation Failure)
[1716.229s][debug][gc,phases      ] GC(155) Scavenge 1.057ms
[1716.229s][debug][gc,ref         ] GC(155) Skipped phase 1 of Reference Processing: no references
[1716.229s][debug][gc,ref         ] GC(155) Skipped phase 2 of Reference Processing: no references
[1716.229s][debug][gc,ref         ] GC(155) Skipped phase 3 of Reference Processing: no references
[1716.229s][debug][gc,ref         ] GC(155) Skipped phase 4 of Reference Processing: no references
[1716.229s][debug][gc,phases      ] GC(155) Reference Processing 0.039ms
[1716.229s][debug][gc,phases      ] GC(155) Weak Processing 0.541ms
[1716.229s][debug][gc,age         ] GC(155) Desired survivor size 220200960 bytes, new threshold 15 (max threshold 15)
[1716.229s][info ][gc,heap        ] GC(155) PSYoungGen: 1630592K(1869824K)->384K(1857536K) Eden: 1630208K(1630208K)->0K(1630208K) From: 384K(239616K)->384K(227328K)
[1716.229s][info ][gc,heap        ] GC(155) ParOldGen: 489601K(672256K)->489601K(672256K)
[1716.229s][info ][gc,metaspace   ] GC(155) Metaspace: 79440K(80064K)->79440K(80064K) NonClass: 68652K(68992K)->68652K(68992K) Class: 10787K(11072K)->10787K(11072K)
[1716.229s][info ][gc             ] GC(155) Pause Young (Allocation Failure) 2070M->478M(2470M) 1.766ms
[1716.229s][info ][gc,cpu         ] GC(155) User=0.00s Sys=0.00s Real=0.01s
[1716.230s][info ][safepoint      ] Safepoint "ParallelGCFailedAllocation", Time since last: 17145865948 ns, Reaching safepoint: 207505 ns, At safepoint: 1872746 ns, Total: 2080251 ns
[1768.676s][info ][gc,start       ] GC(156) Pause Young (Allocation Failure)
[1768.677s][debug][gc,phases      ] GC(156) Scavenge 0.853ms
[1768.677s][debug][gc,ref         ] GC(156) Skipped phase 1 of Reference Processing: no references
[1768.677s][debug][gc,ref         ] GC(156) Skipped phase 2 of Reference Processing: no references
[1768.677s][debug][gc,ref         ] GC(156) Skipped phase 3 of Reference Processing: no references
[1768.677s][debug][gc,ref         ] GC(156) Skipped phase 4 of Reference Processing: no references
[1768.677s][debug][gc,phases      ] GC(156) Reference Processing 0.026ms
[1768.677s][debug][gc,phases      ] GC(156) Weak Processing 0.529ms
[1768.677s][debug][gc,age         ] GC(156) Desired survivor size 207618048 bytes, new threshold 15 (max threshold 15)
[1768.677s][info ][gc,heap        ] GC(156) PSYoungGen: 1630592K(1857536K)->416K(1894400K) Eden: 1630208K(1630208K)->0K(1679360K) From: 384K(227328K)->416K(215040K)
[1768.677s][info ][gc,heap        ] GC(156) ParOldGen: 489601K(672256K)->489601K(672256K)
[1768.677s][info ][gc,metaspace   ] GC(156) Metaspace: 79440K(80064K)->79440K(80064K) NonClass: 68652K(68992K)->68652K(68992K) Class: 10787K(11072K)->10787K(11072K)
[1768.677s][info ][gc             ] GC(156) Pause Young (Allocation Failure) 2070M->478M(2506M) 1.519ms
[1768.677s][info ][gc,cpu         ] GC(156) User=0.00s Sys=0.00s Real=0.00s
[1768.677s][info ][safepoint      ] Safepoint "ParallelGCFailedAllocation", Time since last: 52446164473 ns, Reaching safepoint: 51901 ns, At safepoint: 1582339 ns, Total: 1634240 ns
[1817.682s][info ][safepoint      ] Safepoint "Cleanup", Time since last: 49004199250 ns, Reaching safepoint: 71101 ns, At safepoint: 8901 ns, Total: 80002 ns
[1822.576s][info ][gc,start       ] GC(157) Pause Young (Allocation Failure)
[1822.577s][debug][gc,phases      ] GC(157) Scavenge 0.898ms
[1822.577s][debug][gc,ref         ] GC(157) Skipped phase 1 of Reference Processing: no references
[1822.577s][debug][gc,ref         ] GC(157) Skipped phase 2 of Reference Processing: no references
[1822.577s][debug][gc,ref         ] GC(157) Skipped phase 3 of Reference Processing: no references
[1822.577s][debug][gc,ref         ] GC(157) Skipped phase 4 of Reference Processing: no references
[1822.577s][debug][gc,phases      ] GC(157) Reference Processing 0.022ms
[1822.578s][debug][gc,phases      ] GC(157) Weak Processing 0.619ms
[1822.578s][debug][gc,age         ] GC(157) Desired survivor size 195559424 bytes, new threshold 15 (max threshold 15)
[1822.578s][info ][gc,heap        ] GC(157) PSYoungGen: 1679776K(1894400K)->416K(1882112K) Eden: 1679360K(1679360K)->0K(1679360K) From: 416K(215040K)->416K(202752K)
[1822.578s][info ][gc,heap        ] GC(157) ParOldGen: 489601K(672256K)->489633K(672256K)
[1822.578s][info ][gc,metaspace   ] GC(157) Metaspace: 79450K(80064K)->79450K(80064K) NonClass: 68662K(68992K)->68662K(68992K) Class: 10787K(11072K)->10787K(11072K)
[1822.578s][info ][gc             ] GC(157) Pause Young (Allocation Failure) 2118M->478M(2494M) 1.639ms
[1822.578s][info ][gc,cpu         ] GC(157) User=0.00s Sys=0.00s Real=0.00s
[1822.578s][info ][safepoint      ] Safepoint "ParallelGCFailedAllocation", Time since last: 4894512969 ns, Reaching safepoint: 38001 ns, At safepoint: 1732643 ns, Total: 1770644 ns
[1837.579s][info ][safepoint      ] Safepoint "Cleanup", Time since last: 15001071085 ns, Reaching safepoint: 59101 ns, At safepoint: 7600 ns, Total: 66701 ns
[1845.590s][info ][safepoint      ] Safepoint "Cleanup", Time since last: 8008316185 ns, Reaching safepoint: 2432660 ns, At safepoint: 23301 ns, Total: 2455961 ns
[1893.593s][info ][safepoint      ] Safepoint "Cleanup", Time since last: 48003391465 ns, Reaching safepoint: 71801 ns, At safepoint: 7901 ns, Total: 79702 ns
[1953.597s][info ][safepoint      ] Safepoint "Cleanup", Time since last: 60004099078 ns, Reaching safepoint: 42001 ns, At safepoint: 24600 ns, Total: 66601 ns
[2058.604s][info ][safepoint      ] Safepoint "Cleanup", Time since last: 105006568838 ns, Reaching safepoint: 78002 ns, At safepoint: 3000 ns, Total: 81002 ns
[2079.605s][info ][safepoint      ] Safepoint "Cleanup", Time since last: 21001310813 ns, Reaching safepoint: 70002 ns, At safepoint: 5200 ns, Total: 75202 ns
[2137.609s][info ][safepoint      ] Safepoint "Cleanup", Time since last: 58003494937 ns, Reaching safepoint: 50301 ns, At safepoint: 10200 ns, Total: 60501 ns
[2187.104s][info ][gc,heap,exit   ] Heap
[2187.104s][info ][gc,heap,exit   ]  PSYoungGen      total 1882112K, used 1269649K [0x0000000780000000, 0x0000000800000000, 0x0000000800000000)
[2187.104s][info ][gc,heap,exit   ]   eden space 1679360K, 75% used [0x0000000780000000,0x00000007cd77c640,0x00000007e6800000)
[2187.104s][info ][gc,heap,exit   ]   from space 202752K, 0% used [0x00000007e6800000,0x00000007e6868060,0x00000007f2e00000)
[2187.104s][info ][gc,heap,exit   ]   to   space 190976K, 0% used [0x00000007f4580000,0x00000007f4580000,0x0000000800000000)
[2187.104s][info ][gc,heap,exit   ]  ParOldGen       total 672256K, used 489633K [0x0000000740000000, 0x0000000769080000, 0x0000000780000000)
[2187.104s][info ][gc,heap,exit   ]   object space 672256K, 72% used [0x0000000740000000,0x000000075de28568,0x0000000769080000)
[2187.104s][info ][gc,heap,exit   ]  Metaspace       used 79498K, committed 80128K, reserved 1122304K
[2187.104s][info ][gc,heap,exit   ]   class space    used 10792K, committed 11072K, reserved 1048576K
