[0.003s][info][gc] Using Parallel
[0.004s][info][gc,init] Version: 16.0.1+9 (release)
[0.004s][info][gc,init] CPUs: 8 total, 8 available
[0.004s][info][gc,init] Memory: 32117M
[0.004s][info][gc,init] Large Page Support: Disabled
[0.004s][info][gc,init] NUMA Support: Disabled
[0.004s][info][gc,init] Compressed Oops: Enabled (Zero based)
[0.004s][info][gc,init] Alignments: Space 512K, Generation 512K, Heap 2M
[0.004s][info][gc,init] Heap Min Capacity: 2054M
[0.004s][info][gc,init] Heap Initial Capacity: 2054M
[0.004s][info][gc,init] Heap Max Capacity: 3G
[0.004s][info][gc,init] Pre-touch: Disabled
[0.004s][info][gc,init] Parallel Workers: 4
[0.004s][info][gc,metaspace] CDS disabled.
[0.004s][info][gc,metaspace] Compressed class space mapped at: 0x0000000800000000-0x0000000840000000, reserved size: 1073741824
[0.004s][info][gc,metaspace] Narrow klass base: 0x0000000800000000, Narrow klass shift: 0, Narrow klass range: 0x40000000
[0.455s][info][safepoint   ] Safepoint "ICBufferFull", Time since last: 434183027 ns, Reaching safepoint: 131302 ns, At safepoint: 4300 ns, Total: 135602 ns
[0.726s][info][gc,start    ] GC(0) Pause Young (Metadata GC Threshold)
[0.731s][debug][gc,phases   ] GC(0) Scavenge 4.737ms
[0.731s][debug][gc,ref      ] GC(0) Skipped phase 1 of Reference Processing: no references
[0.731s][debug][gc,ref      ] GC(0) Skipped phase 3 of Reference Processing: no references
[0.731s][debug][gc,phases   ] GC(0) Reference Processing 0.131ms
[0.732s][debug][gc,phases   ] GC(0) Weak Processing 0.306ms
[0.732s][debug][gc,age      ] GC(0) Desired survivor size 536870912 bytes, new threshold 7 (max threshold 15)
[0.732s][info ][gc,heap     ] GC(0) PSYoungGen: 167772K(1572864K)->7845K(1572864K) Eden: 167772K(1048576K)->0K(1048576K) From: 0K(524288K)->7845K(524288K)
[0.732s][info ][gc,heap     ] GC(0) ParOldGen: 0K(6144K)->88K(6144K)
[0.732s][info ][gc,metaspace] GC(0) Metaspace: 21011K(21248K)->21011K(21248K) NonClass: 18646K(18752K)->18646K(18752K) Class: 2365K(2496K)->2365K(2496K)
[0.732s][info ][gc          ] GC(0) Pause Young (Metadata GC Threshold) 163M->7M(1542M) 5.537ms
[0.732s][info ][gc,cpu      ] GC(0) User=0.03s Sys=0.00s Real=0.00s
[0.732s][debug][gc,phases   ] GC(1) Pre Compact 0.014ms
[0.732s][info ][gc,start    ] GC(1) Pause Full (Metadata GC Threshold)
[0.732s][info ][gc,phases,start] GC(1) Marking Phase
[0.735s][debug][gc,phases      ] GC(1) Par Mark 3.126ms
[0.735s][debug][gc,ref         ] GC(1) Skipped phase 1 of Reference Processing: no references
[0.735s][debug][gc,ref         ] GC(1) Skipped phase 3 of Reference Processing: no references
[0.735s][debug][gc,phases      ] GC(1) Reference Processing 0.045ms
[0.735s][debug][gc,phases      ] GC(1) Weak Processing 0.129ms
[0.735s][debug][gc,phases      ] GC(1) ClassLoaderData 0.011ms
[0.735s][debug][gc,phases      ] GC(1) Trigger cleanups 0.000ms
[0.737s][debug][gc,phases      ] GC(1) Class Unloading 2.015ms
[0.737s][info ][gc,phases      ] GC(1) Marking Phase 5.396ms
[0.737s][info ][gc,phases,start] GC(1) Summary Phase
[0.737s][info ][gc,phases      ] GC(1) Summary Phase 0.006ms
[0.737s][info ][gc,phases,start] GC(1) Adjust Roots
[0.740s][info ][gc,phases      ] GC(1) Adjust Roots 2.970ms
[0.740s][info ][gc,phases,start] GC(1) Compaction Phase
[0.745s][info ][gc,phases      ] GC(1) Compaction Phase 5.153ms
[0.745s][info ][gc,phases,start] GC(1) Post Compact
[0.746s][info ][gc,phases      ] GC(1) Post Compact 0.420ms
[0.746s][info ][gc,heap        ] GC(1) PSYoungGen: 7845K(1572864K)->2138K(1572864K) Eden: 0K(1048576K)->0K(1048576K) From: 7845K(524288K)->2138K(524288K)
[0.746s][info ][gc,heap        ] GC(1) ParOldGen: 88K(6144K)->5698K(6144K)
[0.746s][info ][gc,metaspace   ] GC(1) Metaspace: 21011K(21248K)->21011K(21248K) NonClass: 18646K(18752K)->18646K(18752K) Class: 2365K(2496K)->2365K(2496K)
[0.746s][info ][gc             ] GC(1) Pause Full (Metadata GC Threshold) 7M->7M(1542M) 14.058ms
[0.746s][info ][gc,cpu         ] GC(1) User=0.05s Sys=0.01s Real=0.02s
[0.746s][info ][safepoint      ] Safepoint "CollectForMetadataAllocation", Time since last: 270746482 ns, Reaching safepoint: 119802 ns, At safepoint: 19716519 ns, Total: 19836321 ns
[0.919s][info ][safepoint      ] Safepoint "ICBufferFull", Time since last: 172702995 ns, Reaching safepoint: 64201 ns, At safepoint: 7900 ns, Total: 72101 ns
[0.930s][info ][safepoint      ] Safepoint "ICBufferFull", Time since last: 11410985 ns, Reaching safepoint: 127502 ns, At safepoint: 6300 ns, Total: 133802 ns
[0.939s][info ][safepoint      ] Safepoint "ICBufferFull", Time since last: 8584539 ns, Reaching safepoint: 50601 ns, At safepoint: 5600 ns, Total: 56201 ns
[0.951s][info ][safepoint      ] Safepoint "ICBufferFull", Time since last: 12140297 ns, Reaching safepoint: 43600 ns, At safepoint: 4400 ns, Total: 48000 ns
[0.955s][info ][safepoint      ] Safepoint "ICBufferFull", Time since last: 3788362 ns, Reaching safepoint: 107401 ns, At safepoint: 8401 ns, Total: 115802 ns
[0.958s][info ][safepoint      ] Safepoint "ICBufferFull", Time since last: 3191251 ns, Reaching safepoint: 48301 ns, At safepoint: 1300 ns, Total: 49601 ns
[0.961s][info ][safepoint      ] Safepoint "ICBufferFull", Time since last: 3203052 ns, Reaching safepoint: 36100 ns, At safepoint: 3701 ns, Total: 39801 ns
[0.965s][info ][safepoint      ] Safepoint "ICBufferFull", Time since last: 3894063 ns, Reaching safepoint: 39500 ns, At safepoint: 5500 ns, Total: 45000 ns
[0.968s][info ][safepoint      ] Safepoint "ICBufferFull", Time since last: 2428840 ns, Reaching safepoint: 37600 ns, At safepoint: 4500 ns, Total: 42100 ns
[0.973s][info ][safepoint      ] Safepoint "ICBufferFull", Time since last: 4856679 ns, Reaching safepoint: 45401 ns, At safepoint: 2300 ns, Total: 47701 ns
[0.974s][info ][safepoint      ] Safepoint "ICBufferFull", Time since last: 1122718 ns, Reaching safepoint: 40901 ns, At safepoint: 2400 ns, Total: 43301 ns
[0.974s][info ][safepoint      ] Safepoint "ICBufferFull", Time since last: 550008 ns, Reaching safepoint: 17501 ns, At safepoint: 1200 ns, Total: 18701 ns
[1.052s][info ][safepoint      ] Safepoint "ICBufferFull", Time since last: 77589756 ns, Reaching safepoint: 172102 ns, At safepoint: 8001 ns, Total: 180103 ns
[1.053s][info ][safepoint      ] Safepoint "ICBufferFull", Time since last: 1203719 ns, Reaching safepoint: 39201 ns, At safepoint: 3500 ns, Total: 42701 ns
[1.055s][info ][safepoint      ] Safepoint "ICBufferFull", Time since last: 1291121 ns, Reaching safepoint: 80701 ns, At safepoint: 3500 ns, Total: 84201 ns
[1.056s][info ][safepoint      ] Safepoint "ICBufferFull", Time since last: 908215 ns, Reaching safepoint: 30700 ns, At safepoint: 800 ns, Total: 31500 ns
[1.057s][info ][safepoint      ] Safepoint "ICBufferFull", Time since last: 1271021 ns, Reaching safepoint: 32400 ns, At safepoint: 1000 ns, Total: 33400 ns
[1.058s][info ][safepoint      ] Safepoint "ICBufferFull", Time since last: 917315 ns, Reaching safepoint: 83602 ns, At safepoint: 11100 ns, Total: 94702 ns
[1.059s][info ][safepoint      ] Safepoint "ICBufferFull", Time since last: 1267420 ns, Reaching safepoint: 33601 ns, At safepoint: 10800 ns, Total: 44401 ns
[1.060s][info ][safepoint      ] Safepoint "ICBufferFull", Time since last: 872614 ns, Reaching safepoint: 17700 ns, At safepoint: 1000 ns, Total: 18700 ns
[1.061s][info ][safepoint      ] Safepoint "ICBufferFull", Time since last: 1139619 ns, Reaching safepoint: 15400 ns, At safepoint: 1100 ns, Total: 16500 ns
[1.062s][info ][safepoint      ] Safepoint "ICBufferFull", Time since last: 833014 ns, Reaching safepoint: 17900 ns, At safepoint: 1000 ns, Total: 18900 ns
[1.063s][info ][safepoint      ] Safepoint "ICBufferFull", Time since last: 1132118 ns, Reaching safepoint: 30401 ns, At safepoint: 800 ns, Total: 31201 ns
[1.065s][info ][safepoint      ] Safepoint "ICBufferFull", Time since last: 1104018 ns, Reaching safepoint: 14100 ns, At safepoint: 1000 ns, Total: 15100 ns
[1.065s][info ][safepoint      ] Safepoint "ICBufferFull", Time since last: 708711 ns, Reaching safepoint: 97402 ns, At safepoint: 5500 ns, Total: 102902 ns
[1.067s][info ][safepoint      ] Safepoint "ICBufferFull", Time since last: 1196319 ns, Reaching safepoint: 29501 ns, At safepoint: 1400 ns, Total: 30901 ns
[1.068s][info ][safepoint      ] Safepoint "ICBufferFull", Time since last: 1589026 ns, Reaching safepoint: 28300 ns, At safepoint: 1100 ns, Total: 29400 ns
[1.071s][info ][safepoint      ] Safepoint "ICBufferFull", Time since last: 2746045 ns, Reaching safepoint: 46000 ns, At safepoint: 1300 ns, Total: 47300 ns
[1.078s][info ][safepoint      ] Safepoint "ICBufferFull", Time since last: 6784410 ns, Reaching safepoint: 52801 ns, At safepoint: 2200 ns, Total: 55001 ns
[1.098s][info ][safepoint      ] Safepoint "ICBufferFull", Time since last: 20252228 ns, Reaching safepoint: 46901 ns, At safepoint: 2700 ns, Total: 49601 ns
[1.102s][info ][safepoint      ] Safepoint "ICBufferFull", Time since last: 3412355 ns, Reaching safepoint: 37100 ns, At safepoint: 1900 ns, Total: 39000 ns
[1.139s][info ][safepoint      ] Safepoint "ICBufferFull", Time since last: 37614009 ns, Reaching safepoint: 74202 ns, At safepoint: 8400 ns, Total: 82602 ns
[1.143s][info ][safepoint      ] Safepoint "ICBufferFull", Time since last: 3615058 ns, Reaching safepoint: 38001 ns, At safepoint: 5300 ns, Total: 43301 ns
[1.145s][info ][safepoint      ] Safepoint "ICBufferFull", Time since last: 2046333 ns, Reaching safepoint: 90502 ns, At safepoint: 8000 ns, Total: 98502 ns
[1.195s][info ][safepoint      ] Safepoint "ICBufferFull", Time since last: 50012409 ns, Reaching safepoint: 42501 ns, At safepoint: 1900 ns, Total: 44401 ns
[1.199s][info ][safepoint      ] Safepoint "ICBufferFull", Time since last: 4233168 ns, Reaching safepoint: 32401 ns, At safepoint: 1200 ns, Total: 33601 ns
[1.201s][info ][safepoint      ] Safepoint "ICBufferFull", Time since last: 1360222 ns, Reaching safepoint: 32101 ns, At safepoint: 4100 ns, Total: 36201 ns
[1.203s][info ][safepoint      ] Safepoint "ICBufferFull", Time since last: 2288537 ns, Reaching safepoint: 24500 ns, At safepoint: 1200 ns, Total: 25700 ns
[1.205s][info ][safepoint      ] Safepoint "ICBufferFull", Time since last: 2090834 ns, Reaching safepoint: 31400 ns, At safepoint: 4300 ns, Total: 35700 ns
[1.207s][info ][safepoint      ] Safepoint "ICBufferFull", Time since last: 1752129 ns, Reaching safepoint: 16400 ns, At safepoint: 1000 ns, Total: 17400 ns
[1.209s][info ][safepoint      ] Safepoint "ICBufferFull", Time since last: 2043433 ns, Reaching safepoint: 24601 ns, At safepoint: 1300 ns, Total: 25901 ns
[1.210s][info ][safepoint      ] Safepoint "ICBufferFull", Time since last: 854113 ns, Reaching safepoint: 14501 ns, At safepoint: 1000 ns, Total: 15501 ns
[1.211s][info ][safepoint      ] Safepoint "ICBufferFull", Time since last: 1009116 ns, Reaching safepoint: 30801 ns, At safepoint: 900 ns, Total: 31701 ns
[1.212s][info ][safepoint      ] Safepoint "ICBufferFull", Time since last: 534908 ns, Reaching safepoint: 27801 ns, At safepoint: 900 ns, Total: 28701 ns
[1.214s][info ][safepoint      ] Safepoint "ICBufferFull", Time since last: 2468140 ns, Reaching safepoint: 97201 ns, At safepoint: 5200 ns, Total: 102401 ns
[1.215s][info ][safepoint      ] Safepoint "ICBufferFull", Time since last: 681111 ns, Reaching safepoint: 21501 ns, At safepoint: 5800 ns, Total: 27301 ns
[1.216s][info ][safepoint      ] Safepoint "ICBufferFull", Time since last: 812813 ns, Reaching safepoint: 46001 ns, At safepoint: 1600 ns, Total: 47601 ns
[1.217s][info ][safepoint      ] Safepoint "ICBufferFull", Time since last: 1019016 ns, Reaching safepoint: 19400 ns, At safepoint: 2100 ns, Total: 21500 ns
[1.219s][info ][safepoint      ] Safepoint "ICBufferFull", Time since last: 1735229 ns, Reaching safepoint: 18900 ns, At safepoint: 2100 ns, Total: 21000 ns
[1.220s][info ][safepoint      ] Safepoint "ICBufferFull", Time since last: 1611426 ns, Reaching safepoint: 27500 ns, At safepoint: 1300 ns, Total: 28800 ns
[1.221s][info ][safepoint      ] Safepoint "ICBufferFull", Time since last: 1041317 ns, Reaching safepoint: 19901 ns, At safepoint: 1500 ns, Total: 21401 ns
[1.222s][info ][safepoint      ] Safepoint "ICBufferFull", Time since last: 1217219 ns, Reaching safepoint: 17701 ns, At safepoint: 1500 ns, Total: 19201 ns
[1.225s][info ][safepoint      ] Safepoint "ICBufferFull", Time since last: 2449939 ns, Reaching safepoint: 32401 ns, At safepoint: 2100 ns, Total: 34501 ns
[1.227s][info ][safepoint      ] Safepoint "ICBufferFull", Time since last: 1814629 ns, Reaching safepoint: 30701 ns, At safepoint: 1600 ns, Total: 32301 ns
[1.233s][info ][safepoint      ] Safepoint "ICBufferFull", Time since last: 6226801 ns, Reaching safepoint: 66701 ns, At safepoint: 2300 ns, Total: 69001 ns
[1.237s][info ][safepoint      ] Safepoint "ICBufferFull", Time since last: 3972564 ns, Reaching safepoint: 27300 ns, At safepoint: 6401 ns, Total: 33701 ns
[1.240s][info ][safepoint      ] Safepoint "ICBufferFull", Time since last: 2661043 ns, Reaching safepoint: 31700 ns, At safepoint: 5300 ns, Total: 37000 ns
[1.241s][info ][safepoint      ] Safepoint "ICBufferFull", Time since last: 1542625 ns, Reaching safepoint: 73201 ns, At safepoint: 6200 ns, Total: 79401 ns
[1.243s][info ][safepoint      ] Safepoint "ICBufferFull", Time since last: 1520325 ns, Reaching safepoint: 32501 ns, At safepoint: 5200 ns, Total: 37701 ns
[1.244s][info ][safepoint      ] Safepoint "ICBufferFull", Time since last: 539408 ns, Reaching safepoint: 29701 ns, At safepoint: 1000 ns, Total: 30701 ns
[1.245s][info ][safepoint      ] Safepoint "ICBufferFull", Time since last: 1560025 ns, Reaching safepoint: 26001 ns, At safepoint: 800 ns, Total: 26801 ns
[1.247s][info ][safepoint      ] Safepoint "ICBufferFull", Time since last: 1563325 ns, Reaching safepoint: 20400 ns, At safepoint: 1200 ns, Total: 21600 ns
[1.248s][info ][safepoint      ] Safepoint "ICBufferFull", Time since last: 1555925 ns, Reaching safepoint: 92302 ns, At safepoint: 5800 ns, Total: 98102 ns
[1.251s][info ][safepoint      ] Safepoint "ICBufferFull", Time since last: 2506441 ns, Reaching safepoint: 26100 ns, At safepoint: 6100 ns, Total: 32200 ns
[1.252s][info ][safepoint      ] Safepoint "ICBufferFull", Time since last: 1417123 ns, Reaching safepoint: 29101 ns, At safepoint: 4200 ns, Total: 33301 ns
[1.254s][info ][safepoint      ] Safepoint "ICBufferFull", Time since last: 1383822 ns, Reaching safepoint: 18400 ns, At safepoint: 5900 ns, Total: 24300 ns
[1.255s][info ][safepoint      ] Safepoint "ICBufferFull", Time since last: 1461024 ns, Reaching safepoint: 20300 ns, At safepoint: 7201 ns, Total: 27501 ns
[1.257s][info ][safepoint      ] Safepoint "ICBufferFull", Time since last: 1656626 ns, Reaching safepoint: 27001 ns, At safepoint: 8200 ns, Total: 35201 ns
[1.259s][info ][safepoint      ] Safepoint "ICBufferFull", Time since last: 2008632 ns, Reaching safepoint: 34701 ns, At safepoint: 2100 ns, Total: 36801 ns
[1.261s][info ][safepoint      ] Safepoint "ICBufferFull", Time since last: 1703828 ns, Reaching safepoint: 23800 ns, At safepoint: 1800 ns, Total: 25600 ns
[1.263s][info ][safepoint      ] Safepoint "ICBufferFull", Time since last: 2444840 ns, Reaching safepoint: 28800 ns, At safepoint: 5000 ns, Total: 33800 ns
[1.272s][info ][safepoint      ] Safepoint "ICBufferFull", Time since last: 8928845 ns, Reaching safepoint: 54701 ns, At safepoint: 3200 ns, Total: 57901 ns
[1.273s][info ][safepoint      ] Safepoint "ICBufferFull", Time since last: 980815 ns, Reaching safepoint: 18101 ns, At safepoint: 1300 ns, Total: 19401 ns
[1.275s][info ][safepoint      ] Safepoint "ICBufferFull", Time since last: 1490324 ns, Reaching safepoint: 20700 ns, At safepoint: 1600 ns, Total: 22300 ns
[1.275s][info ][safepoint      ] Safepoint "ICBufferFull", Time since last: 538309 ns, Reaching safepoint: 15300 ns, At safepoint: 1000 ns, Total: 16300 ns
[1.277s][info ][safepoint      ] Safepoint "ICBufferFull", Time since last: 1778529 ns, Reaching safepoint: 19700 ns, At safepoint: 2000 ns, Total: 21700 ns
[1.282s][info ][safepoint      ] Safepoint "ICBufferFull", Time since last: 4410572 ns, Reaching safepoint: 51001 ns, At safepoint: 1500 ns, Total: 52501 ns
[1.285s][info ][safepoint      ] Safepoint "ICBufferFull", Time since last: 2990948 ns, Reaching safepoint: 28500 ns, At safepoint: 1901 ns, Total: 30401 ns
[1.290s][info ][safepoint      ] Safepoint "ICBufferFull", Time since last: 5309385 ns, Reaching safepoint: 43801 ns, At safepoint: 5700 ns, Total: 49501 ns
[1.291s][info ][safepoint      ] Safepoint "ICBufferFull", Time since last: 1471924 ns, Reaching safepoint: 19200 ns, At safepoint: 1600 ns, Total: 20800 ns
[1.292s][info ][safepoint      ] Safepoint "ICBufferFull", Time since last: 567510 ns, Reaching safepoint: 17300 ns, At safepoint: 1300 ns, Total: 18600 ns
[1.295s][info ][safepoint      ] Safepoint "ICBufferFull", Time since last: 2565441 ns, Reaching safepoint: 19601 ns, At safepoint: 1800 ns, Total: 21401 ns
[1.295s][info ][safepoint      ] Safepoint "ICBufferFull", Time since last: 888714 ns, Reaching safepoint: 21601 ns, At safepoint: 1500 ns, Total: 23101 ns
[1.298s][info ][safepoint      ] Safepoint "ICBufferFull", Time since last: 2492040 ns, Reaching safepoint: 21400 ns, At safepoint: 1400 ns, Total: 22800 ns
[1.299s][info ][safepoint      ] Safepoint "ICBufferFull", Time since last: 522409 ns, Reaching safepoint: 16600 ns, At safepoint: 1100 ns, Total: 17700 ns
[1.300s][info ][safepoint      ] Safepoint "ICBufferFull", Time since last: 1520625 ns, Reaching safepoint: 18600 ns, At safepoint: 1600 ns, Total: 20200 ns
[1.302s][info ][safepoint      ] Safepoint "ICBufferFull", Time since last: 1523525 ns, Reaching safepoint: 18200 ns, At safepoint: 1900 ns, Total: 20100 ns
[1.304s][info ][safepoint      ] Safepoint "ICBufferFull", Time since last: 2023433 ns, Reaching safepoint: 29500 ns, At safepoint: 1500 ns, Total: 31000 ns
[1.305s][info ][safepoint      ] Safepoint "ICBufferFull", Time since last: 1670027 ns, Reaching safepoint: 18301 ns, At safepoint: 1800 ns, Total: 20101 ns
[1.322s][info ][safepoint      ] Safepoint "ICBufferFull", Time since last: 16264363 ns, Reaching safepoint: 128202 ns, At safepoint: 6800 ns, Total: 135002 ns
[1.323s][info ][safepoint      ] Safepoint "ICBufferFull", Time since last: 1656127 ns, Reaching safepoint: 28600 ns, At safepoint: 4100 ns, Total: 32700 ns
[1.339s][info ][safepoint      ] Safepoint "ICBufferFull", Time since last: 15632553 ns, Reaching safepoint: 123502 ns, At safepoint: 5900 ns, Total: 129402 ns
[1.340s][info ][safepoint      ] Safepoint "ICBufferFull", Time since last: 790613 ns, Reaching safepoint: 41101 ns, At safepoint: 2400 ns, Total: 43501 ns
[1.341s][info ][safepoint      ] Safepoint "ICBufferFull", Time since last: 993416 ns, Reaching safepoint: 91102 ns, At safepoint: 9000 ns, Total: 100102 ns
[1.342s][info ][safepoint      ] Safepoint "ICBufferFull", Time since last: 804413 ns, Reaching safepoint: 82801 ns, At safepoint: 5500 ns, Total: 88301 ns
[1.343s][info ][safepoint      ] Safepoint "ICBufferFull", Time since last: 743312 ns, Reaching safepoint: 21301 ns, At safepoint: 900 ns, Total: 22201 ns
[1.345s][info ][safepoint      ] Safepoint "ICBufferFull", Time since last: 2439939 ns, Reaching safepoint: 22000 ns, At safepoint: 900 ns, Total: 22900 ns
[1.346s][info ][safepoint      ] Safepoint "ICBufferFull", Time since last: 1165019 ns, Reaching safepoint: 12500 ns, At safepoint: 800 ns, Total: 13300 ns
[1.347s][info ][safepoint      ] Safepoint "ICBufferFull", Time since last: 900115 ns, Reaching safepoint: 20800 ns, At safepoint: 800 ns, Total: 21600 ns
[1.348s][info ][safepoint      ] Safepoint "ICBufferFull", Time since last: 923015 ns, Reaching safepoint: 82102 ns, At safepoint: 3000 ns, Total: 85102 ns
[1.351s][info ][safepoint      ] Safepoint "ICBufferFull", Time since last: 2734344 ns, Reaching safepoint: 24100 ns, At safepoint: 4000 ns, Total: 28100 ns
[1.352s][info ][safepoint      ] Safepoint "ICBufferFull", Time since last: 821314 ns, Reaching safepoint: 26000 ns, At safepoint: 900 ns, Total: 26900 ns
[1.353s][info ][safepoint      ] Safepoint "ICBufferFull", Time since last: 1173219 ns, Reaching safepoint: 26801 ns, At safepoint: 700 ns, Total: 27501 ns
[1.357s][info ][safepoint      ] Safepoint "ICBufferFull", Time since last: 4145767 ns, Reaching safepoint: 31600 ns, At safepoint: 800 ns, Total: 32400 ns
[1.358s][info ][safepoint      ] Safepoint "ICBufferFull", Time since last: 836214 ns, Reaching safepoint: 30300 ns, At safepoint: 1300 ns, Total: 31600 ns
[1.359s][info ][safepoint      ] Safepoint "ICBufferFull", Time since last: 1253521 ns, Reaching safepoint: 19500 ns, At safepoint: 1000 ns, Total: 20500 ns
[1.360s][info ][safepoint      ] Safepoint "ICBufferFull", Time since last: 550509 ns, Reaching safepoint: 19200 ns, At safepoint: 5500 ns, Total: 24700 ns
[1.361s][info ][safepoint      ] Safepoint "ICBufferFull", Time since last: 1374222 ns, Reaching safepoint: 22701 ns, At safepoint: 1200 ns, Total: 23901 ns
[1.363s][info ][safepoint      ] Safepoint "ICBufferFull", Time since last: 1256020 ns, Reaching safepoint: 26801 ns, At safepoint: 800 ns, Total: 27601 ns
[1.364s][info ][safepoint      ] Safepoint "ICBufferFull", Time since last: 1212219 ns, Reaching safepoint: 82602 ns, At safepoint: 5700 ns, Total: 88302 ns
[1.365s][info ][safepoint      ] Safepoint "ICBufferFull", Time since last: 1282920 ns, Reaching safepoint: 15101 ns, At safepoint: 800 ns, Total: 15901 ns
[1.367s][info ][safepoint      ] Safepoint "ICBufferFull", Time since last: 1355822 ns, Reaching safepoint: 16100 ns, At safepoint: 1000 ns, Total: 17100 ns
[1.368s][info ][safepoint      ] Safepoint "ICBufferFull", Time since last: 1304821 ns, Reaching safepoint: 46701 ns, At safepoint: 4700 ns, Total: 51401 ns
[1.369s][info ][safepoint      ] Safepoint "ICBufferFull", Time since last: 1215420 ns, Reaching safepoint: 25600 ns, At safepoint: 1300 ns, Total: 26900 ns
[1.371s][info ][safepoint      ] Safepoint "ICBufferFull", Time since last: 1246720 ns, Reaching safepoint: 25801 ns, At safepoint: 1400 ns, Total: 27201 ns
[1.372s][info ][safepoint      ] Safepoint "ICBufferFull", Time since last: 1395222 ns, Reaching safepoint: 19100 ns, At safepoint: 1200 ns, Total: 20300 ns
[1.373s][info ][safepoint      ] Safepoint "ICBufferFull", Time since last: 1220220 ns, Reaching safepoint: 17701 ns, At safepoint: 1300 ns, Total: 19001 ns
[1.374s][info ][safepoint      ] Safepoint "ICBufferFull", Time since last: 1202819 ns, Reaching safepoint: 16700 ns, At safepoint: 1300 ns, Total: 18000 ns
[1.376s][info ][safepoint      ] Safepoint "ICBufferFull", Time since last: 1142919 ns, Reaching safepoint: 20100 ns, At safepoint: 1500 ns, Total: 21600 ns
[1.377s][info ][safepoint      ] Safepoint "ICBufferFull", Time since last: 1152719 ns, Reaching safepoint: 18000 ns, At safepoint: 1400 ns, Total: 19400 ns
[1.379s][info ][safepoint      ] Safepoint "ICBufferFull", Time since last: 2317138 ns, Reaching safepoint: 21500 ns, At safepoint: 1500 ns, Total: 23000 ns
[1.380s][info ][safepoint      ] Safepoint "ICBufferFull", Time since last: 1144319 ns, Reaching safepoint: 121702 ns, At safepoint: 12900 ns, Total: 134602 ns
[1.382s][info ][safepoint      ] Safepoint "ICBufferFull", Time since last: 1232320 ns, Reaching safepoint: 19300 ns, At safepoint: 1800 ns, Total: 21100 ns
[1.382s][info ][safepoint      ] Safepoint "ICBufferFull", Time since last: 532509 ns, Reaching safepoint: 16200 ns, At safepoint: 1000 ns, Total: 17200 ns
[1.384s][info ][safepoint      ] Safepoint "ICBufferFull", Time since last: 1270820 ns, Reaching safepoint: 32701 ns, At safepoint: 1300 ns, Total: 34001 ns
[1.459s][info ][safepoint      ] Safepoint "ICBufferFull", Time since last: 75552223 ns, Reaching safepoint: 81601 ns, At safepoint: 8800 ns, Total: 90401 ns
[1.687s][info ][safepoint      ] Safepoint "ICBufferFull", Time since last: 227762687 ns, Reaching safepoint: 172903 ns, At safepoint: 5700 ns, Total: 178603 ns
[1.970s][info ][safepoint      ] Safepoint "ICBufferFull", Time since last: 283089283 ns, Reaching safepoint: 144802 ns, At safepoint: 8600 ns, Total: 153402 ns
[2.121s][info ][gc,start       ] GC(2) Pause Young (Metadata GC Threshold)
[2.154s][debug][gc,phases      ] GC(2) Scavenge 32.774ms
[2.154s][debug][gc,ref         ] GC(2) Skipped phase 1 of Reference Processing: no references
[2.154s][debug][gc,ref         ] GC(2) Skipped phase 3 of Reference Processing: no references
[2.154s][debug][gc,phases      ] GC(2) Reference Processing 0.270ms
[2.155s][debug][gc,phases      ] GC(2) Weak Processing 0.908ms
[2.155s][debug][gc,age         ] GC(2) Desired survivor size 536870912 bytes, new threshold 7 (max threshold 15)
[2.155s][info ][gc,heap        ] GC(2) PSYoungGen: 470730K(1572864K)->53949K(1572864K) Eden: 468591K(1048576K)->0K(1048576K) From: 2138K(524288K)->53949K(524288K)
[2.155s][info ][gc,heap        ] GC(2) ParOldGen: 5698K(6144K)->5714K(6144K)
[2.155s][info ][gc,metaspace   ] GC(2) Metaspace: 35173K(35456K)->35173K(35456K) NonClass: 30749K(30912K)->30749K(30912K) Class: 4424K(4544K)->4424K(4544K)
[2.155s][info ][gc             ] GC(2) Pause Young (Metadata GC Threshold) 465M->58M(1542M) 34.087ms
[2.155s][info ][gc,cpu         ] GC(2) User=0.10s Sys=0.04s Real=0.04s
[2.155s][debug][gc,phases      ] GC(3) Pre Compact 0.009ms
[2.155s][info ][gc,start       ] GC(3) Pause Full (Metadata GC Threshold)
[2.155s][info ][gc,phases,start] GC(3) Marking Phase
[2.175s][debug][gc,phases      ] GC(3) Par Mark 19.652ms
[2.175s][debug][gc,ref         ] GC(3) Skipped phase 1 of Reference Processing: no references
[2.175s][debug][gc,ref         ] GC(3) Skipped phase 3 of Reference Processing: no references
[2.175s][debug][gc,phases      ] GC(3) Reference Processing 0.075ms
[2.175s][debug][gc,phases      ] GC(3) Weak Processing 0.253ms
[2.176s][debug][gc,phases      ] GC(3) ClassLoaderData 0.164ms
[2.176s][debug][gc,phases      ] GC(3) Trigger cleanups 0.001ms
[2.182s][debug][gc,phases      ] GC(3) Class Unloading 6.928ms
[2.182s][info ][gc,phases      ] GC(3) Marking Phase 27.043ms
[2.182s][info ][gc,phases,start] GC(3) Summary Phase
[2.182s][info ][gc,phases      ] GC(3) Summary Phase 0.007ms
[2.182s][info ][gc,phases,start] GC(3) Adjust Roots
[2.192s][info ][gc,phases      ] GC(3) Adjust Roots 9.812ms
[2.192s][info ][gc,phases,start] GC(3) Compaction Phase
[2.468s][info ][gc,phases      ] GC(3) Compaction Phase 275.664ms
[2.468s][info ][gc,phases,start] GC(3) Post Compact
[2.468s][info ][gc,phases      ] GC(3) Post Compact 0.466ms
[2.468s][info ][gc,heap        ] GC(3) PSYoungGen: 53949K(1572864K)->53253K(1572864K) Eden: 0K(1048576K)->0K(1048576K) From: 53949K(524288K)->53253K(524288K)
[2.468s][info ][gc,heap        ] GC(3) ParOldGen: 5714K(6144K)->6123K(6144K)
[2.468s][info ][gc,metaspace   ] GC(3) Metaspace: 35173K(35456K)->35149K(35456K) NonClass: 30749K(30912K)->30731K(30912K) Class: 4424K(4544K)->4417K(4544K)
[2.468s][info ][gc             ] GC(3) Pause Full (Metadata GC Threshold) 58M->57M(1542M) 313.092ms
[2.468s][info ][gc,cpu         ] GC(3) User=0.67s Sys=0.00s Real=0.31s
[2.468s][info ][safepoint      ] Safepoint "CollectForMetadataAllocation", Time since last: 150523237 ns, Reaching safepoint: 216103 ns, At safepoint: 347301323 ns, Total: 347517426 ns
[2.619s][info ][safepoint      ] Safepoint "ICBufferFull", Time since last: 149873026 ns, Reaching safepoint: 238304 ns, At safepoint: 11200 ns, Total: 249504 ns
[2.682s][info ][safepoint      ] Safepoint "ICBufferFull", Time since last: 59295960 ns, Reaching safepoint: 4340171 ns, At safepoint: 24900 ns, Total: 4365071 ns
[2.760s][info ][safepoint      ] Safepoint "ICBufferFull", Time since last: 77835060 ns, Reaching safepoint: 205103 ns, At safepoint: 26601 ns, Total: 231704 ns
[2.992s][info ][safepoint      ] Safepoint "ICBufferFull", Time since last: 231026340 ns, Reaching safepoint: 233804 ns, At safepoint: 25600 ns, Total: 259404 ns
[3.153s][info ][safepoint      ] Safepoint "ICBufferFull", Time since last: 161138609 ns, Reaching safepoint: 214004 ns, At safepoint: 25000 ns, Total: 239004 ns
[3.159s][info ][safepoint      ] Safepoint "ICBufferFull", Time since last: 6059898 ns, Reaching safepoint: 128602 ns, At safepoint: 25801 ns, Total: 154403 ns
[3.161s][info ][safepoint      ] Safepoint "ICBufferFull", Time since last: 1948731 ns, Reaching safepoint: 106002 ns, At safepoint: 23901 ns, Total: 129903 ns
[3.163s][info ][safepoint      ] Safepoint "ICBufferFull", Time since last: 1689727 ns, Reaching safepoint: 117402 ns, At safepoint: 16100 ns, Total: 133502 ns
[3.163s][info ][safepoint      ] Safepoint "ICBufferFull", Time since last: 57701 ns, Reaching safepoint: 82701 ns, At safepoint: 21201 ns, Total: 103902 ns
[3.168s][info ][safepoint      ] Safepoint "ICBufferFull", Time since last: 4278869 ns, Reaching safepoint: 81201 ns, At safepoint: 27401 ns, Total: 108602 ns
[3.176s][info ][safepoint      ] Safepoint "ICBufferFull", Time since last: 7815926 ns, Reaching safepoint: 124702 ns, At safepoint: 18301 ns, Total: 143003 ns
[3.178s][info ][safepoint      ] Safepoint "ICBufferFull", Time since last: 1759528 ns, Reaching safepoint: 187703 ns, At safepoint: 20500 ns, Total: 208203 ns
[3.183s][info ][safepoint      ] Safepoint "ICBufferFull", Time since last: 5326087 ns, Reaching safepoint: 89901 ns, At safepoint: 20700 ns, Total: 110601 ns
[3.185s][info ][safepoint      ] Safepoint "ICBufferFull", Time since last: 2226937 ns, Reaching safepoint: 94501 ns, At safepoint: 23300 ns, Total: 117801 ns
[3.189s][info ][safepoint      ] Safepoint "ICBufferFull", Time since last: 3278454 ns, Reaching safepoint: 121102 ns, At safepoint: 28800 ns, Total: 149902 ns
[3.192s][info ][safepoint      ] Safepoint "ICBufferFull", Time since last: 2721544 ns, Reaching safepoint: 117302 ns, At safepoint: 26100 ns, Total: 143402 ns
[3.194s][info ][safepoint      ] Safepoint "ICBufferFull", Time since last: 1815530 ns, Reaching safepoint: 104701 ns, At safepoint: 28001 ns, Total: 132702 ns
[3.196s][info ][safepoint      ] Safepoint "ICBufferFull", Time since last: 1931931 ns, Reaching safepoint: 109102 ns, At safepoint: 24200 ns, Total: 133302 ns
[3.269s][info ][safepoint      ] Safepoint "ICBufferFull", Time since last: 73160985 ns, Reaching safepoint: 226704 ns, At safepoint: 26700 ns, Total: 253404 ns
[3.305s][info ][safepoint      ] Safepoint "ICBufferFull", Time since last: 35579276 ns, Reaching safepoint: 151203 ns, At safepoint: 18100 ns, Total: 169303 ns
[3.312s][info ][safepoint      ] Safepoint "ICBufferFull", Time since last: 7248617 ns, Reaching safepoint: 220304 ns, At safepoint: 24900 ns, Total: 245204 ns
[3.319s][info ][safepoint      ] Safepoint "ICBufferFull", Time since last: 6875512 ns, Reaching safepoint: 121701 ns, At safepoint: 25801 ns, Total: 147502 ns
[3.334s][info ][safepoint      ] Safepoint "ICBufferFull", Time since last: 13819424 ns, Reaching safepoint: 743712 ns, At safepoint: 27100 ns, Total: 770812 ns
[3.340s][info ][safepoint      ] Safepoint "ICBufferFull", Time since last: 6384404 ns, Reaching safepoint: 122602 ns, At safepoint: 24700 ns, Total: 147302 ns
[3.353s][info ][safepoint      ] Safepoint "ICBufferFull", Time since last: 12918009 ns, Reaching safepoint: 113202 ns, At safepoint: 18200 ns, Total: 131402 ns
[3.361s][info ][safepoint      ] Safepoint "ICBufferFull", Time since last: 7312219 ns, Reaching safepoint: 131402 ns, At safepoint: 28700 ns, Total: 160102 ns
[3.368s][info ][safepoint      ] Safepoint "ICBufferFull", Time since last: 6932712 ns, Reaching safepoint: 66101 ns, At safepoint: 28201 ns, Total: 94302 ns
[3.378s][info ][safepoint      ] Safepoint "ICBufferFull", Time since last: 9618656 ns, Reaching safepoint: 169502 ns, At safepoint: 28601 ns, Total: 198103 ns
[3.393s][info ][safepoint      ] Safepoint "ICBufferFull", Time since last: 14826040 ns, Reaching safepoint: 134802 ns, At safepoint: 31801 ns, Total: 166603 ns
[3.401s][info ][safepoint      ] Safepoint "ICBufferFull", Time since last: 8384735 ns, Reaching safepoint: 130003 ns, At safepoint: 24700 ns, Total: 154703 ns
[3.405s][info ][safepoint      ] Safepoint "ICBufferFull", Time since last: 3100350 ns, Reaching safepoint: 117202 ns, At safepoint: 19100 ns, Total: 136302 ns
[3.408s][info ][safepoint      ] Safepoint "ICBufferFull", Time since last: 3491357 ns, Reaching safepoint: 107302 ns, At safepoint: 16500 ns, Total: 123802 ns
[3.414s][info ][safepoint      ] Safepoint "ICBufferFull", Time since last: 5241885 ns, Reaching safepoint: 127502 ns, At safepoint: 24800 ns, Total: 152302 ns
[3.418s][info ][safepoint      ] Safepoint "ICBufferFull", Time since last: 4099167 ns, Reaching safepoint: 123502 ns, At safepoint: 42400 ns, Total: 165902 ns
[3.424s][info ][safepoint      ] Safepoint "ICBufferFull", Time since last: 5616491 ns, Reaching safepoint: 118402 ns, At safepoint: 22500 ns, Total: 140902 ns
[3.434s][info ][safepoint      ] Safepoint "ICBufferFull", Time since last: 6661508 ns, Reaching safepoint: 4229769 ns, At safepoint: 32400 ns, Total: 4262169 ns
[3.438s][info ][safepoint      ] Safepoint "ICBufferFull", Time since last: 3777062 ns, Reaching safepoint: 115101 ns, At safepoint: 18301 ns, Total: 133402 ns
[3.442s][info ][safepoint      ] Safepoint "ICBufferFull", Time since last: 3098650 ns, Reaching safepoint: 76601 ns, At safepoint: 22900 ns, Total: 99501 ns
[3.447s][info ][safepoint      ] Safepoint "ICBufferFull", Time since last: 4758778 ns, Reaching safepoint: 125502 ns, At safepoint: 30800 ns, Total: 156302 ns
[3.453s][info ][safepoint      ] Safepoint "ICBufferFull", Time since last: 6226101 ns, Reaching safepoint: 119202 ns, At safepoint: 25900 ns, Total: 145102 ns
[3.469s][info ][safepoint      ] Safepoint "ICBufferFull", Time since last: 16009059 ns, Reaching safepoint: 138003 ns, At safepoint: 24800 ns, Total: 162803 ns
[3.475s][info ][safepoint      ] Safepoint "ICBufferFull", Time since last: 6037698 ns, Reaching safepoint: 120602 ns, At safepoint: 26200 ns, Total: 146802 ns
[3.484s][info ][safepoint      ] Safepoint "ICBufferFull", Time since last: 8869544 ns, Reaching safepoint: 118702 ns, At safepoint: 19800 ns, Total: 138502 ns
[3.489s][info ][safepoint      ] Safepoint "ICBufferFull", Time since last: 4819278 ns, Reaching safepoint: 139802 ns, At safepoint: 23901 ns, Total: 163703 ns
[3.500s][info ][safepoint      ] Safepoint "ICBufferFull", Time since last: 10051462 ns, Reaching safepoint: 193704 ns, At safepoint: 27600 ns, Total: 221304 ns
[3.503s][info ][safepoint      ] Safepoint "ICBufferFull", Time since last: 3779761 ns, Reaching safepoint: 122502 ns, At safepoint: 22101 ns, Total: 144603 ns
[3.507s][info ][safepoint      ] Safepoint "ICBufferFull", Time since last: 3177451 ns, Reaching safepoint: 108602 ns, At safepoint: 28100 ns, Total: 136702 ns
[3.513s][info ][safepoint      ] Safepoint "ICBufferFull", Time since last: 5959597 ns, Reaching safepoint: 122602 ns, At safepoint: 18700 ns, Total: 141302 ns
[3.519s][info ][safepoint      ] Safepoint "ICBufferFull", Time since last: 6083199 ns, Reaching safepoint: 257404 ns, At safepoint: 22200 ns, Total: 279604 ns
[3.523s][info ][safepoint      ] Safepoint "ICBufferFull", Time since last: 3528357 ns, Reaching safepoint: 118302 ns, At safepoint: 22800 ns, Total: 141102 ns
[3.533s][info ][safepoint      ] Safepoint "ICBufferFull", Time since last: 10095164 ns, Reaching safepoint: 131802 ns, At safepoint: 38601 ns, Total: 170403 ns
[3.538s][info ][safepoint      ] Safepoint "ICBufferFull", Time since last: 5070682 ns, Reaching safepoint: 110202 ns, At safepoint: 23200 ns, Total: 133402 ns
[3.542s][info ][safepoint      ] Safepoint "ICBufferFull", Time since last: 3562758 ns, Reaching safepoint: 106601 ns, At safepoint: 25301 ns, Total: 131902 ns
[3.545s][info ][safepoint      ] Safepoint "ICBufferFull", Time since last: 3228552 ns, Reaching safepoint: 112802 ns, At safepoint: 27700 ns, Total: 140502 ns
[3.549s][info ][safepoint      ] Safepoint "ICBufferFull", Time since last: 2988449 ns, Reaching safepoint: 114702 ns, At safepoint: 20300 ns, Total: 135002 ns
[3.551s][info ][safepoint      ] Safepoint "ICBufferFull", Time since last: 2767645 ns, Reaching safepoint: 107401 ns, At safepoint: 24901 ns, Total: 132302 ns
[3.554s][info ][safepoint      ] Safepoint "ICBufferFull", Time since last: 2650843 ns, Reaching safepoint: 98601 ns, At safepoint: 27601 ns, Total: 126202 ns
[3.557s][info ][safepoint      ] Safepoint "ICBufferFull", Time since last: 3084650 ns, Reaching safepoint: 99601 ns, At safepoint: 20701 ns, Total: 120302 ns
[3.562s][info ][safepoint      ] Safepoint "ICBufferFull", Time since last: 4054665 ns, Reaching safepoint: 100802 ns, At safepoint: 23000 ns, Total: 123802 ns
[3.564s][info ][safepoint      ] Safepoint "ICBufferFull", Time since last: 2664444 ns, Reaching safepoint: 91701 ns, At safepoint: 22600 ns, Total: 114301 ns
[3.567s][info ][safepoint      ] Safepoint "ICBufferFull", Time since last: 2667644 ns, Reaching safepoint: 109701 ns, At safepoint: 27001 ns, Total: 136702 ns
[3.570s][info ][safepoint      ] Safepoint "ICBufferFull", Time since last: 2504440 ns, Reaching safepoint: 94202 ns, At safepoint: 20600 ns, Total: 114802 ns
[3.573s][info ][safepoint      ] Safepoint "ICBufferFull", Time since last: 2595742 ns, Reaching safepoint: 161703 ns, At safepoint: 19000 ns, Total: 180703 ns
[3.575s][info ][safepoint      ] Safepoint "ICBufferFull", Time since last: 2346138 ns, Reaching safepoint: 102102 ns, At safepoint: 20300 ns, Total: 122402 ns
[3.629s][info ][safepoint      ] Safepoint "ICBufferFull", Time since last: 53983574 ns, Reaching safepoint: 138102 ns, At safepoint: 28101 ns, Total: 166203 ns
[3.742s][debug][gc,phases      ] GC(4) Pre Compact 0.028ms
[3.742s][info ][gc,start       ] GC(4) Pause Full (Ergonomics)
[3.742s][info ][gc,phases,start] GC(4) Marking Phase
[3.851s][debug][gc,phases      ] GC(4) Par Mark 109.342ms
[3.851s][debug][gc,ref         ] GC(4) Skipped phase 1 of Reference Processing: no references
[3.852s][debug][gc,ref         ] GC(4) Skipped phase 3 of Reference Processing: no references
[3.852s][debug][gc,phases      ] GC(4) Reference Processing 0.740ms
[3.853s][debug][gc,phases      ] GC(4) Weak Processing 0.479ms
[3.853s][debug][gc,phases      ] GC(4) ClassLoaderData 0.042ms
[3.853s][debug][gc,phases      ] GC(4) Trigger cleanups 0.000ms
[3.859s][debug][gc,phases      ] GC(4) Class Unloading 6.075ms
[3.859s][info ][gc,phases      ] GC(4) Marking Phase 116.771ms
[3.859s][info ][gc,phases,start] GC(4) Summary Phase
[3.859s][info ][gc,phases      ] GC(4) Summary Phase 0.024ms
[3.859s][info ][gc,phases,start] GC(4) Adjust Roots
[3.871s][info ][gc,phases      ] GC(4) Adjust Roots 12.625ms
[3.871s][info ][gc,phases,start] GC(4) Compaction Phase
[4.126s][info ][gc,phases      ] GC(4) Compaction Phase 254.864ms
[4.126s][info ][gc,phases,start] GC(4) Post Compact
[4.130s][info ][gc,phases      ] GC(4) Post Compact 3.880ms
[4.130s][info ][gc,heap        ] GC(4) PSYoungGen: 1101829K(1572864K)->138352K(1572864K) Eden: 1048576K(1048576K)->138352K(1048576K) From: 53253K(524288K)->0K(524288K)
[4.130s][info ][gc,heap        ] GC(4) ParOldGen: 6123K(6144K)->6131K(18944K)
[4.130s][info ][gc,metaspace   ] GC(4) Metaspace: 49011K(49472K)->49011K(49472K) NonClass: 41909K(42176K)->41909K(42176K) Class: 7101K(7296K)->7101K(7296K)
[4.130s][info ][gc             ] GC(4) Pause Full (Ergonomics) 1081M->141M(1554M) 388.424ms
[4.130s][info ][gc,cpu         ] GC(4) User=1.39s Sys=0.00s Real=0.38s
[4.130s][info ][safepoint      ] Safepoint "ParallelGCFailedAllocation", Time since last: 111590807 ns, Reaching safepoint: 1115718 ns, At safepoint: 388579792 ns, Total: 389695510 ns
[4.309s][info ][gc,start       ] GC(5) Pause Young (Allocation Failure)
[4.407s][debug][gc,phases      ] GC(5) Scavenge 98.464ms
[4.407s][debug][gc,ref         ] GC(5) Skipped phase 1 of Reference Processing: no references
[4.408s][debug][gc,ref         ] GC(5) Skipped phase 3 of Reference Processing: no references
[4.408s][debug][gc,phases      ] GC(5) Reference Processing 0.286ms
[4.409s][debug][gc,phases      ] GC(5) Weak Processing 1.300ms
[4.409s][debug][gc,age         ] GC(5) Desired survivor size 536870912 bytes, new threshold 7 (max threshold 15)
[4.409s][info ][gc,heap        ] GC(5) PSYoungGen: 1048576K(1572864K)->151518K(1572864K) Eden: 1048576K(1048576K)->0K(1048576K) From: 0K(524288K)->151518K(524288K)
[4.409s][info ][gc,heap        ] GC(5) ParOldGen: 6131K(18944K)->6147K(18944K)
[4.409s][info ][gc,metaspace   ] GC(5) Metaspace: 50015K(50496K)->50015K(50496K) NonClass: 42712K(42944K)->42712K(42944K) Class: 7303K(7552K)->7303K(7552K)
[4.409s][info ][gc             ] GC(5) Pause Young (Allocation Failure) 1029M->153M(1554M) 100.188ms
[4.409s][info ][gc,cpu         ] GC(5) User=0.32s Sys=0.08s Real=0.10s
[4.409s][info ][safepoint      ] Safepoint "ParallelGCFailedAllocation", Time since last: 178171385 ns, Reaching safepoint: 182703 ns, At safepoint: 100308625 ns, Total: 100491328 ns
[4.696s][info ][gc,start       ] GC(6) Pause Young (Allocation Failure)
[4.793s][debug][gc,phases      ] GC(6) Scavenge 96.888ms
[4.793s][debug][gc,ref         ] GC(6) Skipped phase 1 of Reference Processing: no references
[4.794s][debug][gc,ref         ] GC(6) Skipped phase 3 of Reference Processing: no references
[4.794s][debug][gc,phases      ] GC(6) Reference Processing 0.354ms
[4.795s][debug][gc,phases      ] GC(6) Weak Processing 1.345ms
[4.795s][debug][gc,age         ] GC(6) Desired survivor size 536870912 bytes, new threshold 7 (max threshold 15)
[4.795s][info ][gc,heap        ] GC(6) PSYoungGen: 1200094K(1572864K)->156142K(1572864K) Eden: 1048576K(1048576K)->0K(1048576K) From: 151518K(524288K)->156142K(524288K)
[4.795s][info ][gc,heap        ] GC(6) ParOldGen: 6147K(18944K)->6155K(18944K)
[4.795s][info ][gc,metaspace   ] GC(6) Metaspace: 51519K(51968K)->51519K(51968K) NonClass: 43929K(44160K)->43929K(44160K) Class: 7590K(7808K)->7590K(7808K)
[4.795s][info ][gc             ] GC(6) Pause Young (Allocation Failure) 1177M->158M(1554M) 98.741ms
[4.795s][info ][gc,cpu         ] GC(6) User=0.32s Sys=0.07s Real=0.10s
[4.795s][info ][safepoint      ] Safepoint "ParallelGCFailedAllocation", Time since last: 281219354 ns, Reaching safepoint: 5881995 ns, At safepoint: 98852301 ns, Total: 104734296 ns
[5.162s][info ][gc,start       ] GC(7) Pause Young (Allocation Failure)
[5.231s][debug][gc,phases      ] GC(7) Scavenge 68.279ms
[5.231s][debug][gc,ref         ] GC(7) Skipped phase 1 of Reference Processing: no references
[5.231s][debug][gc,ref         ] GC(7) Skipped phase 3 of Reference Processing: no references
[5.231s][debug][gc,phases      ] GC(7) Reference Processing 0.328ms
[5.232s][debug][gc,phases      ] GC(7) Weak Processing 1.217ms
[5.232s][debug][gc,age         ] GC(7) Desired survivor size 244842496 bytes, new threshold 8 (max threshold 15)
[5.232s][info ][gc,heap        ] GC(7) PSYoungGen: 1204718K(1572864K)->160170K(1858048K) Eden: 1048576K(1048576K)->0K(1333760K) From: 156142K(524288K)->160170K(524288K)
[5.232s][info ][gc,heap        ] GC(7) ParOldGen: 6155K(18944K)->6163K(18944K)
[5.232s][info ][gc,metaspace   ] GC(7) Metaspace: 52166K(52672K)->52166K(52672K) NonClass: 44514K(44800K)->44514K(44800K) Class: 7651K(7872K)->7651K(7872K)
[5.232s][info ][gc             ] GC(7) Pause Young (Allocation Failure) 1182M->162M(1833M) 69.958ms
[5.232s][info ][gc,cpu         ] GC(7) User=0.27s Sys=0.00s Real=0.06s
[5.232s][info ][safepoint      ] Safepoint "ParallelGCFailedAllocation", Time since last: 367023344 ns, Reaching safepoint: 248104 ns, At safepoint: 70069234 ns, Total: 70317338 ns
[5.724s][info ][gc,start       ] GC(8) Pause Young (Allocation Failure)
[5.817s][debug][gc,phases      ] GC(8) Scavenge 92.757ms
[5.817s][debug][gc,ref         ] GC(8) Skipped phase 1 of Reference Processing: no references
[5.817s][debug][gc,ref         ] GC(8) Skipped phase 3 of Reference Processing: no references
[5.817s][debug][gc,phases      ] GC(8) Reference Processing 0.275ms
[5.818s][debug][gc,phases      ] GC(8) Weak Processing 1.424ms
[5.818s][debug][gc,age         ] GC(8) Desired survivor size 260046848 bytes, new threshold 9 (max threshold 15)
[5.818s][info ][gc,heap        ] GC(8) PSYoungGen: 1493930K(1858048K)->169962K(1572864K) Eden: 1333760K(1333760K)->0K(1333760K) From: 160170K(524288K)->169962K(239104K)
[5.818s][info ][gc,heap        ] GC(8) ParOldGen: 6163K(18944K)->6171K(18944K)
[5.818s][info ][gc,metaspace   ] GC(8) Metaspace: 52210K(52672K)->52210K(52672K) NonClass: 44558K(44800K)->44558K(44800K) Class: 7651K(7872K)->7651K(7872K)
[5.818s][info ][gc             ] GC(8) Pause Young (Allocation Failure) 1464M->172M(1554M) 94.606ms
[5.818s][info ][gc,cpu         ] GC(8) User=0.31s Sys=0.08s Real=0.09s
[5.818s][info ][safepoint      ] Safepoint "ParallelGCFailedAllocation", Time since last: 491190756 ns, Reaching safepoint: 143802 ns, At safepoint: 94726534 ns, Total: 94870336 ns
[6.090s][info ][gc,start       ] GC(9) Pause Young (Allocation Failure)
[6.188s][debug][gc,phases      ] GC(9) Scavenge 97.973ms
[6.188s][debug][gc,ref         ] GC(9) Skipped phase 1 of Reference Processing: no references
[6.189s][debug][gc,ref         ] GC(9) Skipped phase 3 of Reference Processing: no references
[6.189s][debug][gc,phases      ] GC(9) Reference Processing 0.297ms
[6.190s][debug][gc,phases      ] GC(9) Weak Processing 1.462ms
[6.190s][debug][gc,age         ] GC(9) Desired survivor size 269484032 bytes, new threshold 10 (max threshold 15)
[6.190s][info ][gc,heap        ] GC(9) PSYoungGen: 1503722K(1572864K)->172742K(1824768K) Eden: 1333760K(1333760K)->0K(1570816K) From: 169962K(239104K)->172742K(253952K)
[6.190s][info ][gc,heap        ] GC(9) ParOldGen: 6171K(18944K)->6179K(18944K)
[6.190s][info ][gc,metaspace   ] GC(9) Metaspace: 52349K(52736K)->52349K(52736K) NonClass: 44671K(44864K)->44671K(44864K) Class: 7678K(7872K)->7678K(7872K)
[6.190s][info ][gc             ] GC(9) Pause Young (Allocation Failure) 1474M->174M(1800M) 99.905ms
[6.190s][info ][gc,cpu         ] GC(9) User=0.44s Sys=0.05s Real=0.10s
[6.190s][info ][safepoint      ] Safepoint "ParallelGCFailedAllocation", Time since last: 271303295 ns, Reaching safepoint: 534808 ns, At safepoint: 100013920 ns, Total: 100548728 ns
[6.625s][info ][gc,start       ] GC(10) Pause Young (Allocation Failure)
[6.689s][debug][gc,phases      ] GC(10) Scavenge 64.106ms
[6.689s][debug][gc,ref         ] GC(10) Skipped phase 1 of Reference Processing: no references
[6.690s][debug][gc,ref         ] GC(10) Skipped phase 3 of Reference Processing: no references
[6.690s][debug][gc,phases      ] GC(10) Reference Processing 0.326ms
[6.691s][debug][gc,phases      ] GC(10) Weak Processing 1.404ms
[6.691s][debug][gc,age         ] GC(10) Desired survivor size 271056896 bytes, new threshold 11 (max threshold 15)
[6.691s][info ][gc,heap        ] GC(10) PSYoungGen: 1743558K(1824768K)->166330K(1737216K) Eden: 1570816K(1570816K)->0K(1570816K) From: 172742K(253952K)->166330K(166400K)
[6.691s][info ][gc,heap        ] GC(10) ParOldGen: 6179K(18944K)->6192K(18944K)
[6.691s][info ][gc,metaspace   ] GC(10) Metaspace: 53998K(54528K)->53998K(54528K) NonClass: 46097K(46400K)->46097K(46400K) Class: 7901K(8128K)->7901K(8128K)
[6.691s][info ][gc             ] GC(10) Pause Young (Allocation Failure) 1708M->168M(1715M) 65.989ms
[6.691s][info ][gc,cpu         ] GC(10) User=0.26s Sys=0.00s Real=0.06s
[6.691s][info ][safepoint      ] Safepoint "ParallelGCFailedAllocation", Time since last: 434461938 ns, Reaching safepoint: 284205 ns, At safepoint: 66101670 ns, Total: 66385875 ns
[6.986s][info ][gc,start       ] GC(11) Pause Young (Allocation Failure)
[7.066s][debug][gc,phases      ] GC(11) Scavenge 80.378ms
[7.066s][debug][gc,ref         ] GC(11) Skipped phase 1 of Reference Processing: no references
[7.067s][debug][gc,ref         ] GC(11) Skipped phase 3 of Reference Processing: no references
[7.067s][debug][gc,phases      ] GC(11) Reference Processing 0.293ms
[7.068s][debug][gc,phases      ] GC(11) Weak Processing 1.225ms
[7.068s][debug][gc,age         ] GC(11) Desired survivor size 271581184 bytes, new threshold 12 (max threshold 15)
[7.068s][info ][gc,heap        ] GC(11) PSYoungGen: 1737146K(1737216K)->166586K(1831424K) Eden: 1570816K(1570816K)->0K(1566720K) From: 166330K(166400K)->166586K(264704K)
[7.068s][info ][gc,heap        ] GC(11) ParOldGen: 6192K(18944K)->6200K(18944K)
[7.068s][info ][gc,metaspace   ] GC(11) Metaspace: 54174K(54656K)->54174K(54656K) NonClass: 46268K(46528K)->46268K(46528K) Class: 7905K(8128K)->7905K(8128K)
[7.068s][info ][gc             ] GC(11) Pause Young (Allocation Failure) 1702M->168M(1807M) 82.035ms
[7.068s][info ][gc,cpu         ] GC(11) User=0.40s Sys=0.00s Real=0.08s
[7.068s][info ][safepoint      ] Safepoint "ParallelGCFailedAllocation", Time since last: 294341668 ns, Reaching safepoint: 245304 ns, At safepoint: 82145531 ns, Total: 82390835 ns
[7.454s][info ][gc,start       ] GC(12) Pause Young (Allocation Failure)
[7.529s][debug][gc,phases      ] GC(12) Scavenge 74.734ms
[7.529s][debug][gc,ref         ] GC(12) Skipped phase 1 of Reference Processing: no references
[7.529s][debug][gc,ref         ] GC(12) Skipped phase 3 of Reference Processing: no references
[7.529s][debug][gc,phases      ] GC(12) Reference Processing 0.289ms
[7.530s][debug][gc,phases      ] GC(12) Weak Processing 1.248ms
[7.530s][debug][gc,age         ] GC(12) Desired survivor size 271056896 bytes, new threshold 13 (max threshold 15)
[7.530s][info ][gc,heap        ] GC(12) PSYoungGen: 1733306K(1831424K)->168035K(1831936K) Eden: 1566720K(1566720K)->0K(1566720K) From: 166586K(264704K)->168035K(265216K)
[7.530s][info ][gc,heap        ] GC(12) ParOldGen: 6200K(18944K)->6208K(18944K)
[7.530s][info ][gc,metaspace   ] GC(12) Metaspace: 54436K(54848K)->54436K(54848K) NonClass: 46497K(46720K)->46497K(46720K) Class: 7938K(8128K)->7938K(8128K)
[7.530s][info ][gc             ] GC(12) Pause Young (Allocation Failure) 1698M->170M(1807M) 76.439ms
[7.530s][info ][gc,cpu         ] GC(12) User=0.30s Sys=0.00s Real=0.07s
[7.530s][info ][safepoint      ] Safepoint "ParallelGCFailedAllocation", Time since last: 385617447 ns, Reaching safepoint: 298805 ns, At safepoint: 76545340 ns, Total: 76844145 ns
[7.778s][info ][gc,start       ] GC(13) Pause Young (Allocation Failure)
[7.846s][debug][gc,phases      ] GC(13) Scavenge 68.285ms
[7.846s][debug][gc,ref         ] GC(13) Skipped phase 1 of Reference Processing: no references
[7.847s][debug][gc,ref         ] GC(13) Skipped phase 3 of Reference Processing: no references
[7.847s][debug][gc,phases      ] GC(13) Reference Processing 0.286ms
[7.848s][debug][gc,phases      ] GC(13) Weak Processing 1.183ms
[7.848s][debug][gc,age         ] GC(13) Desired survivor size 270008320 bytes, new threshold 14 (max threshold 15)
[7.848s][info ][gc,heap        ] GC(13) PSYoungGen: 1734755K(1831936K)->168451K(1833472K) Eden: 1566720K(1566720K)->0K(1568768K) From: 168035K(265216K)->168451K(264704K)
[7.848s][info ][gc,heap        ] GC(13) ParOldGen: 6208K(18944K)->6216K(18944K)
[7.848s][info ][gc,metaspace   ] GC(13) Metaspace: 54443K(54848K)->54443K(54848K) NonClass: 46504K(46720K)->46504K(46720K) Class: 7938K(8128K)->7938K(8128K)
[7.848s][info ][gc             ] GC(13) Pause Young (Allocation Failure) 1700M->170M(1809M) 69.894ms
[7.848s][info ][gc,cpu         ] GC(13) User=0.28s Sys=0.00s Real=0.07s
[7.848s][info ][safepoint      ] Safepoint "ParallelGCFailedAllocation", Time since last: 247269806 ns, Reaching safepoint: 199103 ns, At safepoint: 69991634 ns, Total: 70190737 ns
[8.160s][info ][gc,start       ] GC(14) Pause Young (Allocation Failure)
[8.229s][debug][gc,phases      ] GC(14) Scavenge 68.947ms
[8.229s][debug][gc,ref         ] GC(14) Skipped phase 1 of Reference Processing: no references
[8.229s][debug][gc,ref         ] GC(14) Skipped phase 3 of Reference Processing: no references
[8.229s][debug][gc,phases      ] GC(14) Reference Processing 0.500ms
[8.231s][debug][gc,phases      ] GC(14) Weak Processing 1.843ms
[8.231s][debug][gc,age         ] GC(14) Desired survivor size 268959744 bytes, new threshold 15 (max threshold 15)
[8.231s][info ][gc,heap        ] GC(14) PSYoungGen: 1737219K(1833472K)->169626K(1832448K) Eden: 1568768K(1568768K)->0K(1568768K) From: 168451K(264704K)->169626K(263680K)
[8.231s][info ][gc,heap        ] GC(14) ParOldGen: 6216K(18944K)->6224K(18944K)
[8.231s][info ][gc,metaspace   ] GC(14) Metaspace: 54457K(54912K)->54457K(54912K) NonClass: 46517K(46784K)->46517K(46784K) Class: 7939K(8128K)->7939K(8128K)
[8.231s][info ][gc             ] GC(14) Pause Young (Allocation Failure) 1702M->171M(1808M) 71.449ms
[8.231s][info ][gc,cpu         ] GC(14) User=0.27s Sys=0.00s Real=0.07s
[8.231s][info ][safepoint      ] Safepoint "ParallelGCFailedAllocation", Time since last: 311763151 ns, Reaching safepoint: 166303 ns, At safepoint: 71564360 ns, Total: 71730663 ns
[8.574s][info ][gc,start       ] GC(15) Pause Young (Allocation Failure)
[8.645s][debug][gc,phases      ] GC(15) Scavenge 70.963ms
[8.645s][debug][gc,ref         ] GC(15) Skipped phase 1 of Reference Processing: no references
[8.646s][debug][gc,ref         ] GC(15) Skipped phase 3 of Reference Processing: no references
[8.646s][debug][gc,phases      ] GC(15) Reference Processing 0.554ms
[8.648s][debug][gc,phases      ] GC(15) Weak Processing 1.812ms
[8.648s][debug][gc,age         ] GC(15) Desired survivor size 267911168 bytes, new threshold 15 (max threshold 15)
[8.648s][info ][gc,heap        ] GC(15) PSYoungGen: 1738394K(1832448K)->172522K(1835520K) Eden: 1568768K(1568768K)->0K(1572864K) From: 169626K(263680K)->172522K(262656K)
[8.648s][info ][gc,heap        ] GC(15) ParOldGen: 6224K(18944K)->6232K(18944K)
[8.648s][info ][gc,metaspace   ] GC(15) Metaspace: 54458K(54912K)->54458K(54912K) NonClass: 46519K(46784K)->46519K(46784K) Class: 7939K(8128K)->7939K(8128K)
[8.648s][info ][gc             ] GC(15) Pause Young (Allocation Failure) 1703M->174M(1811M) 73.503ms
[8.648s][info ][gc,cpu         ] GC(15) User=0.36s Sys=0.00s Real=0.07s
[8.648s][info ][safepoint      ] Safepoint "ParallelGCFailedAllocation", Time since last: 342548250 ns, Reaching safepoint: 184903 ns, At safepoint: 73624693 ns, Total: 73809596 ns
[8.931s][info ][safepoint      ] Safepoint "ICBufferFull", Time since last: 283109587 ns, Reaching safepoint: 293805 ns, At safepoint: 24000 ns, Total: 317805 ns
[8.954s][info ][gc,start       ] GC(16) Pause Young (Allocation Failure)
[9.015s][debug][gc,phases      ] GC(16) Scavenge 61.300ms
[9.015s][debug][gc,ref         ] GC(16) Skipped phase 1 of Reference Processing: no references
[9.015s][debug][gc,ref         ] GC(16) Skipped phase 3 of Reference Processing: no references
[9.015s][debug][gc,phases      ] GC(16) Reference Processing 0.293ms
[9.017s][debug][gc,phases      ] GC(16) Weak Processing 1.360ms
[9.017s][debug][gc,age         ] GC(16) Desired survivor size 266862592 bytes, new threshold 15 (max threshold 15)
[9.017s][info ][gc,heap        ] GC(16) PSYoungGen: 1745386K(1835520K)->174339K(1834496K) Eden: 1572864K(1572864K)->0K(1572864K) From: 172522K(262656K)->174339K(261632K)
[9.017s][info ][gc,heap        ] GC(16) ParOldGen: 6232K(18944K)->6240K(18944K)
[9.017s][info ][gc,metaspace   ] GC(16) Metaspace: 54467K(54912K)->54467K(54912K) NonClass: 46527K(46784K)->46527K(46784K) Class: 7940K(8128K)->7940K(8128K)
[9.017s][info ][gc             ] GC(16) Pause Young (Allocation Failure) 1710M->176M(1810M) 63.101ms
[9.017s][info ][gc,cpu         ] GC(16) User=0.25s Sys=0.00s Real=0.07s
[9.017s][info ][safepoint      ] Safepoint "ParallelGCFailedAllocation", Time since last: 22222260 ns, Reaching safepoint: 135002 ns, At safepoint: 63203025 ns, Total: 63338027 ns
[9.375s][info ][gc,start       ] GC(17) Pause Young (Allocation Failure)
[9.447s][debug][gc,phases      ] GC(17) Scavenge 71.449ms
[9.447s][debug][gc,ref         ] GC(17) Skipped phase 1 of Reference Processing: no references
[9.447s][debug][gc,ref         ] GC(17) Skipped phase 3 of Reference Processing: no references
[9.447s][debug][gc,phases      ] GC(17) Reference Processing 0.302ms
[9.449s][debug][gc,phases      ] GC(17) Weak Processing 1.315ms
[9.449s][debug][gc,age         ] GC(17) Desired survivor size 265814016 bytes, new threshold 15 (max threshold 15)
[9.449s][info ][gc,heap        ] GC(17) PSYoungGen: 1747203K(1834496K)->176474K(1837568K) Eden: 1572864K(1572864K)->0K(1576960K) From: 174339K(261632K)->176474K(260608K)
[9.449s][info ][gc,heap        ] GC(17) ParOldGen: 6240K(18944K)->6248K(18944K)
[9.449s][info ][gc,metaspace   ] GC(17) Metaspace: 54786K(55296K)->54786K(55296K) NonClass: 46793K(47040K)->46793K(47040K) Class: 7993K(8256K)->7993K(8256K)
[9.449s][info ][gc             ] GC(17) Pause Young (Allocation Failure) 1712M->178M(1813M) 73.206ms
[9.449s][info ][gc,cpu         ] GC(17) User=0.29s Sys=0.00s Real=0.07s
[9.449s][info ][safepoint      ] Safepoint "ParallelGCFailedAllocation", Time since last: 357960100 ns, Reaching safepoint: 692812 ns, At safepoint: 73316088 ns, Total: 74008900 ns
[9.471s][info ][safepoint      ] Safepoint "ICBufferFull", Time since last: 22366762 ns, Reaching safepoint: 131602 ns, At safepoint: 27401 ns, Total: 159003 ns
[9.475s][info ][safepoint      ] Safepoint "ICBufferFull", Time since last: 3486656 ns, Reaching safepoint: 90102 ns, At safepoint: 20500 ns, Total: 110602 ns
[9.487s][info ][safepoint      ] Safepoint "ICBufferFull", Time since last: 11900693 ns, Reaching safepoint: 103801 ns, At safepoint: 24401 ns, Total: 128202 ns
[9.488s][info ][safepoint      ] Safepoint "ICBufferFull", Time since last: 865614 ns, Reaching safepoint: 88601 ns, At safepoint: 21601 ns, Total: 110202 ns
[9.489s][info ][safepoint      ] Safepoint "ICBufferFull", Time since last: 696511 ns, Reaching safepoint: 85101 ns, At safepoint: 18601 ns, Total: 103702 ns
[9.489s][info ][safepoint      ] Safepoint "ICBufferFull", Time since last: 794113 ns, Reaching safepoint: 87601 ns, At safepoint: 18800 ns, Total: 106401 ns
[9.490s][info ][safepoint      ] Safepoint "ICBufferFull", Time since last: 720212 ns, Reaching safepoint: 103902 ns, At safepoint: 23400 ns, Total: 127302 ns
[9.491s][info ][safepoint      ] Safepoint "ICBufferFull", Time since last: 664411 ns, Reaching safepoint: 88401 ns, At safepoint: 14900 ns, Total: 103301 ns
[9.492s][info ][safepoint      ] Safepoint "ICBufferFull", Time since last: 725512 ns, Reaching safepoint: 112902 ns, At safepoint: 21800 ns, Total: 134702 ns
[9.493s][info ][safepoint      ] Safepoint "ICBufferFull", Time since last: 654711 ns, Reaching safepoint: 84401 ns, At safepoint: 20901 ns, Total: 105302 ns
[9.493s][info ][safepoint      ] Safepoint "ICBufferFull", Time since last: 674411 ns, Reaching safepoint: 57101 ns, At safepoint: 18100 ns, Total: 75201 ns
[9.494s][info ][safepoint      ] Safepoint "ICBufferFull", Time since last: 766912 ns, Reaching safepoint: 88302 ns, At safepoint: 26200 ns, Total: 114502 ns
[9.495s][info ][safepoint      ] Safepoint "ICBufferFull", Time since last: 722312 ns, Reaching safepoint: 84701 ns, At safepoint: 19701 ns, Total: 104402 ns
[9.726s][info ][gc,start       ] GC(18) Pause Young (Allocation Failure)
[9.797s][debug][gc,phases      ] GC(18) Scavenge 70.744ms
[9.797s][debug][gc,ref         ] GC(18) Skipped phase 1 of Reference Processing: no references
[9.797s][debug][gc,ref         ] GC(18) Skipped phase 3 of Reference Processing: no references
[9.797s][debug][gc,phases      ] GC(18) Reference Processing 0.314ms
[9.798s][debug][gc,phases      ] GC(18) Weak Processing 1.398ms
[9.798s][debug][gc,age         ] GC(18) Desired survivor size 263716864 bytes, new threshold 15 (max threshold 15)
[9.798s][info ][gc,heap        ] GC(18) PSYoungGen: 1753434K(1837568K)->175203K(1836544K) Eden: 1576960K(1576960K)->0K(1576960K) From: 176474K(260608K)->175203K(259584K)
[9.798s][info ][gc,heap        ] GC(18) ParOldGen: 6248K(18944K)->8162K(18944K)
[9.798s][info ][gc,metaspace   ] GC(18) Metaspace: 55894K(56448K)->55894K(56448K) NonClass: 47735K(48000K)->47735K(48000K) Class: 8158K(8448K)->8158K(8448K)
[9.798s][info ][gc             ] GC(18) Pause Young (Allocation Failure) 1718M->179M(1812M) 72.600ms
[9.798s][info ][gc,cpu         ] GC(18) User=0.29s Sys=0.00s Real=0.07s
[9.798s][info ][safepoint      ] Safepoint "ParallelGCFailedAllocation", Time since last: 230305032 ns, Reaching safepoint: 209503 ns, At safepoint: 72721378 ns, Total: 72930881 ns
[10.125s][info ][gc,start       ] GC(19) Pause Young (Allocation Failure)
[10.218s][debug][gc,phases      ] GC(19) Scavenge 92.698ms
[10.218s][debug][gc,ref         ] GC(19) Skipped phase 1 of Reference Processing: no references
[10.218s][debug][gc,ref         ] GC(19) Skipped phase 3 of Reference Processing: no references
[10.218s][debug][gc,phases      ] GC(19) Reference Processing 0.149ms
[10.219s][debug][gc,phases      ] GC(19) Weak Processing 1.352ms
[10.219s][debug][gc,age         ] GC(19) Desired survivor size 258473984 bytes, new threshold 15 (max threshold 15)
[10.219s][info ][gc,heap        ] GC(19) PSYoungGen: 1752163K(1836544K)->124328K(1844736K) Eden: 1576960K(1576960K)->0K(1587200K) From: 175203K(259584K)->124328K(257536K)
[10.219s][info ][gc,heap        ] GC(19) ParOldGen: 8162K(18944K)->59459K(60928K)
[10.219s][info ][gc,metaspace   ] GC(19) Metaspace: 56298K(56768K)->56298K(56768K) NonClass: 48081K(48320K)->48081K(48320K) Class: 8217K(8448K)->8217K(8448K)
[10.219s][info ][gc             ] GC(19) Pause Young (Allocation Failure) 1719M->179M(1861M) 94.364ms
[10.219s][info ][gc,cpu         ] GC(19) User=0.37s Sys=0.01s Real=0.09s
[10.220s][debug][gc,phases      ] GC(20) Pre Compact 0.010ms
[10.220s][info ][gc,start       ] GC(20) Pause Full (Ergonomics)
[10.220s][info ][gc,phases,start] GC(20) Marking Phase
[10.301s][debug][gc,phases      ] GC(20) Par Mark 81.756ms
[10.301s][debug][gc,ref         ] GC(20) Skipped phase 1 of Reference Processing: no references
[10.302s][debug][gc,ref         ] GC(20) Skipped phase 3 of Reference Processing: no references
[10.302s][debug][gc,phases      ] GC(20) Reference Processing 0.146ms
[10.302s][debug][gc,phases      ] GC(20) Weak Processing 0.461ms
[10.302s][debug][gc,phases      ] GC(20) ClassLoaderData 0.049ms
[10.302s][debug][gc,phases      ] GC(20) Trigger cleanups 0.000ms
[10.309s][debug][gc,phases      ] GC(20) Class Unloading 6.663ms
[10.309s][info ][gc,phases      ] GC(20) Marking Phase 89.165ms
[10.309s][info ][gc,phases,start] GC(20) Summary Phase
[10.309s][info ][gc,phases      ] GC(20) Summary Phase 0.008ms
[10.309s][info ][gc,phases,start] GC(20) Adjust Roots
[10.327s][info ][gc,phases      ] GC(20) Adjust Roots 18.608ms
[10.327s][info ][gc,phases,start] GC(20) Compaction Phase
[10.683s][info ][gc,phases      ] GC(20) Compaction Phase 355.393ms
[10.683s][info ][gc,phases,start] GC(20) Post Compact
[10.684s][info ][gc,phases      ] GC(20) Post Compact 0.902ms
[10.684s][info ][gc,heap        ] GC(20) PSYoungGen: 124328K(1844736K)->122425K(1844736K) Eden: 0K(1587200K)->0K(1587200K) From: 124328K(257536K)->122425K(257536K)
[10.684s][info ][gc,heap        ] GC(20) ParOldGen: 59459K(60928K)->60556K(98304K)
[10.684s][info ][gc,metaspace   ] GC(20) Metaspace: 56298K(56768K)->56298K(56768K) NonClass: 48081K(48320K)->48081K(48320K) Class: 8217K(8448K)->8217K(8448K)
[10.684s][info ][gc             ] GC(20) Pause Full (Ergonomics) 179M->178M(1897M) 464.325ms
[10.684s][info ][gc,cpu         ] GC(20) User=1.66s Sys=0.03s Real=0.47s
[10.698s][info ][safepoint      ] Safepoint "ParallelGCFailedAllocation", Time since last: 326406690 ns, Reaching safepoint: 270605 ns, At safepoint: 572646381 ns, Total: 572916986 ns
[10.933s][info ][gc,start       ] GC(21) Pause Young (Allocation Failure)
[11.026s][debug][gc,phases      ] GC(21) Scavenge 93.161ms
[11.026s][debug][gc,ref         ] GC(21) Skipped phase 1 of Reference Processing: no references
[11.026s][debug][gc,ref         ] GC(21) Skipped phase 3 of Reference Processing: no references
[11.026s][debug][gc,phases      ] GC(21) Reference Processing 0.050ms
[11.027s][debug][gc,phases      ] GC(21) Weak Processing 0.943ms
[11.027s][debug][gc,age         ] GC(21) Desired survivor size 269484032 bytes, new threshold 14 (max threshold 15)
[11.027s][info ][gc,heap        ] GC(21) PSYoungGen: 1709625K(1844736K)->28356K(1615872K) Eden: 1587200K(1587200K)->0K(1587200K) From: 122425K(257536K)->28356K(28672K)
[11.027s][info ][gc,heap        ] GC(21) ParOldGen: 60556K(98304K)->156342K(156672K)
[11.027s][info ][gc,metaspace   ] GC(21) Metaspace: 58908K(59392K)->58908K(59392K) NonClass: 50364K(50624K)->50364K(50624K) Class: 8544K(8768K)->8544K(8768K)
[11.027s][info ][gc             ] GC(21) Pause Young (Allocation Failure) 1728M->180M(1731M) 94.308ms
[11.027s][info ][gc,cpu         ] GC(21) User=0.40s Sys=0.06s Real=0.10s
[11.027s][debug][gc,phases      ] GC(22) Pre Compact 0.010ms
[11.027s][info ][gc,start       ] GC(22) Pause Full (Ergonomics)
[11.027s][info ][gc,phases,start] GC(22) Marking Phase
[11.110s][debug][gc,phases      ] GC(22) Par Mark 82.435ms
[11.110s][debug][gc,ref         ] GC(22) Skipped phase 1 of Reference Processing: no references
[11.110s][debug][gc,ref         ] GC(22) Skipped phase 3 of Reference Processing: no references
[11.110s][debug][gc,phases      ] GC(22) Reference Processing 0.183ms
[11.111s][debug][gc,phases      ] GC(22) Weak Processing 0.494ms
[11.111s][debug][gc,phases      ] GC(22) ClassLoaderData 0.047ms
[11.111s][debug][gc,phases      ] GC(22) Trigger cleanups 0.000ms
[11.117s][debug][gc,phases      ] GC(22) Class Unloading 6.486ms
[11.117s][info ][gc,phases      ] GC(22) Marking Phase 89.740ms
[11.117s][info ][gc,phases,start] GC(22) Summary Phase
[11.117s][info ][gc,phases      ] GC(22) Summary Phase 0.007ms
[11.117s][info ][gc,phases,start] GC(22) Adjust Roots
[11.129s][info ][gc,phases      ] GC(22) Adjust Roots 12.389ms
[11.130s][info ][gc,phases,start] GC(22) Compaction Phase
[11.387s][info ][gc,phases      ] GC(22) Compaction Phase 257.583ms
[11.387s][info ][gc,phases,start] GC(22) Post Compact
[11.388s][info ][gc,phases      ] GC(22) Post Compact 0.545ms
[11.388s][info ][gc,heap        ] GC(22) PSYoungGen: 28356K(1615872K)->27718K(1615872K) Eden: 0K(1587200K)->0K(1587200K) From: 28356K(28672K)->27718K(28672K)
[11.388s][info ][gc,heap        ] GC(22) ParOldGen: 156342K(156672K)->156516K(232960K)
[11.388s][info ][gc,metaspace   ] GC(22) Metaspace: 58908K(59392K)->58908K(59392K) NonClass: 50364K(50624K)->50364K(50624K) Class: 8544K(8768K)->8544K(8768K)
[11.388s][info ][gc             ] GC(22) Pause Full (Ergonomics) 180M->179M(1805M) 360.540ms
[11.388s][info ][gc,cpu         ] GC(22) User=1.26s Sys=0.01s Real=0.36s
[11.388s][info ][safepoint      ] Safepoint "ParallelGCFailedAllocation", Time since last: 234934607 ns, Reaching safepoint: 252804 ns, At safepoint: 455028076 ns, Total: 455280880 ns
[11.737s][info ][gc,start       ] GC(23) Pause Young (Allocation Failure)
[11.796s][debug][gc,phases      ] GC(23) Scavenge 59.776ms
[11.796s][debug][gc,ref         ] GC(23) Skipped phase 1 of Reference Processing: no references
[11.797s][debug][gc,ref         ] GC(23) Skipped phase 3 of Reference Processing: no references
[11.797s][debug][gc,phases      ] GC(23) Reference Processing 0.058ms
[11.797s][debug][gc,phases      ] GC(23) Weak Processing 0.540ms
[11.797s][debug][gc,age         ] GC(23) Desired survivor size 271056896 bytes, new threshold 15 (max threshold 15)
[11.797s][info ][gc,heap        ] GC(23) PSYoungGen: 1614918K(1615872K)->57296K(1830912K) Eden: 1587200K(1587200K)->0K(1567744K) From: 27718K(28672K)->57296K(263168K)
[11.797s][info ][gc,heap        ] GC(23) ParOldGen: 156516K(232960K)->164660K(232960K)
[11.797s][info ][gc,metaspace   ] GC(23) Metaspace: 60184K(60736K)->60184K(60736K) NonClass: 51474K(51776K)->51474K(51776K) Class: 8710K(8960K)->8710K(8960K)
[11.797s][info ][gc             ] GC(23) Pause Young (Allocation Failure) 1729M->216M(2015M) 60.516ms
[11.797s][info ][gc,cpu         ] GC(23) User=0.22s Sys=0.00s Real=0.06s
[11.797s][info ][safepoint      ] Safepoint "ParallelGCFailedAllocation", Time since last: 348423248 ns, Reaching safepoint: 176603 ns, At safepoint: 60623682 ns, Total: 60800285 ns
[12.120s][info ][gc,start       ] GC(24) Pause Young (Allocation Failure)
[12.167s][debug][gc,phases      ] GC(24) Scavenge 47.091ms
[12.167s][debug][gc,ref         ] GC(24) Skipped phase 1 of Reference Processing: no references
[12.167s][debug][gc,ref         ] GC(24) Skipped phase 3 of Reference Processing: no references
[12.167s][debug][gc,phases      ] GC(24) Reference Processing 0.054ms
[12.168s][debug][gc,phases      ] GC(24) Weak Processing 0.579ms
[12.168s][debug][gc,age         ] GC(24) Desired survivor size 265289728 bytes, new threshold 15 (max threshold 15)
[12.168s][info ][gc,heap        ] GC(24) PSYoungGen: 1625040K(1830912K)->82048K(1832448K) Eden: 1567744K(1567744K)->0K(1567744K) From: 57296K(263168K)->82048K(264704K)
[12.168s][info ][gc,heap        ] GC(24) ParOldGen: 164660K(232960K)->164668K(232960K)
[12.168s][info ][gc,metaspace   ] GC(24) Metaspace: 60938K(61440K)->60938K(61440K) NonClass: 52134K(52416K)->52134K(52416K) Class: 8803K(9024K)->8803K(9024K)
[12.168s][info ][gc             ] GC(24) Pause Young (Allocation Failure) 1747M->240M(2017M) 47.851ms
[12.168s][info ][gc,cpu         ] GC(24) User=0.19s Sys=0.00s Real=0.05s
[12.168s][info ][safepoint      ] Safepoint "ParallelGCFailedAllocation", Time since last: 322639831 ns, Reaching safepoint: 94201 ns, At safepoint: 47947478 ns, Total: 48041679 ns
[12.438s][info ][gc,start       ] GC(25) Pause Young (Allocation Failure)
[12.478s][debug][gc,phases      ] GC(25) Scavenge 40.398ms
[12.478s][debug][gc,ref         ] GC(25) Skipped phase 1 of Reference Processing: no references
[12.479s][debug][gc,ref         ] GC(25) Skipped phase 3 of Reference Processing: no references
[12.479s][debug][gc,phases      ] GC(25) Reference Processing 0.053ms
[12.479s][debug][gc,phases      ] GC(25) Weak Processing 0.538ms
[12.479s][debug][gc,age         ] GC(25) Desired survivor size 258998272 bytes, new threshold 15 (max threshold 15)
[12.479s][info ][gc,heap        ] GC(25) PSYoungGen: 1649792K(1832448K)->83312K(1844224K) Eden: 1567744K(1567744K)->0K(1585152K) From: 82048K(264704K)->83312K(259072K)
[12.479s][info ][gc,heap        ] GC(25) ParOldGen: 164668K(232960K)->167596K(232960K)
[12.479s][info ][gc,metaspace   ] GC(25) Metaspace: 61219K(61824K)->61219K(61824K) NonClass: 52388K(52736K)->52388K(52736K) Class: 8830K(9088K)->8830K(9088K)
[12.479s][info ][gc             ] GC(25) Pause Young (Allocation Failure) 1771M->245M(2028M) 41.124ms
[12.479s][info ][gc,cpu         ] GC(25) User=0.16s Sys=0.00s Real=0.04s
[12.479s][info ][safepoint      ] Safepoint "ParallelGCFailedAllocation", Time since last: 269880075 ns, Reaching safepoint: 218403 ns, At safepoint: 41231569 ns, Total: 41449972 ns
[12.856s][info ][gc,start       ] GC(26) Pause Young (Allocation Failure)
[12.903s][debug][gc,phases      ] GC(26) Scavenge 46.041ms
[12.903s][debug][gc,ref         ] GC(26) Skipped phase 1 of Reference Processing: no references
[12.903s][debug][gc,ref         ] GC(26) Skipped phase 3 of Reference Processing: no references
[12.903s][debug][gc,phases      ] GC(26) Reference Processing 0.077ms
[12.903s][debug][gc,phases      ] GC(26) Weak Processing 0.574ms
[12.903s][debug][gc,age         ] GC(26) Desired survivor size 250085376 bytes, new threshold 15 (max threshold 15)
[12.903s][info ][gc,heap        ] GC(26) PSYoungGen: 1668464K(1844224K)->97520K(1838080K) Eden: 1585152K(1585152K)->0K(1585152K) From: 83312K(259072K)->97520K(252928K)
[12.903s][info ][gc,heap        ] GC(26) ParOldGen: 167596K(232960K)->169428K(232960K)
[12.903s][info ][gc,metaspace   ] GC(26) Metaspace: 61432K(62016K)->61432K(62016K) NonClass: 52600K(52928K)->52600K(52928K) Class: 8831K(9088K)->8831K(9088K)
[12.903s][info ][gc             ] GC(26) Pause Young (Allocation Failure) 1793M->260M(2022M) 46.827ms
[12.903s][info ][gc,cpu         ] GC(26) User=0.18s Sys=0.00s Real=0.05s
[12.903s][info ][safepoint      ] Safepoint "ParallelGCFailedAllocation", Time since last: 377050012 ns, Reaching safepoint: 211604 ns, At safepoint: 46939061 ns, Total: 47150665 ns
[13.210s][info ][gc,start       ] GC(27) Pause Young (Allocation Failure)
[13.258s][debug][gc,phases      ] GC(27) Scavenge 47.778ms
[13.258s][debug][gc,ref         ] GC(27) Skipped phase 1 of Reference Processing: no references
[13.258s][debug][gc,ref         ] GC(27) Skipped phase 3 of Reference Processing: no references
[13.258s][debug][gc,phases      ] GC(27) Reference Processing 0.066ms
[13.258s][debug][gc,phases      ] GC(27) Weak Processing 0.568ms
[13.258s][debug][gc,age         ] GC(27) Desired survivor size 239599616 bytes, new threshold 15 (max threshold 15)
[13.258s][info ][gc,heap        ] GC(27) PSYoungGen: 1682672K(1838080K)->105216K(1863168K) Eden: 1585152K(1585152K)->0K(1618944K) From: 97520K(252928K)->105216K(244224K)
[13.258s][info ][gc,heap        ] GC(27) ParOldGen: 169428K(232960K)->172776K(232960K)
[13.258s][info ][gc,metaspace   ] GC(27) Metaspace: 61528K(62080K)->61528K(62080K) NonClass: 52697K(52992K)->52697K(52992K) Class: 8831K(9088K)->8831K(9088K)
[13.259s][info ][gc             ] GC(27) Pause Young (Allocation Failure) 1808M->271M(2047M) 48.551ms
[13.259s][info ][gc,cpu         ] GC(27) User=0.18s Sys=0.01s Real=0.05s
[13.259s][info ][safepoint      ] Safepoint "ParallelGCFailedAllocation", Time since last: 306384567 ns, Reaching safepoint: 158103 ns, At safepoint: 48664889 ns, Total: 48822992 ns
[13.593s][info ][gc,start       ] GC(28) Pause Young (Allocation Failure)
[13.637s][debug][gc,phases      ] GC(28) Scavenge 43.941ms
[13.637s][debug][gc,ref         ] GC(28) Skipped phase 1 of Reference Processing: no references
[13.637s][debug][gc,ref         ] GC(28) Skipped phase 3 of Reference Processing: no references
[13.637s][debug][gc,phases      ] GC(28) Reference Processing 0.055ms
[13.638s][debug][gc,phases      ] GC(28) Weak Processing 0.534ms
[13.638s][debug][gc,age         ] GC(28) Desired survivor size 228589568 bytes, new threshold 15 (max threshold 15)
[13.638s][info ][gc,heap        ] GC(28) PSYoungGen: 1724160K(1863168K)->112752K(1852928K) Eden: 1618944K(1618944K)->0K(1618944K) From: 105216K(244224K)->112752K(233984K)
[13.638s][info ][gc,heap        ] GC(28) ParOldGen: 172776K(232960K)->173064K(232960K)
[13.638s][info ][gc,metaspace   ] GC(28) Metaspace: 61746K(62272K)->61746K(62272K) NonClass: 52885K(53184K)->52885K(53184K) Class: 8861K(9088K)->8861K(9088K)
[13.638s][info ][gc             ] GC(28) Pause Young (Allocation Failure) 1852M->279M(2037M) 44.666ms
[13.638s][info ][gc,cpu         ] GC(28) User=0.18s Sys=0.00s Real=0.05s
[13.638s][info ][safepoint      ] Safepoint "ParallelGCFailedAllocation", Time since last: 334122217 ns, Reaching safepoint: 210804 ns, At safepoint: 44801326 ns, Total: 45012130 ns
[13.939s][info ][gc,start       ] GC(29) Pause Young (Allocation Failure)
[13.983s][debug][gc,phases      ] GC(29) Scavenge 44.099ms
[13.983s][debug][gc,ref         ] GC(29) Skipped phase 1 of Reference Processing: no references
[13.983s][debug][gc,ref         ] GC(29) Skipped phase 3 of Reference Processing: no references
[13.983s][debug][gc,phases      ] GC(29) Reference Processing 0.051ms
[13.984s][debug][gc,phases      ] GC(29) Weak Processing 0.516ms
[13.984s][debug][gc,age         ] GC(29) Desired survivor size 218628096 bytes, new threshold 15 (max threshold 15)
[13.984s][info ][gc,heap        ] GC(29) PSYoungGen: 1731696K(1852928K)->119968K(1883648K) Eden: 1618944K(1618944K)->0K(1660416K) From: 112752K(233984K)->119968K(223232K)
[13.984s][info ][gc,heap        ] GC(29) ParOldGen: 173064K(232960K)->174432K(232960K)
[13.984s][info ][gc,metaspace   ] GC(29) Metaspace: 61776K(62272K)->61776K(62272K) NonClass: 52915K(53184K)->52915K(53184K) Class: 8861K(9088K)->8861K(9088K)
[13.984s][info ][gc             ] GC(29) Pause Young (Allocation Failure) 1860M->287M(2067M) 44.806ms
[13.984s][info ][gc,cpu         ] GC(29) User=0.17s Sys=0.00s Real=0.05s
[13.984s][info ][safepoint      ] Safepoint "ParallelGCFailedAllocation", Time since last: 300895179 ns, Reaching safepoint: 173903 ns, At safepoint: 44922928 ns, Total: 45096831 ns
[14.257s][info ][gc,start       ] GC(30) Pause Young (Allocation Failure)
[14.301s][debug][gc,phases      ] GC(30) Scavenge 43.334ms
[14.301s][debug][gc,ref         ] GC(30) Skipped phase 1 of Reference Processing: no references
[14.301s][debug][gc,ref         ] GC(30) Skipped phase 3 of Reference Processing: no references
[14.301s][debug][gc,phases      ] GC(30) Reference Processing 0.050ms
[14.301s][debug][gc,phases      ] GC(30) Weak Processing 0.512ms
[14.301s][debug][gc,age         ] GC(30) Desired survivor size 211812352 bytes, new threshold 15 (max threshold 15)
[14.301s][info ][gc,heap        ] GC(30) PSYoungGen: 1780384K(1883648K)->124496K(1873920K) Eden: 1660416K(1660416K)->0K(1660416K) From: 119968K(223232K)->124496K(213504K)
[14.301s][info ][gc,heap        ] GC(30) ParOldGen: 174432K(232960K)->174920K(232960K)
[14.301s][info ][gc,metaspace   ] GC(30) Metaspace: 61799K(62272K)->61799K(62272K) NonClass: 52937K(53184K)->52937K(53184K) Class: 8861K(9088K)->8861K(9088K)
[14.301s][info ][gc             ] GC(30) Pause Young (Allocation Failure) 1909M->292M(2057M) 44.035ms
[14.302s][info ][gc,cpu         ] GC(30) User=0.16s Sys=0.02s Real=0.04s
[14.302s][info ][safepoint      ] Safepoint "ParallelGCFailedAllocation", Time since last: 273510935 ns, Reaching safepoint: 183503 ns, At safepoint: 44162717 ns, Total: 44346220 ns
[14.551s][info ][safepoint      ] Safepoint "ICBufferFull", Time since last: 249079139 ns, Reaching safepoint: 259204 ns, At safepoint: 26200 ns, Total: 285404 ns
[14.553s][info ][safepoint      ] Safepoint "ICBufferFull", Time since last: 2187036 ns, Reaching safepoint: 91201 ns, At safepoint: 20401 ns, Total: 111602 ns
[14.557s][info ][safepoint      ] Safepoint "ICBufferFull", Time since last: 3696959 ns, Reaching safepoint: 92402 ns, At safepoint: 19600 ns, Total: 112002 ns
[14.562s][info ][safepoint      ] Safepoint "ICBufferFull", Time since last: 4740477 ns, Reaching safepoint: 93902 ns, At safepoint: 25300 ns, Total: 119202 ns
[14.563s][info ][safepoint      ] Safepoint "ICBufferFull", Time since last: 726512 ns, Reaching safepoint: 86901 ns, At safepoint: 20701 ns, Total: 107602 ns
[14.563s][info ][safepoint      ] Safepoint "ICBufferFull", Time since last: 646810 ns, Reaching safepoint: 87102 ns, At safepoint: 21500 ns, Total: 108602 ns
[14.564s][info ][safepoint      ] Safepoint "ICBufferFull", Time since last: 767612 ns, Reaching safepoint: 85702 ns, At safepoint: 16500 ns, Total: 102202 ns
[14.638s][info ][gc,start       ] GC(31) Pause Young (Allocation Failure)
[14.680s][debug][gc,phases      ] GC(31) Scavenge 41.461ms
[14.680s][debug][gc,ref         ] GC(31) Skipped phase 1 of Reference Processing: no references
[14.680s][debug][gc,ref         ] GC(31) Skipped phase 3 of Reference Processing: no references
[14.680s][debug][gc,phases      ] GC(31) Reference Processing 0.063ms
[14.680s][debug][gc,phases      ] GC(31) Weak Processing 0.549ms
[14.680s][debug][gc,age         ] GC(31) Desired survivor size 207618048 bytes, new threshold 15 (max threshold 15)
[14.680s][info ][gc,heap        ] GC(31) PSYoungGen: 1784912K(1873920K)->131184K(1894400K) Eden: 1660416K(1660416K)->0K(1687552K) From: 124496K(213504K)->131184K(206848K)
[14.680s][info ][gc,heap        ] GC(31) ParOldGen: 174920K(232960K)->176016K(232960K)
[14.680s][info ][gc,metaspace   ] GC(31) Metaspace: 61925K(62464K)->61925K(62464K) NonClass: 53044K(53312K)->53044K(53312K) Class: 8880K(9152K)->8880K(9152K)
[14.680s][info ][gc             ] GC(31) Pause Young (Allocation Failure) 1913M->300M(2077M) 42.219ms
[14.680s][info ][gc,cpu         ] GC(31) User=0.16s Sys=0.00s Real=0.04s
[14.680s][info ][safepoint      ] Safepoint "ParallelGCFailedAllocation", Time since last: 72859081 ns, Reaching safepoint: 747613 ns, At safepoint: 42335986 ns, Total: 43083599 ns
[14.975s][info ][gc,start       ] GC(32) Pause Young (Allocation Failure)
[15.013s][debug][gc,phases      ] GC(32) Scavenge 37.487ms
[15.013s][debug][gc,ref         ] GC(32) Skipped phase 1 of Reference Processing: no references
[15.013s][debug][gc,ref         ] GC(32) Skipped phase 3 of Reference Processing: no references
[15.013s][debug][gc,phases      ] GC(32) Reference Processing 0.065ms
[15.013s][debug][gc,phases      ] GC(32) Weak Processing 0.529ms
[15.013s][debug][gc,age         ] GC(32) Desired survivor size 204472320 bytes, new threshold 15 (max threshold 15)
[15.013s][info ][gc,heap        ] GC(32) PSYoungGen: 1818736K(1894400K)->134496K(1890304K) Eden: 1687552K(1687552K)->0K(1687552K) From: 131184K(206848K)->134496K(202752K)
[15.013s][info ][gc,heap        ] GC(32) ParOldGen: 176016K(232960K)->178920K(232960K)
[15.013s][info ][gc,metaspace   ] GC(32) Metaspace: 61954K(62528K)->61954K(62528K) NonClass: 53073K(53376K)->53073K(53376K) Class: 8880K(9152K)->8880K(9152K)
[15.013s][info ][gc             ] GC(32) Pause Young (Allocation Failure) 1948M->306M(2073M) 38.222ms
[15.013s][info ][gc,cpu         ] GC(32) User=0.13s Sys=0.02s Real=0.03s
[15.013s][info ][safepoint      ] Safepoint "ParallelGCFailedAllocation", Time since last: 294514576 ns, Reaching safepoint: 150503 ns, At safepoint: 38337621 ns, Total: 38488124 ns
[15.330s][info ][gc,start       ] GC(33) Pause Young (Allocation Failure)
[15.375s][debug][gc,phases      ] GC(33) Scavenge 45.259ms
[15.375s][debug][gc,ref         ] GC(33) Skipped phase 1 of Reference Processing: no references
[15.375s][debug][gc,ref         ] GC(33) Skipped phase 3 of Reference Processing: no references
[15.375s][debug][gc,phases      ] GC(33) Reference Processing 0.068ms
[15.376s][debug][gc,phases      ] GC(33) Weak Processing 0.562ms
[15.376s][debug][gc,age         ] GC(33) Desired survivor size 206569472 bytes, new threshold 15 (max threshold 15)
[15.376s][info ][gc,heap        ] GC(33) PSYoungGen: 1822048K(1890304K)->147153K(1893376K) Eden: 1687552K(1687552K)->0K(1693696K) From: 134496K(202752K)->147153K(199680K)
[15.376s][info ][gc,heap        ] GC(33) ParOldGen: 178920K(232960K)->180656K(232960K)
[15.376s][info ][gc,metaspace   ] GC(33) Metaspace: 61966K(62528K)->61966K(62528K) NonClass: 53086K(53376K)->53086K(53376K) Class: 8880K(9152K)->8880K(9152K)
[15.376s][info ][gc             ] GC(33) Pause Young (Allocation Failure) 1954M->320M(2076M) 46.042ms
[15.376s][info ][gc,cpu         ] GC(33) User=0.20s Sys=0.00s Real=0.05s
[15.376s][info ][safepoint      ] Safepoint "ParallelGCFailedAllocation", Time since last: 315589919 ns, Reaching safepoint: 975815 ns, At safepoint: 46162749 ns, Total: 47138564 ns
[15.554s][info ][safepoint      ] Safepoint "ICBufferFull", Time since last: 177720582 ns, Reaching safepoint: 140103 ns, At safepoint: 29200 ns, Total: 169303 ns
[15.574s][info ][safepoint      ] Safepoint "ICBufferFull", Time since last: 16516768 ns, Reaching safepoint: 3175652 ns, At safepoint: 30100 ns, Total: 3205752 ns
[15.586s][info ][safepoint      ] Safepoint "ICBufferFull", Time since last: 12101896 ns, Reaching safepoint: 207404 ns, At safepoint: 28200 ns, Total: 235604 ns
[15.587s][info ][safepoint      ] Safepoint "ICBufferFull", Time since last: 687311 ns, Reaching safepoint: 90702 ns, At safepoint: 21700 ns, Total: 112402 ns
[15.588s][info ][safepoint      ] Safepoint "ICBufferFull", Time since last: 693011 ns, Reaching safepoint: 87702 ns, At safepoint: 18900 ns, Total: 106602 ns
[15.588s][info ][safepoint      ] Safepoint "ICBufferFull", Time since last: 785013 ns, Reaching safepoint: 89001 ns, At safepoint: 19501 ns, Total: 108502 ns
[15.589s][info ][safepoint      ] Safepoint "ICBufferFull", Time since last: 877314 ns, Reaching safepoint: 90501 ns, At safepoint: 18601 ns, Total: 109102 ns
[15.592s][info ][safepoint      ] Safepoint "ICBufferFull", Time since last: 2908947 ns, Reaching safepoint: 93801 ns, At safepoint: 22101 ns, Total: 115902 ns
[15.593s][info ][safepoint      ] Safepoint "ICBufferFull", Time since last: 786612 ns, Reaching safepoint: 88902 ns, At safepoint: 23000 ns, Total: 111902 ns
[15.600s][info ][safepoint      ] Safepoint "ICBufferFull", Time since last: 6364103 ns, Reaching safepoint: 104802 ns, At safepoint: 22600 ns, Total: 127402 ns
[15.601s][info ][safepoint      ] Safepoint "ICBufferFull", Time since last: 1375923 ns, Reaching safepoint: 100501 ns, At safepoint: 23501 ns, Total: 124002 ns
[15.604s][info ][safepoint      ] Safepoint "ICBufferFull", Time since last: 2040033 ns, Reaching safepoint: 159402 ns, At safepoint: 23201 ns, Total: 182603 ns
[15.607s][info ][safepoint      ] Safepoint "ICBufferFull", Time since last: 3429255 ns, Reaching safepoint: 103902 ns, At safepoint: 20200 ns, Total: 124102 ns
[15.611s][info ][safepoint      ] Safepoint "ICBufferFull", Time since last: 3538858 ns, Reaching safepoint: 104602 ns, At safepoint: 25900 ns, Total: 130502 ns
[15.615s][info ][safepoint      ] Safepoint "ICBufferFull", Time since last: 4185668 ns, Reaching safepoint: 93001 ns, At safepoint: 23301 ns, Total: 116302 ns
[15.616s][info ][safepoint      ] Safepoint "ICBufferFull", Time since last: 794513 ns, Reaching safepoint: 102601 ns, At safepoint: 19801 ns, Total: 122402 ns
[15.618s][info ][safepoint      ] Safepoint "ICBufferFull", Time since last: 2290137 ns, Reaching safepoint: 62501 ns, At safepoint: 25700 ns, Total: 88201 ns
[15.622s][info ][safepoint      ] Safepoint "ICBufferFull", Time since last: 3667460 ns, Reaching safepoint: 51001 ns, At safepoint: 24300 ns, Total: 75301 ns
[15.624s][info ][safepoint      ] Safepoint "ICBufferFull", Time since last: 1754828 ns, Reaching safepoint: 97002 ns, At safepoint: 24300 ns, Total: 121302 ns
[15.640s][info ][safepoint      ] Safepoint "ICBufferFull", Time since last: 16141062 ns, Reaching safepoint: 106002 ns, At safepoint: 24900 ns, Total: 130902 ns
[15.644s][info ][safepoint      ] Safepoint "ICBufferFull", Time since last: 3721461 ns, Reaching safepoint: 98401 ns, At safepoint: 25901 ns, Total: 124302 ns
[15.660s][info ][safepoint      ] Safepoint "ICBufferFull", Time since last: 15646753 ns, Reaching safepoint: 118302 ns, At safepoint: 29901 ns, Total: 148203 ns
[15.675s][info ][safepoint      ] Safepoint "ICBufferFull", Time since last: 14458334 ns, Reaching safepoint: 115702 ns, At safepoint: 24801 ns, Total: 140503 ns
[15.679s][info ][safepoint      ] Safepoint "ICBufferFull", Time since last: 734711 ns, Reaching safepoint: 3204552 ns, At safepoint: 26401 ns, Total: 3230953 ns
[15.679s][info ][safepoint      ] Safepoint "ICBufferFull", Time since last: 702311 ns, Reaching safepoint: 92102 ns, At safepoint: 19500 ns, Total: 111602 ns
[15.681s][info ][safepoint      ] Safepoint "ICBufferFull", Time since last: 1958932 ns, Reaching safepoint: 111702 ns, At safepoint: 23000 ns, Total: 134702 ns
[15.684s][info ][safepoint      ] Safepoint "ICBufferFull", Time since last: 2369838 ns, Reaching safepoint: 107602 ns, At safepoint: 24001 ns, Total: 131603 ns
[15.685s][info ][safepoint      ] Safepoint "ICBufferFull", Time since last: 716111 ns, Reaching safepoint: 99002 ns, At safepoint: 20300 ns, Total: 119302 ns
[15.686s][info ][safepoint      ] Safepoint "ICBufferFull", Time since last: 775813 ns, Reaching safepoint: 97801 ns, At safepoint: 21201 ns, Total: 119002 ns
[15.686s][info ][safepoint      ] Safepoint "ICBufferFull", Time since last: 659310 ns, Reaching safepoint: 96302 ns, At safepoint: 20100 ns, Total: 116402 ns
[15.691s][info ][safepoint      ] Safepoint "ICBufferFull", Time since last: 4312570 ns, Reaching safepoint: 124902 ns, At safepoint: 26101 ns, Total: 151003 ns
[15.703s][info ][safepoint      ] Safepoint "ICBufferFull", Time since last: 11483386 ns, Reaching safepoint: 109402 ns, At safepoint: 21900 ns, Total: 131302 ns
[15.703s][info ][safepoint      ] Safepoint "ICBufferFull", Time since last: 683911 ns, Reaching safepoint: 47501 ns, At safepoint: 26700 ns, Total: 74201 ns
[15.706s][info ][safepoint      ] Safepoint "ICBufferFull", Time since last: 2433640 ns, Reaching safepoint: 110702 ns, At safepoint: 24700 ns, Total: 135402 ns
[15.709s][info ][safepoint      ] Safepoint "ICBufferFull", Time since last: 3328154 ns, Reaching safepoint: 107102 ns, At safepoint: 22500 ns, Total: 129602 ns
[15.710s][info ][safepoint      ] Safepoint "ICBufferFull", Time since last: 836214 ns, Reaching safepoint: 91701 ns, At safepoint: 25000 ns, Total: 116701 ns
[15.711s][info ][safepoint      ] Safepoint "ICBufferFull", Time since last: 727912 ns, Reaching safepoint: 87602 ns, At safepoint: 25500 ns, Total: 113102 ns
[15.712s][info ][safepoint      ] Safepoint "ICBufferFull", Time since last: 797813 ns, Reaching safepoint: 422907 ns, At safepoint: 24100 ns, Total: 447007 ns
[15.714s][info ][safepoint      ] Safepoint "ICBufferFull", Time since last: 1331922 ns, Reaching safepoint: 88801 ns, At safepoint: 21901 ns, Total: 110702 ns
[15.716s][info ][gc,start       ] GC(34) Pause Young (Allocation Failure)
[15.753s][debug][gc,phases      ] GC(34) Scavenge 37.316ms
[15.753s][debug][gc,ref         ] GC(34) Skipped phase 1 of Reference Processing: no references
[15.753s][debug][gc,ref         ] GC(34) Skipped phase 3 of Reference Processing: no references
[15.753s][debug][gc,phases      ] GC(34) Reference Processing 0.055ms
[15.754s][debug][gc,phases      ] GC(34) Weak Processing 0.547ms
[15.754s][debug][gc,age         ] GC(34) Desired survivor size 210239488 bytes, new threshold 15 (max threshold 15)
[15.754s][info ][gc,heap        ] GC(34) PSYoungGen: 1840849K(1893376K)->153873K(1847808K) Eden: 1693696K(1693696K)->0K(1693696K) From: 147153K(199680K)->153873K(154112K)
[15.754s][info ][gc,heap        ] GC(34) ParOldGen: 180656K(232960K)->182264K(232960K)
[15.754s][info ][gc,metaspace   ] GC(34) Metaspace: 62004K(62592K)->62004K(62592K) NonClass: 53119K(53440K)->53119K(53440K) Class: 8884K(9152K)->8884K(9152K)
[15.754s][info ][gc             ] GC(34) Pause Young (Allocation Failure) 1974M->328M(2032M) 38.048ms
[15.754s][info ][gc,cpu         ] GC(34) User=0.15s Sys=0.00s Real=0.04s
[15.754s][info ][safepoint      ] Safepoint "ParallelGCFailedAllocation", Time since last: 1943331 ns, Reaching safepoint: 107102 ns, At safepoint: 38142119 ns, Total: 38249221 ns
[15.755s][info ][safepoint      ] Safepoint "ICBufferFull", Time since last: 726211 ns, Reaching safepoint: 75402 ns, At safepoint: 27500 ns, Total: 102902 ns
[15.761s][info ][safepoint      ] Safepoint "ICBufferFull", Time since last: 5894396 ns, Reaching safepoint: 98901 ns, At safepoint: 28401 ns, Total: 127302 ns
[15.763s][info ][safepoint      ] Safepoint "ICBufferFull", Time since last: 2205835 ns, Reaching safepoint: 97202 ns, At safepoint: 29100 ns, Total: 126302 ns
[15.774s][info ][safepoint      ] Safepoint "ICBufferFull", Time since last: 11227483 ns, Reaching safepoint: 45800 ns, At safepoint: 24701 ns, Total: 70501 ns
[15.775s][info ][safepoint      ] Safepoint "ICBufferFull", Time since last: 659910 ns, Reaching safepoint: 95502 ns, At safepoint: 22500 ns, Total: 118002 ns
[15.776s][info ][safepoint      ] Safepoint "ICBufferFull", Time since last: 654911 ns, Reaching safepoint: 105202 ns, At safepoint: 20700 ns, Total: 125902 ns
[15.778s][info ][safepoint      ] Safepoint "ICBufferFull", Time since last: 1864930 ns, Reaching safepoint: 98102 ns, At safepoint: 19100 ns, Total: 117202 ns
[15.780s][info ][safepoint      ] Safepoint "ICBufferFull", Time since last: 1667727 ns, Reaching safepoint: 103302 ns, At safepoint: 18600 ns, Total: 121902 ns
[15.781s][info ][safepoint      ] Safepoint "ICBufferFull", Time since last: 626910 ns, Reaching safepoint: 105202 ns, At safepoint: 23200 ns, Total: 128402 ns
[15.782s][info ][safepoint      ] Safepoint "ICBufferFull", Time since last: 642811 ns, Reaching safepoint: 390306 ns, At safepoint: 22301 ns, Total: 412607 ns
[15.782s][info ][safepoint      ] Safepoint "ICBufferFull", Time since last: 668210 ns, Reaching safepoint: 97502 ns, At safepoint: 19300 ns, Total: 116802 ns
[15.788s][info ][safepoint      ] Safepoint "ICBufferFull", Time since last: 5604791 ns, Reaching safepoint: 106402 ns, At safepoint: 20800 ns, Total: 127202 ns
[15.789s][info ][safepoint      ] Safepoint "ICBufferFull", Time since last: 685711 ns, Reaching safepoint: 99902 ns, At safepoint: 18900 ns, Total: 118802 ns
[15.790s][info ][safepoint      ] Safepoint "ICBufferFull", Time since last: 748112 ns, Reaching safepoint: 89402 ns, At safepoint: 23100 ns, Total: 112502 ns
[15.807s][info ][safepoint      ] Safepoint "ICBufferFull", Time since last: 16640070 ns, Reaching safepoint: 105702 ns, At safepoint: 23000 ns, Total: 128702 ns
[15.808s][info ][safepoint      ] Safepoint "ICBufferFull", Time since last: 856514 ns, Reaching safepoint: 73601 ns, At safepoint: 28401 ns, Total: 102002 ns
[15.808s][info ][safepoint      ] Safepoint "ICBufferFull", Time since last: 648010 ns, Reaching safepoint: 90702 ns, At safepoint: 23000 ns, Total: 113702 ns
[15.809s][info ][safepoint      ] Safepoint "ICBufferFull", Time since last: 851814 ns, Reaching safepoint: 100602 ns, At safepoint: 27700 ns, Total: 128302 ns
[15.810s][info ][safepoint      ] Safepoint "ICBufferFull", Time since last: 689811 ns, Reaching safepoint: 90802 ns, At safepoint: 24100 ns, Total: 114902 ns
[15.813s][info ][safepoint      ] Safepoint "ICBufferFull", Time since last: 2374939 ns, Reaching safepoint: 93101 ns, At safepoint: 22200 ns, Total: 115301 ns
[15.813s][info ][safepoint      ] Safepoint "ICBufferFull", Time since last: 665511 ns, Reaching safepoint: 94502 ns, At safepoint: 25100 ns, Total: 119602 ns
[15.815s][info ][safepoint      ] Safepoint "ICBufferFull", Time since last: 1214720 ns, Reaching safepoint: 88301 ns, At safepoint: 24501 ns, Total: 112802 ns
[15.816s][info ][safepoint      ] Safepoint "ICBufferFull", Time since last: 819513 ns, Reaching safepoint: 94602 ns, At safepoint: 20100 ns, Total: 114702 ns
[15.817s][info ][safepoint      ] Safepoint "ICBufferFull", Time since last: 876314 ns, Reaching safepoint: 90102 ns, At safepoint: 18600 ns, Total: 108702 ns
[15.819s][info ][safepoint      ] Safepoint "ICBufferFull", Time since last: 2307937 ns, Reaching safepoint: 103302 ns, At safepoint: 19700 ns, Total: 123002 ns
[15.820s][info ][safepoint      ] Safepoint "ICBufferFull", Time since last: 847314 ns, Reaching safepoint: 94202 ns, At safepoint: 20400 ns, Total: 114602 ns
[15.821s][info ][safepoint      ] Safepoint "ICBufferFull", Time since last: 852914 ns, Reaching safepoint: 50501 ns, At safepoint: 28200 ns, Total: 78701 ns
[15.824s][info ][safepoint      ] Safepoint "ICBufferFull", Time since last: 2735444 ns, Reaching safepoint: 99002 ns, At safepoint: 22100 ns, Total: 121102 ns
[15.826s][info ][safepoint      ] Safepoint "ICBufferFull", Time since last: 1614026 ns, Reaching safepoint: 425907 ns, At safepoint: 19401 ns, Total: 445308 ns
[15.828s][info ][safepoint      ] Safepoint "ICBufferFull", Time since last: 1308321 ns, Reaching safepoint: 614610 ns, At safepoint: 20700 ns, Total: 635310 ns
[15.829s][info ][safepoint      ] Safepoint "ICBufferFull", Time since last: 1493324 ns, Reaching safepoint: 96302 ns, At safepoint: 21900 ns, Total: 118202 ns
[15.839s][info ][safepoint      ] Safepoint "ICBufferFull", Time since last: 9330552 ns, Reaching safepoint: 124202 ns, At safepoint: 44900 ns, Total: 169102 ns
[15.840s][info ][safepoint      ] Safepoint "ICBufferFull", Time since last: 1448924 ns, Reaching safepoint: 87701 ns, At safepoint: 23401 ns, Total: 111102 ns
[15.842s][info ][safepoint      ] Safepoint "ICBufferFull", Time since last: 1508824 ns, Reaching safepoint: 91402 ns, At safepoint: 23700 ns, Total: 115102 ns
[15.843s][info ][safepoint      ] Safepoint "ICBufferFull", Time since last: 646611 ns, Reaching safepoint: 88901 ns, At safepoint: 17000 ns, Total: 105901 ns
[15.844s][info ][safepoint      ] Safepoint "ICBufferFull", Time since last: 660311 ns, Reaching safepoint: 57001 ns, At safepoint: 22600 ns, Total: 79601 ns
[15.844s][info ][safepoint      ] Safepoint "ICBufferFull", Time since last: 816113 ns, Reaching safepoint: 97102 ns, At safepoint: 17500 ns, Total: 114602 ns
[15.845s][info ][safepoint      ] Safepoint "ICBufferFull", Time since last: 717212 ns, Reaching safepoint: 99502 ns, At safepoint: 24100 ns, Total: 123602 ns
[15.846s][info ][safepoint      ] Safepoint "ICBufferFull", Time since last: 670311 ns, Reaching safepoint: 89601 ns, At safepoint: 20101 ns, Total: 109702 ns
[15.847s][info ][safepoint      ] Safepoint "ICBufferFull", Time since last: 638210 ns, Reaching safepoint: 89401 ns, At safepoint: 18801 ns, Total: 108202 ns
[16.135s][info ][gc,start       ] GC(35) Pause Young (Allocation Failure)
[16.171s][debug][gc,phases      ] GC(35) Scavenge 36.759ms
[16.171s][debug][gc,ref         ] GC(35) Skipped phase 1 of Reference Processing: no references
[16.171s][debug][gc,ref         ] GC(35) Skipped phase 3 of Reference Processing: no references
[16.171s][debug][gc,phases      ] GC(35) Reference Processing 0.040ms
[16.172s][debug][gc,phases      ] GC(35) Weak Processing 0.543ms
[16.172s][debug][gc,age         ] GC(35) Desired survivor size 216006656 bytes, new threshold 15 (max threshold 15)
[16.172s][info ][gc,heap        ] GC(35) PSYoungGen: 1847569K(1847808K)->163632K(1880576K) Eden: 1693696K(1693696K)->0K(1675264K) From: 153873K(154112K)->163632K(205312K)
[16.172s][info ][gc,heap        ] GC(35) ParOldGen: 182264K(232960K)->182912K(232960K)
[16.172s][info ][gc,metaspace   ] GC(35) Metaspace: 62027K(62592K)->62027K(62592K) NonClass: 53142K(53440K)->53142K(53440K) Class: 8884K(9152K)->8884K(9152K)
[16.172s][info ][gc             ] GC(35) Pause Young (Allocation Failure) 1982M->338M(2064M) 37.483ms
[16.172s][info ][gc,cpu         ] GC(35) User=0.14s Sys=0.00s Real=0.03s
[16.172s][info ][safepoint      ] Safepoint "ParallelGCFailedAllocation", Time since last: 287595865 ns, Reaching safepoint: 123802 ns, At safepoint: 37566809 ns, Total: 37690611 ns
[16.291s][info ][safepoint      ] Safepoint "ICBufferFull", Time since last: 119092532 ns, Reaching safepoint: 228703 ns, At safepoint: 28001 ns, Total: 256704 ns
[16.443s][info ][safepoint      ] Safepoint "ParallelGCFailedAllocation", Time since last: 151075150 ns, Reaching safepoint: 131802 ns, At safepoint: 31401 ns, Total: 163203 ns
[16.445s][info ][gc,start       ] GC(36) Pause Young (GCLocker Initiated GC)
[16.482s][debug][gc,phases      ] GC(36) Scavenge 36.741ms
[16.482s][debug][gc,ref         ] GC(36) Skipped phase 1 of Reference Processing: no references
[16.482s][debug][gc,ref         ] GC(36) Skipped phase 3 of Reference Processing: no references
[16.482s][debug][gc,phases      ] GC(36) Reference Processing 0.088ms
[16.482s][debug][gc,phases      ] GC(36) Weak Processing 0.568ms
[16.482s][debug][gc,age         ] GC(36) Desired survivor size 223346688 bytes, new threshold 15 (max threshold 15)
[16.482s][info ][gc,heap        ] GC(36) PSYoungGen: 1838896K(1880576K)->171024K(1846784K) Eden: 1675264K(1675264K)->0K(1675264K) From: 163632K(205312K)->171024K(171520K)
[16.482s][info ][gc,heap        ] GC(36) ParOldGen: 182913K(232960K)->183129K(232960K)
[16.482s][info ][gc,metaspace   ] GC(36) Metaspace: 62029K(62592K)->62029K(62592K) NonClass: 53144K(53440K)->53144K(53440K) Class: 8884K(9152K)->8884K(9152K)
[16.482s][info ][gc             ] GC(36) Pause Young (GCLocker Initiated GC) 1974M->345M(2031M) 37.533ms
[16.482s][info ][gc,cpu         ] GC(36) User=0.15s Sys=0.00s Real=0.04s
[16.482s][info ][safepoint      ] Safepoint "ParallelGCSystemGC", Time since last: 2041433 ns, Reaching safepoint: 84801 ns, At safepoint: 37634011 ns, Total: 37718812 ns
[16.782s][info ][gc,start       ] GC(37) Pause Young (Allocation Failure)
[16.819s][debug][gc,phases      ] GC(37) Scavenge 36.872ms
[16.819s][debug][gc,ref         ] GC(37) Skipped phase 1 of Reference Processing: no references
[16.819s][debug][gc,ref         ] GC(37) Skipped phase 3 of Reference Processing: no references
[16.819s][debug][gc,phases      ] GC(37) Reference Processing 0.087ms
[16.820s][debug][gc,phases      ] GC(37) Weak Processing 0.571ms
[16.820s][debug][gc,age         ] GC(37) Desired survivor size 229638144 bytes, new threshold 15 (max threshold 15)
[16.820s][info ][gc,heap        ] GC(37) PSYoungGen: 1846288K(1846784K)->173872K(1866752K) Eden: 1675264K(1675264K)->0K(1648640K) From: 171024K(171520K)->173872K(218112K)
[16.820s][info ][gc,heap        ] GC(37) ParOldGen: 183129K(232960K)->184402K(232960K)
[16.820s][info ][gc,metaspace   ] GC(37) Metaspace: 62047K(62592K)->62047K(62592K) NonClass: 53162K(53440K)->53162K(53440K) Class: 8884K(9152K)->8884K(9152K)
[16.820s][info ][gc             ] GC(37) Pause Young (Allocation Failure) 1981M->349M(2050M) 37.692ms
[16.820s][info ][gc,cpu         ] GC(37) User=0.15s Sys=0.00s Real=0.03s
[16.820s][info ][safepoint      ] Safepoint "ParallelGCFailedAllocation", Time since last: 295358591 ns, Reaching safepoint: 4339470 ns, At safepoint: 37822614 ns, Total: 42162084 ns
[17.146s][info ][safepoint      ] Safepoint "ICBufferFull", Time since last: 325603382 ns, Reaching safepoint: 237903 ns, At safepoint: 26901 ns, Total: 264804 ns
[17.160s][info ][safepoint      ] Safepoint "ICBufferFull", Time since last: 13928226 ns, Reaching safepoint: 128102 ns, At safepoint: 32000 ns, Total: 160102 ns
[17.198s][info ][gc,start       ] GC(38) Pause Young (Allocation Failure)
[17.230s][debug][gc,phases      ] GC(38) Scavenge 31.937ms
[17.230s][debug][gc,ref         ] GC(38) Skipped phase 1 of Reference Processing: no references
[17.230s][debug][gc,ref         ] GC(38) Skipped phase 3 of Reference Processing: no references
[17.230s][debug][gc,phases      ] GC(38) Reference Processing 0.095ms
[17.231s][debug][gc,phases      ] GC(38) Weak Processing 0.570ms
[17.231s][debug][gc,age         ] GC(38) Desired survivor size 228065280 bytes, new threshold 15 (max threshold 15)
[17.231s][info ][gc,heap        ] GC(38) PSYoungGen: 1822512K(1866752K)->157264K(1872896K) Eden: 1648640K(1648640K)->0K(1648640K) From: 173872K(218112K)->157264K(224256K)
[17.231s][info ][gc,heap        ] GC(38) ParOldGen: 184402K(232960K)->187690K(232960K)
[17.231s][info ][gc,metaspace   ] GC(38) Metaspace: 62647K(63168K)->62647K(63168K) NonClass: 53681K(53952K)->53681K(53952K) Class: 8965K(9216K)->8965K(9216K)
[17.231s][info ][gc             ] GC(38) Pause Young (Allocation Failure) 1959M->336M(2056M) 32.778ms
[17.231s][info ][gc,cpu         ] GC(38) User=0.13s Sys=0.00s Real=0.03s
[17.231s][info ][safepoint      ] Safepoint "ParallelGCFailedAllocation", Time since last: 35845582 ns, Reaching safepoint: 2119934 ns, At safepoint: 32899434 ns, Total: 35019368 ns
[17.343s][info ][safepoint      ] Safepoint "ICBufferFull", Time since last: 112250221 ns, Reaching safepoint: 142902 ns, At safepoint: 35401 ns, Total: 178303 ns
[17.454s][info ][safepoint      ] Safepoint "ICBufferFull", Time since last: 109887883 ns, Reaching safepoint: 728611 ns, At safepoint: 30301 ns, Total: 758912 ns
[17.567s][info ][gc,start       ] GC(39) Pause Young (Allocation Failure)
[17.599s][debug][gc,phases      ] GC(39) Scavenge 31.073ms
[17.599s][debug][gc,ref         ] GC(39) Skipped phase 1 of Reference Processing: no references
[17.599s][debug][gc,ref         ] GC(39) Skipped phase 3 of Reference Processing: no references
[17.599s][debug][gc,phases      ] GC(39) Reference Processing 0.092ms
[17.599s][debug][gc,phases      ] GC(39) Weak Processing 0.574ms
[17.599s][debug][gc,age         ] GC(39) Desired survivor size 220725248 bytes, new threshold 15 (max threshold 15)
[17.599s][info ][gc,heap        ] GC(39) PSYoungGen: 1805904K(1872896K)->142464K(1881600K) Eden: 1648640K(1648640K)->0K(1658880K) From: 157264K(224256K)->142464K(222720K)
[17.599s][info ][gc,heap        ] GC(39) ParOldGen: 187690K(232960K)->188326K(232960K)
[17.599s][info ][gc,metaspace   ] GC(39) Metaspace: 63369K(64000K)->63369K(64000K) NonClass: 54301K(54656K)->54301K(54656K) Class: 9068K(9344K)->9068K(9344K)
[17.599s][info ][gc             ] GC(39) Pause Young (Allocation Failure) 1946M->323M(2065M) 31.892ms
[17.599s][info ][gc,cpu         ] GC(39) User=0.13s Sys=0.00s Real=0.03s
[17.599s][info ][safepoint      ] Safepoint "ParallelGCFailedAllocation", Time since last: 113396239 ns, Reaching safepoint: 168003 ns, At safepoint: 31996619 ns, Total: 32164622 ns
[17.893s][info ][gc,start       ] GC(40) Pause Young (Allocation Failure)
[17.917s][debug][gc,phases      ] GC(40) Scavenge 24.564ms
[17.917s][debug][gc,ref         ] GC(40) Skipped phase 1 of Reference Processing: no references
[17.917s][debug][gc,ref         ] GC(40) Skipped phase 3 of Reference Processing: no references
[17.917s][debug][gc,phases      ] GC(40) Reference Processing 0.069ms
[17.918s][debug][gc,phases      ] GC(40) Weak Processing 0.551ms
[17.918s][debug][gc,age         ] GC(40) Desired survivor size 213385216 bytes, new threshold 15 (max threshold 15)
[17.918s][info ][gc,heap        ] GC(40) PSYoungGen: 1801344K(1881600K)->138288K(1874432K) Eden: 1658880K(1658880K)->0K(1658880K) From: 142464K(222720K)->138288K(215552K)
[17.918s][info ][gc,heap        ] GC(40) ParOldGen: 188326K(232960K)->192843K(232960K)
[17.918s][info ][gc,metaspace   ] GC(40) Metaspace: 63573K(64128K)->63573K(64128K) NonClass: 54490K(54784K)->54490K(54784K) Class: 9082K(9344K)->9082K(9344K)
[17.918s][info ][gc             ] GC(40) Pause Young (Allocation Failure) 1943M->323M(2058M) 25.326ms
[17.918s][info ][gc,cpu         ] GC(40) User=0.09s Sys=0.01s Real=0.03s
[17.918s][info ][safepoint      ] Safepoint "ParallelGCFailedAllocation", Time since last: 292817651 ns, Reaching safepoint: 228103 ns, At safepoint: 25441813 ns, Total: 25669916 ns
[18.136s][info ][safepoint      ] Safepoint "ICBufferFull", Time since last: 218223141 ns, Reaching safepoint: 254104 ns, At safepoint: 28700 ns, Total: 282804 ns
[18.271s][info ][safepoint      ] Safepoint "ICBufferFull", Time since last: 134425181 ns, Reaching safepoint: 275105 ns, At safepoint: 35400 ns, Total: 310505 ns
[18.282s][info ][gc,start       ] GC(41) Pause Young (Allocation Failure)
[18.313s][debug][gc,phases      ] GC(41) Scavenge 31.325ms
[18.313s][debug][gc,ref         ] GC(41) Skipped phase 1 of Reference Processing: no references
[18.313s][debug][gc,ref         ] GC(41) Skipped phase 3 of Reference Processing: no references
[18.313s][debug][gc,phases      ] GC(41) Reference Processing 0.052ms
[18.314s][debug][gc,phases      ] GC(41) Weak Processing 0.535ms
[18.314s][debug][gc,age         ] GC(41) Desired survivor size 208142336 bytes, new threshold 15 (max threshold 15)
[18.314s][info ][gc,heap        ] GC(41) PSYoungGen: 1797168K(1874432K)->128800K(1893888K) Eden: 1658880K(1658880K)->0K(1685504K) From: 138288K(215552K)->128800K(208384K)
[18.314s][info ][gc,heap        ] GC(41) ParOldGen: 192843K(232960K)->203333K(232960K)
[18.314s][info ][gc,metaspace   ] GC(41) Metaspace: 64073K(64640K)->64073K(64640K) NonClass: 54968K(55296K)->54968K(55296K) Class: 9104K(9344K)->9104K(9344K)
[18.314s][info ][gc             ] GC(41) Pause Young (Allocation Failure) 1943M->324M(2077M) 32.073ms
[18.314s][info ][gc,cpu         ] GC(41) User=0.12s Sys=0.01s Real=0.03s
[18.314s][info ][safepoint      ] Safepoint "ParallelGCFailedAllocation", Time since last: 10113964 ns, Reaching safepoint: 594110 ns, At safepoint: 32193622 ns, Total: 32787732 ns
[18.575s][info ][safepoint      ] Safepoint "ICBufferFull", Time since last: 260407525 ns, Reaching safepoint: 247604 ns, At safepoint: 28701 ns, Total: 276305 ns
[18.642s][info ][gc,start       ] GC(42) Pause Young (Allocation Failure)
[18.668s][debug][gc,phases      ] GC(42) Scavenge 26.293ms
[18.668s][debug][gc,ref         ] GC(42) Skipped phase 1 of Reference Processing: no references
[18.668s][debug][gc,ref         ] GC(42) Skipped phase 3 of Reference Processing: no references
[18.668s][debug][gc,phases      ] GC(42) Reference Processing 0.054ms
[18.669s][debug][gc,phases      ] GC(42) Weak Processing 0.537ms
[18.669s][debug][gc,age         ] GC(42) Desired survivor size 204996608 bytes, new threshold 15 (max threshold 15)
[18.669s][info ][gc,heap        ] GC(42) PSYoungGen: 1814304K(1893888K)->120320K(1888768K) Eden: 1685504K(1685504K)->0K(1685504K) From: 128800K(208384K)->120320K(203264K)
[18.669s][info ][gc,heap        ] GC(42) ParOldGen: 203333K(232960K)->212539K(232960K)
[18.669s][info ][gc,metaspace   ] GC(42) Metaspace: 64131K(64640K)->64131K(64640K) NonClass: 55025K(55296K)->55025K(55296K) Class: 9105K(9344K)->9105K(9344K)
[18.669s][info ][gc             ] GC(42) Pause Young (Allocation Failure) 1970M->325M(2072M) 27.041ms
[18.669s][info ][gc,cpu         ] GC(42) User=0.12s Sys=0.01s Real=0.03s
[18.669s][debug][gc,phases      ] GC(43) Pre Compact 0.011ms
[18.669s][info ][gc,start       ] GC(43) Pause Full (Ergonomics)
[18.669s][info ][gc,phases,start] GC(43) Marking Phase
[18.765s][debug][gc,phases      ] GC(43) Par Mark 96.523ms
[18.765s][debug][gc,ref         ] GC(43) Skipped phase 1 of Reference Processing: no references
[18.765s][debug][gc,ref         ] GC(43) Skipped phase 3 of Reference Processing: no references
[18.766s][debug][gc,phases      ] GC(43) Reference Processing 0.223ms
[18.766s][debug][gc,phases      ] GC(43) Weak Processing 0.529ms
[18.766s][debug][gc,phases      ] GC(43) ClassLoaderData 0.060ms
[18.766s][debug][gc,phases      ] GC(43) Trigger cleanups 0.000ms
[18.775s][debug][gc,phases      ] GC(43) Class Unloading 8.614ms
[18.775s][info ][gc,phases      ] GC(43) Marking Phase 106.037ms
[18.775s][info ][gc,phases,start] GC(43) Summary Phase
[18.775s][info ][gc,phases      ] GC(43) Summary Phase 0.009ms
[18.775s][info ][gc,phases,start] GC(43) Adjust Roots
[18.788s][info ][gc,phases      ] GC(43) Adjust Roots 13.458ms
[18.788s][info ][gc,phases,start] GC(43) Compaction Phase
[18.936s][info ][gc,phases      ] GC(43) Compaction Phase 147.495ms
[18.936s][info ][gc,phases,start] GC(43) Post Compact
[18.937s][info ][gc,phases      ] GC(43) Post Compact 1.102ms
[18.937s][info ][gc,heap        ] GC(43) PSYoungGen: 120320K(1888768K)->94924K(1888768K) Eden: 0K(1685504K)->0K(1685504K) From: 120320K(203264K)->94924K(203264K)
[18.937s][info ][gc,heap        ] GC(43) ParOldGen: 212539K(232960K)->232944K(289280K)
[18.937s][info ][gc,metaspace   ] GC(43) Metaspace: 64131K(64640K)->64131K(64640K) NonClass: 55025K(55296K)->55025K(55296K) Class: 9105K(9344K)->9105K(9344K)
[18.937s][info ][gc             ] GC(43) Pause Full (Ergonomics) 325M->320M(2127M) 268.366ms
[18.937s][info ][gc,cpu         ] GC(43) User=0.98s Sys=0.00s Real=0.27s
[18.937s][info ][safepoint      ] Safepoint "ParallelGCFailedAllocation", Time since last: 66569480 ns, Reaching safepoint: 159503 ns, At safepoint: 295593496 ns, Total: 295752999 ns
[19.174s][info ][safepoint      ] Safepoint "ICBufferFull", Time since last: 236985145 ns, Reaching safepoint: 166803 ns, At safepoint: 33700 ns, Total: 200503 ns
[19.235s][info ][gc,start       ] GC(44) Pause Young (Allocation Failure)
[19.278s][debug][gc,phases      ] GC(44) Scavenge 42.228ms
[19.278s][debug][gc,ref         ] GC(44) Skipped phase 1 of Reference Processing: no references
[19.278s][debug][gc,ref         ] GC(44) Skipped phase 3 of Reference Processing: no references
[19.278s][debug][gc,phases      ] GC(44) Reference Processing 0.027ms
[19.278s][debug][gc,phases      ] GC(44) Weak Processing 0.521ms
[19.278s][debug][gc,age         ] GC(44) Desired survivor size 206569472 bytes, new threshold 15 (max threshold 15)
[19.278s][info ][gc,heap        ] GC(44) PSYoungGen: 1780428K(1888768K)->90768K(1893888K) Eden: 1685504K(1685504K)->0K(1693696K) From: 94924K(203264K)->90768K(200192K)
[19.278s][info ][gc,heap        ] GC(44) ParOldGen: 232944K(289280K)->239221K(289280K)
[19.278s][info ][gc,metaspace   ] GC(44) Metaspace: 64187K(64704K)->64187K(64704K) NonClass: 55079K(55360K)->55079K(55360K) Class: 9108K(9344K)->9108K(9344K)
[19.278s][info ][gc             ] GC(44) Pause Young (Allocation Failure) 1966M->322M(2132M) 42.921ms
[19.278s][info ][gc,cpu         ] GC(44) User=0.16s Sys=0.00s Real=0.04s
[19.278s][info ][safepoint      ] Safepoint "ParallelGCFailedAllocation", Time since last: 61006990 ns, Reaching safepoint: 141503 ns, At safepoint: 43033498 ns, Total: 43175001 ns
[19.342s][info ][safepoint      ] Safepoint "ICBufferFull", Time since last: 63510531 ns, Reaching safepoint: 136102 ns, At safepoint: 23100 ns, Total: 159202 ns
[19.452s][info ][safepoint      ] Safepoint "ICBufferFull", Time since last: 109282573 ns, Reaching safepoint: 129503 ns, At safepoint: 23900 ns, Total: 153403 ns
[19.605s][info ][safepoint      ] Safepoint "ICBufferFull", Time since last: 153584492 ns, Reaching safepoint: 187503 ns, At safepoint: 30201 ns, Total: 217704 ns
[19.606s][info ][gc,start       ] GC(45) Pause Young (Allocation Failure)
[19.625s][debug][gc,phases      ] GC(45) Scavenge 19.185ms
[19.625s][debug][gc,ref         ] GC(45) Skipped phase 1 of Reference Processing: no references
[19.625s][debug][gc,ref         ] GC(45) Skipped phase 3 of Reference Processing: no references
[19.625s][debug][gc,phases      ] GC(45) Reference Processing 0.025ms
[19.626s][debug][gc,phases      ] GC(45) Weak Processing 0.532ms
[19.626s][debug][gc,age         ] GC(45) Desired survivor size 208142336 bytes, new threshold 15 (max threshold 15)
[19.626s][info ][gc,heap        ] GC(45) PSYoungGen: 1784464K(1893888K)->84640K(1778688K) Eden: 1693696K(1693696K)->0K(1693696K) From: 90768K(200192K)->84640K(84992K)
[19.626s][info ][gc,heap        ] GC(45) ParOldGen: 239221K(289280K)->245727K(289280K)
[19.626s][info ][gc,metaspace   ] GC(45) Metaspace: 64294K(64832K)->64294K(64832K) NonClass: 55185K(55488K)->55185K(55488K) Class: 9108K(9344K)->9108K(9344K)
[19.626s][info ][gc             ] GC(45) Pause Young (Allocation Failure) 1976M->322M(2019M) 19.875ms
[19.626s][info ][gc,cpu         ] GC(45) User=0.10s Sys=0.00s Real=0.02s
[19.626s][info ][safepoint      ] Safepoint "ParallelGCFailedAllocation", Time since last: 612510 ns, Reaching safepoint: 92501 ns, At safepoint: 19980024 ns, Total: 20072525 ns
[19.800s][info ][safepoint      ] Safepoint "ICBufferFull", Time since last: 173454815 ns, Reaching safepoint: 149002 ns, At safepoint: 23001 ns, Total: 172003 ns
[19.906s][info ][safepoint      ] Safepoint "ICBufferFull", Time since last: 105969819 ns, Reaching safepoint: 149403 ns, At safepoint: 25100 ns, Total: 174503 ns
[19.922s][info ][gc,start       ] GC(46) Pause Young (Allocation Failure)
[19.942s][debug][gc,phases      ] GC(46) Scavenge 20.596ms
[19.942s][debug][gc,ref         ] GC(46) Skipped phase 1 of Reference Processing: no references
[19.942s][debug][gc,ref         ] GC(46) Skipped phase 3 of Reference Processing: no references
[19.942s][debug][gc,ref         ] GC(46) Skipped phase 4 of Reference Processing: no references
[19.942s][debug][gc,phases      ] GC(46) Reference Processing 0.026ms
[19.943s][debug][gc,phases      ] GC(46) Weak Processing 0.505ms
[19.943s][debug][gc,age         ] GC(46) Desired survivor size 208142336 bytes, new threshold 15 (max threshold 15)
[19.943s][info ][gc,heap        ] GC(46) PSYoungGen: 1778336K(1778688K)->81712K(1893888K) Eden: 1693696K(1693696K)->0K(1690624K) From: 84640K(84992K)->81712K(203264K)
[19.943s][info ][gc,heap        ] GC(46) ParOldGen: 245727K(289280K)->249016K(289280K)
[19.943s][info ][gc,metaspace   ] GC(46) Metaspace: 64308K(64832K)->64308K(64832K) NonClass: 55200K(55488K)->55200K(55488K) Class: 9108K(9344K)->9108K(9344K)
[19.943s][info ][gc             ] GC(46) Pause Young (Allocation Failure) 1976M->322M(2132M) 21.259ms
[19.943s][info ][gc,cpu         ] GC(46) User=0.09s Sys=0.00s Real=0.03s
[19.943s][info ][safepoint      ] Safepoint "ParallelGCFailedAllocation", Time since last: 15609654 ns, Reaching safepoint: 143402 ns, At safepoint: 21369947 ns, Total: 21513349 ns
[20.064s][info ][safepoint      ] Safepoint "ICBufferFull", Time since last: 120818160 ns, Reaching safepoint: 158503 ns, At safepoint: 23900 ns, Total: 182403 ns
[20.124s][info ][safepoint      ] Safepoint "ICBufferFull", Time since last: 59899773 ns, Reaching safepoint: 149702 ns, At safepoint: 29900 ns, Total: 179602 ns
[20.223s][info ][safepoint      ] Safepoint "ICBufferFull", Time since last: 98381897 ns, Reaching safepoint: 153403 ns, At safepoint: 34100 ns, Total: 187503 ns
[20.252s][info ][gc,start       ] GC(47) Pause Young (Allocation Failure)
[20.270s][debug][gc,phases      ] GC(47) Scavenge 17.799ms
[20.270s][debug][gc,ref         ] GC(47) Skipped phase 1 of Reference Processing: no references
[20.270s][debug][gc,ref         ] GC(47) Skipped phase 3 of Reference Processing: no references
[20.270s][debug][gc,ref         ] GC(47) Skipped phase 4 of Reference Processing: no references
[20.270s][debug][gc,phases      ] GC(47) Reference Processing 0.025ms
[20.270s][debug][gc,phases      ] GC(47) Weak Processing 0.530ms
[20.270s][debug][gc,age         ] GC(47) Desired survivor size 208142336 bytes, new threshold 15 (max threshold 15)
[20.270s][info ][gc,heap        ] GC(47) PSYoungGen: 1772336K(1893888K)->77472K(1893888K) Eden: 1690624K(1690624K)->0K(1690624K) From: 81712K(203264K)->77472K(203264K)
[20.270s][info ][gc,heap        ] GC(47) ParOldGen: 249016K(289280K)->253569K(289280K)
[20.270s][info ][gc,metaspace   ] GC(47) Metaspace: 64315K(64832K)->64315K(64832K) NonClass: 55206K(55488K)->55206K(55488K) Class: 9108K(9344K)->9108K(9344K)
[20.270s][info ][gc             ] GC(47) Pause Young (Allocation Failure) 1973M->323M(2132M) 18.493ms
[20.270s][info ][gc,cpu         ] GC(47) User=0.09s Sys=0.00s Real=0.02s
[20.270s][info ][safepoint      ] Safepoint "ParallelGCFailedAllocation", Time since last: 29019771 ns, Reaching safepoint: 136302 ns, At safepoint: 18590702 ns, Total: 18727004 ns
[20.551s][info ][safepoint      ] Safepoint "ICBufferFull", Time since last: 280253748 ns, Reaching safepoint: 237404 ns, At safepoint: 25201 ns, Total: 262605 ns
[20.596s][info ][gc,start       ] GC(48) Pause Young (Allocation Failure)
[20.615s][debug][gc,phases      ] GC(48) Scavenge 19.272ms
[20.615s][debug][gc,ref         ] GC(48) Skipped phase 1 of Reference Processing: no references
[20.615s][debug][gc,ref         ] GC(48) Skipped phase 3 of Reference Processing: no references
[20.615s][debug][gc,ref         ] GC(48) Skipped phase 4 of Reference Processing: no references
[20.615s][debug][gc,phases      ] GC(48) Reference Processing 0.030ms
[20.616s][debug][gc,phases      ] GC(48) Weak Processing 0.504ms
[20.616s][debug][gc,age         ] GC(48) Desired survivor size 208142336 bytes, new threshold 15 (max threshold 15)
[20.616s][info ][gc,heap        ] GC(48) PSYoungGen: 1768096K(1893888K)->67040K(1893888K) Eden: 1690624K(1690624K)->0K(1690624K) From: 77472K(203264K)->67040K(203264K)
[20.616s][info ][gc,heap        ] GC(48) ParOldGen: 253569K(289280K)->264392K(289280K)
[20.616s][info ][gc,metaspace   ] GC(48) Metaspace: 64331K(64832K)->64331K(64832K) NonClass: 55223K(55488K)->55223K(55488K) Class: 9108K(9344K)->9108K(9344K)
[20.616s][info ][gc             ] GC(48) Pause Young (Allocation Failure) 1974M->323M(2132M) 19.979ms
[20.616s][info ][gc,cpu         ] GC(48) User=0.07s Sys=0.00s Real=0.02s
[20.616s][info ][safepoint      ] Safepoint "ParallelGCFailedAllocation", Time since last: 45006030 ns, Reaching safepoint: 65001 ns, At safepoint: 20112826 ns, Total: 20177827 ns
[20.933s][info ][gc,start       ] GC(49) Pause Young (Allocation Failure)
[20.950s][debug][gc,phases      ] GC(49) Scavenge 16.823ms
[20.950s][debug][gc,ref         ] GC(49) Skipped phase 1 of Reference Processing: no references
[20.950s][debug][gc,ref         ] GC(49) Skipped phase 3 of Reference Processing: no references
[20.950s][debug][gc,phases      ] GC(49) Reference Processing 0.055ms
[20.950s][debug][gc,phases      ] GC(49) Weak Processing 0.541ms
[20.950s][debug][gc,age         ] GC(49) Desired survivor size 209715200 bytes, new threshold 15 (max threshold 15)
[20.950s][info ][gc,heap        ] GC(49) PSYoungGen: 1757664K(1893888K)->53856K(1744896K) Eden: 1690624K(1690624K)->0K(1690624K) From: 67040K(203264K)->53856K(54272K)
[20.950s][info ][gc,heap        ] GC(49) ParOldGen: 264392K(289280K)->278835K(289280K)
[20.950s][info ][gc,metaspace   ] GC(49) Metaspace: 66197K(66688K)->66197K(66688K) NonClass: 56761K(57024K)->56761K(57024K) Class: 9435K(9664K)->9435K(9664K)
[20.950s][info ][gc             ] GC(49) Pause Young (Allocation Failure) 1974M->324M(1986M) 17.568ms
[20.950s][info ][gc,cpu         ] GC(49) User=0.07s Sys=0.00s Real=0.02s
[20.950s][debug][gc,phases      ] GC(50) Pre Compact 0.011ms
[20.950s][info ][gc,start       ] GC(50) Pause Full (Ergonomics)
[20.950s][info ][gc,phases,start] GC(50) Marking Phase
[21.045s][debug][gc,phases      ] GC(50) Par Mark 94.236ms
[21.045s][debug][gc,ref         ] GC(50) Skipped phase 1 of Reference Processing: no references
[21.045s][debug][gc,ref         ] GC(50) Skipped phase 3 of Reference Processing: no references
[21.045s][debug][gc,phases      ] GC(50) Reference Processing 0.253ms
[21.045s][debug][gc,phases      ] GC(50) Weak Processing 0.482ms
[21.045s][debug][gc,phases      ] GC(50) ClassLoaderData 0.056ms
[21.045s][debug][gc,phases      ] GC(50) Trigger cleanups 0.000ms
[21.055s][debug][gc,phases      ] GC(50) Class Unloading 9.680ms
[21.055s][info ][gc,phases      ] GC(50) Marking Phase 104.780ms
[21.055s][info ][gc,phases,start] GC(50) Summary Phase
[21.055s][info ][gc,phases      ] GC(50) Summary Phase 0.008ms
[21.055s][info ][gc,phases,start] GC(50) Adjust Roots
[21.067s][info ][gc,phases      ] GC(50) Adjust Roots 11.607ms
[21.067s][info ][gc,phases,start] GC(50) Compaction Phase
[21.216s][info ][gc,phases      ] GC(50) Compaction Phase 149.382ms
[21.216s][info ][gc,phases,start] GC(50) Post Compact
[21.217s][info ][gc,phases      ] GC(50) Post Compact 0.984ms
[21.217s][info ][gc,heap        ] GC(50) PSYoungGen: 53856K(1744896K)->40164K(1744896K) Eden: 0K(1690624K)->0K(1690624K) From: 53856K(54272K)->40164K(54272K)
[21.217s][info ][gc,heap        ] GC(50) ParOldGen: 278835K(289280K)->289248K(355328K)
[21.217s][info ][gc,metaspace   ] GC(50) Metaspace: 66197K(66688K)->66197K(66688K) NonClass: 56761K(57024K)->56761K(57024K) Class: 9435K(9664K)->9435K(9664K)
[21.217s][info ][gc             ] GC(50) Pause Full (Ergonomics) 324M->321M(2051M) 267.008ms
[21.217s][info ][gc,cpu         ] GC(50) User=0.98s Sys=0.00s Real=0.27s
[21.217s][info ][safepoint      ] Safepoint "ParallelGCFailedAllocation", Time since last: 316290734 ns, Reaching safepoint: 303205 ns, At safepoint: 284754522 ns, Total: 285057727 ns
[21.585s][info ][gc,start       ] GC(51) Pause Young (Allocation Failure)
[21.622s][debug][gc,phases      ] GC(51) Scavenge 36.888ms
[21.622s][debug][gc,ref         ] GC(51) Skipped phase 1 of Reference Processing: no references
[21.622s][debug][gc,ref         ] GC(51) Skipped phase 3 of Reference Processing: no references
[21.622s][debug][gc,phases      ] GC(51) Reference Processing 0.033ms
[21.622s][debug][gc,phases      ] GC(51) Weak Processing 0.537ms
[21.622s][debug][gc,age         ] GC(51) Desired survivor size 211812352 bytes, new threshold 15 (max threshold 15)
[21.622s][info ][gc,heap        ] GC(51) PSYoungGen: 1730788K(1744896K)->38368K(1888256K) Eden: 1690624K(1690624K)->0K(1683456K) From: 40164K(54272K)->38368K(204800K)
[21.622s][info ][gc,heap        ] GC(51) ParOldGen: 289248K(355328K)->293741K(355328K)
[21.622s][info ][gc,metaspace   ] GC(51) Metaspace: 68045K(68672K)->68045K(68672K) NonClass: 58403K(58752K)->58403K(58752K) Class: 9641K(9920K)->9641K(9920K)
[21.622s][info ][gc             ] GC(51) Pause Young (Allocation Failure) 1972M->324M(2191M) 37.584ms
[21.622s][info ][gc,cpu         ] GC(51) User=0.14s Sys=0.00s Real=0.04s
[21.622s][info ][safepoint      ] Safepoint "ParallelGCFailedAllocation", Time since last: 366714652 ns, Reaching safepoint: 495008 ns, At safepoint: 37691512 ns, Total: 38186520 ns
[21.922s][info ][gc,start       ] GC(52) Pause Young (Allocation Failure)
[21.934s][debug][gc,phases      ] GC(52) Scavenge 11.358ms
[21.934s][debug][gc,ref         ] GC(52) Skipped phase 1 of Reference Processing: no references
[21.934s][debug][gc,ref         ] GC(52) Skipped phase 3 of Reference Processing: no references
[21.934s][debug][gc,phases      ] GC(52) Reference Processing 0.036ms
[21.934s][debug][gc,phases      ] GC(52) Weak Processing 0.600ms
[21.934s][debug][gc,age         ] GC(52) Desired survivor size 212860928 bytes, new threshold 15 (max threshold 15)
[21.934s][info ][gc,heap        ] GC(52) PSYoungGen: 1721824K(1888256K)->31670K(1715200K) Eden: 1683456K(1683456K)->0K(1683456K) From: 38368K(204800K)->31670K(31744K)
[21.934s][info ][gc,heap        ] GC(52) ParOldGen: 293741K(355328K)->301551K(355328K)
[21.934s][info ][gc,metaspace   ] GC(52) Metaspace: 71294K(71936K)->71294K(71936K) NonClass: 61242K(61568K)->61242K(61568K) Class: 10052K(10368K)->10052K(10368K)
[21.934s][info ][gc             ] GC(52) Pause Young (Allocation Failure) 1968M->325M(2022M) 12.157ms
[21.934s][info ][gc,cpu         ] GC(52) User=0.04s Sys=0.00s Real=0.01s
[21.934s][info ][safepoint      ] Safepoint "ParallelGCFailedAllocation", Time since last: 299586662 ns, Reaching safepoint: 213804 ns, At safepoint: 12270099 ns, Total: 12483903 ns
[22.265s][info ][gc,start       ] GC(53) Pause Young (Allocation Failure)
[22.276s][debug][gc,phases      ] GC(53) Scavenge 10.749ms
[22.276s][debug][gc,ref         ] GC(53) Skipped phase 1 of Reference Processing: no references
[22.276s][debug][gc,ref         ] GC(53) Skipped phase 3 of Reference Processing: no references
[22.276s][debug][gc,phases      ] GC(53) Reference Processing 0.041ms
[22.277s][debug][gc,phases      ] GC(53) Weak Processing 0.626ms
[22.277s][debug][gc,age         ] GC(53) Desired survivor size 213385216 bytes, new threshold 15 (max threshold 15)
[22.277s][info ][gc,heap        ] GC(53) PSYoungGen: 1715126K(1715200K)->22551K(1888256K) Eden: 1683456K(1683456K)->0K(1680384K) From: 31670K(31744K)->22551K(207872K)
[22.277s][info ][gc,heap        ] GC(53) ParOldGen: 301551K(355328K)->312401K(355328K)
[22.277s][info ][gc,metaspace   ] GC(53) Metaspace: 71949K(72512K)->71949K(72512K) NonClass: 61821K(62144K)->61821K(62144K) Class: 10127K(10368K)->10127K(10368K)
[22.277s][info ][gc             ] GC(53) Pause Young (Allocation Failure) 1969M->327M(2191M) 11.561ms
[22.277s][info ][gc,cpu         ] GC(53) User=0.04s Sys=0.01s Real=0.01s
[22.277s][info ][safepoint      ] Safepoint "ParallelGCFailedAllocation", Time since last: 329808954 ns, Reaching safepoint: 830014 ns, At safepoint: 11679689 ns, Total: 12509703 ns
[22.571s][info ][gc,start       ] GC(54) Pause Young (Allocation Failure)
[22.580s][debug][gc,phases      ] GC(54) Scavenge 8.894ms
[22.580s][debug][gc,ref         ] GC(54) Skipped phase 1 of Reference Processing: no references
[22.581s][debug][gc,ref         ] GC(54) Skipped phase 3 of Reference Processing: no references
[22.581s][debug][gc,phases      ] GC(54) Reference Processing 0.037ms
[22.581s][debug][gc,phases      ] GC(54) Weak Processing 0.610ms
[22.581s][debug][gc,age         ] GC(54) Desired survivor size 213909504 bytes, new threshold 15 (max threshold 15)
[22.581s][info ][gc,heap        ] GC(54) PSYoungGen: 1702935K(1888256K)->13679K(1694208K) Eden: 1680384K(1680384K)->0K(1680384K) From: 22551K(207872K)->13679K(13824K)
[22.581s][info ][gc,heap        ] GC(54) ParOldGen: 312401K(355328K)->321976K(355328K)
[22.581s][info ][gc,metaspace   ] GC(54) Metaspace: 72019K(72512K)->72019K(72512K) NonClass: 61891K(62144K)->61891K(62144K) Class: 10128K(10368K)->10128K(10368K)
[22.581s][info ][gc             ] GC(54) Pause Young (Allocation Failure) 1968M->327M(2001M) 9.690ms
[22.581s][info ][gc,cpu         ] GC(54) User=0.02s Sys=0.02s Real=0.01s
[22.581s][info ][safepoint      ] Safepoint "ParallelGCFailedAllocation", Time since last: 294613683 ns, Reaching safepoint: 160902 ns, At safepoint: 9804360 ns, Total: 9965262 ns
[22.723s][info ][safepoint      ] Safepoint "ICBufferFull", Time since last: 141628399 ns, Reaching safepoint: 275204 ns, At safepoint: 30301 ns, Total: 305505 ns
[23.000s][info ][gc,start       ] GC(55) Pause Young (Allocation Failure)
[23.013s][debug][gc,phases      ] GC(55) Scavenge 13.140ms
[23.013s][debug][gc,ref         ] GC(55) Skipped phase 1 of Reference Processing: no references
[23.013s][debug][gc,ref         ] GC(55) Skipped phase 3 of Reference Processing: no references
[23.014s][debug][gc,phases      ] GC(55) Reference Processing 0.054ms
[23.014s][debug][gc,phases      ] GC(55) Weak Processing 0.634ms
[23.014s][debug][gc,age         ] GC(55) Desired survivor size 208666624 bytes, new threshold 15 (max threshold 15)
[23.014s][info ][gc,heap        ] GC(55) PSYoungGen: 1694063K(1694208K)->33865K(1893376K) Eden: 1680384K(1680384K)->0K(1684480K) From: 13679K(13824K)->33865K(208896K)
[23.014s][info ][gc,heap        ] GC(55) ParOldGen: 321976K(355328K)->331126K(355328K)
[23.014s][info ][gc,metaspace   ] GC(55) Metaspace: 72528K(73024K)->72528K(73024K) NonClass: 62328K(62592K)->62328K(62592K) Class: 10199K(10432K)->10199K(10432K)
[23.014s][info ][gc             ] GC(55) Pause Young (Allocation Failure) 1968M->356M(2196M) 13.967ms
[23.014s][info ][gc,cpu         ] GC(55) User=0.06s Sys=0.00s Real=0.02s
[23.014s][info ][safepoint      ] Safepoint "ParallelGCFailedAllocation", Time since last: 276831094 ns, Reaching safepoint: 158702 ns, At safepoint: 14076629 ns, Total: 14235331 ns
[23.287s][info ][gc,start       ] GC(56) Pause Young (Allocation Failure)
[23.297s][debug][gc,phases      ] GC(56) Scavenge 10.654ms
[23.297s][debug][gc,ref         ] GC(56) Skipped phase 1 of Reference Processing: no references
[23.297s][debug][gc,ref         ] GC(56) Skipped phase 3 of Reference Processing: no references
[23.297s][debug][gc,phases      ] GC(56) Reference Processing 0.040ms
[23.298s][debug][gc,phases      ] GC(56) Weak Processing 0.602ms
[23.298s][debug][gc,age         ] GC(56) Desired survivor size 201326592 bytes, new threshold 15 (max threshold 15)
[23.298s][info ][gc,heap        ] GC(56) PSYoungGen: 1718345K(1893376K)->40800K(1888256K) Eden: 1684480K(1684480K)->0K(1684480K) From: 33865K(208896K)->40800K(203776K)
[23.298s][info ][gc,heap        ] GC(56) ParOldGen: 331126K(355328K)->331198K(355328K)
[23.298s][info ][gc,metaspace   ] GC(56) Metaspace: 72542K(73088K)->72542K(73088K) NonClass: 62342K(62656K)->62342K(62656K) Class: 10199K(10432K)->10199K(10432K)
[23.298s][info ][gc             ] GC(56) Pause Young (Allocation Failure) 2001M->363M(2191M) 11.438ms
[23.298s][info ][gc,cpu         ] GC(56) User=0.04s Sys=0.00s Real=0.01s
[23.298s][info ][safepoint      ] Safepoint "ParallelGCFailedAllocation", Time since last: 268004951 ns, Reaching safepoint: 4294470 ns, At safepoint: 11559088 ns, Total: 15853558 ns
[23.621s][info ][gc,start       ] GC(57) Pause Young (Allocation Failure)
[23.635s][debug][gc,phases      ] GC(57) Scavenge 14.269ms
[23.635s][debug][gc,ref         ] GC(57) Skipped phase 1 of Reference Processing: no references
[23.635s][debug][gc,ref         ] GC(57) Skipped phase 3 of Reference Processing: no references
[23.635s][debug][gc,phases      ] GC(57) Reference Processing 0.041ms
[23.636s][debug][gc,phases      ] GC(57) Weak Processing 0.611ms
[23.636s][debug][gc,age         ] GC(57) Desired survivor size 191365120 bytes, new threshold 15 (max threshold 15)
[23.636s][info ][gc,heap        ] GC(57) PSYoungGen: 1725280K(1888256K)->55083K(1910272K) Eden: 1684480K(1684480K)->0K(1713664K) From: 40800K(203776K)->55083K(196608K)
[23.636s][info ][gc,heap        ] GC(57) ParOldGen: 331198K(355328K)->331222K(355328K)
[23.636s][info ][gc,metaspace   ] GC(57) Metaspace: 72545K(73088K)->72545K(73088K) NonClass: 62346K(62656K)->62346K(62656K) Class: 10199K(10432K)->10199K(10432K)
[23.636s][info ][gc             ] GC(57) Pause Young (Allocation Failure) 2008M->377M(2212M) 15.058ms
[23.636s][info ][gc,cpu         ] GC(57) User=0.08s Sys=0.00s Real=0.02s
[23.636s][info ][safepoint      ] Safepoint "ParallelGCFailedAllocation", Time since last: 322596037 ns, Reaching safepoint: 130202 ns, At safepoint: 15166146 ns, Total: 15296348 ns
[23.945s][info ][gc,start       ] GC(58) Pause Young (Allocation Failure)
[23.959s][debug][gc,phases      ] GC(58) Scavenge 13.925ms
[23.959s][debug][gc,ref         ] GC(58) Skipped phase 1 of Reference Processing: no references
[23.959s][debug][gc,ref         ] GC(58) Skipped phase 3 of Reference Processing: no references
[23.959s][debug][gc,phases      ] GC(58) Reference Processing 0.040ms
[23.960s][debug][gc,phases      ] GC(58) Weak Processing 0.595ms
[23.960s][debug][gc,age         ] GC(58) Desired survivor size 179306496 bytes, new threshold 15 (max threshold 15)
[23.960s][info ][gc,heap        ] GC(58) PSYoungGen: 1768747K(1910272K)->68231K(1900544K) Eden: 1713664K(1713664K)->0K(1713664K) From: 55083K(196608K)->68231K(186880K)
[23.960s][info ][gc,heap        ] GC(58) ParOldGen: 331222K(355328K)->331254K(355328K)
[23.960s][info ][gc,metaspace   ] GC(58) Metaspace: 72563K(73088K)->72563K(73088K) NonClass: 62362K(62656K)->62362K(62656K) Class: 10201K(10432K)->10201K(10432K)
[23.960s][info ][gc             ] GC(58) Pause Young (Allocation Failure) 2050M->390M(2203M) 14.691ms
[23.960s][info ][gc,cpu         ] GC(58) User=0.06s Sys=0.00s Real=0.01s
[23.960s][info ][safepoint      ] Safepoint "ParallelGCFailedAllocation", Time since last: 309120019 ns, Reaching safepoint: 132702 ns, At safepoint: 14808841 ns, Total: 14941543 ns
[24.357s][info ][safepoint      ] Safepoint "ICBufferFull", Time since last: 396964246 ns, Reaching safepoint: 247104 ns, At safepoint: 23800 ns, Total: 270904 ns
[24.509s][info ][safepoint      ] Safepoint "ParallelGCFailedAllocation", Time since last: 151806765 ns, Reaching safepoint: 238804 ns, At safepoint: 29901 ns, Total: 268705 ns
[24.510s][info ][gc,start       ] GC(59) Pause Young (GCLocker Initiated GC)
[24.524s][debug][gc,phases      ] GC(59) Scavenge 14.420ms
[24.524s][debug][gc,ref         ] GC(59) Skipped phase 1 of Reference Processing: no references
[24.524s][debug][gc,ref         ] GC(59) Skipped phase 3 of Reference Processing: no references
[24.524s][debug][gc,phases      ] GC(59) Reference Processing 0.059ms
[24.525s][debug][gc,phases      ] GC(59) Weak Processing 0.788ms
[24.525s][debug][gc,age         ] GC(59) Desired survivor size 169345024 bytes, new threshold 15 (max threshold 15)
[24.525s][info ][gc,heap        ] GC(59) PSYoungGen: 1781895K(1900544K)->65359K(1931776K) Eden: 1713664K(1713664K)->0K(1756672K) From: 68231K(186880K)->65359K(175104K)
[24.525s][info ][gc,heap        ] GC(59) ParOldGen: 331254K(355328K)->331286K(355328K)
[24.525s][info ][gc,metaspace   ] GC(59) Metaspace: 72910K(73472K)->72910K(73472K) NonClass: 62678K(62976K)->62678K(62976K) Class: 10232K(10496K)->10232K(10496K)
[24.525s][info ][gc             ] GC(59) Pause Young (GCLocker Initiated GC) 2063M->387M(2233M) 15.425ms
[24.525s][info ][gc,cpu         ] GC(59) User=0.06s Sys=0.00s Real=0.02s
[24.525s][info ][safepoint      ] Safepoint "ParallelGCSystemGC", Time since last: 426207 ns, Reaching safepoint: 80701 ns, At safepoint: 15534752 ns, Total: 15615453 ns
[24.701s][info ][safepoint      ] Safepoint "ICBufferFull", Time since last: 175456049 ns, Reaching safepoint: 220804 ns, At safepoint: 33500 ns, Total: 254304 ns
[24.844s][info ][safepoint      ] Safepoint "ICBufferFull", Time since last: 142333611 ns, Reaching safepoint: 160703 ns, At safepoint: 27901 ns, Total: 188604 ns
[24.844s][info ][safepoint      ] Safepoint "ICBufferFull", Time since last: 117401 ns, Reaching safepoint: 89402 ns, At safepoint: 25700 ns, Total: 115102 ns
[25.022s][info ][safepoint      ] Safepoint "ICBufferFull", Time since last: 178266095 ns, Reaching safepoint: 140102 ns, At safepoint: 33001 ns, Total: 173103 ns
[25.047s][info ][gc,start       ] GC(60) Pause Young (Allocation Failure)
[25.061s][debug][gc,phases      ] GC(60) Scavenge 14.886ms
[25.062s][debug][gc,ref         ] GC(60) Skipped phase 1 of Reference Processing: no references
[25.062s][debug][gc,ref         ] GC(60) Skipped phase 3 of Reference Processing: no references
[25.062s][debug][gc,phases      ] GC(60) Reference Processing 0.069ms
[25.062s][debug][gc,phases      ] GC(60) Weak Processing 0.688ms
[25.062s][debug][gc,age         ] GC(60) Desired survivor size 159907840 bytes, new threshold 15 (max threshold 15)
[25.062s][info ][gc,heap        ] GC(60) PSYoungGen: 1822031K(1931776K)->67551K(1922048K) Eden: 1756672K(1756672K)->0K(1756672K) From: 65359K(175104K)->67551K(165376K)
[25.062s][info ][gc,heap        ] GC(60) ParOldGen: 331288K(355328K)->331344K(355328K)
[25.062s][info ][gc,metaspace   ] GC(60) Metaspace: 74041K(74560K)->74041K(74560K) NonClass: 63652K(63936K)->63652K(63936K) Class: 10389K(10624K)->10389K(10624K)
[25.062s][info ][gc             ] GC(60) Pause Young (Allocation Failure) 2102M->389M(2224M) 15.822ms
[25.062s][info ][gc,cpu         ] GC(60) User=0.07s Sys=0.00s Real=0.02s
[25.062s][info ][safepoint      ] Safepoint "ParallelGCFailedAllocation", Time since last: 24129592 ns, Reaching safepoint: 44401 ns, At safepoint: 15918858 ns, Total: 15963259 ns
[25.362s][info ][safepoint      ] Safepoint "ICBufferFull", Time since last: 298916755 ns, Reaching safepoint: 203003 ns, At safepoint: 27000 ns, Total: 230003 ns
[25.549s][info ][gc,start       ] GC(61) Pause Young (Allocation Failure)
[25.564s][debug][gc,phases      ] GC(61) Scavenge 15.209ms
[25.564s][debug][gc,ref         ] GC(61) Skipped phase 1 of Reference Processing: no references
[25.565s][debug][gc,ref         ] GC(61) Skipped phase 3 of Reference Processing: no references
[25.565s][debug][gc,phases      ] GC(61) Reference Processing 0.061ms
[25.565s][debug][gc,phases      ] GC(61) Weak Processing 0.630ms
[25.565s][debug][gc,age         ] GC(61) Desired survivor size 151519232 bytes, new threshold 15 (max threshold 15)
[25.565s][info ][gc,heap        ] GC(61) PSYoungGen: 1824223K(1922048K)->66511K(1949184K) Eden: 1756672K(1756672K)->0K(1793024K) From: 67551K(165376K)->66511K(156160K)
[25.565s][info ][gc,heap        ] GC(61) ParOldGen: 331344K(355328K)->331384K(355328K)
[25.565s][info ][gc,metaspace   ] GC(61) Metaspace: 74328K(74944K)->74328K(74944K) NonClass: 63914K(64256K)->63914K(64256K) Class: 10414K(10688K)->10414K(10688K)
[25.565s][info ][gc             ] GC(61) Pause Young (Allocation Failure) 2105M->388M(2250M) 16.044ms
[25.565s][info ][gc,cpu         ] GC(61) User=0.06s Sys=0.00s Real=0.02s
[25.565s][info ][safepoint      ] Safepoint "ParallelGCFailedAllocation", Time since last: 187361643 ns, Reaching safepoint: 189203 ns, At safepoint: 16150562 ns, Total: 16339765 ns
[25.933s][info ][gc,start       ] GC(62) Pause Young (Allocation Failure)
[25.948s][debug][gc,phases      ] GC(62) Scavenge 15.435ms
[25.948s][debug][gc,ref         ] GC(62) Skipped phase 1 of Reference Processing: no references
[25.948s][debug][gc,ref         ] GC(62) Skipped phase 3 of Reference Processing: no references
[25.948s][debug][gc,phases      ] GC(62) Reference Processing 0.078ms
[25.949s][debug][gc,phases      ] GC(62) Weak Processing 0.595ms
[25.949s][debug][gc,age         ] GC(62) Desired survivor size 143654912 bytes, new threshold 15 (max threshold 15)
[25.949s][info ][gc,heap        ] GC(62) PSYoungGen: 1859535K(1949184K)->67183K(1940992K) Eden: 1793024K(1793024K)->0K(1793024K) From: 66511K(156160K)->67183K(147968K)
[25.949s][info ][gc,heap        ] GC(62) ParOldGen: 331384K(355328K)->331416K(355328K)
[25.949s][info ][gc,metaspace   ] GC(62) Metaspace: 74674K(75328K)->74674K(75328K) NonClass: 64209K(64576K)->64209K(64576K) Class: 10465K(10752K)->10465K(10752K)
[25.949s][info ][gc             ] GC(62) Pause Young (Allocation Failure) 2139M->389M(2242M) 16.274ms
[25.949s][info ][gc,cpu         ] GC(62) User=0.06s Sys=0.00s Real=0.02s
[25.949s][info ][safepoint      ] Safepoint "ParallelGCFailedAllocation", Time since last: 366995660 ns, Reaching safepoint: 200404 ns, At safepoint: 16377366 ns, Total: 16577770 ns
[26.206s][info ][safepoint      ] Safepoint "ICBufferFull", Time since last: 256989574 ns, Reaching safepoint: 166703 ns, At safepoint: 25100 ns, Total: 191803 ns
[26.335s][info ][gc,start       ] GC(63) Pause Young (Allocation Failure)
[26.352s][debug][gc,phases      ] GC(63) Scavenge 17.277ms
[26.352s][debug][gc,ref         ] GC(63) Skipped phase 1 of Reference Processing: no references
[26.352s][debug][gc,ref         ] GC(63) Skipped phase 3 of Reference Processing: no references
[26.352s][debug][gc,phases      ] GC(63) Reference Processing 0.091ms
[26.353s][debug][gc,phases      ] GC(63) Weak Processing 0.634ms
[26.353s][debug][gc,age         ] GC(63) Desired survivor size 136314880 bytes, new threshold 15 (max threshold 15)
[26.353s][info ][gc,heap        ] GC(63) PSYoungGen: 1860207K(1940992K)->67132K(1964032K) Eden: 1793024K(1793024K)->0K(1823744K) From: 67183K(147968K)->67132K(140288K)
[26.353s][info ][gc,heap        ] GC(63) ParOldGen: 331416K(355328K)->331448K(355328K)
[26.353s][info ][gc,metaspace   ] GC(63) Metaspace: 74802K(75456K)->74802K(75456K) NonClass: 64330K(64704K)->64330K(64704K) Class: 10471K(10752K)->10471K(10752K)
[26.353s][info ][gc             ] GC(63) Pause Young (Allocation Failure) 2140M->389M(2265M) 18.143ms
[26.353s][info ][gc,cpu         ] GC(63) User=0.09s Sys=0.00s Real=0.01s
[26.353s][info ][safepoint      ] Safepoint "ParallelGCFailedAllocation", Time since last: 126429653 ns, Reaching safepoint: 2163436 ns, At safepoint: 18257296 ns, Total: 20420732 ns
[26.537s][info ][safepoint      ] Safepoint "ICBufferFull", Time since last: 181823953 ns, Reaching safepoint: 2169936 ns, At safepoint: 32700 ns, Total: 2202636 ns
[26.804s][info ][gc,start       ] GC(64) Pause Young (Allocation Failure)
[26.821s][debug][gc,phases      ] GC(64) Scavenge 16.746ms
[26.821s][debug][gc,ref         ] GC(64) Skipped phase 1 of Reference Processing: no references
[26.821s][debug][gc,ref         ] GC(64) Skipped phase 3 of Reference Processing: no references
[26.821s][debug][gc,phases      ] GC(64) Reference Processing 0.087ms
[26.822s][debug][gc,phases      ] GC(64) Weak Processing 0.682ms
[26.822s][debug][gc,age         ] GC(64) Desired survivor size 130023424 bytes, new threshold 15 (max threshold 15)
[26.822s][info ][gc,heap        ] GC(64) PSYoungGen: 1890876K(1964032K)->66633K(1956864K) Eden: 1823744K(1823744K)->0K(1823744K) From: 67132K(140288K)->66633K(133120K)
[26.822s][info ][gc,heap        ] GC(64) ParOldGen: 331448K(355328K)->331536K(355328K)
[26.822s][info ][gc,metaspace   ] GC(64) Metaspace: 74931K(75584K)->74931K(75584K) NonClass: 64459K(64832K)->64459K(64832K) Class: 10472K(10752K)->10472K(10752K)
[26.822s][info ][gc             ] GC(64) Pause Young (Allocation Failure) 2170M->388M(2258M) 17.662ms
[26.822s][info ][gc,cpu         ] GC(64) User=0.09s Sys=0.00s Real=0.02s
[26.822s][info ][safepoint      ] Safepoint "ParallelGCFailedAllocation", Time since last: 267230741 ns, Reaching safepoint: 126802 ns, At safepoint: 17782288 ns, Total: 17909090 ns
[27.188s][info ][gc,start       ] GC(65) Pause Young (Allocation Failure)
[27.204s][debug][gc,phases      ] GC(65) Scavenge 15.995ms
[27.204s][debug][gc,ref         ] GC(65) Skipped phase 1 of Reference Processing: no references
[27.205s][debug][gc,ref         ] GC(65) Skipped phase 3 of Reference Processing: no references
[27.205s][debug][gc,phases      ] GC(65) Reference Processing 0.067ms
[27.205s][debug][gc,phases      ] GC(65) Weak Processing 0.601ms
[27.205s][debug][gc,age         ] GC(65) Desired survivor size 124780544 bytes, new threshold 15 (max threshold 15)
[27.205s][info ][gc,heap        ] GC(65) PSYoungGen: 1890377K(1956864K)->65566K(1975296K) Eden: 1823744K(1823744K)->0K(1848320K) From: 66633K(133120K)->65566K(126976K)
[27.205s][info ][gc,heap        ] GC(65) ParOldGen: 331536K(355328K)->331680K(355328K)
[27.205s][info ][gc,metaspace   ] GC(65) Metaspace: 74960K(75584K)->74960K(75584K) NonClass: 64488K(64832K)->64488K(64832K) Class: 10472K(10752K)->10472K(10752K)
[27.205s][info ][gc             ] GC(65) Pause Young (Allocation Failure) 2169M->387M(2276M) 16.805ms
[27.205s][info ][gc,cpu         ] GC(65) User=0.08s Sys=0.00s Real=0.02s
[27.205s][info ][safepoint      ] Safepoint "ParallelGCFailedAllocation", Time since last: 365988345 ns, Reaching safepoint: 305605 ns, At safepoint: 16914175 ns, Total: 17219780 ns
[27.613s][info ][gc,start       ] GC(66) Pause Young (Allocation Failure)
[27.629s][debug][gc,phases      ] GC(66) Scavenge 15.845ms
[27.629s][debug][gc,ref         ] GC(66) Skipped phase 1 of Reference Processing: no references
[27.629s][debug][gc,ref         ] GC(66) Skipped phase 3 of Reference Processing: no references
[27.629s][debug][gc,phases      ] GC(66) Reference Processing 0.059ms
[27.630s][debug][gc,phases      ] GC(66) Weak Processing 0.656ms
[27.630s][debug][gc,age         ] GC(66) Desired survivor size 120061952 bytes, new threshold 15 (max threshold 15)
[27.630s][info ][gc,heap        ] GC(66) PSYoungGen: 1913886K(1975296K)->64208K(1970176K) Eden: 1848320K(1848320K)->0K(1848320K) From: 65566K(126976K)->64208K(121856K)
[27.630s][info ][gc,heap        ] GC(66) ParOldGen: 331680K(355328K)->333472K(355328K)
[27.630s][info ][gc,metaspace   ] GC(66) Metaspace: 75035K(75648K)->75035K(75648K) NonClass: 64558K(64896K)->64558K(64896K) Class: 10476K(10752K)->10476K(10752K)
[27.630s][info ][gc             ] GC(66) Pause Young (Allocation Failure) 2192M->388M(2271M) 16.743ms
[27.630s][info ][gc,cpu         ] GC(66) User=0.06s Sys=0.00s Real=0.02s
[27.630s][info ][safepoint      ] Safepoint "ParallelGCFailedAllocation", Time since last: 407535320 ns, Reaching safepoint: 217104 ns, At safepoint: 16854074 ns, Total: 17071178 ns
[28.031s][info ][gc,start       ] GC(67) Pause Young (Allocation Failure)
[28.053s][debug][gc,phases      ] GC(67) Scavenge 21.777ms
[28.053s][debug][gc,ref         ] GC(67) Skipped phase 1 of Reference Processing: no references
[28.053s][debug][gc,ref         ] GC(67) Skipped phase 3 of Reference Processing: no references
[28.053s][debug][gc,phases      ] GC(67) Reference Processing 0.058ms
[28.054s][debug][gc,phases      ] GC(67) Weak Processing 0.630ms
[28.054s][debug][gc,age         ] GC(67) Desired survivor size 115343360 bytes, new threshold 15 (max threshold 15)
[28.054s][info ][gc,heap        ] GC(67) PSYoungGen: 1912528K(1970176K)->68377K(1984512K) Eden: 1848320K(1848320K)->0K(1867264K) From: 64208K(121856K)->68377K(117248K)
[28.054s][info ][gc,heap        ] GC(67) ParOldGen: 333472K(355328K)->334306K(355328K)
[28.054s][info ][gc,metaspace   ] GC(67) Metaspace: 75057K(75648K)->75057K(75648K) NonClass: 64579K(64896K)->64579K(64896K) Class: 10478K(10752K)->10478K(10752K)
[28.054s][info ][gc             ] GC(67) Pause Young (Allocation Failure) 2193M->393M(2285M) 22.617ms
[28.054s][info ][gc,cpu         ] GC(67) User=0.11s Sys=0.00s Real=0.03s
[28.054s][info ][safepoint      ] Safepoint "ParallelGCFailedAllocation", Time since last: 401211617 ns, Reaching safepoint: 174903 ns, At safepoint: 22726069 ns, Total: 22900972 ns
[28.528s][info ][gc,start       ] GC(68) Pause Young (Allocation Failure)
[28.548s][debug][gc,phases      ] GC(68) Scavenge 20.097ms
[28.548s][debug][gc,ref         ] GC(68) Skipped phase 1 of Reference Processing: no references
[28.548s][debug][gc,ref         ] GC(68) Skipped phase 3 of Reference Processing: no references
[28.548s][debug][gc,phases      ] GC(68) Reference Processing 0.064ms
[28.549s][debug][gc,phases      ] GC(68) Weak Processing 0.573ms
[28.549s][debug][gc,age         ] GC(68) Desired survivor size 111149056 bytes, new threshold 15 (max threshold 15)
[28.549s][info ][gc,heap        ] GC(68) PSYoungGen: 1935641K(1984512K)->69193K(1979904K) Eden: 1867264K(1867264K)->0K(1867264K) From: 68377K(117248K)->69193K(112640K)
[28.549s][info ][gc,heap        ] GC(68) ParOldGen: 334306K(355328K)->335050K(355328K)
[28.549s][info ][gc,metaspace   ] GC(68) Metaspace: 75112K(75712K)->75112K(75712K) NonClass: 64633K(64960K)->64633K(64960K) Class: 10479K(10752K)->10479K(10752K)
[28.549s][info ][gc             ] GC(68) Pause Young (Allocation Failure) 2216M->394M(2280M) 20.870ms
[28.549s][info ][gc,cpu         ] GC(68) User=0.08s Sys=0.00s Real=0.02s
[28.549s][info ][safepoint      ] Safepoint "ParallelGCFailedAllocation", Time since last: 474034402 ns, Reaching safepoint: 197603 ns, At safepoint: 20986641 ns, Total: 21184244 ns
[28.915s][info ][gc,start       ] GC(69) Pause Young (Allocation Failure)
[28.938s][debug][gc,phases      ] GC(69) Scavenge 22.949ms
[28.938s][debug][gc,ref         ] GC(69) Skipped phase 1 of Reference Processing: no references
[28.938s][debug][gc,ref         ] GC(69) Skipped phase 3 of Reference Processing: no references
[28.938s][debug][gc,phases      ] GC(69) Reference Processing 0.089ms
[28.939s][debug][gc,phases      ] GC(69) Weak Processing 0.758ms
[28.939s][debug][gc,age         ] GC(69) Desired survivor size 109576192 bytes, new threshold 15 (max threshold 15)
[28.939s][info ][gc,heap        ] GC(69) PSYoungGen: 1936457K(1979904K)->74089K(1990144K) Eden: 1867264K(1867264K)->0K(1881600K) From: 69193K(112640K)->74089K(108544K)
[28.939s][info ][gc,heap        ] GC(69) ParOldGen: 335050K(355328K)->335970K(355328K)
[28.939s][info ][gc,metaspace   ] GC(69) Metaspace: 75119K(75712K)->75119K(75712K) NonClass: 64639K(64960K)->64639K(64960K) Class: 10479K(10752K)->10479K(10752K)
[28.939s][info ][gc             ] GC(69) Pause Young (Allocation Failure) 2218M->400M(2290M) 23.982ms
[28.939s][info ][gc,cpu         ] GC(69) User=0.11s Sys=0.01s Real=0.02s
[28.939s][info ][safepoint      ] Safepoint "ParallelGCFailedAllocation", Time since last: 365349736 ns, Reaching safepoint: 170302 ns, At safepoint: 24120192 ns, Total: 24290494 ns
[29.302s][info ][gc,start       ] GC(70) Pause Young (Allocation Failure)
[29.328s][debug][gc,phases      ] GC(70) Scavenge 26.366ms
[29.328s][debug][gc,ref         ] GC(70) Skipped phase 1 of Reference Processing: no references
[29.328s][debug][gc,ref         ] GC(70) Skipped phase 3 of Reference Processing: no references
[29.328s][debug][gc,ref         ] GC(70) Skipped phase 4 of Reference Processing: no references
[29.328s][debug][gc,phases      ] GC(70) Reference Processing 0.054ms
[29.329s][debug][gc,phases      ] GC(70) Weak Processing 0.538ms
[29.329s][debug][gc,age         ] GC(70) Desired survivor size 106954752 bytes, new threshold 15 (max threshold 15)
[29.329s][info ][gc,heap        ] GC(70) PSYoungGen: 1955689K(1990144K)->59737K(1988608K) Eden: 1881600K(1881600K)->0K(1881600K) From: 74089K(108544K)->59737K(107008K)
[29.329s][info ][gc,heap        ] GC(70) ParOldGen: 335970K(355328K)->358455K(372224K)
[29.329s][info ][gc,metaspace   ] GC(70) Metaspace: 75157K(75776K)->75157K(75776K) NonClass: 64678K(65024K)->64678K(65024K) Class: 10479K(10752K)->10479K(10752K)
[29.329s][info ][gc             ] GC(70) Pause Young (Allocation Failure) 2237M->408M(2305M) 27.101ms
[29.329s][info ][gc,cpu         ] GC(70) User=0.13s Sys=0.00s Real=0.03s
[29.329s][debug][gc,phases      ] GC(71) Pre Compact 0.011ms
[29.329s][info ][gc,start       ] GC(71) Pause Full (Ergonomics)
[29.329s][info ][gc,phases,start] GC(71) Marking Phase
[29.453s][debug][gc,phases      ] GC(71) Par Mark 123.934ms
[29.453s][debug][gc,ref         ] GC(71) Skipped phase 1 of Reference Processing: no references
[29.453s][debug][gc,ref         ] GC(71) Skipped phase 3 of Reference Processing: no references
[29.453s][debug][gc,phases      ] GC(71) Reference Processing 0.309ms
[29.454s][debug][gc,phases      ] GC(71) Weak Processing 0.578ms
[29.454s][debug][gc,phases      ] GC(71) ClassLoaderData 0.063ms
[29.454s][debug][gc,phases      ] GC(71) Trigger cleanups 0.000ms
[29.465s][debug][gc,phases      ] GC(71) Class Unloading 11.340ms
[29.465s][info ][gc,phases      ] GC(71) Marking Phase 136.324ms
[29.465s][info ][gc,phases,start] GC(71) Summary Phase
[29.465s][info ][gc,phases      ] GC(71) Summary Phase 0.022ms
[29.465s][info ][gc,phases,start] GC(71) Adjust Roots
[29.485s][info ][gc,phases      ] GC(71) Adjust Roots 20.148ms
[29.485s][info ][gc,phases,start] GC(71) Compaction Phase
[29.709s][info ][gc,phases      ] GC(71) Compaction Phase 223.576ms
[29.709s][info ][gc,phases,start] GC(71) Post Compact
[29.710s][info ][gc,phases      ] GC(71) Post Compact 1.296ms
[29.710s][info ][gc,heap        ] GC(71) PSYoungGen: 59737K(1988608K)->41129K(1988608K) Eden: 0K(1881600K)->0K(1881600K) From: 59737K(107008K)->41129K(107008K)
[29.710s][info ][gc,heap        ] GC(71) ParOldGen: 358455K(372224K)->371895K(449536K)
[29.710s][info ][gc,metaspace   ] GC(71) Metaspace: 75157K(75776K)->75157K(75776K) NonClass: 64678K(65024K)->64678K(65024K) Class: 10479K(10752K)->10479K(10752K)
[29.710s][info ][gc             ] GC(71) Pause Full (Ergonomics) 408M->403M(2381M) 381.651ms
[29.710s][info ][gc,cpu         ] GC(71) User=1.41s Sys=0.00s Real=0.38s
[29.726s][info ][safepoint      ] Safepoint "ParallelGCFailedAllocation", Time since last: 362645893 ns, Reaching safepoint: 145602 ns, At safepoint: 424108991 ns, Total: 424254593 ns
[30.146s][info ][gc,start       ] GC(72) Pause Young (Allocation Failure)
[30.194s][debug][gc,phases      ] GC(72) Scavenge 47.646ms
[30.194s][debug][gc,ref         ] GC(72) Skipped phase 1 of Reference Processing: no references
[30.194s][debug][gc,ref         ] GC(72) Skipped phase 3 of Reference Processing: no references
[30.194s][debug][gc,phases      ] GC(72) Reference Processing 0.025ms
[30.194s][debug][gc,phases      ] GC(72) Weak Processing 0.535ms
[30.194s][debug][gc,age         ] GC(72) Desired survivor size 106954752 bytes, new threshold 15 (max threshold 15)
[30.194s][info ][gc,heap        ] GC(72) PSYoungGen: 1922729K(1988608K)->45961K(1992704K) Eden: 1881600K(1881600K)->0K(1888256K) From: 41129K(107008K)->45961K(104448K)
[30.194s][info ][gc,heap        ] GC(72) ParOldGen: 371895K(449536K)->373611K(449536K)
[30.194s][info ][gc,metaspace   ] GC(72) Metaspace: 75169K(75776K)->75169K(75776K) NonClass: 64690K(65024K)->64690K(65024K) Class: 10479K(10752K)->10479K(10752K)
[30.195s][info ][gc             ] GC(72) Pause Young (Allocation Failure) 2240M->409M(2385M) 48.360ms
[30.195s][info ][gc,cpu         ] GC(72) User=0.19s Sys=0.00s Real=0.05s
[30.195s][info ][safepoint      ] Safepoint "ParallelGCFailedAllocation", Time since last: 420204229 ns, Reaching safepoint: 176903 ns, At safepoint: 48466287 ns, Total: 48643190 ns
[30.611s][info ][gc,start       ] GC(73) Pause Young (Allocation Failure)
[30.627s][debug][gc,phases      ] GC(73) Scavenge 16.471ms
[30.627s][debug][gc,ref         ] GC(73) Skipped phase 1 of Reference Processing: no references
[30.627s][debug][gc,ref         ] GC(73) Skipped phase 3 of Reference Processing: no references
[30.627s][debug][gc,phases      ] GC(73) Reference Processing 0.027ms
[30.628s][debug][gc,phases      ] GC(73) Weak Processing 0.559ms
[30.628s][debug][gc,age         ] GC(73) Desired survivor size 105906176 bytes, new threshold 15 (max threshold 15)
[30.628s][info ][gc,heap        ] GC(73) PSYoungGen: 1934217K(1992704K)->48105K(1992704K) Eden: 1888256K(1888256K)->0K(1888256K) From: 45961K(104448K)->48105K(104448K)
[30.628s][info ][gc,heap        ] GC(73) ParOldGen: 373611K(449536K)->377480K(449536K)
[30.628s][info ][gc,metaspace   ] GC(73) Metaspace: 75204K(75840K)->75204K(75840K) NonClass: 64724K(65088K)->64724K(65088K) Class: 10480K(10752K)->10480K(10752K)
[30.628s][info ][gc             ] GC(73) Pause Young (Allocation Failure) 2253M->415M(2385M) 17.212ms
[30.628s][info ][gc,cpu         ] GC(73) User=0.07s Sys=0.00s Real=0.02s
[30.628s][info ][safepoint      ] Safepoint "ParallelGCFailedAllocation", Time since last: 416066662 ns, Reaching safepoint: 131602 ns, At safepoint: 17328581 ns, Total: 17460183 ns
[31.019s][info ][gc,start       ] GC(74) Pause Young (Allocation Failure)
[31.036s][debug][gc,phases      ] GC(74) Scavenge 17.494ms
[31.036s][debug][gc,ref         ] GC(74) Skipped phase 1 of Reference Processing: no references
[31.036s][debug][gc,ref         ] GC(74) Skipped phase 3 of Reference Processing: no references
[31.036s][debug][gc,phases      ] GC(74) Reference Processing 0.024ms
[31.037s][debug][gc,phases      ] GC(74) Weak Processing 0.557ms
[31.037s][debug][gc,age         ] GC(74) Desired survivor size 104333312 bytes, new threshold 15 (max threshold 15)
[31.037s][info ][gc,heap        ] GC(74) PSYoungGen: 1936361K(1992704K)->48921K(1995264K) Eden: 1888256K(1888256K)->0K(1891840K) From: 48105K(104448K)->48921K(103424K)
[31.037s][info ][gc,heap        ] GC(74) ParOldGen: 377480K(449536K)->385498K(449536K)
[31.037s][info ][gc,metaspace   ] GC(74) Metaspace: 75224K(75840K)->75224K(75840K) NonClass: 64744K(65088K)->64744K(65088K) Class: 10480K(10752K)->10480K(10752K)
[31.037s][info ][gc             ] GC(74) Pause Young (Allocation Failure) 2259M->424M(2387M) 18.221ms
[31.037s][info ][gc,cpu         ] GC(74) User=0.07s Sys=0.00s Real=0.02s
[31.037s][info ][safepoint      ] Safepoint "ParallelGCFailedAllocation", Time since last: 390545147 ns, Reaching safepoint: 199504 ns, At safepoint: 18335598 ns, Total: 18535102 ns
[31.419s][info ][gc,start       ] GC(75) Pause Young (Allocation Failure)
[31.436s][debug][gc,phases      ] GC(75) Scavenge 16.620ms
[31.436s][debug][gc,ref         ] GC(75) Skipped phase 1 of Reference Processing: no references
[31.436s][debug][gc,ref         ] GC(75) Skipped phase 3 of Reference Processing: no references
[31.436s][debug][gc,phases      ] GC(75) Reference Processing 0.023ms
[31.437s][debug][gc,phases      ] GC(75) Weak Processing 0.537ms
[31.437s][debug][gc,age         ] GC(75) Desired survivor size 101711872 bytes, new threshold 15 (max threshold 15)
[31.437s][info ][gc,heap        ] GC(75) PSYoungGen: 1940761K(1995264K)->54656K(1993728K) Eden: 1891840K(1891840K)->0K(1891840K) From: 48921K(103424K)->54656K(101888K)
[31.437s][info ][gc,heap        ] GC(75) ParOldGen: 385498K(449536K)->386243K(449536K)
[31.437s][info ][gc,metaspace   ] GC(75) Metaspace: 75265K(75840K)->75265K(75840K) NonClass: 64780K(65088K)->64780K(65088K) Class: 10484K(10752K)->10484K(10752K)
[31.437s][info ][gc             ] GC(75) Pause Young (Allocation Failure) 2271M->430M(2386M) 17.329ms
[31.437s][info ][gc,cpu         ] GC(75) User=0.08s Sys=0.00s Real=0.02s
[31.437s][info ][safepoint      ] Safepoint "ParallelGCFailedAllocation", Time since last: 381963308 ns, Reaching safepoint: 172202 ns, At safepoint: 17442684 ns, Total: 17614886 ns
[31.874s][info ][gc,start       ] GC(76) Pause Young (Allocation Failure)
[31.894s][debug][gc,phases      ] GC(76) Scavenge 20.119ms
[31.894s][debug][gc,ref         ] GC(76) Skipped phase 1 of Reference Processing: no references
[31.894s][debug][gc,ref         ] GC(76) Skipped phase 3 of Reference Processing: no references
[31.894s][debug][gc,phases      ] GC(76) Reference Processing 0.025ms
[31.894s][debug][gc,phases      ] GC(76) Weak Processing 0.572ms
[31.894s][debug][gc,age         ] GC(76) Desired survivor size 98566144 bytes, new threshold 15 (max threshold 15)
[31.894s][info ][gc,heap        ] GC(76) PSYoungGen: 1946496K(1993728K)->62656K(2000896K) Eden: 1891840K(1891840K)->0K(1901568K) From: 54656K(101888K)->62656K(99328K)
[31.895s][info ][gc,heap        ] GC(76) ParOldGen: 386243K(449536K)->388527K(449536K)
[31.895s][info ][gc,metaspace   ] GC(76) Metaspace: 75299K(75904K)->75299K(75904K) NonClass: 64812K(65152K)->64812K(65152K) Class: 10487K(10752K)->10487K(10752K)
[31.895s][info ][gc             ] GC(76) Pause Young (Allocation Failure) 2278M->440M(2393M) 20.897ms
[31.895s][info ][gc,cpu         ] GC(76) User=0.10s Sys=0.00s Real=0.03s
[31.895s][info ][safepoint      ] Safepoint "ParallelGCFailedAllocation", Time since last: 436534295 ns, Reaching safepoint: 283604 ns, At safepoint: 21017642 ns, Total: 21301246 ns
[31.953s][info ][safepoint      ] Safepoint "ICBufferFull", Time since last: 58516551 ns, Reaching safepoint: 203503 ns, At safepoint: 36901 ns, Total: 240404 ns
[31.954s][info ][safepoint      ] Safepoint "ICBufferFull", Time since last: 809213 ns, Reaching safepoint: 108502 ns, At safepoint: 22700 ns, Total: 131202 ns
[31.957s][info ][safepoint      ] Safepoint "ICBufferFull", Time since last: 2640343 ns, Reaching safepoint: 103302 ns, At safepoint: 23600 ns, Total: 126902 ns
[31.959s][info ][safepoint      ] Safepoint "ICBufferFull", Time since last: 2215136 ns, Reaching safepoint: 96702 ns, At safepoint: 21700 ns, Total: 118402 ns
[31.972s][info ][safepoint      ] Safepoint "ICBufferFull", Time since last: 12046096 ns, Reaching safepoint: 126902 ns, At safepoint: 26801 ns, Total: 153703 ns
[31.973s][info ][safepoint      ] Safepoint "ICBufferFull", Time since last: 1641926 ns, Reaching safepoint: 101302 ns, At safepoint: 19300 ns, Total: 120602 ns
[31.979s][info ][safepoint      ] Safepoint "ICBufferFull", Time since last: 4403272 ns, Reaching safepoint: 113102 ns, At safepoint: 898514 ns, Total: 1011616 ns
[31.980s][info ][safepoint      ] Safepoint "ICBufferFull", Time since last: 1037217 ns, Reaching safepoint: 117702 ns, At safepoint: 25700 ns, Total: 143402 ns
[31.981s][info ][safepoint      ] Safepoint "ICBufferFull", Time since last: 771513 ns, Reaching safepoint: 91901 ns, At safepoint: 20601 ns, Total: 112502 ns
[31.983s][info ][safepoint      ] Safepoint "ICBufferFull", Time since last: 2238836 ns, Reaching safepoint: 104802 ns, At safepoint: 22100 ns, Total: 126902 ns
[31.985s][info ][safepoint      ] Safepoint "ICBufferFull", Time since last: 1307622 ns, Reaching safepoint: 90301 ns, At safepoint: 23100 ns, Total: 113401 ns
[31.987s][info ][safepoint      ] Safepoint "ICBufferFull", Time since last: 2640343 ns, Reaching safepoint: 166803 ns, At safepoint: 25200 ns, Total: 192003 ns
[31.992s][info ][safepoint      ] Safepoint "ICBufferFull", Time since last: 4584275 ns, Reaching safepoint: 101102 ns, At safepoint: 21900 ns, Total: 123002 ns
[31.993s][info ][safepoint      ] Safepoint "ICBufferFull", Time since last: 1184119 ns, Reaching safepoint: 105102 ns, At safepoint: 22400 ns, Total: 127502 ns
[31.996s][info ][safepoint      ] Safepoint "ICBufferFull", Time since last: 1923532 ns, Reaching safepoint: 299004 ns, At safepoint: 18601 ns, Total: 317605 ns
[31.998s][info ][safepoint      ] Safepoint "ICBufferFull", Time since last: 1688827 ns, Reaching safepoint: 99902 ns, At safepoint: 28700 ns, Total: 128602 ns
[32.008s][info ][safepoint      ] Safepoint "ICBufferFull", Time since last: 9865861 ns, Reaching safepoint: 114701 ns, At safepoint: 23001 ns, Total: 137702 ns
[32.009s][info ][safepoint      ] Safepoint "ICBufferFull", Time since last: 1485224 ns, Reaching safepoint: 101202 ns, At safepoint: 26000 ns, Total: 127202 ns
[32.010s][info ][safepoint      ] Safepoint "ICBufferFull", Time since last: 763012 ns, Reaching safepoint: 94502 ns, At safepoint: 29900 ns, Total: 124402 ns
[32.011s][info ][safepoint      ] Safepoint "ICBufferFull", Time since last: 709812 ns, Reaching safepoint: 101902 ns, At safepoint: 25400 ns, Total: 127302 ns
[32.012s][info ][safepoint      ] Safepoint "ICBufferFull", Time since last: 694811 ns, Reaching safepoint: 104602 ns, At safepoint: 21500 ns, Total: 126102 ns
[32.013s][info ][safepoint      ] Safepoint "ICBufferFull", Time since last: 1455424 ns, Reaching safepoint: 96102 ns, At safepoint: 28900 ns, Total: 125002 ns
[32.014s][info ][safepoint      ] Safepoint "ICBufferFull", Time since last: 771213 ns, Reaching safepoint: 88201 ns, At safepoint: 22500 ns, Total: 110701 ns
[32.017s][info ][safepoint      ] Safepoint "ICBufferFull", Time since last: 2581442 ns, Reaching safepoint: 119702 ns, At safepoint: 25901 ns, Total: 145603 ns
[32.018s][info ][safepoint      ] Safepoint "ICBufferFull", Time since last: 817013 ns, Reaching safepoint: 88802 ns, At safepoint: 23100 ns, Total: 111902 ns
[32.019s][info ][safepoint      ] Safepoint "ICBufferFull", Time since last: 689111 ns, Reaching safepoint: 63501 ns, At safepoint: 23901 ns, Total: 87402 ns
[32.019s][info ][safepoint      ] Safepoint "ICBufferFull", Time since last: 545908 ns, Reaching safepoint: 85902 ns, At safepoint: 21700 ns, Total: 107602 ns
[32.021s][info ][safepoint      ] Safepoint "ICBufferFull", Time since last: 654711 ns, Reaching safepoint: 795313 ns, At safepoint: 28000 ns, Total: 823313 ns
[32.022s][info ][safepoint      ] Safepoint "ICBufferFull", Time since last: 1443924 ns, Reaching safepoint: 88701 ns, At safepoint: 24000 ns, Total: 112701 ns
[32.025s][info ][safepoint      ] Safepoint "ICBufferFull", Time since last: 2425940 ns, Reaching safepoint: 96501 ns, At safepoint: 19301 ns, Total: 115802 ns
[32.034s][info ][safepoint      ] Safepoint "ICBufferFull", Time since last: 9422653 ns, Reaching safepoint: 119402 ns, At safepoint: 25600 ns, Total: 145002 ns
[32.038s][info ][safepoint      ] Safepoint "ICBufferFull", Time since last: 3302254 ns, Reaching safepoint: 91101 ns, At safepoint: 25401 ns, Total: 116502 ns
[32.039s][info ][safepoint      ] Safepoint "ICBufferFull", Time since last: 1359622 ns, Reaching safepoint: 97302 ns, At safepoint: 22300 ns, Total: 119602 ns
[32.044s][info ][safepoint      ] Safepoint "ICBufferFull", Time since last: 5035082 ns, Reaching safepoint: 95001 ns, At safepoint: 25201 ns, Total: 120202 ns
[32.045s][info ][safepoint      ] Safepoint "ICBufferFull", Time since last: 688311 ns, Reaching safepoint: 66301 ns, At safepoint: 21900 ns, Total: 88201 ns
[32.046s][info ][safepoint      ] Safepoint "ICBufferFull", Time since last: 747312 ns, Reaching safepoint: 55601 ns, At safepoint: 26101 ns, Total: 81702 ns
[32.047s][info ][safepoint      ] Safepoint "ICBufferFull", Time since last: 824113 ns, Reaching safepoint: 94602 ns, At safepoint: 21200 ns, Total: 115802 ns
[32.048s][info ][safepoint      ] Safepoint "ICBufferFull", Time since last: 512008 ns, Reaching safepoint: 102602 ns, At safepoint: 21300 ns, Total: 123902 ns
[32.050s][info ][safepoint      ] Safepoint "ICBufferFull", Time since last: 2370339 ns, Reaching safepoint: 99102 ns, At safepoint: 21100 ns, Total: 120202 ns
[32.051s][info ][safepoint      ] Safepoint "ICBufferFull", Time since last: 741612 ns, Reaching safepoint: 100502 ns, At safepoint: 22000 ns, Total: 122502 ns
[32.052s][info ][safepoint      ] Safepoint "ICBufferFull", Time since last: 783813 ns, Reaching safepoint: 101701 ns, At safepoint: 23501 ns, Total: 125202 ns
[32.053s][info ][safepoint      ] Safepoint "ICBufferFull", Time since last: 741312 ns, Reaching safepoint: 88101 ns, At safepoint: 21401 ns, Total: 109502 ns
[32.055s][info ][safepoint      ] Safepoint "ICBufferFull", Time since last: 2206835 ns, Reaching safepoint: 100802 ns, At safepoint: 24800 ns, Total: 125602 ns
[32.057s][info ][safepoint      ] Safepoint "ICBufferFull", Time since last: 1873831 ns, Reaching safepoint: 92601 ns, At safepoint: 20001 ns, Total: 112602 ns
[32.060s][info ][safepoint      ] Safepoint "ICBufferFull", Time since last: 2328538 ns, Reaching safepoint: 93201 ns, At safepoint: 22901 ns, Total: 116102 ns
[32.062s][info ][safepoint      ] Safepoint "ICBufferFull", Time since last: 2159935 ns, Reaching safepoint: 95201 ns, At safepoint: 22301 ns, Total: 117502 ns
[32.062s][info ][safepoint      ] Safepoint "ICBufferFull", Time since last: 97201 ns, Reaching safepoint: 99102 ns, At safepoint: 23100 ns, Total: 122202 ns
[32.063s][info ][safepoint      ] Safepoint "ICBufferFull", Time since last: 782913 ns, Reaching safepoint: 95201 ns, At safepoint: 21501 ns, Total: 116702 ns
[32.065s][info ][safepoint      ] Safepoint "ICBufferFull", Time since last: 1472724 ns, Reaching safepoint: 101601 ns, At safepoint: 25401 ns, Total: 127002 ns
[32.069s][info ][safepoint      ] Safepoint "ICBufferFull", Time since last: 3886663 ns, Reaching safepoint: 94201 ns, At safepoint: 22501 ns, Total: 116702 ns
[32.070s][info ][safepoint      ] Safepoint "ICBufferFull", Time since last: 1431323 ns, Reaching safepoint: 89102 ns, At safepoint: 21600 ns, Total: 110702 ns
[32.072s][info ][safepoint      ] Safepoint "ICBufferFull", Time since last: 1504724 ns, Reaching safepoint: 87202 ns, At safepoint: 22200 ns, Total: 109402 ns
[32.073s][info ][safepoint      ] Safepoint "ICBufferFull", Time since last: 781913 ns, Reaching safepoint: 87701 ns, At safepoint: 19901 ns, Total: 107602 ns
[32.085s][info ][safepoint      ] Safepoint "ICBufferFull", Time since last: 9882360 ns, Reaching safepoint: 2130535 ns, At safepoint: 37000 ns, Total: 2167535 ns
[32.306s][info ][gc,start       ] GC(77) Pause Young (Allocation Failure)
[32.326s][debug][gc,phases      ] GC(77) Scavenge 19.816ms
[32.326s][debug][gc,ref         ] GC(77) Skipped phase 1 of Reference Processing: no references
[32.326s][debug][gc,ref         ] GC(77) Skipped phase 3 of Reference Processing: no references
[32.326s][debug][gc,phases      ] GC(77) Reference Processing 0.024ms
[32.327s][debug][gc,phases      ] GC(77) Weak Processing 0.526ms
[32.327s][debug][gc,age         ] GC(77) Desired survivor size 96468992 bytes, new threshold 15 (max threshold 15)
[32.327s][info ][gc,heap        ] GC(77) PSYoungGen: 1964224K(2000896K)->66368K(1997824K) Eden: 1901568K(1901568K)->0K(1901568K) From: 62656K(99328K)->66368K(96256K)
[32.327s][info ][gc,heap        ] GC(77) ParOldGen: 388527K(449536K)->389720K(449536K)
[32.327s][info ][gc,metaspace   ] GC(77) Metaspace: 75358K(75904K)->75358K(75904K) NonClass: 64868K(65152K)->64868K(65152K) Class: 10489K(10752K)->10489K(10752K)
[32.327s][info ][gc             ] GC(77) Pause Young (Allocation Failure) 2297M->445M(2390M) 20.508ms
[32.327s][info ][gc,cpu         ] GC(77) User=0.10s Sys=0.00s Real=0.02s
[32.327s][info ][safepoint      ] Safepoint "ParallelGCFailedAllocation", Time since last: 221344398 ns, Reaching safepoint: 174803 ns, At safepoint: 20613135 ns, Total: 20787938 ns
[32.709s][info ][gc,start       ] GC(78) Pause Young (Allocation Failure)
[32.729s][debug][gc,phases      ] GC(78) Scavenge 19.830ms
[32.729s][debug][gc,ref         ] GC(78) Skipped phase 1 of Reference Processing: no references
[32.729s][debug][gc,ref         ] GC(78) Skipped phase 3 of Reference Processing: no references
[32.729s][debug][gc,phases      ] GC(78) Reference Processing 0.032ms
[32.729s][debug][gc,phases      ] GC(78) Weak Processing 0.581ms
[32.729s][debug][gc,age         ] GC(78) Desired survivor size 96468992 bytes, new threshold 15 (max threshold 15)
[32.729s][info ][gc,heap        ] GC(78) PSYoungGen: 1967936K(1997824K)->70336K(2002944K) Eden: 1901568K(1901568K)->0K(1908736K) From: 66368K(96256K)->70336K(94208K)
[32.730s][info ][gc,heap        ] GC(78) ParOldGen: 389720K(449536K)->390576K(449536K)
[32.730s][info ][gc,metaspace   ] GC(78) Metaspace: 75383K(75968K)->75383K(75968K) NonClass: 64887K(65216K)->64887K(65216K) Class: 10496K(10752K)->10496K(10752K)
[32.730s][info ][gc             ] GC(78) Pause Young (Allocation Failure) 2302M->450M(2395M) 20.590ms
[32.730s][info ][gc,cpu         ] GC(78) User=0.09s Sys=0.00s Real=0.02s
[32.730s][info ][safepoint      ] Safepoint "ParallelGCFailedAllocation", Time since last: 382038610 ns, Reaching safepoint: 126702 ns, At safepoint: 20701437 ns, Total: 20828139 ns
[33.134s][info ][gc,start       ] GC(79) Pause Young (Allocation Failure)
[33.155s][debug][gc,phases      ] GC(79) Scavenge 21.412ms
[33.156s][debug][gc,ref         ] GC(79) Skipped phase 1 of Reference Processing: no references
[33.156s][debug][gc,ref         ] GC(79) Skipped phase 3 of Reference Processing: no references
[33.156s][debug][gc,phases      ] GC(79) Reference Processing 0.029ms
[33.156s][debug][gc,phases      ] GC(79) Weak Processing 0.532ms
[33.156s][debug][gc,age         ] GC(79) Desired survivor size 99614720 bytes, new threshold 15 (max threshold 15)
[33.156s][info ][gc,heap        ] GC(79) PSYoungGen: 1979072K(2002944K)->78800K(1987584K) Eden: 1908736K(1908736K)->0K(1908736K) From: 70336K(94208K)->78800K(78848K)
[33.156s][info ][gc,heap        ] GC(79) ParOldGen: 390576K(449536K)->391912K(449536K)
[33.156s][info ][gc,metaspace   ] GC(79) Metaspace: 75417K(75968K)->75417K(75968K) NonClass: 64916K(65216K)->64916K(65216K) Class: 10501K(10752K)->10501K(10752K)
[33.156s][info ][gc             ] GC(79) Pause Young (Allocation Failure) 2314M->459M(2380M) 22.131ms
[33.156s][info ][gc,cpu         ] GC(79) User=0.08s Sys=0.01s Real=0.02s
[33.156s][info ][safepoint      ] Safepoint "ParallelGCFailedAllocation", Time since last: 402172538 ns, Reaching safepoint: 2223836 ns, At safepoint: 22264162 ns, Total: 24487998 ns
[33.559s][info ][gc,start       ] GC(80) Pause Young (Allocation Failure)
[33.582s][debug][gc,phases      ] GC(80) Scavenge 23.456ms
[33.582s][debug][gc,ref         ] GC(80) Skipped phase 1 of Reference Processing: no references
[33.582s][debug][gc,ref         ] GC(80) Skipped phase 3 of Reference Processing: no references
[33.582s][debug][gc,phases      ] GC(80) Reference Processing 0.039ms
[33.583s][debug][gc,phases      ] GC(80) Weak Processing 0.518ms
[33.583s][debug][gc,age         ] GC(80) Desired survivor size 103809024 bytes, new threshold 15 (max threshold 15)
[33.583s][info ][gc,heap        ] GC(80) PSYoungGen: 1987536K(1987584K)->84832K(1991680K) Eden: 1908736K(1908736K)->0K(1894400K) From: 78800K(78848K)->84832K(97280K)
[33.583s][info ][gc,heap        ] GC(80) ParOldGen: 391912K(449536K)->393172K(449536K)
[33.583s][info ][gc,metaspace   ] GC(80) Metaspace: 75446K(76032K)->75446K(76032K) NonClass: 64944K(65280K)->64944K(65280K) Class: 10501K(10752K)->10501K(10752K)
[33.583s][info ][gc             ] GC(80) Pause Young (Allocation Failure) 2323M->466M(2384M) 24.162ms
[33.583s][info ][gc,cpu         ] GC(80) User=0.10s Sys=0.00s Real=0.03s
[33.583s][info ][safepoint      ] Safepoint "ParallelGCFailedAllocation", Time since last: 402025036 ns, Reaching safepoint: 302705 ns, At safepoint: 24269894 ns, Total: 24572599 ns
[33.996s][info ][gc,start       ] GC(81) Pause Young (Allocation Failure)
[34.018s][debug][gc,phases      ] GC(81) Scavenge 21.366ms
[34.018s][debug][gc,ref         ] GC(81) Skipped phase 1 of Reference Processing: no references
[34.018s][debug][gc,ref         ] GC(81) Skipped phase 3 of Reference Processing: no references
[34.018s][debug][gc,phases      ] GC(81) Reference Processing 0.028ms
[34.019s][debug][gc,phases      ] GC(81) Weak Processing 0.570ms
[34.019s][debug][gc,age         ] GC(81) Desired survivor size 109051904 bytes, new threshold 15 (max threshold 15)
[34.019s][info ][gc,heap        ] GC(81) PSYoungGen: 1979232K(1991680K)->90400K(1985024K) Eden: 1894400K(1894400K)->0K(1894400K) From: 84832K(97280K)->90400K(90624K)
[34.019s][info ][gc,heap        ] GC(81) ParOldGen: 393172K(449536K)->393920K(449536K)
[34.019s][info ][gc,metaspace   ] GC(81) Metaspace: 75487K(76096K)->75487K(76096K) NonClass: 64981K(65344K)->64981K(65344K) Class: 10505K(10752K)->10505K(10752K)
[34.019s][info ][gc             ] GC(81) Pause Young (Allocation Failure) 2316M->472M(2377M) 22.115ms
[34.019s][info ][gc,cpu         ] GC(81) User=0.10s Sys=0.00s Real=0.02s
[34.019s][info ][safepoint      ] Safepoint "ParallelGCFailedAllocation", Time since last: 413412321 ns, Reaching safepoint: 188703 ns, At safepoint: 22230962 ns, Total: 22419665 ns
[34.416s][info ][gc,start       ] GC(82) Pause Young (Allocation Failure)
[34.441s][debug][gc,phases      ] GC(82) Scavenge 24.788ms
[34.441s][debug][gc,ref         ] GC(82) Skipped phase 1 of Reference Processing: no references
[34.441s][debug][gc,ref         ] GC(82) Skipped phase 3 of Reference Processing: no references
[34.441s][debug][gc,phases      ] GC(82) Reference Processing 0.024ms
[34.442s][debug][gc,phases      ] GC(82) Weak Processing 0.576ms
[34.442s][debug][gc,age         ] GC(82) Desired survivor size 115867648 bytes, new threshold 15 (max threshold 15)
[34.442s][info ][gc,heap        ] GC(82) PSYoungGen: 1984800K(1985024K)->96624K(1977344K) Eden: 1894400K(1894400K)->0K(1870848K) From: 90400K(90624K)->96624K(106496K)
[34.442s][info ][gc,heap        ] GC(82) ParOldGen: 393920K(449536K)->395525K(449536K)
[34.442s][info ][gc,metaspace   ] GC(82) Metaspace: 75507K(76096K)->75507K(76096K) NonClass: 65001K(65344K)->65001K(65344K) Class: 10505K(10752K)->10505K(10752K)
[34.442s][info ][gc             ] GC(82) Pause Young (Allocation Failure) 2322M->480M(2370M) 25.538ms
[34.442s][info ][gc,cpu         ] GC(82) User=0.09s Sys=0.01s Real=0.03s
[34.442s][info ][safepoint      ] Safepoint "ParallelGCFailedAllocation", Time since last: 397515263 ns, Reaching safepoint: 113002 ns, At safepoint: 25646517 ns, Total: 25759519 ns
[34.847s][info ][gc,start       ] GC(83) Pause Young (Allocation Failure)
[34.867s][debug][gc,phases      ] GC(83) Scavenge 19.721ms
[34.867s][debug][gc,ref         ] GC(83) Skipped phase 1 of Reference Processing: no references
[34.867s][debug][gc,ref         ] GC(83) Skipped phase 3 of Reference Processing: no references
[34.867s][debug][gc,phases      ] GC(83) Reference Processing 0.027ms
[34.868s][debug][gc,phases      ] GC(83) Weak Processing 0.586ms
[34.868s][debug][gc,age         ] GC(83) Desired survivor size 120586240 bytes, new threshold 15 (max threshold 15)
[34.868s][info ][gc,heap        ] GC(83) PSYoungGen: 1967472K(1977344K)->95008K(1966080K) Eden: 1870848K(1870848K)->0K(1870848K) From: 96624K(106496K)->95008K(95232K)
[34.868s][info ][gc,heap        ] GC(83) ParOldGen: 395525K(449536K)->397693K(449536K)
[34.868s][info ][gc,metaspace   ] GC(83) Metaspace: 75566K(76160K)->75566K(76160K) NonClass: 65060K(65408K)->65060K(65408K) Class: 10505K(10752K)->10505K(10752K)
[34.868s][info ][gc             ] GC(83) Pause Young (Allocation Failure) 2307M->481M(2359M) 20.483ms
[34.868s][info ][gc,cpu         ] GC(83) User=0.08s Sys=0.00s Real=0.02s
[34.868s][info ][safepoint      ] Safepoint "ParallelGCFailedAllocation", Time since last: 404402075 ns, Reaching safepoint: 1063318 ns, At safepoint: 20600735 ns, Total: 21664053 ns
[35.252s][info ][gc,start       ] GC(84) Pause Young (Allocation Failure)
[35.278s][debug][gc,phases      ] GC(84) Scavenge 26.030ms
[35.278s][debug][gc,ref         ] GC(84) Skipped phase 1 of Reference Processing: no references
[35.278s][debug][gc,ref         ] GC(84) Skipped phase 3 of Reference Processing: no references
[35.278s][debug][gc,phases      ] GC(84) Reference Processing 0.027ms
[35.279s][debug][gc,phases      ] GC(84) Weak Processing 0.612ms
[35.279s][debug][gc,age         ] GC(84) Desired survivor size 124780544 bytes, new threshold 15 (max threshold 15)
[35.279s][info ][gc,heap        ] GC(84) PSYoungGen: 1965856K(1966080K)->96368K(1971200K) Eden: 1870848K(1870848K)->0K(1853440K) From: 95008K(95232K)->96368K(117760K)
[35.279s][info ][gc,heap        ] GC(84) ParOldGen: 397693K(449536K)->400501K(449536K)
[35.279s][info ][gc,metaspace   ] GC(84) Metaspace: 75577K(76160K)->75577K(76160K) NonClass: 65071K(65408K)->65071K(65408K) Class: 10505K(10752K)->10505K(10752K)
[35.279s][info ][gc             ] GC(84) Pause Young (Allocation Failure) 2308M->485M(2364M) 26.832ms
[35.279s][info ][gc,cpu         ] GC(84) User=0.10s Sys=0.00s Real=0.03s
[35.279s][info ][safepoint      ] Safepoint "ParallelGCFailedAllocation", Time since last: 383760640 ns, Reaching safepoint: 222204 ns, At safepoint: 26961438 ns, Total: 27183642 ns
[35.722s][info ][gc,start       ] GC(85) Pause Young (Allocation Failure)
[35.747s][debug][gc,phases      ] GC(85) Scavenge 25.380ms
[35.747s][debug][gc,ref         ] GC(85) Skipped phase 1 of Reference Processing: no references
[35.748s][debug][gc,ref         ] GC(85) Skipped phase 3 of Reference Processing: no references
[35.748s][debug][gc,phases      ] GC(85) Reference Processing 0.039ms
[35.748s][debug][gc,phases      ] GC(85) Weak Processing 0.545ms
[35.748s][debug][gc,age         ] GC(85) Desired survivor size 127401984 bytes, new threshold 15 (max threshold 15)
[35.748s][info ][gc,heap        ] GC(85) PSYoungGen: 1949808K(1971200K)->95584K(1949184K) Eden: 1853440K(1853440K)->0K(1853440K) From: 96368K(117760K)->95584K(95744K)
[35.748s][info ][gc,heap        ] GC(85) ParOldGen: 400501K(449536K)->406486K(449536K)
[35.748s][info ][gc,metaspace   ] GC(85) Metaspace: 75585K(76224K)->75585K(76224K) NonClass: 65078K(65472K)->65078K(65472K) Class: 10507K(10752K)->10507K(10752K)
[35.748s][info ][gc             ] GC(85) Pause Young (Allocation Failure) 2295M->490M(2342M) 26.121ms
[35.748s][info ][gc,cpu         ] GC(85) User=0.10s Sys=0.00s Real=0.02s
[35.748s][info ][safepoint      ] Safepoint "ParallelGCFailedAllocation", Time since last: 442822401 ns, Reaching safepoint: 195403 ns, At safepoint: 26249427 ns, Total: 26444830 ns
[36.155s][info ][gc,start       ] GC(86) Pause Young (Allocation Failure)
[36.180s][debug][gc,phases      ] GC(86) Scavenge 24.798ms
[36.180s][debug][gc,ref         ] GC(86) Skipped phase 1 of Reference Processing: no references
[36.180s][debug][gc,ref         ] GC(86) Skipped phase 3 of Reference Processing: no references
[36.180s][debug][gc,phases      ] GC(86) Reference Processing 0.026ms
[36.181s][debug][gc,phases      ] GC(86) Weak Processing 0.553ms
[36.181s][debug][gc,age         ] GC(86) Desired survivor size 128450560 bytes, new threshold 15 (max threshold 15)
[36.181s][info ][gc,heap        ] GC(86) PSYoungGen: 1949024K(1949184K)->93392K(1970688K) Eden: 1853440K(1853440K)->0K(1846272K) From: 95584K(95744K)->93392K(124416K)
[36.181s][info ][gc,heap        ] GC(86) ParOldGen: 406486K(449536K)->413308K(449536K)
[36.181s][info ][gc,metaspace   ] GC(86) Metaspace: 75616K(76224K)->75616K(76224K) NonClass: 65109K(65472K)->65109K(65472K) Class: 10507K(10752K)->10507K(10752K)
[36.181s][info ][gc             ] GC(86) Pause Young (Allocation Failure) 2300M->494M(2363M) 25.519ms
[36.181s][info ][gc,cpu         ] GC(86) User=0.10s Sys=0.00s Real=0.02s
[36.181s][info ][safepoint      ] Safepoint "ParallelGCFailedAllocation", Time since last: 406797016 ns, Reaching safepoint: 181903 ns, At safepoint: 25643817 ns, Total: 25825720 ns
[36.597s][info ][gc,start       ] GC(87) Pause Young (Allocation Failure)
[36.619s][debug][gc,phases      ] GC(87) Scavenge 21.790ms
[36.619s][debug][gc,ref         ] GC(87) Skipped phase 1 of Reference Processing: no references
[36.619s][debug][gc,ref         ] GC(87) Skipped phase 3 of Reference Processing: no references
[36.619s][debug][gc,phases      ] GC(87) Reference Processing 0.029ms
[36.619s][debug][gc,phases      ] GC(87) Weak Processing 0.558ms
[36.619s][debug][gc,age         ] GC(87) Desired survivor size 126877696 bytes, new threshold 15 (max threshold 15)
[36.619s][info ][gc,heap        ] GC(87) PSYoungGen: 1939664K(1970688K)->88304K(1971712K) Eden: 1846272K(1846272K)->0K(1846272K) From: 93392K(124416K)->88304K(125440K)
[36.619s][info ][gc,heap        ] GC(87) ParOldGen: 413308K(449536K)->419549K(449536K)
[36.619s][info ][gc,metaspace   ] GC(87) Metaspace: 75644K(76224K)->75644K(76224K) NonClass: 65136K(65472K)->65136K(65472K) Class: 10508K(10752K)->10508K(10752K)
[36.619s][info ][gc             ] GC(87) Pause Young (Allocation Failure) 2297M->495M(2364M) 22.519ms
[36.619s][info ][gc,cpu         ] GC(87) User=0.09s Sys=0.00s Real=0.02s
[36.620s][info ][safepoint      ] Safepoint "ParallelGCFailedAllocation", Time since last: 415878663 ns, Reaching safepoint: 175803 ns, At safepoint: 22635068 ns, Total: 22810871 ns
[37.028s][info ][safepoint      ] Safepoint "ICBufferFull", Time since last: 407758832 ns, Reaching safepoint: 191903 ns, At safepoint: 10700 ns, Total: 202603 ns
[38.213s][info ][safepoint      ] Safepoint "ICBufferFull", Time since last: 1185217179 ns, Reaching safepoint: 183003 ns, At safepoint: 13801 ns, Total: 196804 ns
[38.331s][info ][safepoint      ] Safepoint "ICBufferFull", Time since last: 117814816 ns, Reaching safepoint: 146403 ns, At safepoint: 3000 ns, Total: 149403 ns
[38.344s][info ][gc,start       ] GC(88) Pause Young (Allocation Failure)
[38.367s][debug][gc,phases      ] GC(88) Scavenge 22.897ms
[38.367s][debug][gc,ref         ] GC(88) Skipped phase 1 of Reference Processing: no references
[38.367s][debug][gc,ref         ] GC(88) Skipped phase 3 of Reference Processing: no references
[38.367s][debug][gc,phases      ] GC(88) Reference Processing 0.034ms
[38.368s][debug][gc,phases      ] GC(88) Weak Processing 0.514ms
[38.368s][debug][gc,age         ] GC(88) Desired survivor size 123207680 bytes, new threshold 15 (max threshold 15)
[38.368s][info ][gc,heap        ] GC(88) PSYoungGen: 1934576K(1971712K)->82176K(1976832K) Eden: 1846272K(1846272K)->0K(1852928K) From: 88304K(125440K)->82176K(123904K)
[38.368s][info ][gc,heap        ] GC(88) ParOldGen: 419549K(449536K)->426086K(449536K)
[38.368s][info ][gc,metaspace   ] GC(88) Metaspace: 75762K(76352K)->75762K(76352K) NonClass: 65254K(65600K)->65254K(65600K) Class: 10508K(10752K)->10508K(10752K)
[38.368s][info ][gc             ] GC(88) Pause Young (Allocation Failure) 2298M->496M(2369M) 23.621ms
[38.368s][info ][gc,cpu         ] GC(88) User=0.09s Sys=0.00s Real=0.02s
[38.368s][info ][safepoint      ] Safepoint "ParallelGCFailedAllocation", Time since last: 13297116 ns, Reaching safepoint: 49701 ns, At safepoint: 23702385 ns, Total: 23752086 ns
[39.032s][info ][safepoint      ] Safepoint "ICBufferFull", Time since last: 663418093 ns, Reaching safepoint: 197803 ns, At safepoint: 8400 ns, Total: 206203 ns
[39.780s][info ][safepoint      ] Safepoint "ICBufferFull", Time since last: 748153573 ns, Reaching safepoint: 214603 ns, At safepoint: 13700 ns, Total: 228303 ns
[40.191s][info ][safepoint      ] Safepoint "ICBufferFull", Time since last: 410386778 ns, Reaching safepoint: 229204 ns, At safepoint: 19100 ns, Total: 248304 ns
[40.751s][info ][safepoint      ] Safepoint "ICBufferFull", Time since last: 559796409 ns, Reaching safepoint: 195803 ns, At safepoint: 8900 ns, Total: 204703 ns
[41.458s][info ][safepoint      ] Safepoint "ICBufferFull", Time since last: 707495914 ns, Reaching safepoint: 149402 ns, At safepoint: 8000 ns, Total: 157402 ns
[42.459s][info ][safepoint      ] Safepoint "Cleanup", Time since last: 1000104677 ns, Reaching safepoint: 273205 ns, At safepoint: 13100 ns, Total: 286305 ns
[43.459s][info ][safepoint      ] Safepoint "Cleanup", Time since last: 1000064879 ns, Reaching safepoint: 181002 ns, At safepoint: 8501 ns, Total: 189503 ns
[44.468s][info ][safepoint      ] Safepoint "Cleanup", Time since last: 1008734321 ns, Reaching safepoint: 156403 ns, At safepoint: 11900 ns, Total: 168303 ns
[45.866s][info ][safepoint      ] Safepoint "Cleanup", Time since last: 1398299567 ns, Reaching safepoint: 101401 ns, At safepoint: 10501 ns, Total: 111902 ns
[46.866s][info ][safepoint      ] Safepoint "Cleanup", Time since last: 1000098886 ns, Reaching safepoint: 84001 ns, At safepoint: 9500 ns, Total: 93501 ns
[47.867s][info ][safepoint      ] Safepoint "Cleanup", Time since last: 1000107688 ns, Reaching safepoint: 86302 ns, At safepoint: 10100 ns, Total: 96402 ns
[48.867s][info ][safepoint      ] Safepoint "Cleanup", Time since last: 1000104090 ns, Reaching safepoint: 73801 ns, At safepoint: 4901 ns, Total: 78702 ns
[49.867s][info ][safepoint      ] Safepoint "Cleanup", Time since last: 1000069691 ns, Reaching safepoint: 61201 ns, At safepoint: 5300 ns, Total: 66501 ns
[50.867s][info ][safepoint      ] Safepoint "Cleanup", Time since last: 1000101095 ns, Reaching safepoint: 56501 ns, At safepoint: 5300 ns, Total: 61801 ns
[51.867s][info ][safepoint      ] Safepoint "Cleanup", Time since last: 1000098896 ns, Reaching safepoint: 85102 ns, At safepoint: 11300 ns, Total: 96402 ns
[52.753s][info ][gc,start       ] GC(89) Pause Young (Allocation Failure)
[52.771s][debug][gc,phases      ] GC(89) Scavenge 17.701ms
[52.771s][debug][gc,ref         ] GC(89) Skipped phase 1 of Reference Processing: no references
[52.771s][debug][gc,ref         ] GC(89) Skipped phase 3 of Reference Processing: no references
[52.771s][debug][gc,phases      ] GC(89) Reference Processing 0.035ms
[52.771s][debug][gc,phases      ] GC(89) Weak Processing 0.598ms
[52.771s][debug][gc,age         ] GC(89) Desired survivor size 120061952 bytes, new threshold 15 (max threshold 15)
[52.771s][info ][gc,heap        ] GC(89) PSYoungGen: 1935104K(1976832K)->75888K(1973248K) Eden: 1852928K(1852928K)->0K(1852928K) From: 82176K(123904K)->75888K(120320K)
[52.771s][info ][gc,heap        ] GC(89) ParOldGen: 426086K(449536K)->433260K(449536K)
[52.771s][info ][gc,metaspace   ] GC(89) Metaspace: 76057K(76672K)->76057K(76672K) NonClass: 65532K(65856K)->65532K(65856K) Class: 10525K(10816K)->10525K(10816K)
[52.771s][info ][gc             ] GC(89) Pause Young (Allocation Failure) 2305M->497M(2366M) 18.514ms
[52.771s][info ][gc,cpu         ] GC(89) User=0.07s Sys=0.00s Real=0.02s
[52.771s][info ][safepoint      ] Safepoint "ParallelGCFailedAllocation", Time since last: 885547831 ns, Reaching safepoint: 56701 ns, At safepoint: 18604103 ns, Total: 18660804 ns
[53.772s][info ][safepoint      ] Safepoint "Cleanup", Time since last: 1000072300 ns, Reaching safepoint: 62601 ns, At safepoint: 5600 ns, Total: 68201 ns
[54.772s][info ][safepoint      ] Safepoint "Cleanup", Time since last: 1000100103 ns, Reaching safepoint: 120102 ns, At safepoint: 11300 ns, Total: 131402 ns
[55.850s][info ][safepoint      ] Safepoint "ICBufferFull", Time since last: 1078372380 ns, Reaching safepoint: 208104 ns, At safepoint: 6000 ns, Total: 214104 ns
[56.851s][info ][safepoint      ] Safepoint "Cleanup", Time since last: 1000111207 ns, Reaching safepoint: 248504 ns, At safepoint: 8600 ns, Total: 257104 ns
[57.851s][info ][safepoint      ] Safepoint "Cleanup", Time since last: 1000095208 ns, Reaching safepoint: 142503 ns, At safepoint: 11500 ns, Total: 154003 ns
[58.851s][info ][safepoint      ] Safepoint "Cleanup", Time since last: 1000115611 ns, Reaching safepoint: 125602 ns, At safepoint: 9700 ns, Total: 135302 ns
[59.852s][info ][safepoint      ] Safepoint "Cleanup", Time since last: 1000055612 ns, Reaching safepoint: 142102 ns, At safepoint: 10200 ns, Total: 152302 ns
[60.852s][info ][safepoint      ] Safepoint "Cleanup", Time since last: 1000104215 ns, Reaching safepoint: 156903 ns, At safepoint: 6900 ns, Total: 163803 ns
[61.852s][info ][safepoint      ] Safepoint "Cleanup", Time since last: 1000104417 ns, Reaching safepoint: 149102 ns, At safepoint: 8600 ns, Total: 157702 ns
[62.984s][info ][safepoint      ] Safepoint "Cleanup", Time since last: 1131500263 ns, Reaching safepoint: 86301 ns, At safepoint: 8501 ns, Total: 94802 ns
[64.151s][info ][safepoint      ] Safepoint "Cleanup", Time since last: 1166751140 ns, Reaching safepoint: 182903 ns, At safepoint: 11201 ns, Total: 194104 ns
[65.151s][info ][safepoint      ] Safepoint "Cleanup", Time since last: 1000099323 ns, Reaching safepoint: 124102 ns, At safepoint: 9500 ns, Total: 133602 ns
[66.151s][info ][safepoint      ] Safepoint "Cleanup", Time since last: 1000120526 ns, Reaching safepoint: 121702 ns, At safepoint: 10600 ns, Total: 132302 ns
[67.151s][info ][safepoint      ] Safepoint "Cleanup", Time since last: 1000109627 ns, Reaching safepoint: 126002 ns, At safepoint: 9101 ns, Total: 135103 ns
[68.152s][info ][safepoint      ] Safepoint "Cleanup", Time since last: 1000110829 ns, Reaching safepoint: 67701 ns, At safepoint: 14700 ns, Total: 82401 ns
[69.152s][info ][safepoint      ] Safepoint "Cleanup", Time since last: 1000107032 ns, Reaching safepoint: 150202 ns, At safepoint: 9100 ns, Total: 159302 ns
[70.152s][info ][safepoint      ] Safepoint "Cleanup", Time since last: 1000103634 ns, Reaching safepoint: 122502 ns, At safepoint: 10900 ns, Total: 133402 ns
[70.850s][info ][gc,start       ] GC(90) Pause Young (Allocation Failure)
[70.869s][debug][gc,phases      ] GC(90) Scavenge 19.640ms
[70.869s][debug][gc,ref         ] GC(90) Skipped phase 1 of Reference Processing: no references
[70.869s][debug][gc,ref         ] GC(90) Skipped phase 3 of Reference Processing: no references
[70.869s][debug][gc,phases      ] GC(90) Reference Processing 0.033ms
[70.870s][debug][gc,phases      ] GC(90) Weak Processing 0.615ms
[70.870s][debug][gc,age         ] GC(90) Desired survivor size 117964800 bytes, new threshold 15 (max threshold 15)
[70.870s][info ][gc,heap        ] GC(90) PSYoungGen: 1928816K(1973248K)->69984K(1981952K) Eden: 1852928K(1852928K)->0K(1864704K) From: 75888K(120320K)->69984K(117248K)
[70.870s][info ][gc,heap        ] GC(90) ParOldGen: 433260K(449536K)->440197K(449536K)
[70.870s][info ][gc,metaspace   ] GC(90) Metaspace: 76148K(76800K)->76148K(76800K) NonClass: 65615K(65984K)->65615K(65984K) Class: 10532K(10816K)->10532K(10816K)
[70.870s][info ][gc             ] GC(90) Pause Young (Allocation Failure) 2306M->498M(2374M) 20.471ms
[70.870s][info ][gc,cpu         ] GC(90) User=0.07s Sys=0.02s Real=0.02s
[70.870s][debug][gc,phases      ] GC(91) Pre Compact 0.010ms
[70.870s][info ][gc,start       ] GC(91) Pause Full (Ergonomics)
[70.870s][info ][gc,phases,start] GC(91) Marking Phase
[71.021s][debug][gc,phases      ] GC(91) Par Mark 150.807ms
[71.021s][debug][gc,ref         ] GC(91) Skipped phase 1 of Reference Processing: no references
[71.021s][debug][gc,phases      ] GC(91) Reference Processing 0.318ms
[71.022s][debug][gc,phases      ] GC(91) Weak Processing 0.542ms
[71.022s][debug][gc,phases      ] GC(91) ClassLoaderData 0.066ms
[71.022s][debug][gc,phases      ] GC(91) Trigger cleanups 0.000ms
[71.035s][debug][gc,phases      ] GC(91) Class Unloading 12.772ms
[71.035s][info ][gc,phases      ] GC(91) Marking Phase 164.602ms
[71.035s][info ][gc,phases,start] GC(91) Summary Phase
[71.035s][info ][gc,phases      ] GC(91) Summary Phase 0.011ms
[71.035s][info ][gc,phases,start] GC(91) Adjust Roots
[71.049s][info ][gc,phases      ] GC(91) Adjust Roots 14.167ms
[71.049s][info ][gc,phases,start] GC(91) Compaction Phase
[71.213s][info ][gc,phases      ] GC(91) Compaction Phase 163.873ms
[71.213s][info ][gc,phases,start] GC(91) Post Compact
[71.214s][info ][gc,phases      ] GC(91) Post Compact 1.364ms
[71.215s][info ][gc,heap        ] GC(91) PSYoungGen: 69984K(1981952K)->49512K(1981952K) Eden: 0K(1864704K)->0K(1864704K) From: 69984K(117248K)->49512K(117248K)
[71.215s][info ][gc,heap        ] GC(91) ParOldGen: 440197K(449536K)->449492K(537088K)
[71.215s][info ][gc,metaspace   ] GC(91) Metaspace: 76148K(76800K)->76148K(76800K) NonClass: 65615K(65984K)->65615K(65984K) Class: 10532K(10816K)->10532K(10816K)
[71.215s][info ][gc             ] GC(91) Pause Full (Ergonomics) 498M->487M(2460M) 344.358ms
[71.215s][info ][gc,cpu         ] GC(91) User=1.26s Sys=0.00s Real=0.35s
[71.215s][info ][safepoint      ] Safepoint "ParallelGCFailedAllocation", Time since last: 697522893 ns, Reaching safepoint: 117702 ns, At safepoint: 364973661 ns, Total: 365091363 ns
[72.215s][info ][safepoint      ] Safepoint "Cleanup", Time since last: 1000089538 ns, Reaching safepoint: 66201 ns, At safepoint: 5500 ns, Total: 71701 ns
[73.215s][info ][safepoint      ] Safepoint "Cleanup", Time since last: 1000063739 ns, Reaching safepoint: 140902 ns, At safepoint: 8800 ns, Total: 149702 ns
[74.215s][info ][safepoint      ] Safepoint "Cleanup", Time since last: 1000111042 ns, Reaching safepoint: 95501 ns, At safepoint: 5600 ns, Total: 101101 ns
[75.215s][info ][safepoint      ] Safepoint "Cleanup", Time since last: 1000104944 ns, Reaching safepoint: 50300 ns, At safepoint: 7300 ns, Total: 57600 ns
[76.216s][info ][safepoint      ] Safepoint "Cleanup", Time since last: 1000111246 ns, Reaching safepoint: 80001 ns, At safepoint: 8000 ns, Total: 88001 ns
[77.216s][info ][safepoint      ] Safepoint "Cleanup", Time since last: 1000109748 ns, Reaching safepoint: 55501 ns, At safepoint: 6400 ns, Total: 61901 ns
[77.850s][info ][safepoint      ] Safepoint "ICBufferFull", Time since last: 634106265 ns, Reaching safepoint: 195504 ns, At safepoint: 11500 ns, Total: 207004 ns
[78.782s][info ][safepoint      ] Safepoint "ICBufferFull", Time since last: 931779333 ns, Reaching safepoint: 377006 ns, At safepoint: 10401 ns, Total: 387407 ns
[79.782s][info ][safepoint      ] Safepoint "Cleanup", Time since last: 1000083951 ns, Reaching safepoint: 86802 ns, At safepoint: 8600 ns, Total: 95402 ns
[80.555s][info ][safepoint      ] Safepoint "ICBufferFull", Time since last: 753583123 ns, Reaching safepoint: 18909009 ns, At safepoint: 12200 ns, Total: 18921209 ns
[81.555s][info ][safepoint      ] Safepoint "Cleanup", Time since last: 1000158857 ns, Reaching safepoint: 134102 ns, At safepoint: 10400 ns, Total: 144502 ns
[82.556s][info ][safepoint      ] Safepoint "Cleanup", Time since last: 1000114658 ns, Reaching safepoint: 165103 ns, At safepoint: 8900 ns, Total: 174003 ns
[83.556s][info ][safepoint      ] Safepoint "Cleanup", Time since last: 1000102859 ns, Reaching safepoint: 626111 ns, At safepoint: 12800 ns, Total: 638911 ns
[84.557s][info ][safepoint      ] Safepoint "Cleanup", Time since last: 1000115662 ns, Reaching safepoint: 151102 ns, At safepoint: 9900 ns, Total: 161002 ns
[86.557s][info ][safepoint      ] Safepoint "Cleanup", Time since last: 2000179629 ns, Reaching safepoint: 114701 ns, At safepoint: 6501 ns, Total: 121202 ns
[86.751s][info ][gc,start       ] GC(92) Pause Young (Allocation Failure)
[86.798s][debug][gc,phases      ] GC(92) Scavenge 47.358ms
[86.798s][debug][gc,ref         ] GC(92) Skipped phase 1 of Reference Processing: no references
[86.798s][debug][gc,ref         ] GC(92) Skipped phase 3 of Reference Processing: no references
[86.798s][debug][gc,phases      ] GC(92) Reference Processing 0.044ms
[86.799s][debug][gc,phases      ] GC(92) Weak Processing 0.524ms
[86.799s][debug][gc,age         ] GC(92) Desired survivor size 121110528 bytes, new threshold 15 (max threshold 15)
[86.799s][info ][gc,heap        ] GC(92) PSYoungGen: 1914216K(1981952K)->41376K(1906176K) Eden: 1864704K(1864704K)->0K(1864704K) From: 49512K(117248K)->41376K(41472K)
[86.799s][info ][gc,heap        ] GC(92) ParOldGen: 449492K(537088K)->458999K(537088K)
[86.799s][info ][gc,metaspace   ] GC(92) Metaspace: 76838K(77504K)->76838K(77504K) NonClass: 66237K(66560K)->66237K(66560K) Class: 10600K(10944K)->10600K(10944K)
[86.799s][info ][gc             ] GC(92) Pause Young (Allocation Failure) 2308M->488M(2386M) 48.063ms
[86.799s][info ][gc,cpu         ] GC(92) User=0.18s Sys=0.00s Real=0.05s
[86.799s][info ][safepoint      ] Safepoint "ParallelGCFailedAllocation", Time since last: 193741970 ns, Reaching safepoint: 52201 ns, At safepoint: 48138588 ns, Total: 48190789 ns
[87.799s][info ][safepoint      ] Safepoint "Cleanup", Time since last: 1000094467 ns, Reaching safepoint: 60801 ns, At safepoint: 10500 ns, Total: 71301 ns
[88.799s][info ][safepoint      ] Safepoint "Cleanup", Time since last: 1000112770 ns, Reaching safepoint: 198503 ns, At safepoint: 10101 ns, Total: 208604 ns
[89.800s][info ][safepoint      ] Safepoint "Cleanup", Time since last: 1000102971 ns, Reaching safepoint: 160803 ns, At safepoint: 19400 ns, Total: 180203 ns
[90.800s][info ][safepoint      ] Safepoint "Cleanup", Time since last: 1000097673 ns, Reaching safepoint: 133103 ns, At safepoint: 9400 ns, Total: 142503 ns
[91.723s][info ][safepoint      ] Safepoint "ICBufferFull", Time since last: 922829310 ns, Reaching safepoint: 197803 ns, At safepoint: 8200 ns, Total: 206003 ns
[92.723s][info ][safepoint      ] Safepoint "Cleanup", Time since last: 1000099877 ns, Reaching safepoint: 86302 ns, At safepoint: 5700 ns, Total: 92002 ns
[93.723s][info ][safepoint      ] Safepoint "Cleanup", Time since last: 1000105179 ns, Reaching safepoint: 101301 ns, At safepoint: 8801 ns, Total: 110102 ns
[94.690s][info ][safepoint      ] Safepoint "ICBufferFull", Time since last: 966882236 ns, Reaching safepoint: 272805 ns, At safepoint: 5900 ns, Total: 278705 ns
[95.700s][info ][safepoint      ] Safepoint "Cleanup", Time since last: 1009961544 ns, Reaching safepoint: 142902 ns, At safepoint: 10501 ns, Total: 153403 ns
[96.701s][info ][safepoint      ] Safepoint "Cleanup", Time since last: 1000108484 ns, Reaching safepoint: 180503 ns, At safepoint: 7800 ns, Total: 188303 ns
[97.701s][info ][safepoint      ] Safepoint "Cleanup", Time since last: 1000111287 ns, Reaching safepoint: 153503 ns, At safepoint: 9300 ns, Total: 162803 ns
[98.701s][info ][safepoint      ] Safepoint "Cleanup", Time since last: 1000116488 ns, Reaching safepoint: 123902 ns, At safepoint: 7901 ns, Total: 131803 ns
[99.702s][info ][safepoint      ] Safepoint "Cleanup", Time since last: 1000113990 ns, Reaching safepoint: 133402 ns, At safepoint: 10100 ns, Total: 143502 ns
[100.702s][info ][safepoint      ] Safepoint "Cleanup", Time since last: 1000121093 ns, Reaching safepoint: 99401 ns, At safepoint: 12101 ns, Total: 111502 ns
[101.702s][info ][safepoint      ] Safepoint "Cleanup", Time since last: 1000105794 ns, Reaching safepoint: 122402 ns, At safepoint: 7400 ns, Total: 129802 ns
[102.702s][info ][safepoint      ] Safepoint "Cleanup", Time since last: 1000108796 ns, Reaching safepoint: 135902 ns, At safepoint: 7400 ns, Total: 143302 ns
[103.000s][info ][gc,start       ] GC(93) Pause Young (Allocation Failure)
[103.012s][debug][gc,phases      ] GC(93) Scavenge 11.848ms
[103.012s][debug][gc,ref         ] GC(93) Skipped phase 1 of Reference Processing: no references
[103.012s][debug][gc,ref         ] GC(93) Skipped phase 3 of Reference Processing: no references
[103.012s][debug][gc,phases      ] GC(93) Reference Processing 0.039ms
[103.013s][debug][gc,phases      ] GC(93) Weak Processing 0.587ms
[103.013s][debug][gc,age         ] GC(93) Desired survivor size 124256256 bytes, new threshold 15 (max threshold 15)
[103.013s][info ][gc,heap        ] GC(93) PSYoungGen: 1906080K(1906176K)->32592K(1972736K) Eden: 1864704K(1864704K)->0K(1854464K) From: 41376K(41472K)->32592K(118272K)
[103.013s][info ][gc,heap        ] GC(93) ParOldGen: 458999K(537088K)->463192K(537088K)
[103.013s][info ][gc,metaspace   ] GC(93) Metaspace: 77125K(77824K)->77125K(77824K) NonClass: 66508K(66880K)->66508K(66880K) Class: 10617K(10944K)->10617K(10944K)
[103.013s][info ][gc             ] GC(93) Pause Young (Allocation Failure) 2309M->484M(2451M) 12.621ms
[103.013s][info ][gc,cpu         ] GC(93) User=0.05s Sys=0.00s Real=0.01s
[103.013s][info ][safepoint      ] Safepoint "ParallelGCFailedAllocation", Time since last: 297579479 ns, Reaching safepoint: 51401 ns, At safepoint: 12708608 ns, Total: 12760009 ns
[104.013s][info ][safepoint      ] Safepoint "Cleanup", Time since last: 1000081298 ns, Reaching safepoint: 62401 ns, At safepoint: 12200 ns, Total: 74601 ns
[105.013s][info ][safepoint      ] Safepoint "Cleanup", Time since last: 1000107500 ns, Reaching safepoint: 55901 ns, At safepoint: 5500 ns, Total: 61401 ns
[107.013s][info ][safepoint      ] Safepoint "Cleanup", Time since last: 2000219606 ns, Reaching safepoint: 55901 ns, At safepoint: 8400 ns, Total: 64301 ns
[108.013s][info ][safepoint      ] Safepoint "Cleanup", Time since last: 1000103906 ns, Reaching safepoint: 117002 ns, At safepoint: 15500 ns, Total: 132502 ns
[109.014s][info ][safepoint      ] Safepoint "Cleanup", Time since last: 1000113508 ns, Reaching safepoint: 144502 ns, At safepoint: 11401 ns, Total: 155903 ns
[110.014s][info ][safepoint      ] Safepoint "Cleanup", Time since last: 1000112609 ns, Reaching safepoint: 45901 ns, At safepoint: 2300 ns, Total: 48201 ns
[111.014s][info ][safepoint      ] Safepoint "Cleanup", Time since last: 1000106611 ns, Reaching safepoint: 57501 ns, At safepoint: 15200 ns, Total: 72701 ns
[112.014s][info ][safepoint      ] Safepoint "Cleanup", Time since last: 1000101813 ns, Reaching safepoint: 47601 ns, At safepoint: 2500 ns, Total: 50101 ns
[113.014s][info ][safepoint      ] Safepoint "Cleanup", Time since last: 1000110115 ns, Reaching safepoint: 46601 ns, At safepoint: 6200 ns, Total: 52801 ns
[114.015s][info ][safepoint      ] Safepoint "Cleanup", Time since last: 1000111817 ns, Reaching safepoint: 136002 ns, At safepoint: 9500 ns, Total: 145502 ns
[115.015s][info ][safepoint      ] Safepoint "Cleanup", Time since last: 1000100919 ns, Reaching safepoint: 64001 ns, At safepoint: 7500 ns, Total: 71501 ns
[116.015s][info ][safepoint      ] Safepoint "Cleanup", Time since last: 1000102620 ns, Reaching safepoint: 47001 ns, At safepoint: 2200 ns, Total: 49201 ns
[117.015s][info ][safepoint      ] Safepoint "Cleanup", Time since last: 1000103722 ns, Reaching safepoint: 72301 ns, At safepoint: 7600 ns, Total: 79901 ns
[118.015s][info ][safepoint      ] Safepoint "Cleanup", Time since last: 1000122924 ns, Reaching safepoint: 138403 ns, At safepoint: 12500 ns, Total: 150903 ns
[118.855s][info ][gc,start       ] GC(94) Pause Young (Allocation Failure)
[118.869s][debug][gc,phases      ] GC(94) Scavenge 13.734ms
[118.869s][debug][gc,ref         ] GC(94) Skipped phase 1 of Reference Processing: no references
[118.869s][debug][gc,ref         ] GC(94) Skipped phase 3 of Reference Processing: no references
[118.869s][debug][gc,phases      ] GC(94) Reference Processing 0.040ms
[118.869s][debug][gc,phases      ] GC(94) Weak Processing 0.630ms
[118.869s][debug][gc,age         ] GC(94) Desired survivor size 124256256 bytes, new threshold 15 (max threshold 15)
[118.869s][info ][gc,heap        ] GC(94) PSYoungGen: 1887056K(1972736K)->41216K(1975808K) Eden: 1854464K(1854464K)->0K(1854464K) From: 32592K(118272K)->41216K(121344K)
[118.869s][info ][gc,heap        ] GC(94) ParOldGen: 463192K(537088K)->467949K(537088K)
[118.870s][info ][gc,metaspace   ] GC(94) Metaspace: 77162K(77888K)->77162K(77888K) NonClass: 66543K(66944K)->66543K(66944K) Class: 10619K(10944K)->10619K(10944K)
[118.870s][info ][gc             ] GC(94) Pause Young (Allocation Failure) 2295M->497M(2454M) 14.556ms
[118.870s][info ][gc,cpu         ] GC(94) User=0.05s Sys=0.00s Real=0.01s
[118.870s][info ][safepoint      ] Safepoint "ParallelGCFailedAllocation", Time since last: 839425087 ns, Reaching safepoint: 68501 ns, At safepoint: 14636240 ns, Total: 14704741 ns
[119.870s][info ][safepoint      ] Safepoint "Cleanup", Time since last: 1000084027 ns, Reaching safepoint: 58901 ns, At safepoint: 5800 ns, Total: 64701 ns
[120.870s][info ][safepoint      ] Safepoint "Cleanup", Time since last: 1000112229 ns, Reaching safepoint: 62001 ns, At safepoint: 6300 ns, Total: 68301 ns
[121.870s][info ][safepoint      ] Safepoint "Cleanup", Time since last: 1000101331 ns, Reaching safepoint: 95202 ns, At safepoint: 4900 ns, Total: 100102 ns
[122.870s][info ][safepoint      ] Safepoint "Cleanup", Time since last: 1000074232 ns, Reaching safepoint: 53001 ns, At safepoint: 7300 ns, Total: 60301 ns
[123.870s][info ][safepoint      ] Safepoint "Cleanup", Time since last: 1000102034 ns, Reaching safepoint: 50601 ns, At safepoint: 6600 ns, Total: 57201 ns
[124.871s][info ][safepoint      ] Safepoint "Cleanup", Time since last: 1000104037 ns, Reaching safepoint: 53300 ns, At safepoint: 5801 ns, Total: 59101 ns
[125.871s][info ][safepoint      ] Safepoint "Cleanup", Time since last: 1000099137 ns, Reaching safepoint: 86702 ns, At safepoint: 7700 ns, Total: 94402 ns
[127.671s][info ][safepoint      ] Safepoint "Cleanup", Time since last: 1800236194 ns, Reaching safepoint: 99801 ns, At safepoint: 7701 ns, Total: 107502 ns
[128.671s][info ][safepoint      ] Safepoint "Cleanup", Time since last: 1000101642 ns, Reaching safepoint: 43801 ns, At safepoint: 8800 ns, Total: 52601 ns
[129.671s][info ][safepoint      ] Safepoint "Cleanup", Time since last: 1000112245 ns, Reaching safepoint: 54901 ns, At safepoint: 5700 ns, Total: 60601 ns
[130.672s][info ][safepoint      ] Safepoint "Cleanup", Time since last: 1000100247 ns, Reaching safepoint: 57201 ns, At safepoint: 7000 ns, Total: 64201 ns
[131.672s][info ][safepoint      ] Safepoint "Cleanup", Time since last: 1000095748 ns, Reaching safepoint: 50501 ns, At safepoint: 10200 ns, Total: 60701 ns
[132.672s][info ][safepoint      ] Safepoint "Cleanup", Time since last: 1000095350 ns, Reaching safepoint: 48200 ns, At safepoint: 15901 ns, Total: 64101 ns
[133.672s][info ][safepoint      ] Safepoint "Cleanup", Time since last: 1000064851 ns, Reaching safepoint: 64701 ns, At safepoint: 7900 ns, Total: 72601 ns
[134.672s][info ][safepoint      ] Safepoint "Cleanup", Time since last: 1000100253 ns, Reaching safepoint: 55401 ns, At safepoint: 6000 ns, Total: 61401 ns
[135.505s][info ][gc,start       ] GC(95) Pause Young (Allocation Failure)
[135.517s][debug][gc,phases      ] GC(95) Scavenge 12.014ms
[135.517s][debug][gc,ref         ] GC(95) Skipped phase 1 of Reference Processing: no references
[135.517s][debug][gc,ref         ] GC(95) Skipped phase 3 of Reference Processing: no references
[135.517s][debug][gc,phases      ] GC(95) Reference Processing 0.035ms
[135.518s][debug][gc,phases      ] GC(95) Weak Processing 0.540ms
[135.518s][debug][gc,age         ] GC(95) Desired survivor size 124256256 bytes, new threshold 15 (max threshold 15)
[135.518s][info ][gc,heap        ] GC(95) PSYoungGen: 1895680K(1975808K)->38016K(1975808K) Eden: 1854464K(1854464K)->0K(1854464K) From: 41216K(121344K)->38016K(121344K)
[135.518s][info ][gc,heap        ] GC(95) ParOldGen: 467949K(537088K)->470817K(537088K)
[135.518s][info ][gc,metaspace   ] GC(95) Metaspace: 77207K(77888K)->77207K(77888K) NonClass: 66586K(66944K)->66586K(66944K) Class: 10621K(10944K)->10621K(10944K)
[135.518s][info ][gc             ] GC(95) Pause Young (Allocation Failure) 2308M->496M(2454M) 12.746ms
[135.518s][info ][gc,cpu         ] GC(95) User=0.04s Sys=0.01s Real=0.01s
[135.518s][info ][safepoint      ] Safepoint "ParallelGCFailedAllocation", Time since last: 832684601 ns, Reaching safepoint: 50901 ns, At safepoint: 12843511 ns, Total: 12894412 ns
[136.518s][info ][safepoint      ] Safepoint "Cleanup", Time since last: 1000081156 ns, Reaching safepoint: 176503 ns, At safepoint: 16701 ns, Total: 193204 ns
[137.518s][info ][safepoint      ] Safepoint "Cleanup", Time since last: 1000097158 ns, Reaching safepoint: 70101 ns, At safepoint: 17900 ns, Total: 88001 ns
[139.518s][info ][safepoint      ] Safepoint "Cleanup", Time since last: 2000173322 ns, Reaching safepoint: 45001 ns, At safepoint: 7500 ns, Total: 52501 ns
[189.522s][info ][safepoint      ] Safepoint "Cleanup", Time since last: 50003239293 ns, Reaching safepoint: 76701 ns, At safepoint: 5400 ns, Total: 82101 ns
[194.522s][info ][safepoint      ] Safepoint "Cleanup", Time since last: 5000326672 ns, Reaching safepoint: 52300 ns, At safepoint: 3600 ns, Total: 55900 ns
[197.522s][info ][safepoint      ] Safepoint "Cleanup", Time since last: 3000216889 ns, Reaching safepoint: 42600 ns, At safepoint: 2301 ns, Total: 44901 ns
[209.523s][info ][safepoint      ] Safepoint "Cleanup", Time since last: 12000713737 ns, Reaching safepoint: 35801 ns, At safepoint: 2100 ns, Total: 37901 ns
[217.524s][info ][safepoint      ] Safepoint "Cleanup", Time since last: 8000520690 ns, Reaching safepoint: 133802 ns, At safepoint: 6700 ns, Total: 140502 ns
[218.009s][info ][safepoint      ] Safepoint "ICBufferFull", Time since last: 485441016 ns, Reaching safepoint: 169602 ns, At safepoint: 13101 ns, Total: 182703 ns
[218.449s][info ][safepoint      ] Safepoint "ICBufferFull", Time since last: 439502567 ns, Reaching safepoint: 241004 ns, At safepoint: 10400 ns, Total: 251404 ns
[218.562s][info ][safepoint      ] Safepoint "ICBufferFull", Time since last: 112446034 ns, Reaching safepoint: 140002 ns, At safepoint: 8600 ns, Total: 148602 ns
[218.696s][info ][safepoint      ] Safepoint "ICBufferFull", Time since last: 133782682 ns, Reaching safepoint: 116302 ns, At safepoint: 10500 ns, Total: 126802 ns
[219.069s][info ][safepoint      ] Safepoint "ICBufferFull", Time since last: 372753179 ns, Reaching safepoint: 139902 ns, At safepoint: 5300 ns, Total: 145202 ns
[219.108s][info ][safepoint      ] Safepoint "ParallelGCFailedAllocation", Time since last: 39301041 ns, Reaching safepoint: 34901 ns, At safepoint: 11500 ns, Total: 46401 ns
[219.108s][info ][gc,start       ] GC(96) Pause Young (GCLocker Initiated GC)
[219.136s][debug][gc,phases      ] GC(96) Scavenge 27.808ms
[219.136s][debug][gc,ref         ] GC(96) Skipped phase 1 of Reference Processing: no references
[219.136s][debug][gc,ref         ] GC(96) Skipped phase 3 of Reference Processing: no references
[219.136s][debug][gc,phases      ] GC(96) Reference Processing 0.053ms
[219.137s][debug][gc,phases      ] GC(96) Weak Processing 0.644ms
[219.137s][debug][gc,age         ] GC(96) Desired survivor size 136314880 bytes, new threshold 15 (max threshold 15)
[219.137s][info ][gc,heap        ] GC(96) PSYoungGen: 1892480K(1975808K)->112483K(1967104K) Eden: 1854464K(1854464K)->0K(1854464K) From: 38016K(121344K)->112483K(112640K)
[219.137s][info ][gc,heap        ] GC(96) ParOldGen: 470818K(537088K)->473454K(537088K)
[219.137s][info ][gc,metaspace   ] GC(96) Metaspace: 77460K(78080K)->77460K(78080K) NonClass: 66815K(67136K)->66815K(67136K) Class: 10644K(10944K)->10644K(10944K)
[219.137s][info ][gc             ] GC(96) Pause Young (GCLocker Initiated GC) 2307M->572M(2445M) 28.707ms
[219.137s][info ][gc,cpu         ] GC(96) User=0.14s Sys=0.00s Real=0.03s
[219.137s][info ][safepoint      ] Safepoint "ParallelGCSystemGC", Time since last: 60101 ns, Reaching safepoint: 15400 ns, At safepoint: 28781470 ns, Total: 28796870 ns
[219.781s][info ][safepoint      ] Safepoint "ICBufferFull", Time since last: 643813900 ns, Reaching safepoint: 196503 ns, At safepoint: 20700 ns, Total: 217203 ns
[220.781s][info ][safepoint      ] Safepoint "Cleanup", Time since last: 1000116914 ns, Reaching safepoint: 107701 ns, At safepoint: 10401 ns, Total: 118102 ns
[221.781s][info ][safepoint      ] Safepoint "Cleanup", Time since last: 1000113715 ns, Reaching safepoint: 100401 ns, At safepoint: 6000 ns, Total: 106401 ns
[223.105s][info ][safepoint      ] Safepoint "Cleanup", Time since last: 1323283891 ns, Reaching safepoint: 196003 ns, At safepoint: 12300 ns, Total: 208303 ns
[224.105s][info ][safepoint      ] Safepoint "Cleanup", Time since last: 1000099120 ns, Reaching safepoint: 151702 ns, At safepoint: 8000 ns, Total: 159702 ns
[225.105s][info ][safepoint      ] Safepoint "Cleanup", Time since last: 1000087721 ns, Reaching safepoint: 118002 ns, At safepoint: 10001 ns, Total: 128003 ns
[226.106s][info ][safepoint      ] Safepoint "Cleanup", Time since last: 1000101023 ns, Reaching safepoint: 157403 ns, At safepoint: 9900 ns, Total: 167303 ns
[227.106s][info ][safepoint      ] Safepoint "Cleanup", Time since last: 1000105825 ns, Reaching safepoint: 129903 ns, At safepoint: 10200 ns, Total: 140103 ns
[228.106s][info ][safepoint      ] Safepoint "Cleanup", Time since last: 1000112127 ns, Reaching safepoint: 52701 ns, At safepoint: 3500 ns, Total: 56201 ns
[229.106s][info ][safepoint      ] Safepoint "Cleanup", Time since last: 1000112030 ns, Reaching safepoint: 43701 ns, At safepoint: 6100 ns, Total: 49801 ns
[230.106s][info ][safepoint      ] Safepoint "Cleanup", Time since last: 1000108331 ns, Reaching safepoint: 141703 ns, At safepoint: 11700 ns, Total: 153403 ns
[231.107s][info ][safepoint      ] Safepoint "Cleanup", Time since last: 1000107033 ns, Reaching safepoint: 76101 ns, At safepoint: 5401 ns, Total: 81502 ns
[232.107s][info ][safepoint      ] Safepoint "Cleanup", Time since last: 1000106435 ns, Reaching safepoint: 87101 ns, At safepoint: 11101 ns, Total: 98202 ns
[233.107s][info ][safepoint      ] Safepoint "Cleanup", Time since last: 1000107737 ns, Reaching safepoint: 72901 ns, At safepoint: 8800 ns, Total: 81701 ns
[234.107s][info ][safepoint      ] Safepoint "Cleanup", Time since last: 1000101840 ns, Reaching safepoint: 143602 ns, At safepoint: 8000 ns, Total: 151602 ns
[235.107s][info ][safepoint      ] Safepoint "Cleanup", Time since last: 1000103541 ns, Reaching safepoint: 48801 ns, At safepoint: 5800 ns, Total: 54601 ns
[236.108s][info ][safepoint      ] Safepoint "Cleanup", Time since last: 1000097843 ns, Reaching safepoint: 47901 ns, At safepoint: 4600 ns, Total: 52501 ns
[236.652s][info ][gc,start       ] GC(97) Pause Young (Allocation Failure)
[236.686s][debug][gc,phases      ] GC(97) Scavenge 33.515ms
[236.686s][debug][gc,ref         ] GC(97) Skipped phase 1 of Reference Processing: no references
[236.686s][debug][gc,phases      ] GC(97) Reference Processing 0.072ms
[236.686s][debug][gc,phases      ] GC(97) Weak Processing 0.599ms
[236.686s][debug][gc,age         ] GC(97) Desired survivor size 159907840 bytes, new threshold 14 (max threshold 15)
[236.686s][info ][gc,heap        ] GC(97) PSYoungGen: 1966947K(1967104K)->130021K(1914880K) Eden: 1854464K(1854464K)->0K(1784832K) From: 112483K(112640K)->130021K(130048K)
[236.686s][info ][gc,heap        ] GC(97) ParOldGen: 473456K(537088K)->492450K(537088K)
[236.686s][info ][gc,metaspace   ] GC(97) Metaspace: 77701K(78400K)->77701K(78400K) NonClass: 67038K(67392K)->67038K(67392K) Class: 10663K(11008K)->10663K(11008K)
[236.686s][info ][gc             ] GC(97) Pause Young (Allocation Failure) 2383M->607M(2394M) 34.336ms
[236.686s][info ][gc,cpu         ] GC(97) User=0.14s Sys=0.00s Real=0.04s
[236.686s][info ][safepoint      ] Safepoint "ParallelGCFailedAllocation", Time since last: 544368297 ns, Reaching safepoint: 61401 ns, At safepoint: 34422162 ns, Total: 34483563 ns
[237.687s][info ][safepoint      ] Safepoint "Cleanup", Time since last: 1000081846 ns, Reaching safepoint: 50901 ns, At safepoint: 7800 ns, Total: 58701 ns
[238.687s][info ][safepoint      ] Safepoint "Cleanup", Time since last: 1000111748 ns, Reaching safepoint: 50901 ns, At safepoint: 6100 ns, Total: 57001 ns
[239.687s][info ][safepoint      ] Safepoint "Cleanup", Time since last: 1000102650 ns, Reaching safepoint: 48501 ns, At safepoint: 5500 ns, Total: 54001 ns
[240.687s][info ][safepoint      ] Safepoint "Cleanup", Time since last: 1000102752 ns, Reaching safepoint: 101702 ns, At safepoint: 9500 ns, Total: 111202 ns
[241.687s][info ][safepoint      ] Safepoint "Cleanup", Time since last: 1000106354 ns, Reaching safepoint: 57101 ns, At safepoint: 7400 ns, Total: 64501 ns
[242.687s][info ][safepoint      ] Safepoint "Cleanup", Time since last: 1000107656 ns, Reaching safepoint: 67301 ns, At safepoint: 5300 ns, Total: 72601 ns
[243.688s][info ][safepoint      ] Safepoint "Cleanup", Time since last: 1000101758 ns, Reaching safepoint: 51301 ns, At safepoint: 2300 ns, Total: 53601 ns
[244.688s][info ][safepoint      ] Safepoint "Cleanup", Time since last: 1000113160 ns, Reaching safepoint: 92901 ns, At safepoint: 6300 ns, Total: 99201 ns
[245.688s][info ][safepoint      ] Safepoint "Cleanup", Time since last: 1000104262 ns, Reaching safepoint: 49901 ns, At safepoint: 2300 ns, Total: 52201 ns
[247.688s][info ][safepoint      ] Safepoint "Cleanup", Time since last: 2000166628 ns, Reaching safepoint: 54701 ns, At safepoint: 10600 ns, Total: 65301 ns
[248.688s][info ][safepoint      ] Safepoint "Cleanup", Time since last: 1000106567 ns, Reaching safepoint: 58101 ns, At safepoint: 12100 ns, Total: 70201 ns
[249.688s][info ][safepoint      ] Safepoint "Cleanup", Time since last: 1000104486 ns, Reaching safepoint: 51401 ns, At safepoint: 6000 ns, Total: 57401 ns
[251.689s][info ][safepoint      ] Safepoint "Cleanup", Time since last: 2000172653 ns, Reaching safepoint: 55501 ns, At safepoint: 8100 ns, Total: 63601 ns
[252.689s][info ][safepoint      ] Safepoint "Cleanup", Time since last: 1000098829 ns, Reaching safepoint: 67901 ns, At safepoint: 2200 ns, Total: 70101 ns
[253.689s][info ][safepoint      ] Safepoint "Cleanup", Time since last: 1000076182 ns, Reaching safepoint: 50401 ns, At safepoint: 4100 ns, Total: 54501 ns
[254.689s][info ][safepoint      ] Safepoint "Cleanup", Time since last: 1000102140 ns, Reaching safepoint: 53301 ns, At safepoint: 8700 ns, Total: 62001 ns
[255.689s][info ][safepoint      ] Safepoint "Cleanup", Time since last: 1000097585 ns, Reaching safepoint: 68201 ns, At safepoint: 6300 ns, Total: 74501 ns
[256.690s][info ][safepoint      ] Safepoint "Cleanup", Time since last: 1000098186 ns, Reaching safepoint: 49300 ns, At safepoint: 6301 ns, Total: 55601 ns
[257.690s][info ][safepoint      ] Safepoint "Cleanup", Time since last: 1000120986 ns, Reaching safepoint: 54200 ns, At safepoint: 8801 ns, Total: 63001 ns
[258.690s][info ][safepoint      ] Safepoint "Cleanup", Time since last: 1000110586 ns, Reaching safepoint: 52201 ns, At safepoint: 7000 ns, Total: 59201 ns
[259.690s][info ][safepoint      ] Safepoint "Cleanup", Time since last: 1000105386 ns, Reaching safepoint: 41401 ns, At safepoint: 3200 ns, Total: 44601 ns
[261.439s][info ][safepoint      ] Safepoint "Cleanup", Time since last: 1748461247 ns, Reaching safepoint: 144402 ns, At safepoint: 5700 ns, Total: 150102 ns
[261.952s][info ][gc,start       ] GC(98) Pause Young (Allocation Failure)
[261.977s][debug][gc,phases      ] GC(98) Scavenge 25.256ms
[261.977s][debug][gc,ref         ] GC(98) Skipped phase 1 of Reference Processing: no references
[261.977s][debug][gc,ref         ] GC(98) Skipped phase 3 of Reference Processing: no references
[261.977s][debug][gc,phases      ] GC(98) Reference Processing 0.045ms
[261.978s][debug][gc,phases      ] GC(98) Weak Processing 0.634ms
[261.978s][debug][gc,age         ] GC(98) Desired survivor size 173539328 bytes, new threshold 15 (max threshold 15)
[261.978s][info ][gc,heap        ] GC(98) PSYoungGen: 1914853K(1914880K)->135411K(1920512K) Eden: 1784832K(1784832K)->0K(1784832K) From: 130021K(130048K)->135411K(135680K)
[261.978s][info ][gc,heap        ] GC(98) ParOldGen: 492450K(537088K)->495650K(537088K)
[261.978s][info ][gc,metaspace   ] GC(98) Metaspace: 77834K(78528K)->77834K(78528K) NonClass: 67161K(67520K)->67161K(67520K) Class: 10673K(11008K)->10673K(11008K)
[261.978s][info ][gc             ] GC(98) Pause Young (Allocation Failure) 2350M->616M(2400M) 26.080ms
[261.978s][info ][gc,cpu         ] GC(98) User=0.10s Sys=0.00s Real=0.03s
[261.978s][info ][safepoint      ] Safepoint "ParallelGCFailedAllocation", Time since last: 512842714 ns, Reaching safepoint: 79101 ns, At safepoint: 26202450 ns, Total: 26281551 ns
[263.978s][info ][safepoint      ] Safepoint "Cleanup", Time since last: 2000163074 ns, Reaching safepoint: 67201 ns, At safepoint: 11200 ns, Total: 78401 ns
[265.978s][info ][safepoint      ] Safepoint "Cleanup", Time since last: 2000177776 ns, Reaching safepoint: 121002 ns, At safepoint: 6800 ns, Total: 127802 ns
[266.978s][info ][safepoint      ] Safepoint "Cleanup", Time since last: 1000103588 ns, Reaching safepoint: 55201 ns, At safepoint: 6800 ns, Total: 62001 ns
[268.322s][info ][safepoint      ] Safepoint "Cleanup", Time since last: 1343847496 ns, Reaching safepoint: 107702 ns, At safepoint: 24201 ns, Total: 131903 ns
[269.476s][info ][safepoint      ] Safepoint "Cleanup", Time since last: 1153577426 ns, Reaching safepoint: 75302 ns, At safepoint: 5600 ns, Total: 80902 ns
[270.476s][info ][safepoint      ] Safepoint "Cleanup", Time since last: 1000114989 ns, Reaching safepoint: 54601 ns, At safepoint: 5700 ns, Total: 60301 ns
[271.476s][info ][safepoint      ] Safepoint "Cleanup", Time since last: 1000121990 ns, Reaching safepoint: 60801 ns, At safepoint: 7600 ns, Total: 68401 ns
[272.477s][info ][safepoint      ] Safepoint "Cleanup", Time since last: 1000122190 ns, Reaching safepoint: 58101 ns, At safepoint: 3400 ns, Total: 61501 ns
[273.477s][info ][safepoint      ] Safepoint "Cleanup", Time since last: 1000106690 ns, Reaching safepoint: 51101 ns, At safepoint: 3400 ns, Total: 54501 ns
[274.477s][info ][safepoint      ] Safepoint "Cleanup", Time since last: 1000113591 ns, Reaching safepoint: 62701 ns, At safepoint: 10200 ns, Total: 72901 ns
[275.477s][info ][safepoint      ] Safepoint "Cleanup", Time since last: 1000114291 ns, Reaching safepoint: 52901 ns, At safepoint: 3500 ns, Total: 56401 ns
[276.477s][info ][safepoint      ] Safepoint "Cleanup", Time since last: 1000104490 ns, Reaching safepoint: 58101 ns, At safepoint: 5901 ns, Total: 64002 ns
[277.478s][info ][safepoint      ] Safepoint "Cleanup", Time since last: 1000106591 ns, Reaching safepoint: 42700 ns, At safepoint: 2300 ns, Total: 45000 ns
[278.478s][info ][safepoint      ] Safepoint "Cleanup", Time since last: 1000103992 ns, Reaching safepoint: 49801 ns, At safepoint: 2500 ns, Total: 52301 ns
[279.478s][info ][safepoint      ] Safepoint "Cleanup", Time since last: 1000089491 ns, Reaching safepoint: 65401 ns, At safepoint: 7400 ns, Total: 72801 ns
[280.478s][info ][safepoint      ] Safepoint "Cleanup", Time since last: 1000118792 ns, Reaching safepoint: 39801 ns, At safepoint: 3300 ns, Total: 43101 ns
[281.478s][info ][safepoint      ] Safepoint "Cleanup", Time since last: 1000105592 ns, Reaching safepoint: 83502 ns, At safepoint: 10100 ns, Total: 93602 ns
[282.478s][info ][safepoint      ] Safepoint "Cleanup", Time since last: 1000102192 ns, Reaching safepoint: 55901 ns, At safepoint: 6100 ns, Total: 62001 ns
[283.479s][info ][safepoint      ] Safepoint "Cleanup", Time since last: 1000136594 ns, Reaching safepoint: 84901 ns, At safepoint: 7300 ns, Total: 92201 ns
[284.479s][info ][safepoint      ] Safepoint "Cleanup", Time since last: 1000108293 ns, Reaching safepoint: 66201 ns, At safepoint: 10700 ns, Total: 76901 ns
[285.479s][info ][safepoint      ] Safepoint "Cleanup", Time since last: 1000114394 ns, Reaching safepoint: 52601 ns, At safepoint: 8900 ns, Total: 61501 ns
[286.479s][info ][safepoint      ] Safepoint "Cleanup", Time since last: 1000123394 ns, Reaching safepoint: 61001 ns, At safepoint: 10300 ns, Total: 71301 ns
[287.479s][info ][safepoint      ] Safepoint "Cleanup", Time since last: 1000113794 ns, Reaching safepoint: 58701 ns, At safepoint: 8100 ns, Total: 66801 ns
[287.837s][info ][gc,start       ] GC(99) Pause Young (Allocation Failure)
[287.866s][debug][gc,phases      ] GC(99) Scavenge 29.325ms
[287.866s][debug][gc,ref         ] GC(99) Skipped phase 1 of Reference Processing: no references
[287.866s][debug][gc,ref         ] GC(99) Skipped phase 3 of Reference Processing: no references
[287.866s][debug][gc,phases      ] GC(99) Reference Processing 0.045ms
[287.867s][debug][gc,phases      ] GC(99) Weak Processing 0.568ms
[287.867s][debug][gc,age         ] GC(99) Desired survivor size 183500800 bytes, new threshold 15 (max threshold 15)
[287.867s][info ][gc,heap        ] GC(99) PSYoungGen: 1920243K(1920512K)->132502K(1908224K) Eden: 1784832K(1784832K)->0K(1738752K) From: 135411K(135680K)->132502K(169472K)
[287.867s][info ][gc,heap        ] GC(99) ParOldGen: 495650K(537088K)->495658K(537088K)
[287.867s][info ][gc,metaspace   ] GC(99) Metaspace: 77879K(78528K)->77879K(78528K) NonClass: 67204K(67520K)->67204K(67520K) Class: 10674K(11008K)->10674K(11008K)
[287.867s][info ][gc             ] GC(99) Pause Young (Allocation Failure) 2359M->613M(2388M) 30.082ms
[287.867s][info ][gc,cpu         ] GC(99) User=0.12s Sys=0.00s Real=0.03s
[287.867s][info ][safepoint      ] Safepoint "ParallelGCFailedAllocation", Time since last: 357396244 ns, Reaching safepoint: 43101 ns, At safepoint: 30171319 ns, Total: 30214420 ns
[288.867s][info ][safepoint      ] Safepoint "Cleanup", Time since last: 1000085793 ns, Reaching safepoint: 62202 ns, At safepoint: 10000 ns, Total: 72202 ns
[289.867s][info ][safepoint      ] Safepoint "Cleanup", Time since last: 1000111594 ns, Reaching safepoint: 55301 ns, At safepoint: 3400 ns, Total: 58701 ns
[290.867s][info ][safepoint      ] Safepoint "Cleanup", Time since last: 1000103495 ns, Reaching safepoint: 43801 ns, At safepoint: 6400 ns, Total: 50201 ns
[291.868s][info ][safepoint      ] Safepoint "Cleanup", Time since last: 1000108695 ns, Reaching safepoint: 44900 ns, At safepoint: 2600 ns, Total: 47500 ns
[292.868s][info ][safepoint      ] Safepoint "Cleanup", Time since last: 1000105996 ns, Reaching safepoint: 43400 ns, At safepoint: 3200 ns, Total: 46600 ns
[293.868s][info ][safepoint      ] Safepoint "Cleanup", Time since last: 1000103696 ns, Reaching safepoint: 48401 ns, At safepoint: 3000 ns, Total: 51401 ns
[295.868s][info ][safepoint      ] Safepoint "Cleanup", Time since last: 2000173991 ns, Reaching safepoint: 49800 ns, At safepoint: 2700 ns, Total: 52500 ns
[296.868s][info ][safepoint      ] Safepoint "Cleanup", Time since last: 1000110097 ns, Reaching safepoint: 51901 ns, At safepoint: 9100 ns, Total: 61001 ns
[297.868s][info ][safepoint      ] Safepoint "Cleanup", Time since last: 1000104496 ns, Reaching safepoint: 72801 ns, At safepoint: 6700 ns, Total: 79501 ns
[298.869s][info ][safepoint      ] Safepoint "Cleanup", Time since last: 1000109097 ns, Reaching safepoint: 86202 ns, At safepoint: 11100 ns, Total: 97302 ns
[299.869s][info ][safepoint      ] Safepoint "Cleanup", Time since last: 1000116397 ns, Reaching safepoint: 59001 ns, At safepoint: 7300 ns, Total: 66301 ns
[303.869s][info ][safepoint      ] Safepoint "Cleanup", Time since last: 4000310289 ns, Reaching safepoint: 51000 ns, At safepoint: 2700 ns, Total: 53700 ns
[304.869s][info ][safepoint      ] Safepoint "Cleanup", Time since last: 1000108799 ns, Reaching safepoint: 58401 ns, At safepoint: 9500 ns, Total: 67901 ns
[308.870s][info ][safepoint      ] Safepoint "Cleanup", Time since last: 4000305993 ns, Reaching safepoint: 65301 ns, At safepoint: 10201 ns, Total: 75502 ns
[309.870s][info ][safepoint      ] Safepoint "Cleanup", Time since last: 1000110299 ns, Reaching safepoint: 44401 ns, At safepoint: 2300 ns, Total: 46701 ns
[310.870s][info ][safepoint      ] Safepoint "Cleanup", Time since last: 1000103500 ns, Reaching safepoint: 51300 ns, At safepoint: 3501 ns, Total: 54801 ns
[312.870s][info ][safepoint      ] Safepoint "Cleanup", Time since last: 2000164499 ns, Reaching safepoint: 48301 ns, At safepoint: 2200 ns, Total: 50501 ns
[314.871s][info ][safepoint      ] Safepoint "Cleanup", Time since last: 2000172200 ns, Reaching safepoint: 65301 ns, At safepoint: 2300 ns, Total: 67601 ns
[315.851s][info ][gc,start       ] GC(100) Pause Young (Allocation Failure)
[315.879s][debug][gc,phases      ] GC(100) Scavenge 27.898ms
[315.879s][debug][gc,ref         ] GC(100) Skipped phase 1 of Reference Processing: no references
[315.879s][debug][gc,ref         ] GC(100) Skipped phase 3 of Reference Processing: no references
[315.879s][debug][gc,phases      ] GC(100) Reference Processing 0.043ms
[315.879s][debug][gc,phases      ] GC(100) Weak Processing 0.669ms
[315.879s][debug][gc,age         ] GC(100) Desired survivor size 189792256 bytes, new threshold 15 (max threshold 15)
[315.879s][info ][gc,heap        ] GC(100) PSYoungGen: 1871254K(1908224K)->129334K(1868288K) Eden: 1738752K(1738752K)->0K(1738752K) From: 132502K(169472K)->129334K(129536K)
[315.879s][info ][gc,heap        ] GC(100) ParOldGen: 495658K(537088K)->496779K(537088K)
[315.879s][info ][gc,metaspace   ] GC(100) Metaspace: 77893K(78528K)->77893K(78528K) NonClass: 67219K(67520K)->67219K(67520K) Class: 10674K(11008K)->10674K(11008K)
[315.879s][info ][gc             ] GC(100) Pause Young (Allocation Failure) 2311M->611M(2349M) 28.757ms
[315.879s][info ][gc,cpu         ] GC(100) User=0.12s Sys=0.00s Real=0.03s
[315.879s][info ][safepoint      ] Safepoint "ParallelGCFailedAllocation", Time since last: 979932054 ns, Reaching safepoint: 51001 ns, At safepoint: 28846496 ns, Total: 28897497 ns
[317.880s][info ][safepoint      ] Safepoint "Cleanup", Time since last: 2000173802 ns, Reaching safepoint: 49901 ns, At safepoint: 2700 ns, Total: 52601 ns
[319.880s][info ][safepoint      ] Safepoint "Cleanup", Time since last: 2000177803 ns, Reaching safepoint: 114902 ns, At safepoint: 15701 ns, Total: 130603 ns
[320.880s][info ][safepoint      ] Safepoint "Cleanup", Time since last: 1000110002 ns, Reaching safepoint: 47401 ns, At safepoint: 11600 ns, Total: 59001 ns
[325.881s][info ][safepoint      ] Safepoint "Cleanup", Time since last: 5000430513 ns, Reaching safepoint: 71701 ns, At safepoint: 6200 ns, Total: 77901 ns
[327.293s][info ][safepoint      ] Safepoint "Cleanup", Time since last: 1411921788 ns, Reaching safepoint: 100602 ns, At safepoint: 6700 ns, Total: 107302 ns
[328.293s][info ][safepoint      ] Safepoint "Cleanup", Time since last: 1000108504 ns, Reaching safepoint: 67701 ns, At safepoint: 10600 ns, Total: 78301 ns
[329.293s][info ][safepoint      ] Safepoint "Cleanup", Time since last: 1000101504 ns, Reaching safepoint: 52101 ns, At safepoint: 6300 ns, Total: 58401 ns
[330.293s][info ][safepoint      ] Safepoint "Cleanup", Time since last: 1000106305 ns, Reaching safepoint: 58401 ns, At safepoint: 7600 ns, Total: 66001 ns
[331.297s][info ][safepoint      ] Safepoint "Cleanup", Time since last: 1000123105 ns, Reaching safepoint: 3318157 ns, At safepoint: 24101 ns, Total: 3342258 ns
[332.297s][info ][safepoint      ] Safepoint "Cleanup", Time since last: 1000115105 ns, Reaching safepoint: 58401 ns, At safepoint: 4000 ns, Total: 62401 ns
[333.297s][info ][safepoint      ] Safepoint "Cleanup", Time since last: 1000124405 ns, Reaching safepoint: 81902 ns, At safepoint: 4500 ns, Total: 86402 ns
[335.297s][info ][safepoint      ] Safepoint "Cleanup", Time since last: 2000217611 ns, Reaching safepoint: 74801 ns, At safepoint: 9400 ns, Total: 84201 ns
[336.297s][info ][safepoint      ] Safepoint "Cleanup", Time since last: 1000139507 ns, Reaching safepoint: 73901 ns, At safepoint: 4400 ns, Total: 78301 ns
[338.298s][info ][safepoint      ] Safepoint "Cleanup", Time since last: 2000201413 ns, Reaching safepoint: 71401 ns, At safepoint: 12200 ns, Total: 83601 ns
[339.298s][info ][safepoint      ] Safepoint "Cleanup", Time since last: 1000120707 ns, Reaching safepoint: 75301 ns, At safepoint: 11300 ns, Total: 86601 ns
[341.298s][info ][safepoint      ] Safepoint "Cleanup", Time since last: 2000185814 ns, Reaching safepoint: 139202 ns, At safepoint: 5700 ns, Total: 144902 ns
[342.299s][info ][safepoint      ] Safepoint "Cleanup", Time since last: 1000133208 ns, Reaching safepoint: 138103 ns, At safepoint: 8400 ns, Total: 146503 ns
[343.109s][info ][gc,start       ] GC(101) Pause Young (Allocation Failure)
[343.166s][debug][gc,phases      ] GC(101) Scavenge 56.576ms
[343.166s][debug][gc,ref         ] GC(101) Skipped phase 1 of Reference Processing: no references
[343.166s][debug][gc,ref         ] GC(101) Skipped phase 3 of Reference Processing: no references
[343.166s][debug][gc,phases      ] GC(101) Reference Processing 0.070ms
[343.167s][debug][gc,phases      ] GC(101) Weak Processing 0.867ms
[343.167s][debug][gc,age         ] GC(101) Desired survivor size 193986560 bytes, new threshold 15 (max threshold 15)
[343.167s][info ][gc,heap        ] GC(101) PSYoungGen: 1868086K(1868288K)->128707K(1903616K) Eden: 1738752K(1738752K)->0K(1718272K) From: 129334K(129536K)->128707K(185344K)
[343.167s][info ][gc,heap        ] GC(101) ParOldGen: 496779K(537088K)->497667K(537088K)
[343.167s][info ][gc,metaspace   ] GC(101) Metaspace: 77950K(78592K)->77950K(78592K) NonClass: 67271K(67584K)->67271K(67584K) Class: 10678K(11008K)->10678K(11008K)
[343.167s][info ][gc             ] GC(101) Pause Young (Allocation Failure) 2309M->611M(2383M) 57.710ms
[343.167s][info ][gc,cpu         ] GC(101) User=0.13s Sys=0.00s Real=0.06s
[343.167s][info ][safepoint      ] Safepoint "ParallelGCFailedAllocation", Time since last: 810447344 ns, Reaching safepoint: 72001 ns, At safepoint: 57817695 ns, Total: 57889696 ns
[344.167s][info ][safepoint      ] Safepoint "Cleanup", Time since last: 1000085307 ns, Reaching safepoint: 68102 ns, At safepoint: 2500 ns, Total: 70602 ns
[345.167s][info ][safepoint      ] Safepoint "Cleanup", Time since last: 1000106508 ns, Reaching safepoint: 49401 ns, At safepoint: 3400 ns, Total: 52801 ns
[346.167s][info ][safepoint      ] Safepoint "Cleanup", Time since last: 1000119808 ns, Reaching safepoint: 48101 ns, At safepoint: 4500 ns, Total: 52601 ns
[347.168s][info ][safepoint      ] Safepoint "Cleanup", Time since last: 1000123709 ns, Reaching safepoint: 66501 ns, At safepoint: 4000 ns, Total: 70501 ns
[349.168s][info ][safepoint      ] Safepoint "Cleanup", Time since last: 2000198517 ns, Reaching safepoint: 59101 ns, At safepoint: 3400 ns, Total: 62501 ns
[350.168s][info ][safepoint      ] Safepoint "Cleanup", Time since last: 1000114510 ns, Reaching safepoint: 55701 ns, At safepoint: 8500 ns, Total: 64201 ns
[351.168s][info ][safepoint      ] Safepoint "Cleanup", Time since last: 1000115609 ns, Reaching safepoint: 70702 ns, At safepoint: 9900 ns, Total: 80602 ns
[352.168s][info ][safepoint      ] Safepoint "Cleanup", Time since last: 1000123910 ns, Reaching safepoint: 57301 ns, At safepoint: 8600 ns, Total: 65901 ns
[353.169s][info ][safepoint      ] Safepoint "Cleanup", Time since last: 1000117010 ns, Reaching safepoint: 61201 ns, At safepoint: 14100 ns, Total: 75301 ns
[355.045s][info ][safepoint      ] Safepoint "Cleanup", Time since last: 1876625094 ns, Reaching safepoint: 78601 ns, At safepoint: 8200 ns, Total: 86801 ns
[357.046s][info ][safepoint      ] Safepoint "Cleanup", Time since last: 2000201321 ns, Reaching safepoint: 55901 ns, At safepoint: 9901 ns, Total: 65802 ns
[358.046s][info ][safepoint      ] Safepoint "Cleanup", Time since last: 1000139211 ns, Reaching safepoint: 72701 ns, At safepoint: 4501 ns, Total: 77202 ns
[359.046s][info ][safepoint      ] Safepoint "Cleanup", Time since last: 1000138011 ns, Reaching safepoint: 68601 ns, At safepoint: 4101 ns, Total: 72702 ns
[361.046s][info ][safepoint      ] Safepoint "Cleanup", Time since last: 2000182722 ns, Reaching safepoint: 65801 ns, At safepoint: 5300 ns, Total: 71101 ns
[362.046s][info ][safepoint      ] Safepoint "Cleanup", Time since last: 1000123813 ns, Reaching safepoint: 69301 ns, At safepoint: 9600 ns, Total: 78901 ns
[363.047s][info ][safepoint      ] Safepoint "Cleanup", Time since last: 1000123612 ns, Reaching safepoint: 68901 ns, At safepoint: 10701 ns, Total: 79602 ns
[364.047s][info ][safepoint      ] Safepoint "Cleanup", Time since last: 1000124412 ns, Reaching safepoint: 81902 ns, At safepoint: 8800 ns, Total: 90702 ns
[365.047s][info ][safepoint      ] Safepoint "Cleanup", Time since last: 1000142013 ns, Reaching safepoint: 103202 ns, At safepoint: 8700 ns, Total: 111902 ns
[366.047s][info ][safepoint      ] Safepoint "Cleanup", Time since last: 1000124913 ns, Reaching safepoint: 60201 ns, At safepoint: 2600 ns, Total: 62801 ns
[367.048s][info ][safepoint      ] Safepoint "Cleanup", Time since last: 1000121013 ns, Reaching safepoint: 62502 ns, At safepoint: 3500 ns, Total: 66002 ns
[368.048s][info ][safepoint      ] Safepoint "Cleanup", Time since last: 1000117013 ns, Reaching safepoint: 58601 ns, At safepoint: 3800 ns, Total: 62401 ns
[369.053s][info ][safepoint      ] Safepoint "Cleanup", Time since last: 1000120414 ns, Reaching safepoint: 4727481 ns, At safepoint: 18800 ns, Total: 4746281 ns
[370.053s][info ][safepoint      ] Safepoint "Cleanup", Time since last: 1000131915 ns, Reaching safepoint: 141202 ns, At safepoint: 11500 ns, Total: 152702 ns
[371.053s][info ][safepoint      ] Safepoint "Cleanup", Time since last: 1000134515 ns, Reaching safepoint: 214003 ns, At safepoint: 9000 ns, Total: 223003 ns
[371.200s][info ][gc,start       ] GC(102) Pause Young (Allocation Failure)
[371.252s][debug][gc,phases      ] GC(102) Scavenge 52.596ms
[371.252s][debug][gc,ref         ] GC(102) Skipped phase 1 of Reference Processing: no references
[371.253s][debug][gc,ref         ] GC(102) Skipped phase 3 of Reference Processing: no references
[371.253s][debug][gc,phases      ] GC(102) Reference Processing 0.068ms
[371.253s][debug][gc,phases      ] GC(102) Weak Processing 0.756ms
[371.253s][debug][gc,age         ] GC(102) Desired survivor size 196083712 bytes, new threshold 15 (max threshold 15)
[371.253s][info ][gc,heap        ] GC(102) PSYoungGen: 1846979K(1903616K)->127475K(1845760K) Eden: 1718272K(1718272K)->0K(1718272K) From: 128707K(185344K)->127475K(127488K)
[371.253s][info ][gc,heap        ] GC(102) ParOldGen: 497667K(537088K)->498695K(537088K)
[371.253s][info ][gc,metaspace   ] GC(102) Metaspace: 78107K(78720K)->78107K(78720K) NonClass: 67414K(67712K)->67414K(67712K) Class: 10693K(11008K)->10693K(11008K)
[371.253s][info ][gc             ] GC(102) Pause Young (Allocation Failure) 2289M->611M(2327M) 53.593ms
[371.253s][info ][gc,cpu         ] GC(102) User=0.11s Sys=0.01s Real=0.05s
[371.253s][info ][safepoint      ] Safepoint "ParallelGCFailedAllocation", Time since last: 146462521 ns, Reaching safepoint: 46401 ns, At safepoint: 53706025 ns, Total: 53752426 ns
[372.254s][info ][safepoint      ] Safepoint "Cleanup", Time since last: 1000097714 ns, Reaching safepoint: 141302 ns, At safepoint: 6300 ns, Total: 147602 ns
[373.254s][info ][safepoint      ] Safepoint "Cleanup", Time since last: 1000127415 ns, Reaching safepoint: 142002 ns, At safepoint: 9701 ns, Total: 151703 ns
[374.254s][info ][safepoint      ] Safepoint "Cleanup", Time since last: 1000102214 ns, Reaching safepoint: 121002 ns, At safepoint: 10900 ns, Total: 131902 ns
[375.254s][info ][safepoint      ] Safepoint "Cleanup", Time since last: 1000117115 ns, Reaching safepoint: 130803 ns, At safepoint: 5500 ns, Total: 136303 ns
[377.255s][info ][safepoint      ] Safepoint "Cleanup", Time since last: 2000183630 ns, Reaching safepoint: 311305 ns, At safepoint: 8300 ns, Total: 319605 ns
[378.256s][info ][safepoint      ] Safepoint "Cleanup", Time since last: 1000137216 ns, Reaching safepoint: 724613 ns, At safepoint: 6000 ns, Total: 730613 ns
[379.256s][info ][safepoint      ] Safepoint "Cleanup", Time since last: 1000117616 ns, Reaching safepoint: 255804 ns, At safepoint: 9300 ns, Total: 265104 ns
[380.257s][info ][safepoint      ] Safepoint "Cleanup", Time since last: 1000116016 ns, Reaching safepoint: 195204 ns, At safepoint: 6500 ns, Total: 201704 ns
[381.257s][info ][safepoint      ] Safepoint "Cleanup", Time since last: 1000127716 ns, Reaching safepoint: 129302 ns, At safepoint: 9801 ns, Total: 139103 ns
[384.257s][info ][safepoint      ] Safepoint "Cleanup", Time since last: 3000402351 ns, Reaching safepoint: 132702 ns, At safepoint: 12500 ns, Total: 145202 ns
[386.258s][info ][safepoint      ] Safepoint "Cleanup", Time since last: 2000214235 ns, Reaching safepoint: 150002 ns, At safepoint: 18300 ns, Total: 168302 ns
[387.258s][info ][safepoint      ] Safepoint "Cleanup", Time since last: 1000127218 ns, Reaching safepoint: 128802 ns, At safepoint: 5501 ns, Total: 134303 ns
[389.258s][info ][safepoint      ] Safepoint "Cleanup", Time since last: 2000194635 ns, Reaching safepoint: 133302 ns, At safepoint: 6700 ns, Total: 140002 ns
[391.259s][info ][safepoint      ] Safepoint "Cleanup", Time since last: 2000188836 ns, Reaching safepoint: 124002 ns, At safepoint: 5700 ns, Total: 129702 ns
[393.259s][info ][safepoint      ] Safepoint "Cleanup", Time since last: 2000185737 ns, Reaching safepoint: 130202 ns, At safepoint: 11101 ns, Total: 141303 ns
[396.259s][info ][safepoint      ] Safepoint "Cleanup", Time since last: 3000260356 ns, Reaching safepoint: 170803 ns, At safepoint: 6100 ns, Total: 176903 ns
[397.260s][info ][safepoint      ] Safepoint "Cleanup", Time since last: 1000113220 ns, Reaching safepoint: 128702 ns, At safepoint: 5900 ns, Total: 134602 ns
[398.260s][info ][safepoint      ] Safepoint "Cleanup", Time since last: 1000123420 ns, Reaching safepoint: 60901 ns, At safepoint: 10300 ns, Total: 71201 ns
[398.749s][info ][gc,start       ] GC(103) Pause Young (Allocation Failure)
[398.776s][debug][gc,phases      ] GC(103) Scavenge 27.265ms
[398.776s][debug][gc,ref         ] GC(103) Skipped phase 1 of Reference Processing: no references
[398.776s][debug][gc,ref         ] GC(103) Skipped phase 3 of Reference Processing: no references
[398.776s][debug][gc,phases      ] GC(103) Reference Processing 0.068ms
[398.777s][debug][gc,phases      ] GC(103) Weak Processing 0.722ms
[398.777s][debug][gc,age         ] GC(103) Desired survivor size 197132288 bytes, new threshold 15 (max threshold 15)
[398.777s][info ][gc,heap        ] GC(103) PSYoungGen: 1845747K(1845760K)->127190K(1903616K) Eden: 1718272K(1718272K)->0K(1712128K) From: 127475K(127488K)->127190K(191488K)
[398.777s][info ][gc,heap        ] GC(103) ParOldGen: 498695K(537088K)->499007K(537088K)
[398.777s][info ][gc,metaspace   ] GC(103) Metaspace: 78132K(78784K)->78132K(78784K) NonClass: 67436K(67776K)->67436K(67776K) Class: 10696K(11008K)->10696K(11008K)
[398.777s][info ][gc             ] GC(103) Pause Young (Allocation Failure) 2289M->611M(2383M) 28.234ms
[398.777s][info ][gc,cpu         ] GC(103) User=0.11s Sys=0.00s Real=0.03s
[398.777s][info ][safepoint      ] Safepoint "ParallelGCFailedAllocation", Time since last: 488608713 ns, Reaching safepoint: 30501 ns, At safepoint: 28317588 ns, Total: 28348089 ns
[399.777s][info ][safepoint      ] Safepoint "Cleanup", Time since last: 1000056619 ns, Reaching safepoint: 52601 ns, At safepoint: 2400 ns, Total: 55001 ns
[400.777s][info ][safepoint      ] Safepoint "Cleanup", Time since last: 1000107020 ns, Reaching safepoint: 51001 ns, At safepoint: 8000 ns, Total: 59001 ns
[402.777s][info ][safepoint      ] Safepoint "Cleanup", Time since last: 2000172141 ns, Reaching safepoint: 62601 ns, At safepoint: 9700 ns, Total: 72301 ns
[403.777s][info ][safepoint      ] Safepoint "Cleanup", Time since last: 1000092821 ns, Reaching safepoint: 58601 ns, At safepoint: 7500 ns, Total: 66101 ns
[406.778s][info ][safepoint      ] Safepoint "Cleanup", Time since last: 3000257963 ns, Reaching safepoint: 51501 ns, At safepoint: 2500 ns, Total: 54001 ns
[407.778s][info ][safepoint      ] Safepoint "Cleanup", Time since last: 1000074821 ns, Reaching safepoint: 61001 ns, At safepoint: 5700 ns, Total: 66701 ns
[408.778s][info ][safepoint      ] Safepoint "Cleanup", Time since last: 1000111922 ns, Reaching safepoint: 54901 ns, At safepoint: 3000 ns, Total: 57901 ns
[409.778s][info ][safepoint      ] Safepoint "Cleanup", Time since last: 1000110422 ns, Reaching safepoint: 55701 ns, At safepoint: 2200 ns, Total: 57901 ns
[410.778s][info ][safepoint      ] Safepoint "Cleanup", Time since last: 1000113723 ns, Reaching safepoint: 59301 ns, At safepoint: 9900 ns, Total: 69201 ns
[411.779s][info ][safepoint      ] Safepoint "Cleanup", Time since last: 1000111523 ns, Reaching safepoint: 48501 ns, At safepoint: 6100 ns, Total: 54601 ns
[412.779s][info ][safepoint      ] Safepoint "Cleanup", Time since last: 1000083122 ns, Reaching safepoint: 58601 ns, At safepoint: 9600 ns, Total: 68201 ns
[413.779s][info ][safepoint      ] Safepoint "Cleanup", Time since last: 1000122724 ns, Reaching safepoint: 58701 ns, At safepoint: 7800 ns, Total: 66501 ns
[416.779s][info ][safepoint      ] Safepoint "Cleanup", Time since last: 3000236369 ns, Reaching safepoint: 48100 ns, At safepoint: 3100 ns, Total: 51200 ns
[418.780s][info ][safepoint      ] Safepoint "Cleanup", Time since last: 2000186148 ns, Reaching safepoint: 68501 ns, At safepoint: 7300 ns, Total: 75801 ns
[419.780s][info ][safepoint      ] Safepoint "Cleanup", Time since last: 1000111924 ns, Reaching safepoint: 54601 ns, At safepoint: 8301 ns, Total: 62902 ns
[420.780s][info ][safepoint      ] Safepoint "Cleanup", Time since last: 1000077623 ns, Reaching safepoint: 48701 ns, At safepoint: 3700 ns, Total: 52401 ns
[421.780s][info ][safepoint      ] Safepoint "Cleanup", Time since last: 1000124825 ns, Reaching safepoint: 46301 ns, At safepoint: 2800 ns, Total: 49101 ns
[423.780s][info ][safepoint      ] Safepoint "Cleanup", Time since last: 2000176449 ns, Reaching safepoint: 51901 ns, At safepoint: 3700 ns, Total: 55601 ns
[424.780s][info ][safepoint      ] Safepoint "Cleanup", Time since last: 1000104726 ns, Reaching safepoint: 60401 ns, At safepoint: 10900 ns, Total: 71301 ns
[425.781s][info ][safepoint      ] Safepoint "Cleanup", Time since last: 1000108825 ns, Reaching safepoint: 69801 ns, At safepoint: 15701 ns, Total: 85502 ns
[426.784s][info ][safepoint      ] Safepoint "Cleanup", Time since last: 1000126426 ns, Reaching safepoint: 3229755 ns, At safepoint: 13601 ns, Total: 3243356 ns
[426.802s][info ][gc,start       ] GC(104) Pause Young (Allocation Failure)
[426.846s][debug][gc,phases      ] GC(104) Scavenge 44.186ms
[426.846s][debug][gc,ref         ] GC(104) Skipped phase 1 of Reference Processing: no references
[426.846s][debug][gc,ref         ] GC(104) Skipped phase 3 of Reference Processing: no references
[426.846s][debug][gc,phases      ] GC(104) Reference Processing 0.061ms
[426.847s][debug][gc,phases      ] GC(104) Weak Processing 0.689ms
[426.847s][debug][gc,age         ] GC(104) Desired survivor size 197656576 bytes, new threshold 15 (max threshold 15)
[426.847s][info ][gc,heap        ] GC(104) PSYoungGen: 1839318K(1903616K)->126598K(1839104K) Eden: 1712128K(1712128K)->0K(1712128K) From: 127190K(191488K)->126598K(126976K)
[426.847s][info ][gc,heap        ] GC(104) ParOldGen: 499007K(537088K)->499507K(537088K)
[426.847s][info ][gc,metaspace   ] GC(104) Metaspace: 78154K(78784K)->78154K(78784K) NonClass: 67458K(67776K)->67458K(67776K) Class: 10696K(11008K)->10696K(11008K)
[426.847s][info ][gc             ] GC(104) Pause Young (Allocation Failure) 2283M->611M(2320M) 45.078ms
[426.847s][info ][gc,cpu         ] GC(104) User=0.12s Sys=0.00s Real=0.05s
[426.847s][info ][safepoint      ] Safepoint "ParallelGCFailedAllocation", Time since last: 17488701 ns, Reaching safepoint: 39500 ns, At safepoint: 45166178 ns, Total: 45205678 ns
[427.847s][info ][safepoint      ] Safepoint "Cleanup", Time since last: 1000095226 ns, Reaching safepoint: 59301 ns, At safepoint: 9500 ns, Total: 68801 ns
[428.847s][info ][safepoint      ] Safepoint "Cleanup", Time since last: 1000110626 ns, Reaching safepoint: 50001 ns, At safepoint: 6900 ns, Total: 56901 ns
[430.847s][info ][safepoint      ] Safepoint "Cleanup", Time since last: 2000150752 ns, Reaching safepoint: 52601 ns, At safepoint: 8800 ns, Total: 61401 ns
[437.848s][info ][safepoint      ] Safepoint "Cleanup", Time since last: 7000494186 ns, Reaching safepoint: 47801 ns, At safepoint: 9400 ns, Total: 57201 ns
[440.848s][info ][safepoint      ] Safepoint "Cleanup", Time since last: 3000235283 ns, Reaching safepoint: 112302 ns, At safepoint: 7200 ns, Total: 119502 ns
[441.848s][info ][safepoint      ] Safepoint "Cleanup", Time since last: 1000102329 ns, Reaching safepoint: 107802 ns, At safepoint: 11100 ns, Total: 118902 ns
[442.849s][info ][safepoint      ] Safepoint "Cleanup", Time since last: 1000099629 ns, Reaching safepoint: 115702 ns, At safepoint: 5300 ns, Total: 121002 ns
[443.849s][info ][safepoint      ] Safepoint "Cleanup", Time since last: 1000107629 ns, Reaching safepoint: 115502 ns, At safepoint: 8400 ns, Total: 123902 ns
[444.849s][info ][safepoint      ] Safepoint "Cleanup", Time since last: 1000073528 ns, Reaching safepoint: 114102 ns, At safepoint: 7201 ns, Total: 121303 ns
[445.849s][info ][safepoint      ] Safepoint "Cleanup", Time since last: 1000099329 ns, Reaching safepoint: 126602 ns, At safepoint: 7900 ns, Total: 134502 ns
[446.849s][info ][safepoint      ] Safepoint "Cleanup", Time since last: 1000114030 ns, Reaching safepoint: 129902 ns, At safepoint: 9700 ns, Total: 139602 ns
[447.850s][info ][safepoint      ] Safepoint "Cleanup", Time since last: 1000113830 ns, Reaching safepoint: 126602 ns, At safepoint: 19901 ns, Total: 146503 ns
[448.850s][info ][safepoint      ] Safepoint "Cleanup", Time since last: 1000111830 ns, Reaching safepoint: 127502 ns, At safepoint: 9400 ns, Total: 136902 ns
[449.850s][info ][safepoint      ] Safepoint "Cleanup", Time since last: 1000114030 ns, Reaching safepoint: 118702 ns, At safepoint: 7900 ns, Total: 126602 ns
[450.850s][info ][safepoint      ] Safepoint "Cleanup", Time since last: 1000107931 ns, Reaching safepoint: 114902 ns, At safepoint: 5900 ns, Total: 120802 ns
[451.851s][info ][safepoint      ] Safepoint "Cleanup", Time since last: 1000111730 ns, Reaching safepoint: 125703 ns, At safepoint: 12800 ns, Total: 138503 ns
[452.851s][info ][safepoint      ] Safepoint "Cleanup", Time since last: 1000114931 ns, Reaching safepoint: 119202 ns, At safepoint: 11200 ns, Total: 130402 ns
[453.851s][info ][safepoint      ] Safepoint "Cleanup", Time since last: 1000121231 ns, Reaching safepoint: 125802 ns, At safepoint: 10800 ns, Total: 136602 ns
[454.157s][info ][gc,start       ] GC(105) Pause Young (Allocation Failure)
[454.186s][debug][gc,phases      ] GC(105) Scavenge 29.420ms
[454.186s][debug][gc,ref         ] GC(105) Skipped phase 1 of Reference Processing: no references
[454.186s][debug][gc,ref         ] GC(105) Skipped phase 3 of Reference Processing: no references
[454.186s][debug][gc,phases      ] GC(105) Reference Processing 0.047ms
[454.187s][debug][gc,phases      ] GC(105) Weak Processing 0.577ms
[454.187s][debug][gc,age         ] GC(105) Desired survivor size 196608000 bytes, new threshold 15 (max threshold 15)
[454.187s][info ][gc,heap        ] GC(105) PSYoungGen: 1838726K(1839104K)->126518K(1905152K) Eden: 1712128K(1712128K)->0K(1712128K) From: 126598K(126976K)->126518K(193024K)
[454.187s][info ][gc,heap        ] GC(105) ParOldGen: 499507K(537088K)->499723K(537088K)
[454.187s][info ][gc,metaspace   ] GC(105) Metaspace: 78183K(78784K)->78183K(78784K) NonClass: 67482K(67776K)->67482K(67776K) Class: 10701K(11008K)->10701K(11008K)
[454.187s][info ][gc             ] GC(105) Pause Young (Allocation Failure) 2283M->611M(2385M) 30.183ms
[454.187s][info ][gc,cpu         ] GC(105) User=0.12s Sys=0.00s Real=0.03s
[454.187s][info ][safepoint      ] Safepoint "ParallelGCFailedAllocation", Time since last: 305271060 ns, Reaching safepoint: 41401 ns, At safepoint: 30273821 ns, Total: 30315222 ns
[455.598s][info ][safepoint      ] Safepoint "Cleanup", Time since last: 1411268415 ns, Reaching safepoint: 47001 ns, At safepoint: 10900 ns, Total: 57901 ns
[456.598s][info ][safepoint      ] Safepoint "Cleanup", Time since last: 1000101632 ns, Reaching safepoint: 102802 ns, At safepoint: 9700 ns, Total: 112502 ns
[457.599s][info ][safepoint      ] Safepoint "Cleanup", Time since last: 1000111631 ns, Reaching safepoint: 134503 ns, At safepoint: 9100 ns, Total: 143603 ns
[458.599s][info ][safepoint      ] Safepoint "Cleanup", Time since last: 1000049831 ns, Reaching safepoint: 126902 ns, At safepoint: 12800 ns, Total: 139702 ns
[460.599s][info ][safepoint      ] Safepoint "Cleanup", Time since last: 2000153863 ns, Reaching safepoint: 116002 ns, At safepoint: 11800 ns, Total: 127802 ns
[461.900s][info ][safepoint      ] Safepoint "Cleanup", Time since last: 1301070519 ns, Reaching safepoint: 112701 ns, At safepoint: 13701 ns, Total: 126402 ns
[462.900s][info ][safepoint      ] Safepoint "Cleanup", Time since last: 1000093732 ns, Reaching safepoint: 118002 ns, At safepoint: 14900 ns, Total: 132902 ns
[463.901s][info ][safepoint      ] Safepoint "Cleanup", Time since last: 1000126933 ns, Reaching safepoint: 138003 ns, At safepoint: 11600 ns, Total: 149603 ns
[464.901s][info ][safepoint      ] Safepoint "Cleanup", Time since last: 1000117133 ns, Reaching safepoint: 135302 ns, At safepoint: 9801 ns, Total: 145103 ns
[465.901s][info ][safepoint      ] Safepoint "Cleanup", Time since last: 1000120533 ns, Reaching safepoint: 134202 ns, At safepoint: 14401 ns, Total: 148603 ns
[466.902s][info ][safepoint      ] Safepoint "Cleanup", Time since last: 1000119633 ns, Reaching safepoint: 133102 ns, At safepoint: 16901 ns, Total: 150003 ns
[467.902s][info ][safepoint      ] Safepoint "Cleanup", Time since last: 1000120333 ns, Reaching safepoint: 103502 ns, At safepoint: 9300 ns, Total: 112802 ns
[470.902s][info ][safepoint      ] Safepoint "Cleanup", Time since last: 3000268401 ns, Reaching safepoint: 132702 ns, At safepoint: 9301 ns, Total: 142003 ns
[471.902s][info ][safepoint      ] Safepoint "Cleanup", Time since last: 1000113734 ns, Reaching safepoint: 125402 ns, At safepoint: 7300 ns, Total: 132702 ns
[473.903s][info ][safepoint      ] Safepoint "Cleanup", Time since last: 2000202369 ns, Reaching safepoint: 117102 ns, At safepoint: 8400 ns, Total: 125502 ns
[474.903s][info ][safepoint      ] Safepoint "Cleanup", Time since last: 1000114435 ns, Reaching safepoint: 126802 ns, At safepoint: 8900 ns, Total: 135702 ns
[475.903s][info ][safepoint      ] Safepoint "Cleanup", Time since last: 1000112535 ns, Reaching safepoint: 110702 ns, At safepoint: 10301 ns, Total: 121003 ns
[478.904s][info ][safepoint      ] Safepoint "Cleanup", Time since last: 3000241204 ns, Reaching safepoint: 113102 ns, At safepoint: 6700 ns, Total: 119802 ns
[480.904s][info ][safepoint      ] Safepoint "Cleanup", Time since last: 2000188571 ns, Reaching safepoint: 123902 ns, At safepoint: 8101 ns, Total: 132003 ns
[481.299s][info ][gc,start       ] GC(106) Pause Young (Allocation Failure)
[481.324s][debug][gc,phases      ] GC(106) Scavenge 24.764ms
[481.324s][debug][gc,ref         ] GC(106) Skipped phase 1 of Reference Processing: no references
[481.324s][debug][gc,ref         ] GC(106) Skipped phase 3 of Reference Processing: no references
[481.324s][debug][gc,phases      ] GC(106) Reference Processing 0.044ms
[481.324s][debug][gc,phases      ] GC(106) Weak Processing 0.568ms
[481.324s][debug][gc,age         ] GC(106) Desired survivor size 195035136 bytes, new threshold 15 (max threshold 15)
[481.324s][info ][gc,heap        ] GC(106) PSYoungGen: 1838646K(1905152K)->125494K(1904128K) Eden: 1712128K(1712128K)->0K(1712128K) From: 126518K(193024K)->125494K(192000K)
[481.324s][info ][gc,heap        ] GC(106) ParOldGen: 499723K(537088K)->499852K(537088K)
[481.324s][info ][gc,metaspace   ] GC(106) Metaspace: 78197K(78848K)->78197K(78848K) NonClass: 67496K(67840K)->67496K(67840K) Class: 10701K(11008K)->10701K(11008K)
[481.324s][info ][gc             ] GC(106) Pause Young (Allocation Failure) 2283M->610M(2384M) 25.529ms
[481.324s][info ][gc,cpu         ] GC(106) User=0.10s Sys=0.00s Real=0.03s
[481.324s][info ][safepoint      ] Safepoint "ParallelGCFailedAllocation", Time since last: 394902105 ns, Reaching safepoint: 39001 ns, At safepoint: 25603041 ns, Total: 25642042 ns
[485.325s][info ][safepoint      ] Safepoint "Cleanup", Time since last: 4000287143 ns, Reaching safepoint: 56301 ns, At safepoint: 5501 ns, Total: 61802 ns
[486.325s][info ][safepoint      ] Safepoint "Cleanup", Time since last: 1000106336 ns, Reaching safepoint: 65902 ns, At safepoint: 2800 ns, Total: 68702 ns
[487.325s][info ][safepoint      ] Safepoint "Cleanup", Time since last: 1000112737 ns, Reaching safepoint: 52901 ns, At safepoint: 7300 ns, Total: 60201 ns
[488.325s][info ][safepoint      ] Safepoint "Cleanup", Time since last: 1000108237 ns, Reaching safepoint: 109802 ns, At safepoint: 7200 ns, Total: 117002 ns
[491.326s][info ][safepoint      ] Safepoint "Cleanup", Time since last: 3000191010 ns, Reaching safepoint: 61201 ns, At safepoint: 2500 ns, Total: 63701 ns
[494.326s][info ][safepoint      ] Safepoint "Cleanup", Time since last: 3000202613 ns, Reaching safepoint: 51000 ns, At safepoint: 3200 ns, Total: 54200 ns
[497.326s][info ][safepoint      ] Safepoint "Cleanup", Time since last: 3000237415 ns, Reaching safepoint: 60201 ns, At safepoint: 10000 ns, Total: 70201 ns
[501.327s][info ][safepoint      ] Safepoint "Cleanup", Time since last: 4000301755 ns, Reaching safepoint: 49600 ns, At safepoint: 2201 ns, Total: 51801 ns
[502.327s][info ][safepoint      ] Safepoint "Cleanup", Time since last: 1000118439 ns, Reaching safepoint: 52701 ns, At safepoint: 7300 ns, Total: 60001 ns
[503.327s][info ][safepoint      ] Safepoint "Cleanup", Time since last: 1000111740 ns, Reaching safepoint: 66001 ns, At safepoint: 9701 ns, Total: 75702 ns
[505.327s][info ][safepoint      ] Safepoint "Cleanup", Time since last: 2000177079 ns, Reaching safepoint: 50101 ns, At safepoint: 11900 ns, Total: 62001 ns
[506.327s][info ][safepoint      ] Safepoint "Cleanup", Time since last: 1000113341 ns, Reaching safepoint: 51900 ns, At safepoint: 6501 ns, Total: 58401 ns
[507.328s][info ][safepoint      ] Safepoint "Cleanup", Time since last: 1000120740 ns, Reaching safepoint: 44601 ns, At safepoint: 2300 ns, Total: 46901 ns
[508.328s][info ][safepoint      ] Safepoint "Cleanup", Time since last: 1000120441 ns, Reaching safepoint: 41901 ns, At safepoint: 4100 ns, Total: 46001 ns
[509.253s][info ][gc,start       ] GC(107) Pause Young (Allocation Failure)
[509.279s][debug][gc,phases      ] GC(107) Scavenge 26.585ms
[509.280s][debug][gc,ref         ] GC(107) Skipped phase 1 of Reference Processing: no references
[509.280s][debug][gc,ref         ] GC(107) Skipped phase 3 of Reference Processing: no references
[509.280s][debug][gc,phases      ] GC(107) Reference Processing 0.045ms
[509.280s][debug][gc,phases      ] GC(107) Weak Processing 0.602ms
[509.280s][debug][gc,age         ] GC(107) Desired survivor size 192937984 bytes, new threshold 15 (max threshold 15)
[509.280s][info ][gc,heap        ] GC(107) PSYoungGen: 1837622K(1904128K)->124947K(1908736K) Eden: 1712128K(1712128K)->0K(1718272K) From: 125494K(192000K)->124947K(190464K)
[509.280s][info ][gc,heap        ] GC(107) ParOldGen: 499852K(537088K)->500192K(537088K)
[509.280s][info ][gc,metaspace   ] GC(107) Metaspace: 78235K(78912K)->78235K(78912K) NonClass: 67534K(67904K)->67534K(67904K) Class: 10701K(11008K)->10701K(11008K)
[509.280s][info ][gc             ] GC(107) Pause Young (Allocation Failure) 2282M->610M(2388M) 27.382ms
[509.280s][info ][gc,cpu         ] GC(107) User=0.10s Sys=0.00s Real=0.03s
[509.280s][info ][safepoint      ] Safepoint "ParallelGCFailedAllocation", Time since last: 925075247 ns, Reaching safepoint: 43501 ns, At safepoint: 27461873 ns, Total: 27505374 ns
[510.280s][info ][safepoint      ] Safepoint "Cleanup", Time since last: 1000097941 ns, Reaching safepoint: 58101 ns, At safepoint: 5000 ns, Total: 63101 ns
[511.281s][info ][safepoint      ] Safepoint "Cleanup", Time since last: 1000137042 ns, Reaching safepoint: 53701 ns, At safepoint: 8200 ns, Total: 61901 ns
[512.281s][info ][safepoint      ] Safepoint "Cleanup", Time since last: 1000125441 ns, Reaching safepoint: 57301 ns, At safepoint: 10401 ns, Total: 67702 ns
[513.281s][info ][safepoint      ] Safepoint "Cleanup", Time since last: 1000115541 ns, Reaching safepoint: 47501 ns, At safepoint: 3400 ns, Total: 50901 ns
[514.281s][info ][safepoint      ] Safepoint "Cleanup", Time since last: 1000112442 ns, Reaching safepoint: 56801 ns, At safepoint: 10100 ns, Total: 66901 ns
[515.281s][info ][safepoint      ] Safepoint "Cleanup", Time since last: 1000121042 ns, Reaching safepoint: 61801 ns, At safepoint: 12700 ns, Total: 74501 ns
[517.282s][info ][safepoint      ] Safepoint "Cleanup", Time since last: 2000180984 ns, Reaching safepoint: 51801 ns, At safepoint: 7100 ns, Total: 58901 ns
[519.282s][info ][safepoint      ] Safepoint "Cleanup", Time since last: 2000171684 ns, Reaching safepoint: 74201 ns, At safepoint: 7400 ns, Total: 81601 ns
[520.282s][info ][safepoint      ] Safepoint "Cleanup", Time since last: 1000095743 ns, Reaching safepoint: 54401 ns, At safepoint: 9900 ns, Total: 64301 ns
[521.282s][info ][safepoint      ] Safepoint "Cleanup", Time since last: 1000113743 ns, Reaching safepoint: 45101 ns, At safepoint: 3100 ns, Total: 48201 ns
[522.282s][info ][safepoint      ] Safepoint "Cleanup", Time since last: 1000107743 ns, Reaching safepoint: 52801 ns, At safepoint: 4500 ns, Total: 57301 ns
[523.282s][info ][safepoint      ] Safepoint "Cleanup", Time since last: 1000112443 ns, Reaching safepoint: 39501 ns, At safepoint: 2900 ns, Total: 42401 ns
[524.283s][info ][safepoint      ] Safepoint "Cleanup", Time since last: 1000105743 ns, Reaching safepoint: 44801 ns, At safepoint: 2300 ns, Total: 47101 ns
[525.283s][info ][safepoint      ] Safepoint "Cleanup", Time since last: 1000070943 ns, Reaching safepoint: 45001 ns, At safepoint: 2900 ns, Total: 47901 ns
[526.283s][info ][safepoint      ] Safepoint "Cleanup", Time since last: 1000104343 ns, Reaching safepoint: 48901 ns, At safepoint: 3700 ns, Total: 52601 ns
[527.283s][info ][safepoint      ] Safepoint "Cleanup", Time since last: 1000109944 ns, Reaching safepoint: 51801 ns, At safepoint: 11000 ns, Total: 62801 ns
[530.283s][info ][safepoint      ] Safepoint "Cleanup", Time since last: 3000203830 ns, Reaching safepoint: 56001 ns, At safepoint: 7100 ns, Total: 63101 ns
[531.284s][info ][safepoint      ] Safepoint "Cleanup", Time since last: 1000102745 ns, Reaching safepoint: 48601 ns, At safepoint: 3000 ns, Total: 51601 ns
[532.284s][info ][safepoint      ] Safepoint "Cleanup", Time since last: 1000117245 ns, Reaching safepoint: 38400 ns, At safepoint: 2800 ns, Total: 41200 ns
[533.284s][info ][safepoint      ] Safepoint "Cleanup", Time since last: 1000079945 ns, Reaching safepoint: 41200 ns, At safepoint: 2300 ns, Total: 43500 ns
[534.284s][info ][safepoint      ] Safepoint "Cleanup", Time since last: 1000106245 ns, Reaching safepoint: 63701 ns, At safepoint: 9001 ns, Total: 72702 ns
[535.284s][info ][safepoint      ] Safepoint "Cleanup", Time since last: 1000116145 ns, Reaching safepoint: 54001 ns, At safepoint: 2700 ns, Total: 56701 ns
[535.602s][info ][gc,start       ] GC(108) Pause Young (Allocation Failure)
[535.627s][debug][gc,phases      ] GC(108) Scavenge 25.187ms
[535.627s][debug][gc,ref         ] GC(108) Skipped phase 1 of Reference Processing: no references
[535.627s][debug][gc,ref         ] GC(108) Skipped phase 3 of Reference Processing: no references
[535.627s][debug][gc,phases      ] GC(108) Reference Processing 0.035ms
[535.628s][debug][gc,phases      ] GC(108) Weak Processing 0.564ms
[535.628s][debug][gc,age         ] GC(108) Desired survivor size 190316544 bytes, new threshold 15 (max threshold 15)
[535.628s][info ][gc,heap        ] GC(108) PSYoungGen: 1843219K(1908736K)->124739K(1906688K) Eden: 1718272K(1718272K)->0K(1718272K) From: 124947K(190464K)->124739K(188416K)
[535.628s][info ][gc,heap        ] GC(108) ParOldGen: 500192K(537088K)->500828K(537088K)
[535.628s][info ][gc,metaspace   ] GC(108) Metaspace: 78259K(78912K)->78259K(78912K) NonClass: 67558K(67904K)->67558K(67904K) Class: 10701K(11008K)->10701K(11008K)
[535.628s][info ][gc             ] GC(108) Pause Young (Allocation Failure) 2288M->610M(2386M) 25.956ms
[535.628s][info ][gc,cpu         ] GC(108) User=0.10s Sys=0.00s Real=0.02s
[535.628s][info ][safepoint      ] Safepoint "ParallelGCFailedAllocation", Time since last: 317874181 ns, Reaching safepoint: 33601 ns, At safepoint: 26059649 ns, Total: 26093250 ns
[536.628s][info ][safepoint      ] Safepoint "Cleanup", Time since last: 1000092545 ns, Reaching safepoint: 50601 ns, At safepoint: 5400 ns, Total: 56001 ns
[537.628s][info ][safepoint      ] Safepoint "Cleanup", Time since last: 1000102745 ns, Reaching safepoint: 54601 ns, At safepoint: 2400 ns, Total: 57001 ns
[538.629s][info ][safepoint      ] Safepoint "Cleanup", Time since last: 1000111346 ns, Reaching safepoint: 65701 ns, At safepoint: 11100 ns, Total: 76801 ns
[539.629s][info ][safepoint      ] Safepoint "Cleanup", Time since last: 1000110646 ns, Reaching safepoint: 59301 ns, At safepoint: 5200 ns, Total: 64501 ns
[540.629s][info ][safepoint      ] Safepoint "Cleanup", Time since last: 1000118447 ns, Reaching safepoint: 52200 ns, At safepoint: 5401 ns, Total: 57601 ns
[542.629s][info ][safepoint      ] Safepoint "Cleanup", Time since last: 2000138591 ns, Reaching safepoint: 60701 ns, At safepoint: 9000 ns, Total: 69701 ns
[543.629s][info ][safepoint      ] Safepoint "Cleanup", Time since last: 1000107546 ns, Reaching safepoint: 51401 ns, At safepoint: 5600 ns, Total: 57001 ns
[544.629s][info ][safepoint      ] Safepoint "Cleanup", Time since last: 1000079346 ns, Reaching safepoint: 48201 ns, At safepoint: 9100 ns, Total: 57301 ns
[545.630s][info ][safepoint      ] Safepoint "Cleanup", Time since last: 1000118447 ns, Reaching safepoint: 60501 ns, At safepoint: 10401 ns, Total: 70902 ns
[546.630s][info ][safepoint      ] Safepoint "Cleanup", Time since last: 1000106846 ns, Reaching safepoint: 93802 ns, At safepoint: 7700 ns, Total: 101502 ns
[547.630s][info ][safepoint      ] Safepoint "Cleanup", Time since last: 1000120148 ns, Reaching safepoint: 69201 ns, At safepoint: 7200 ns, Total: 76401 ns
[548.630s][info ][safepoint      ] Safepoint "Cleanup", Time since last: 1000121547 ns, Reaching safepoint: 50101 ns, At safepoint: 2200 ns, Total: 52301 ns
[549.630s][info ][safepoint      ] Safepoint "Cleanup", Time since last: 1000068847 ns, Reaching safepoint: 69301 ns, At safepoint: 4100 ns, Total: 73401 ns
[550.631s][info ][safepoint      ] Safepoint "Cleanup", Time since last: 1000101448 ns, Reaching safepoint: 53101 ns, At safepoint: 6900 ns, Total: 60001 ns
[551.631s][info ][safepoint      ] Safepoint "Cleanup", Time since last: 1000107547 ns, Reaching safepoint: 50901 ns, At safepoint: 3300 ns, Total: 54201 ns
[552.631s][info ][safepoint      ] Safepoint "Cleanup", Time since last: 1000094448 ns, Reaching safepoint: 49901 ns, At safepoint: 9400 ns, Total: 59301 ns
[553.631s][info ][safepoint      ] Safepoint "Cleanup", Time since last: 1000109248 ns, Reaching safepoint: 65801 ns, At safepoint: 14400 ns, Total: 80201 ns
[554.631s][info ][safepoint      ] Safepoint "Cleanup", Time since last: 1000117849 ns, Reaching safepoint: 45701 ns, At safepoint: 2500 ns, Total: 48201 ns
[555.631s][info ][safepoint      ] Safepoint "Cleanup", Time since last: 1000064847 ns, Reaching safepoint: 60401 ns, At safepoint: 7400 ns, Total: 67801 ns
[556.632s][info ][safepoint      ] Safepoint "Cleanup", Time since last: 1000101349 ns, Reaching safepoint: 50801 ns, At safepoint: 10400 ns, Total: 61201 ns
[557.632s][info ][safepoint      ] Safepoint "Cleanup", Time since last: 1000080748 ns, Reaching safepoint: 51301 ns, At safepoint: 2600 ns, Total: 53901 ns
[559.632s][info ][safepoint      ] Safepoint "Cleanup", Time since last: 2000176797 ns, Reaching safepoint: 50401 ns, At safepoint: 6900 ns, Total: 57301 ns
[560.632s][info ][safepoint      ] Safepoint "Cleanup", Time since last: 1000114249 ns, Reaching safepoint: 49401 ns, At safepoint: 2600 ns, Total: 52001 ns
[561.555s][info ][gc,start       ] GC(109) Pause Young (Allocation Failure)
[561.581s][debug][gc,phases      ] GC(109) Scavenge 26.279ms
[561.581s][debug][gc,ref         ] GC(109) Skipped phase 1 of Reference Processing: no references
[561.581s][debug][gc,ref         ] GC(109) Skipped phase 3 of Reference Processing: no references
[561.581s][debug][gc,phases      ] GC(109) Reference Processing 0.033ms
[561.582s][debug][gc,phases      ] GC(109) Weak Processing 0.568ms
[561.582s][debug][gc,age         ] GC(109) Desired survivor size 186646528 bytes, new threshold 15 (max threshold 15)
[561.582s][info ][gc,heap        ] GC(109) PSYoungGen: 1843011K(1906688K)->121955K(1914880K) Eden: 1718272K(1718272K)->0K(1729024K) From: 124739K(188416K)->121955K(185856K)
[561.582s][info ][gc,heap        ] GC(109) ParOldGen: 500828K(537088K)->503692K(537088K)
[561.582s][info ][gc,metaspace   ] GC(109) Metaspace: 78272K(78976K)->78272K(78976K) NonClass: 67571K(67968K)->67571K(67968K) Class: 10701K(11008K)->10701K(11008K)
[561.582s][info ][gc             ] GC(109) Pause Young (Allocation Failure) 2288M->610M(2394M) 27.026ms
[561.582s][info ][gc,cpu         ] GC(109) User=0.10s Sys=0.01s Real=0.03s
[561.582s][info ][safepoint      ] Safepoint "ParallelGCFailedAllocation", Time since last: 922692814 ns, Reaching safepoint: 65501 ns, At safepoint: 27125268 ns, Total: 27190769 ns
[562.582s][info ][safepoint      ] Safepoint "Cleanup", Time since last: 1000095349 ns, Reaching safepoint: 47101 ns, At safepoint: 4500 ns, Total: 51601 ns
[563.582s][info ][safepoint      ] Safepoint "Cleanup", Time since last: 1000124350 ns, Reaching safepoint: 46201 ns, At safepoint: 8700 ns, Total: 54901 ns
[564.582s][info ][safepoint      ] Safepoint "Cleanup", Time since last: 1000110850 ns, Reaching safepoint: 55301 ns, At safepoint: 6800 ns, Total: 62101 ns
[565.583s][info ][safepoint      ] Safepoint "Cleanup", Time since last: 1000098649 ns, Reaching safepoint: 58601 ns, At safepoint: 7001 ns, Total: 65602 ns
[566.583s][info ][safepoint      ] Safepoint "Cleanup", Time since last: 1000108950 ns, Reaching safepoint: 46800 ns, At safepoint: 5501 ns, Total: 52301 ns
[567.583s][info ][safepoint      ] Safepoint "Cleanup", Time since last: 1000110350 ns, Reaching safepoint: 49201 ns, At safepoint: 6300 ns, Total: 55501 ns
[568.583s][info ][safepoint      ] Safepoint "Cleanup", Time since last: 1000106350 ns, Reaching safepoint: 60801 ns, At safepoint: 9400 ns, Total: 70201 ns
[571.583s][info ][safepoint      ] Safepoint "Cleanup", Time since last: 3000240651 ns, Reaching safepoint: 48700 ns, At safepoint: 17601 ns, Total: 66301 ns
[572.584s][info ][safepoint      ] Safepoint "Cleanup", Time since last: 1000112551 ns, Reaching safepoint: 41900 ns, At safepoint: 9001 ns, Total: 50901 ns
[574.584s][info ][safepoint      ] Safepoint "Cleanup", Time since last: 2000128200 ns, Reaching safepoint: 55301 ns, At safepoint: 9000 ns, Total: 64301 ns
[576.584s][info ][safepoint      ] Safepoint "Cleanup", Time since last: 2000142902 ns, Reaching safepoint: 47001 ns, At safepoint: 2700 ns, Total: 49701 ns
[578.584s][info ][safepoint      ] Safepoint "Cleanup", Time since last: 2000139902 ns, Reaching safepoint: 48801 ns, At safepoint: 2800 ns, Total: 51601 ns
[581.584s][info ][safepoint      ] Safepoint "Cleanup", Time since last: 3000213254 ns, Reaching safepoint: 76202 ns, At safepoint: 9800 ns, Total: 86002 ns
[584.585s][info ][safepoint      ] Safepoint "Cleanup", Time since last: 3000232856 ns, Reaching safepoint: 59101 ns, At safepoint: 12200 ns, Total: 71301 ns
[585.585s][info ][safepoint      ] Safepoint "Cleanup", Time since last: 1000106553 ns, Reaching safepoint: 66701 ns, At safepoint: 9300 ns, Total: 76001 ns
[588.586s][info ][safepoint      ] Safepoint "Cleanup", Time since last: 3001020872 ns, Reaching safepoint: 50401 ns, At safepoint: 2600 ns, Total: 53001 ns
[589.102s][info ][gc,start       ] GC(110) Pause Young (Allocation Failure)
[589.125s][debug][gc,phases      ] GC(110) Scavenge 22.958ms
[589.125s][debug][gc,ref         ] GC(110) Skipped phase 1 of Reference Processing: no references
[589.125s][debug][gc,ref         ] GC(110) Skipped phase 3 of Reference Processing: no references
[589.125s][debug][gc,phases      ] GC(110) Reference Processing 0.034ms
[589.125s][debug][gc,phases      ] GC(110) Weak Processing 0.539ms
[589.125s][debug][gc,age         ] GC(110) Desired survivor size 182976512 bytes, new threshold 15 (max threshold 15)
[589.125s][info ][gc,heap        ] GC(110) PSYoungGen: 1850979K(1914880K)->121574K(1911296K) Eden: 1729024K(1729024K)->0K(1729024K) From: 121955K(185856K)->121574K(182272K)
[589.125s][info ][gc,heap        ] GC(110) ParOldGen: 503692K(537088K)->504192K(537088K)
[589.125s][info ][gc,metaspace   ] GC(110) Metaspace: 78292K(78976K)->78292K(78976K) NonClass: 67591K(67968K)->67591K(67968K) Class: 10701K(11008K)->10701K(11008K)
[589.125s][info ][gc             ] GC(110) Pause Young (Allocation Failure) 2299M->611M(2391M) 23.662ms
[589.125s][info ][gc,cpu         ] GC(110) User=0.09s Sys=0.00s Real=0.03s
[589.125s][info ][safepoint      ] Safepoint "ParallelGCFailedAllocation", Time since last: 515571994 ns, Reaching safepoint: 47101 ns, At safepoint: 23751110 ns, Total: 23798211 ns
[590.126s][info ][safepoint      ] Safepoint "Cleanup", Time since last: 1000090153 ns, Reaching safepoint: 68301 ns, At safepoint: 8000 ns, Total: 76301 ns
[591.126s][info ][safepoint      ] Safepoint "Cleanup", Time since last: 1000237356 ns, Reaching safepoint: 52401 ns, At safepoint: 5600 ns, Total: 58001 ns
[594.126s][info ][safepoint      ] Safepoint "Cleanup", Time since last: 3000242360 ns, Reaching safepoint: 59301 ns, At safepoint: 10201 ns, Total: 69502 ns
[595.126s][info ][safepoint      ] Safepoint "Cleanup", Time since last: 1000159455 ns, Reaching safepoint: 50201 ns, At safepoint: 2900 ns, Total: 53101 ns
[597.127s][info ][safepoint      ] Safepoint "Cleanup", Time since last: 2000177108 ns, Reaching safepoint: 55001 ns, At safepoint: 8700 ns, Total: 63701 ns
[598.127s][info ][safepoint      ] Safepoint "Cleanup", Time since last: 1000118355 ns, Reaching safepoint: 54101 ns, At safepoint: 5300 ns, Total: 59401 ns
[601.127s][info ][safepoint      ] Safepoint "Cleanup", Time since last: 3000206762 ns, Reaching safepoint: 52901 ns, At safepoint: 9101 ns, Total: 62002 ns
[602.127s][info ][safepoint      ] Safepoint "Cleanup", Time since last: 1000109955 ns, Reaching safepoint: 54101 ns, At safepoint: 3000 ns, Total: 57101 ns
[603.127s][info ][safepoint      ] Safepoint "Cleanup", Time since last: 1000117955 ns, Reaching safepoint: 52301 ns, At safepoint: 2600 ns, Total: 54901 ns
[604.128s][info ][safepoint      ] Safepoint "Cleanup", Time since last: 1000109556 ns, Reaching safepoint: 52201 ns, At safepoint: 3700 ns, Total: 55901 ns
[605.128s][info ][safepoint      ] Safepoint "Cleanup", Time since last: 1000484362 ns, Reaching safepoint: 52701 ns, At safepoint: 10600 ns, Total: 63301 ns
[606.128s][info ][safepoint      ] Safepoint "Cleanup", Time since last: 1000104856 ns, Reaching safepoint: 45200 ns, At safepoint: 3301 ns, Total: 48501 ns
[608.128s][info ][safepoint      ] Safepoint "Cleanup", Time since last: 2000167711 ns, Reaching safepoint: 34100 ns, At safepoint: 2600 ns, Total: 36700 ns
[609.129s][info ][safepoint      ] Safepoint "Cleanup", Time since last: 1000124957 ns, Reaching safepoint: 47001 ns, At safepoint: 3100 ns, Total: 50101 ns
[610.129s][info ][safepoint      ] Safepoint "Cleanup", Time since last: 1000110856 ns, Reaching safepoint: 48301 ns, At safepoint: 2600 ns, Total: 50901 ns
[611.129s][info ][safepoint      ] Safepoint "Cleanup", Time since last: 1000109356 ns, Reaching safepoint: 78502 ns, At safepoint: 9900 ns, Total: 88402 ns
[612.129s][info ][safepoint      ] Safepoint "Cleanup", Time since last: 1000095456 ns, Reaching safepoint: 50301 ns, At safepoint: 3000 ns, Total: 53301 ns
[613.129s][info ][safepoint      ] Safepoint "Cleanup", Time since last: 1000109857 ns, Reaching safepoint: 48001 ns, At safepoint: 7000 ns, Total: 55001 ns
[615.750s][info ][gc,start       ] GC(111) Pause Young (Allocation Failure)
[615.779s][debug][gc,phases      ] GC(111) Scavenge 29.617ms
[615.780s][debug][gc,ref         ] GC(111) Skipped phase 1 of Reference Processing: no references
[615.780s][debug][gc,ref         ] GC(111) Skipped phase 3 of Reference Processing: no references
[615.780s][debug][gc,phases      ] GC(111) Reference Processing 0.032ms
[615.780s][debug][gc,phases      ] GC(111) Weak Processing 0.590ms
[615.780s][debug][gc,age         ] GC(111) Desired survivor size 186122240 bytes, new threshold 15 (max threshold 15)
[615.780s][info ][gc,heap        ] GC(111) PSYoungGen: 1850598K(1911296K)->56928K(1912320K) Eden: 1729024K(1729024K)->0K(1733632K) From: 121574K(182272K)->56928K(178688K)
[615.780s][info ][gc,heap        ] GC(111) ParOldGen: 504192K(537088K)->572693K(572928K)
[615.780s][info ][gc,metaspace   ] GC(111) Metaspace: 78315K(78976K)->78315K(78976K) NonClass: 67613K(67968K)->67613K(67968K) Class: 10702K(11008K)->10702K(11008K)
[615.780s][info ][gc             ] GC(111) Pause Young (Allocation Failure) 2299M->614M(2427M) 30.381ms
[615.780s][info ][gc,cpu         ] GC(111) User=0.10s Sys=0.02s Real=0.03s
[615.780s][debug][gc,phases      ] GC(112) Pre Compact 0.010ms
[615.780s][info ][gc,start       ] GC(112) Pause Full (Ergonomics)
[615.780s][info ][gc,phases,start] GC(112) Marking Phase
[615.914s][debug][gc,phases      ] GC(112) Par Mark 133.314ms
[615.914s][debug][gc,ref         ] GC(112) Skipped phase 1 of Reference Processing: no references
[615.914s][debug][gc,ref         ] GC(112) Skipped phase 3 of Reference Processing: no references
[615.914s][debug][gc,phases      ] GC(112) Reference Processing 0.388ms
[615.915s][debug][gc,phases      ] GC(112) Weak Processing 0.574ms
[615.915s][debug][gc,phases      ] GC(112) ClassLoaderData 0.066ms
[615.915s][debug][gc,phases      ] GC(112) Trigger cleanups 0.000ms
[615.932s][debug][gc,phases      ] GC(112) Class Unloading 17.827ms
[615.933s][info ][gc,phases      ] GC(112) Marking Phase 152.274ms
[615.933s][info ][gc,phases,start] GC(112) Summary Phase
[615.933s][info ][gc,phases      ] GC(112) Summary Phase 0.028ms
[615.933s][info ][gc,phases,start] GC(112) Adjust Roots
[615.947s][info ][gc,phases      ] GC(112) Adjust Roots 14.247ms
[615.947s][info ][gc,phases,start] GC(112) Compaction Phase
[616.055s][info ][gc,phases      ] GC(112) Compaction Phase 108.360ms
[616.055s][info ][gc,phases,start] GC(112) Post Compact
[616.057s][info ][gc,phases      ] GC(112) Post Compact 1.951ms
[616.057s][info ][gc,heap        ] GC(112) PSYoungGen: 56928K(1912320K)->0K(1915392K) Eden: 0K(1733632K)->0K(1733632K) From: 56928K(178688K)->0K(181760K)
[616.057s][info ][gc,heap        ] GC(112) ParOldGen: 572693K(572928K)->493694K(626176K)
[616.057s][info ][gc,metaspace   ] GC(112) Metaspace: 78315K(78976K)->78315K(78976K) NonClass: 67613K(67968K)->67613K(67968K) Class: 10702K(11008K)->10702K(11008K)
[616.057s][info ][gc             ] GC(112) Pause Full (Ergonomics) 614M->482M(2482M) 277.170ms
[616.057s][info ][gc,cpu         ] GC(112) User=1.00s Sys=0.00s Real=0.28s
[616.057s][info ][safepoint      ] Safepoint "ParallelGCFailedAllocation", Time since last: 2620345214 ns, Reaching safepoint: 103802 ns, At safepoint: 307702610 ns, Total: 307806412 ns
[617.058s][info ][safepoint      ] Safepoint "Cleanup", Time since last: 1000084257 ns, Reaching safepoint: 56001 ns, At safepoint: 3700 ns, Total: 59701 ns
[618.058s][info ][safepoint      ] Safepoint "Cleanup", Time since last: 1000125857 ns, Reaching safepoint: 120702 ns, At safepoint: 5601 ns, Total: 126303 ns
[620.058s][info ][safepoint      ] Safepoint "Cleanup", Time since last: 2000178514 ns, Reaching safepoint: 56901 ns, At safepoint: 7600 ns, Total: 64501 ns
[621.058s][info ][safepoint      ] Safepoint "Cleanup", Time since last: 1000109658 ns, Reaching safepoint: 58101 ns, At safepoint: 2400 ns, Total: 60501 ns
[624.059s][info ][safepoint      ] Safepoint "Cleanup", Time since last: 3000240573 ns, Reaching safepoint: 53901 ns, At safepoint: 2700 ns, Total: 56601 ns
[625.059s][info ][safepoint      ] Safepoint "Cleanup", Time since last: 1000131859 ns, Reaching safepoint: 123002 ns, At safepoint: 10400 ns, Total: 133402 ns
[626.059s][info ][safepoint      ] Safepoint "Cleanup", Time since last: 1000117759 ns, Reaching safepoint: 50701 ns, At safepoint: 5700 ns, Total: 56401 ns
[627.059s][info ][safepoint      ] Safepoint "Cleanup", Time since last: 1000115559 ns, Reaching safepoint: 59501 ns, At safepoint: 3000 ns, Total: 62501 ns
[628.059s][info ][safepoint      ] Safepoint "Cleanup", Time since last: 1000136159 ns, Reaching safepoint: 63001 ns, At safepoint: 7500 ns, Total: 70501 ns
[629.060s][info ][safepoint      ] Safepoint "Cleanup", Time since last: 1000117259 ns, Reaching safepoint: 49801 ns, At safepoint: 2600 ns, Total: 52401 ns
[631.060s][info ][safepoint      ] Safepoint "Cleanup", Time since last: 2000181918 ns, Reaching safepoint: 47201 ns, At safepoint: 2900 ns, Total: 50101 ns
[633.060s][info ][safepoint      ] Safepoint "Cleanup", Time since last: 2000175618 ns, Reaching safepoint: 63601 ns, At safepoint: 6800 ns, Total: 70401 ns
[634.060s][info ][safepoint      ] Safepoint "Cleanup", Time since last: 1000115260 ns, Reaching safepoint: 59101 ns, At safepoint: 3600 ns, Total: 62701 ns
[635.060s][info ][safepoint      ] Safepoint "Cleanup", Time since last: 1000110660 ns, Reaching safepoint: 59601 ns, At safepoint: 7000 ns, Total: 66601 ns
[639.061s][info ][safepoint      ] Safepoint "Cleanup", Time since last: 4000301138 ns, Reaching safepoint: 53201 ns, At safepoint: 4000 ns, Total: 57201 ns
[640.061s][info ][safepoint      ] Safepoint "Cleanup", Time since last: 1000116860 ns, Reaching safepoint: 47101 ns, At safepoint: 2300 ns, Total: 49401 ns
[642.061s][info ][safepoint      ] Safepoint "Cleanup", Time since last: 2000176920 ns, Reaching safepoint: 79902 ns, At safepoint: 7200 ns, Total: 87102 ns
[643.061s][info ][safepoint      ] Safepoint "Cleanup", Time since last: 1000102461 ns, Reaching safepoint: 49701 ns, At safepoint: 6100 ns, Total: 55801 ns
[643.399s][info ][gc,start       ] GC(113) Pause Young (Allocation Failure)
[643.401s][debug][gc,phases      ] GC(113) Scavenge 1.506ms
[643.401s][debug][gc,ref         ] GC(113) Skipped phase 1 of Reference Processing: no references
[643.401s][debug][gc,ref         ] GC(113) Skipped phase 3 of Reference Processing: no references
[643.401s][debug][gc,phases      ] GC(113) Reference Processing 0.019ms
[643.402s][debug][gc,phases      ] GC(113) Weak Processing 0.498ms
[643.402s][debug][gc,age         ] GC(113) Desired survivor size 197132288 bytes, new threshold 15 (max threshold 15)
[643.402s][info ][gc,heap        ] GC(113) PSYoungGen: 1733632K(1915392K)->1120K(1893888K) Eden: 1733632K(1733632K)->0K(1712128K) From: 0K(181760K)->1120K(181760K)
[643.402s][info ][gc,heap        ] GC(113) ParOldGen: 493694K(626176K)->493694K(626176K)
[643.402s][info ][gc,metaspace   ] GC(113) Metaspace: 78319K(78976K)->78319K(78976K) NonClass: 67617K(67968K)->67617K(67968K) Class: 10702K(11008K)->10702K(11008K)
[643.402s][info ][gc             ] GC(113) Pause Young (Allocation Failure) 2175M->483M(2461M) 2.142ms
[643.402s][info ][gc,cpu         ] GC(113) User=0.01s Sys=0.00s Real=0.00s
[643.402s][info ][safepoint      ] Safepoint "ParallelGCFailedAllocation", Time since last: 338008533 ns, Reaching safepoint: 28401 ns, At safepoint: 2211338 ns, Total: 2239739 ns
[644.402s][info ][safepoint      ] Safepoint "Cleanup", Time since last: 1000094661 ns, Reaching safepoint: 112302 ns, At safepoint: 7700 ns, Total: 120002 ns
[646.402s][info ][safepoint      ] Safepoint "Cleanup", Time since last: 2000180321 ns, Reaching safepoint: 127303 ns, At safepoint: 14600 ns, Total: 141903 ns
[647.402s][info ][safepoint      ] Safepoint "Cleanup", Time since last: 1000098061 ns, Reaching safepoint: 117302 ns, At safepoint: 14300 ns, Total: 131602 ns
[649.403s][info ][safepoint      ] Safepoint "Cleanup", Time since last: 2000189823 ns, Reaching safepoint: 130402 ns, At safepoint: 7300 ns, Total: 137702 ns
[651.403s][info ][safepoint      ] Safepoint "Cleanup", Time since last: 2000171123 ns, Reaching safepoint: 116002 ns, At safepoint: 8100 ns, Total: 124102 ns
[653.403s][info ][safepoint      ] Safepoint "Cleanup", Time since last: 2000185424 ns, Reaching safepoint: 120202 ns, At safepoint: 7800 ns, Total: 128002 ns
[655.404s][info ][safepoint      ] Safepoint "Cleanup", Time since last: 2000209024 ns, Reaching safepoint: 126803 ns, At safepoint: 11400 ns, Total: 138203 ns
[657.404s][info ][safepoint      ] Safepoint "Cleanup", Time since last: 2000194725 ns, Reaching safepoint: 132402 ns, At safepoint: 11500 ns, Total: 143902 ns
[658.404s][info ][safepoint      ] Safepoint "Cleanup", Time since last: 1000127263 ns, Reaching safepoint: 126802 ns, At safepoint: 10901 ns, Total: 137703 ns
[659.404s][info ][safepoint      ] Safepoint "Cleanup", Time since last: 1000108762 ns, Reaching safepoint: 109602 ns, At safepoint: 6400 ns, Total: 116002 ns
[661.405s][info ][safepoint      ] Safepoint "Cleanup", Time since last: 2000191626 ns, Reaching safepoint: 118302 ns, At safepoint: 10200 ns, Total: 128502 ns
[663.405s][info ][safepoint      ] Safepoint "Cleanup", Time since last: 2000175526 ns, Reaching safepoint: 128803 ns, At safepoint: 5700 ns, Total: 134503 ns
[665.405s][info ][safepoint      ] Safepoint "Cleanup", Time since last: 2000184826 ns, Reaching safepoint: 124102 ns, At safepoint: 14201 ns, Total: 138303 ns
[666.406s][info ][safepoint      ] Safepoint "Cleanup", Time since last: 1000127164 ns, Reaching safepoint: 133402 ns, At safepoint: 12100 ns, Total: 145502 ns
[668.406s][info ][safepoint      ] Safepoint "Cleanup", Time since last: 2000182627 ns, Reaching safepoint: 53601 ns, At safepoint: 3000 ns, Total: 56601 ns
[669.406s][info ][safepoint      ] Safepoint "Cleanup", Time since last: 1000113365 ns, Reaching safepoint: 53101 ns, At safepoint: 6900 ns, Total: 60001 ns
[670.406s][info ][safepoint      ] Safepoint "Cleanup", Time since last: 1000106364 ns, Reaching safepoint: 118002 ns, At safepoint: 9100 ns, Total: 127102 ns
[671.050s][info ][gc,start       ] GC(114) Pause Young (Allocation Failure)
[671.052s][debug][gc,phases      ] GC(114) Scavenge 1.744ms
[671.052s][debug][gc,ref         ] GC(114) Skipped phase 1 of Reference Processing: no references
[671.052s][debug][gc,ref         ] GC(114) Skipped phase 3 of Reference Processing: no references
[671.052s][debug][gc,phases      ] GC(114) Reference Processing 0.020ms
[671.053s][debug][gc,phases      ] GC(114) Weak Processing 0.496ms
[671.053s][debug][gc,age         ] GC(114) Desired survivor size 203948032 bytes, new threshold 15 (max threshold 15)
[671.053s][info ][gc,heap        ] GC(114) PSYoungGen: 1713248K(1893888K)->1792K(1714176K) Eden: 1712128K(1712128K)->0K(1712128K) From: 1120K(181760K)->1792K(2048K)
[671.053s][info ][gc,heap        ] GC(114) ParOldGen: 493694K(626176K)->493702K(626176K)
[671.053s][info ][gc,metaspace   ] GC(114) Metaspace: 78342K(79040K)->78342K(79040K) NonClass: 67640K(68032K)->67640K(68032K) Class: 10702K(11008K)->10702K(11008K)
[671.053s][info ][gc             ] GC(114) Pause Young (Allocation Failure) 2155M->483M(2285M) 2.386ms
[671.053s][info ][gc,cpu         ] GC(114) User=0.01s Sys=0.00s Real=0.00s
[671.053s][info ][safepoint      ] Safepoint "ParallelGCFailedAllocation", Time since last: 643959916 ns, Reaching safepoint: 44801 ns, At safepoint: 2465343 ns, Total: 2510144 ns
[672.053s][info ][safepoint      ] Safepoint "Cleanup", Time since last: 1000086164 ns, Reaching safepoint: 135702 ns, At safepoint: 10000 ns, Total: 145702 ns
[674.053s][info ][safepoint      ] Safepoint "Cleanup", Time since last: 2000187029 ns, Reaching safepoint: 76801 ns, At safepoint: 9001 ns, Total: 85802 ns
[675.054s][info ][safepoint      ] Safepoint "Cleanup", Time since last: 1000113865 ns, Reaching safepoint: 113802 ns, At safepoint: 6800 ns, Total: 120602 ns
[676.054s][info ][safepoint      ] Safepoint "Cleanup", Time since last: 1000123265 ns, Reaching safepoint: 125402 ns, At safepoint: 9900 ns, Total: 135302 ns
[677.054s][info ][safepoint      ] Safepoint "Cleanup", Time since last: 1000133366 ns, Reaching safepoint: 123202 ns, At safepoint: 10100 ns, Total: 133302 ns
[678.054s][info ][safepoint      ] Safepoint "Cleanup", Time since last: 1000116965 ns, Reaching safepoint: 123902 ns, At safepoint: 7101 ns, Total: 131003 ns
[679.055s][info ][safepoint      ] Safepoint "Cleanup", Time since last: 1000108965 ns, Reaching safepoint: 113902 ns, At safepoint: 5200 ns, Total: 119102 ns
[680.055s][info ][safepoint      ] Safepoint "Cleanup", Time since last: 1000115465 ns, Reaching safepoint: 119303 ns, At safepoint: 5500 ns, Total: 124803 ns
[681.055s][info ][safepoint      ] Safepoint "Cleanup", Time since last: 1000108565 ns, Reaching safepoint: 110202 ns, At safepoint: 8200 ns, Total: 118402 ns
[682.055s][info ][safepoint      ] Safepoint "Cleanup", Time since last: 1000107166 ns, Reaching safepoint: 115302 ns, At safepoint: 5600 ns, Total: 120902 ns
[684.056s][info ][safepoint      ] Safepoint "Cleanup", Time since last: 2000171231 ns, Reaching safepoint: 108702 ns, At safepoint: 3900 ns, Total: 112602 ns
[686.056s][info ][safepoint      ] Safepoint "Cleanup", Time since last: 2000131831 ns, Reaching safepoint: 114402 ns, At safepoint: 6300 ns, Total: 120702 ns
[687.056s][info ][safepoint      ] Safepoint "Cleanup", Time since last: 1000109366 ns, Reaching safepoint: 49401 ns, At safepoint: 7700 ns, Total: 57101 ns
[688.056s][info ][safepoint      ] Safepoint "Cleanup", Time since last: 1000120567 ns, Reaching safepoint: 99501 ns, At safepoint: 8200 ns, Total: 107701 ns
[690.056s][info ][safepoint      ] Safepoint "Cleanup", Time since last: 2000191033 ns, Reaching safepoint: 31201 ns, At safepoint: 2700 ns, Total: 33901 ns
[691.057s][info ][safepoint      ] Safepoint "Cleanup", Time since last: 1000106166 ns, Reaching safepoint: 114702 ns, At safepoint: 5701 ns, Total: 120403 ns
[692.057s][info ][safepoint      ] Safepoint "Cleanup", Time since last: 1000123767 ns, Reaching safepoint: 125202 ns, At safepoint: 14700 ns, Total: 139902 ns
[693.057s][info ][safepoint      ] Safepoint "Cleanup", Time since last: 1000114567 ns, Reaching safepoint: 51201 ns, At safepoint: 8600 ns, Total: 59801 ns
[697.057s][info ][safepoint      ] Safepoint "Cleanup", Time since last: 4000314067 ns, Reaching safepoint: 50201 ns, At safepoint: 8000 ns, Total: 58201 ns
[698.058s][info ][safepoint      ] Safepoint "Cleanup", Time since last: 1000103668 ns, Reaching safepoint: 56601 ns, At safepoint: 10700 ns, Total: 67301 ns
[699.058s][info ][safepoint      ] Safepoint "Cleanup", Time since last: 1000126568 ns, Reaching safepoint: 52601 ns, At safepoint: 2600 ns, Total: 55201 ns
[699.150s][info ][gc,start       ] GC(115) Pause Young (Allocation Failure)
[699.152s][debug][gc,phases      ] GC(115) Scavenge 1.898ms
[699.152s][debug][gc,ref         ] GC(115) Skipped phase 1 of Reference Processing: no references
[699.152s][debug][gc,ref         ] GC(115) Skipped phase 3 of Reference Processing: no references
[699.152s][debug][gc,phases      ] GC(115) Reference Processing 0.028ms
[699.152s][debug][gc,phases      ] GC(115) Weak Processing 0.653ms
[699.152s][debug][gc,age         ] GC(115) Desired survivor size 207618048 bytes, new threshold 15 (max threshold 15)
[699.152s][info ][gc,heap        ] GC(115) PSYoungGen: 1713920K(1714176K)->2240K(1890816K) Eden: 1712128K(1712128K)->0K(1691648K) From: 1792K(2048K)->2240K(199168K)
[699.152s][info ][gc,heap        ] GC(115) ParOldGen: 493702K(626176K)->493710K(626176K)
[699.153s][info ][gc,metaspace   ] GC(115) Metaspace: 78361K(79040K)->78361K(79040K) NonClass: 67655K(68032K)->67655K(68032K) Class: 10705K(11008K)->10705K(11008K)
[699.153s][info ][gc             ] GC(115) Pause Young (Allocation Failure) 2155M->484M(2458M) 2.716ms
[699.153s][info ][gc,cpu         ] GC(115) User=0.01s Sys=0.00s Real=0.00s
[699.153s][info ][safepoint      ] Safepoint "ParallelGCFailedAllocation", Time since last: 91858186 ns, Reaching safepoint: 116002 ns, At safepoint: 2799948 ns, Total: 2915950 ns
[700.153s][info ][safepoint      ] Safepoint "Cleanup", Time since last: 1000112068 ns, Reaching safepoint: 145603 ns, At safepoint: 8700 ns, Total: 154303 ns
[702.310s][info ][safepoint      ] Safepoint "Cleanup", Time since last: 2156602036 ns, Reaching safepoint: 65901 ns, At safepoint: 5200 ns, Total: 71101 ns
[703.310s][info ][safepoint      ] Safepoint "Cleanup", Time since last: 1000116869 ns, Reaching safepoint: 72801 ns, At safepoint: 12000 ns, Total: 84801 ns
[704.310s][info ][safepoint      ] Safepoint "Cleanup", Time since last: 1000123569 ns, Reaching safepoint: 54001 ns, At safepoint: 7600 ns, Total: 61601 ns
[705.310s][info ][safepoint      ] Safepoint "Cleanup", Time since last: 1000114768 ns, Reaching safepoint: 32601 ns, At safepoint: 3000 ns, Total: 35601 ns
[706.310s][info ][safepoint      ] Safepoint "Cleanup", Time since last: 1000118069 ns, Reaching safepoint: 37800 ns, At safepoint: 2800 ns, Total: 40600 ns
[707.310s][info ][safepoint      ] Safepoint "Cleanup", Time since last: 1000114569 ns, Reaching safepoint: 55501 ns, At safepoint: 3100 ns, Total: 58601 ns
[708.311s][info ][safepoint      ] Safepoint "Cleanup", Time since last: 1000119469 ns, Reaching safepoint: 46601 ns, At safepoint: 4000 ns, Total: 50601 ns
[710.311s][info ][safepoint      ] Safepoint "Cleanup", Time since last: 2000195837 ns, Reaching safepoint: 71602 ns, At safepoint: 10300 ns, Total: 81902 ns
[711.311s][info ][safepoint      ] Safepoint "Cleanup", Time since last: 1000107169 ns, Reaching safepoint: 47201 ns, At safepoint: 2600 ns, Total: 49801 ns
[712.311s][info ][safepoint      ] Safepoint "Cleanup", Time since last: 1000128469 ns, Reaching safepoint: 47601 ns, At safepoint: 4000 ns, Total: 51601 ns
[713.311s][info ][safepoint      ] Safepoint "Cleanup", Time since last: 1000118770 ns, Reaching safepoint: 56201 ns, At safepoint: 3600 ns, Total: 59801 ns
[715.312s][info ][safepoint      ] Safepoint "Cleanup", Time since last: 2000176538 ns, Reaching safepoint: 60101 ns, At safepoint: 3900 ns, Total: 64001 ns
[716.312s][info ][safepoint      ] Safepoint "Cleanup", Time since last: 1000119170 ns, Reaching safepoint: 55401 ns, At safepoint: 8700 ns, Total: 64101 ns
[717.312s][info ][safepoint      ] Safepoint "Cleanup", Time since last: 1000118070 ns, Reaching safepoint: 64901 ns, At safepoint: 15101 ns, Total: 80002 ns
[720.312s][info ][safepoint      ] Safepoint "Cleanup", Time since last: 3000262509 ns, Reaching safepoint: 46600 ns, At safepoint: 9100 ns, Total: 55700 ns
[721.312s][info ][safepoint      ] Safepoint "Cleanup", Time since last: 1000110371 ns, Reaching safepoint: 51401 ns, At safepoint: 2500 ns, Total: 53901 ns
[722.313s][info ][safepoint      ] Safepoint "Cleanup", Time since last: 1000118970 ns, Reaching safepoint: 33401 ns, At safepoint: 2700 ns, Total: 36101 ns
[723.313s][info ][safepoint      ] Safepoint "Cleanup", Time since last: 1000090470 ns, Reaching safepoint: 55701 ns, At safepoint: 7400 ns, Total: 63101 ns
[724.313s][info ][safepoint      ] Safepoint "Cleanup", Time since last: 1000113771 ns, Reaching safepoint: 40100 ns, At safepoint: 2801 ns, Total: 42901 ns
[726.303s][info ][gc,start       ] GC(116) Pause Young (Allocation Failure)
[726.305s][debug][gc,phases      ] GC(116) Scavenge 2.050ms
[726.305s][debug][gc,ref         ] GC(116) Skipped phase 1 of Reference Processing: no references
[726.305s][debug][gc,ref         ] GC(116) Skipped phase 3 of Reference Processing: no references
[726.305s][debug][gc,ref         ] GC(116) Skipped phase 4 of Reference Processing: no references
[726.305s][debug][gc,phases      ] GC(116) Reference Processing 0.022ms
[726.305s][debug][gc,phases      ] GC(116) Weak Processing 0.489ms
[726.305s][debug][gc,age         ] GC(116) Desired survivor size 208142336 bytes, new threshold 15 (max threshold 15)
[726.306s][info ][gc,heap        ] GC(116) PSYoungGen: 1693888K(1890816K)->2608K(1694720K) Eden: 1691648K(1691648K)->0K(1691648K) From: 2240K(199168K)->2608K(3072K)
[726.306s][info ][gc,heap        ] GC(116) ParOldGen: 493710K(626176K)->493710K(626176K)
[726.306s][info ][gc,metaspace   ] GC(116) Metaspace: 78370K(79040K)->78370K(79040K) NonClass: 67664K(68032K)->67664K(68032K) Class: 10705K(11008K)->10705K(11008K)
[726.306s][info ][gc             ] GC(116) Pause Young (Allocation Failure) 2136M->484M(2266M) 2.709ms
[726.306s][info ][gc,cpu         ] GC(116) User=0.01s Sys=0.00s Real=0.00s
[726.306s][info ][safepoint      ] Safepoint "ParallelGCFailedAllocation", Time since last: 1989840562 ns, Reaching safepoint: 53201 ns, At safepoint: 2785848 ns, Total: 2839049 ns
[727.306s][info ][safepoint      ] Safepoint "Cleanup", Time since last: 1000100071 ns, Reaching safepoint: 53001 ns, At safepoint: 2500 ns, Total: 55501 ns
[729.306s][info ][safepoint      ] Safepoint "Cleanup", Time since last: 2000173741 ns, Reaching safepoint: 128002 ns, At safepoint: 9300 ns, Total: 137302 ns
[730.306s][info ][safepoint      ] Safepoint "Cleanup", Time since last: 1000116672 ns, Reaching safepoint: 119402 ns, At safepoint: 5300 ns, Total: 124702 ns
[732.307s][info ][safepoint      ] Safepoint "Cleanup", Time since last: 2000167242 ns, Reaching safepoint: 51401 ns, At safepoint: 7400 ns, Total: 58801 ns
[733.311s][info ][safepoint      ] Safepoint "Cleanup", Time since last: 1004868754 ns, Reaching safepoint: 88001 ns, At safepoint: 9100 ns, Total: 97101 ns
[734.312s][info ][safepoint      ] Safepoint "Cleanup", Time since last: 1000106772 ns, Reaching safepoint: 59901 ns, At safepoint: 7800 ns, Total: 67701 ns
[737.312s][info ][safepoint      ] Safepoint "Cleanup", Time since last: 3000247315 ns, Reaching safepoint: 43700 ns, At safepoint: 5600 ns, Total: 49300 ns
[738.312s][info ][safepoint      ] Safepoint "Cleanup", Time since last: 1000124673 ns, Reaching safepoint: 41600 ns, At safepoint: 2501 ns, Total: 44101 ns
[742.312s][info ][safepoint      ] Safepoint "Cleanup", Time since last: 4000308687 ns, Reaching safepoint: 51001 ns, At safepoint: 3100 ns, Total: 54101 ns
[743.313s][info ][safepoint      ] Safepoint "Cleanup", Time since last: 1000104972 ns, Reaching safepoint: 48301 ns, At safepoint: 8300 ns, Total: 56601 ns
[744.313s][info ][safepoint      ] Safepoint "Cleanup", Time since last: 1000098473 ns, Reaching safepoint: 45401 ns, At safepoint: 2500 ns, Total: 47901 ns
[746.313s][info ][safepoint      ] Safepoint "Cleanup", Time since last: 2000165945 ns, Reaching safepoint: 68201 ns, At safepoint: 8100 ns, Total: 76301 ns
[748.313s][info ][safepoint      ] Safepoint "Cleanup", Time since last: 2000160445 ns, Reaching safepoint: 44801 ns, At safepoint: 8100 ns, Total: 52901 ns
[750.313s][info ][safepoint      ] Safepoint "Cleanup", Time since last: 2000121445 ns, Reaching safepoint: 50301 ns, At safepoint: 9700 ns, Total: 60001 ns
[752.314s][info ][safepoint      ] Safepoint "Cleanup", Time since last: 2000168847 ns, Reaching safepoint: 47701 ns, At safepoint: 5200 ns, Total: 52901 ns
[754.314s][info ][safepoint      ] Safepoint "Cleanup", Time since last: 2000168546 ns, Reaching safepoint: 43301 ns, At safepoint: 2600 ns, Total: 45901 ns
[754.356s][info ][gc,start       ] GC(117) Pause Young (Allocation Failure)
[754.358s][debug][gc,phases      ] GC(117) Scavenge 1.956ms
[754.358s][debug][gc,ref         ] GC(117) Skipped phase 1 of Reference Processing: no references
[754.358s][debug][gc,ref         ] GC(117) Skipped phase 3 of Reference Processing: no references
[754.358s][debug][gc,ref         ] GC(117) Skipped phase 4 of Reference Processing: no references
[754.358s][debug][gc,phases      ] GC(117) Reference Processing 0.027ms
[754.358s][debug][gc,phases      ] GC(117) Weak Processing 0.640ms
[754.358s][debug][gc,age         ] GC(117) Desired survivor size 206569472 bytes, new threshold 15 (max threshold 15)
[754.358s][info ][gc,heap        ] GC(117) PSYoungGen: 1694256K(1694720K)->2768K(1895424K) Eden: 1691648K(1691648K)->0K(1692160K) From: 2608K(3072K)->2768K(203264K)
[754.358s][info ][gc,heap        ] GC(117) ParOldGen: 493710K(626176K)->493710K(626176K)
[754.358s][info ][gc,metaspace   ] GC(117) Metaspace: 78378K(79040K)->78378K(79040K) NonClass: 67672K(68032K)->67672K(68032K) Class: 10705K(11008K)->10705K(11008K)
[754.358s][info ][gc             ] GC(117) Pause Young (Allocation Failure) 2136M->484M(2462M) 2.799ms
[754.358s][info ][gc,cpu         ] GC(117) User=0.01s Sys=0.00s Real=0.00s
[754.358s][info ][safepoint      ] Safepoint "ParallelGCFailedAllocation", Time since last: 41603019 ns, Reaching safepoint: 27500 ns, At safepoint: 2874150 ns, Total: 2901650 ns
[755.359s][info ][safepoint      ] Safepoint "Cleanup", Time since last: 1000084773 ns, Reaching safepoint: 46601 ns, At safepoint: 3000 ns, Total: 49601 ns
[756.359s][info ][safepoint      ] Safepoint "Cleanup", Time since last: 1000123874 ns, Reaching safepoint: 56201 ns, At safepoint: 10901 ns, Total: 67102 ns
[757.359s][info ][safepoint      ] Safepoint "Cleanup", Time since last: 1000109874 ns, Reaching safepoint: 36500 ns, At safepoint: 2400 ns, Total: 38900 ns
[760.359s][info ][safepoint      ] Safepoint "Cleanup", Time since last: 3000246922 ns, Reaching safepoint: 51601 ns, At safepoint: 3300 ns, Total: 54901 ns
[761.359s][info ][safepoint      ] Safepoint "Cleanup", Time since last: 1000072274 ns, Reaching safepoint: 43501 ns, At safepoint: 2200 ns, Total: 45701 ns
[765.360s][info ][safepoint      ] Safepoint "Cleanup", Time since last: 4001022409 ns, Reaching safepoint: 77702 ns, At safepoint: 9100 ns, Total: 86802 ns
[766.360s][info ][safepoint      ] Safepoint "Cleanup", Time since last: 1000055074 ns, Reaching safepoint: 55201 ns, At safepoint: 7300 ns, Total: 62501 ns
[768.361s][info ][safepoint      ] Safepoint "Cleanup", Time since last: 2000114249 ns, Reaching safepoint: 55501 ns, At safepoint: 10200 ns, Total: 65701 ns
[770.361s][info ][safepoint      ] Safepoint "Cleanup", Time since last: 2000198950 ns, Reaching safepoint: 54801 ns, At safepoint: 9400 ns, Total: 64201 ns
[771.361s][info ][safepoint      ] Safepoint "Cleanup", Time since last: 1000136077 ns, Reaching safepoint: 49900 ns, At safepoint: 2300 ns, Total: 52200 ns
[775.362s][info ][safepoint      ] Safepoint "Cleanup", Time since last: 4000341402 ns, Reaching safepoint: 57901 ns, At safepoint: 9700 ns, Total: 67601 ns
[776.362s][info ][safepoint      ] Safepoint "Cleanup", Time since last: 1000115477 ns, Reaching safepoint: 54601 ns, At safepoint: 4700 ns, Total: 59301 ns
[777.362s][info ][safepoint      ] Safepoint "Cleanup", Time since last: 1000124376 ns, Reaching safepoint: 45201 ns, At safepoint: 2700 ns, Total: 47901 ns
[778.362s][info ][safepoint      ] Safepoint "Cleanup", Time since last: 1000106976 ns, Reaching safepoint: 54501 ns, At safepoint: 13100 ns, Total: 67601 ns
[781.362s][info ][safepoint      ] Safepoint "Cleanup", Time since last: 3000251529 ns, Reaching safepoint: 52000 ns, At safepoint: 6501 ns, Total: 58501 ns
[781.703s][info ][gc,start       ] GC(118) Pause Young (Allocation Failure)
[781.705s][debug][gc,phases      ] GC(118) Scavenge 1.938ms
[781.705s][debug][gc,ref         ] GC(118) Skipped phase 1 of Reference Processing: no references
[781.705s][debug][gc,ref         ] GC(118) Skipped phase 3 of Reference Processing: no references
[781.705s][debug][gc,ref         ] GC(118) Skipped phase 4 of Reference Processing: no references
[781.705s][debug][gc,phases      ] GC(118) Reference Processing 0.031ms
[781.706s][debug][gc,phases      ] GC(118) Weak Processing 0.492ms
[781.706s][debug][gc,age         ] GC(118) Desired survivor size 203423744 bytes, new threshold 15 (max threshold 15)
[781.706s][info ][gc,heap        ] GC(118) PSYoungGen: 1694928K(1895424K)->2720K(1893888K) Eden: 1692160K(1692160K)->0K(1692160K) From: 2768K(203264K)->2720K(201728K)
[781.706s][info ][gc,heap        ] GC(118) ParOldGen: 493710K(626176K)->493710K(626176K)
[781.706s][info ][gc,metaspace   ] GC(118) Metaspace: 78384K(79040K)->78384K(79040K) NonClass: 67678K(68032K)->67678K(68032K) Class: 10705K(11008K)->10705K(11008K)
[781.706s][info ][gc             ] GC(118) Pause Young (Allocation Failure) 2137M->484M(2461M) 2.585ms
[781.706s][info ][gc,cpu         ] GC(118) User=0.01s Sys=0.00s Real=0.00s
[781.706s][info ][safepoint      ] Safepoint "ParallelGCFailedAllocation", Time since last: 340532282 ns, Reaching safepoint: 28801 ns, At safepoint: 2661846 ns, Total: 2690647 ns
[782.706s][info ][safepoint      ] Safepoint "Cleanup", Time since last: 1000108376 ns, Reaching safepoint: 119502 ns, At safepoint: 5500 ns, Total: 125002 ns
[783.706s][info ][safepoint      ] Safepoint "Cleanup", Time since last: 1000107777 ns, Reaching safepoint: 130803 ns, At safepoint: 10700 ns, Total: 141503 ns
[784.706s][info ][safepoint      ] Safepoint "Cleanup", Time since last: 1000110777 ns, Reaching safepoint: 40700 ns, At safepoint: 2700 ns, Total: 43400 ns
[787.707s][info ][safepoint      ] Safepoint "Cleanup", Time since last: 3000235930 ns, Reaching safepoint: 51501 ns, At safepoint: 2900 ns, Total: 54401 ns
[788.707s][info ][safepoint      ] Safepoint "Cleanup", Time since last: 1000116378 ns, Reaching safepoint: 46700 ns, At safepoint: 2500 ns, Total: 49200 ns
[789.707s][info ][safepoint      ] Safepoint "Cleanup", Time since last: 1000082977 ns, Reaching safepoint: 133203 ns, At safepoint: 7800 ns, Total: 141003 ns
[790.707s][info ][safepoint      ] Safepoint "Cleanup", Time since last: 1000106877 ns, Reaching safepoint: 73902 ns, At safepoint: 7100 ns, Total: 81002 ns
[791.707s][info ][safepoint      ] Safepoint "Cleanup", Time since last: 1000123778 ns, Reaching safepoint: 50601 ns, At safepoint: 8100 ns, Total: 58701 ns
[793.708s][info ][safepoint      ] Safepoint "Cleanup", Time since last: 2000188355 ns, Reaching safepoint: 54101 ns, At safepoint: 2700 ns, Total: 56801 ns
[794.708s][info ][safepoint      ] Safepoint "Cleanup", Time since last: 1000118378 ns, Reaching safepoint: 145702 ns, At safepoint: 10100 ns, Total: 155802 ns
[795.708s][info ][safepoint      ] Safepoint "Cleanup", Time since last: 1000111778 ns, Reaching safepoint: 56101 ns, At safepoint: 6601 ns, Total: 62702 ns
[796.708s][info ][safepoint      ] Safepoint "Cleanup", Time since last: 1000109778 ns, Reaching safepoint: 54801 ns, At safepoint: 7000 ns, Total: 61801 ns
[797.708s][info ][safepoint      ] Safepoint "Cleanup", Time since last: 1000115578 ns, Reaching safepoint: 126502 ns, At safepoint: 8400 ns, Total: 134902 ns
[798.709s][info ][safepoint      ] Safepoint "Cleanup", Time since last: 1000109079 ns, Reaching safepoint: 84401 ns, At safepoint: 4500 ns, Total: 88901 ns
[799.709s][info ][safepoint      ] Safepoint "Cleanup", Time since last: 1000118079 ns, Reaching safepoint: 122002 ns, At safepoint: 7100 ns, Total: 129102 ns
[800.709s][info ][safepoint      ] Safepoint "Cleanup", Time since last: 1000128279 ns, Reaching safepoint: 50501 ns, At safepoint: 2200 ns, Total: 52701 ns
[801.709s][info ][safepoint      ] Safepoint "Cleanup", Time since last: 1000116678 ns, Reaching safepoint: 127503 ns, At safepoint: 10800 ns, Total: 138303 ns
[802.709s][info ][safepoint      ] Safepoint "Cleanup", Time since last: 1000111879 ns, Reaching safepoint: 53701 ns, At safepoint: 6600 ns, Total: 60301 ns
[803.710s][info ][safepoint      ] Safepoint "Cleanup", Time since last: 1000113478 ns, Reaching safepoint: 46301 ns, At safepoint: 3400 ns, Total: 49701 ns
[804.710s][info ][safepoint      ] Safepoint "Cleanup", Time since last: 1000121879 ns, Reaching safepoint: 60701 ns, At safepoint: 5901 ns, Total: 66602 ns
[805.710s][info ][safepoint      ] Safepoint "Cleanup", Time since last: 1000110079 ns, Reaching safepoint: 53900 ns, At safepoint: 7001 ns, Total: 60901 ns
[806.456s][info ][gc,start       ] GC(119) Pause Young (Allocation Failure)
[806.459s][debug][gc,phases      ] GC(119) Scavenge 2.353ms
[806.459s][debug][gc,ref         ] GC(119) Skipped phase 1 of Reference Processing: no references
[806.459s][debug][gc,ref         ] GC(119) Skipped phase 3 of Reference Processing: no references
[806.459s][debug][gc,phases      ] GC(119) Reference Processing 0.022ms
[806.459s][debug][gc,phases      ] GC(119) Weak Processing 0.540ms
[806.459s][debug][gc,age         ] GC(119) Desired survivor size 198705152 bytes, new threshold 15 (max threshold 15)
[806.459s][info ][gc,heap        ] GC(119) PSYoungGen: 1694880K(1893888K)->3440K(1903104K) Eden: 1692160K(1692160K)->0K(1704448K) From: 2720K(201728K)->3440K(198656K)
[806.459s][info ][gc,heap        ] GC(119) ParOldGen: 493710K(626176K)->493718K(626176K)
[806.459s][info ][gc,metaspace   ] GC(119) Metaspace: 78405K(79104K)->78405K(79104K) NonClass: 67699K(68096K)->67699K(68096K) Class: 10705K(11008K)->10705K(11008K)
[806.459s][info ][gc             ] GC(119) Pause Young (Allocation Failure) 2137M->485M(2470M) 3.065ms
[806.459s][info ][gc,cpu         ] GC(119) User=0.01s Sys=0.00s Real=0.00s
[806.459s][info ][safepoint      ] Safepoint "ParallelGCFailedAllocation", Time since last: 746070090 ns, Reaching safepoint: 52300 ns, At safepoint: 3143655 ns, Total: 3195955 ns
[810.460s][info ][safepoint      ] Safepoint "Cleanup", Time since last: 4000312815 ns, Reaching safepoint: 52301 ns, At safepoint: 5300 ns, Total: 57601 ns
[811.460s][info ][safepoint      ] Safepoint "Cleanup", Time since last: 1000113879 ns, Reaching safepoint: 73002 ns, At safepoint: 13400 ns, Total: 86402 ns
[812.460s][info ][safepoint      ] Safepoint "Cleanup", Time since last: 1000085079 ns, Reaching safepoint: 53601 ns, At safepoint: 2700 ns, Total: 56301 ns
[813.460s][info ][safepoint      ] Safepoint "Cleanup", Time since last: 1000114380 ns, Reaching safepoint: 57301 ns, At safepoint: 4100 ns, Total: 61401 ns
[814.460s][info ][safepoint      ] Safepoint "Cleanup", Time since last: 1000110880 ns, Reaching safepoint: 46100 ns, At safepoint: 2701 ns, Total: 48801 ns
[815.460s][info ][safepoint      ] Safepoint "Cleanup", Time since last: 1000114379 ns, Reaching safepoint: 59102 ns, At safepoint: 5500 ns, Total: 64602 ns
[816.461s][info ][safepoint      ] Safepoint "Cleanup", Time since last: 1000119880 ns, Reaching safepoint: 55601 ns, At safepoint: 7600 ns, Total: 63201 ns
[817.461s][info ][safepoint      ] Safepoint "Cleanup", Time since last: 1000064379 ns, Reaching safepoint: 54701 ns, At safepoint: 6000 ns, Total: 60701 ns
[818.461s][info ][safepoint      ] Safepoint "Cleanup", Time since last: 1000113680 ns, Reaching safepoint: 54001 ns, At safepoint: 2600 ns, Total: 56601 ns
[819.461s][info ][safepoint      ] Safepoint "Cleanup", Time since last: 1000106981 ns, Reaching safepoint: 54101 ns, At safepoint: 3800 ns, Total: 57901 ns
[821.460s][info ][safepoint      ] Safepoint "Cleanup", Time since last: 1998902738 ns, Reaching safepoint: 72601 ns, At safepoint: 9600 ns, Total: 82201 ns
[822.460s][info ][safepoint      ] Safepoint "Cleanup", Time since last: 1000112281 ns, Reaching safepoint: 58401 ns, At safepoint: 11200 ns, Total: 69601 ns
[823.460s][info ][safepoint      ] Safepoint "Cleanup", Time since last: 1000114381 ns, Reaching safepoint: 80701 ns, At safepoint: 5500 ns, Total: 86201 ns
[824.461s][info ][safepoint      ] Safepoint "Cleanup", Time since last: 1000114781 ns, Reaching safepoint: 69401 ns, At safepoint: 7300 ns, Total: 76701 ns
[825.461s][info ][safepoint      ] Safepoint "Cleanup", Time since last: 1000107581 ns, Reaching safepoint: 76501 ns, At safepoint: 9100 ns, Total: 85601 ns
[826.461s][info ][safepoint      ] Safepoint "Cleanup", Time since last: 1000107781 ns, Reaching safepoint: 57401 ns, At safepoint: 4800 ns, Total: 62201 ns
[828.800s][info ][gc,start       ] GC(120) Pause Young (Allocation Failure)
[828.806s][debug][gc,phases      ] GC(120) Scavenge 5.667ms
[828.806s][debug][gc,ref         ] GC(120) Skipped phase 1 of Reference Processing: no references
[828.806s][debug][gc,ref         ] GC(120) Skipped phase 3 of Reference Processing: no references
[828.806s][debug][gc,phases      ] GC(120) Reference Processing 0.043ms
[828.806s][debug][gc,phases      ] GC(120) Weak Processing 0.703ms
[828.806s][debug][gc,age         ] GC(120) Desired survivor size 190840832 bytes, new threshold 15 (max threshold 15)
[828.806s][info ][gc,heap        ] GC(120) PSYoungGen: 1707888K(1903104K)->15888K(1898496K) Eden: 1704448K(1704448K)->0K(1704448K) From: 3440K(198656K)->15888K(194048K)
[828.806s][info ][gc,heap        ] GC(120) ParOldGen: 493718K(626176K)->493726K(626176K)
[828.806s][info ][gc,metaspace   ] GC(120) Metaspace: 78491K(79232K)->78491K(79232K) NonClass: 67772K(68160K)->67772K(68160K) Class: 10719K(11072K)->10719K(11072K)
[828.806s][info ][gc             ] GC(120) Pause Young (Allocation Failure) 2150M->497M(2465M) 6.600ms
[828.806s][info ][gc,cpu         ] GC(120) User=0.02s Sys=0.00s Real=0.01s
[828.806s][info ][safepoint      ] Safepoint "ParallelGCFailedAllocation", Time since last: 2338648310 ns, Reaching safepoint: 110802 ns, At safepoint: 6704216 ns, Total: 6815018 ns
[829.807s][info ][safepoint      ] Safepoint "Cleanup", Time since last: 1000085481 ns, Reaching safepoint: 113502 ns, At safepoint: 11300 ns, Total: 124802 ns
[830.807s][info ][safepoint      ] Safepoint "Cleanup", Time since last: 1000110981 ns, Reaching safepoint: 117702 ns, At safepoint: 8501 ns, Total: 126203 ns
[831.807s][info ][safepoint      ] Safepoint "Cleanup", Time since last: 1000106781 ns, Reaching safepoint: 52601 ns, At safepoint: 11200 ns, Total: 63801 ns
[832.807s][info ][safepoint      ] Safepoint "Cleanup", Time since last: 1000111581 ns, Reaching safepoint: 65102 ns, At safepoint: 5600 ns, Total: 70702 ns
[833.807s][info ][safepoint      ] Safepoint "Cleanup", Time since last: 1000111181 ns, Reaching safepoint: 56901 ns, At safepoint: 6600 ns, Total: 63501 ns
[834.808s][info ][safepoint      ] Safepoint "Cleanup", Time since last: 1000114982 ns, Reaching safepoint: 136903 ns, At safepoint: 6000 ns, Total: 142903 ns
[835.808s][info ][safepoint      ] Safepoint "Cleanup", Time since last: 1000097981 ns, Reaching safepoint: 54201 ns, At safepoint: 12600 ns, Total: 66801 ns
[836.808s][info ][safepoint      ] Safepoint "Cleanup", Time since last: 1000119782 ns, Reaching safepoint: 127103 ns, At safepoint: 11200 ns, Total: 138303 ns
[837.808s][info ][safepoint      ] Safepoint "Cleanup", Time since last: 1000122682 ns, Reaching safepoint: 56001 ns, At safepoint: 8300 ns, Total: 64301 ns
[838.809s][info ][safepoint      ] Safepoint "Cleanup", Time since last: 1000118382 ns, Reaching safepoint: 133102 ns, At safepoint: 14201 ns, Total: 147303 ns
[839.150s][info ][safepoint      ] Safepoint "ICBufferFull", Time since last: 341564202 ns, Reaching safepoint: 94602 ns, At safepoint: 2500 ns, Total: 97102 ns
[840.150s][info ][safepoint      ] Safepoint "Cleanup", Time since last: 1000123082 ns, Reaching safepoint: 86702 ns, At safepoint: 15500 ns, Total: 102202 ns
[841.151s][info ][safepoint      ] Safepoint "Cleanup", Time since last: 1000121882 ns, Reaching safepoint: 137503 ns, At safepoint: 10300 ns, Total: 147803 ns
[842.151s][info ][safepoint      ] Safepoint "Cleanup", Time since last: 1000108882 ns, Reaching safepoint: 115902 ns, At safepoint: 12000 ns, Total: 127902 ns
[843.151s][info ][safepoint      ] Safepoint "Cleanup", Time since last: 1000106283 ns, Reaching safepoint: 132402 ns, At safepoint: 12200 ns, Total: 144602 ns
[844.152s][info ][safepoint      ] Safepoint "Cleanup", Time since last: 1000243585 ns, Reaching safepoint: 135802 ns, At safepoint: 8900 ns, Total: 144702 ns
[845.640s][info ][safepoint      ] Safepoint "Cleanup", Time since last: 1487788611 ns, Reaching safepoint: 137902 ns, At safepoint: 8100 ns, Total: 146002 ns
[846.640s][info ][safepoint      ] Safepoint "Cleanup", Time since last: 1000112683 ns, Reaching safepoint: 52301 ns, At safepoint: 2700 ns, Total: 55001 ns
[847.150s][info ][gc,start       ] GC(121) Pause Young (Allocation Failure)
[847.166s][debug][gc,phases      ] GC(121) Scavenge 15.442ms
[847.166s][debug][gc,ref         ] GC(121) Skipped phase 1 of Reference Processing: no references
[847.166s][debug][gc,ref         ] GC(121) Skipped phase 3 of Reference Processing: no references
[847.166s][debug][gc,phases      ] GC(121) Reference Processing 0.190ms
[847.166s][debug][gc,phases      ] GC(121) Weak Processing 0.516ms
[847.166s][debug][gc,age         ] GC(121) Desired survivor size 178257920 bytes, new threshold 15 (max threshold 15)
[847.166s][info ][gc,heap        ] GC(121) PSYoungGen: 1720336K(1898496K)->52496K(1923072K) Eden: 1704448K(1704448K)->0K(1736704K) From: 15888K(194048K)->52496K(186368K)
[847.166s][info ][gc,heap        ] GC(121) ParOldGen: 493726K(626176K)->493734K(626176K)
[847.166s][info ][gc,metaspace   ] GC(121) Metaspace: 78543K(79232K)->78543K(79232K) NonClass: 67819K(68160K)->67819K(68160K) Class: 10723K(11072K)->10723K(11072K)
[847.166s][info ][gc             ] GC(121) Pause Young (Allocation Failure) 2162M->533M(2489M) 16.305ms
[847.166s][info ][gc,cpu         ] GC(121) User=0.07s Sys=0.00s Real=0.02s
[847.167s][info ][safepoint      ] Safepoint "ParallelGCFailedAllocation", Time since last: 510351819 ns, Reaching safepoint: 38801 ns, At safepoint: 16386683 ns, Total: 16425484 ns
[848.167s][info ][safepoint      ] Safepoint "Cleanup", Time since last: 1000080582 ns, Reaching safepoint: 45001 ns, At safepoint: 3100 ns, Total: 48101 ns
[849.167s][info ][safepoint      ] Safepoint "Cleanup", Time since last: 1000114183 ns, Reaching safepoint: 53301 ns, At safepoint: 10600 ns, Total: 63901 ns
[849.304s][info ][safepoint      ] Safepoint "ICBufferFull", Time since last: 136518859 ns, Reaching safepoint: 219504 ns, At safepoint: 15700 ns, Total: 235204 ns
[850.304s][info ][safepoint      ] Safepoint "Cleanup", Time since last: 1000110184 ns, Reaching safepoint: 119802 ns, At safepoint: 8300 ns, Total: 128102 ns
[851.304s][info ][safepoint      ] Safepoint "Cleanup", Time since last: 1000113283 ns, Reaching safepoint: 121802 ns, At safepoint: 9900 ns, Total: 131702 ns
[852.304s][info ][safepoint      ] Safepoint "Cleanup", Time since last: 1000122584 ns, Reaching safepoint: 114602 ns, At safepoint: 6800 ns, Total: 121402 ns
[853.305s][info ][safepoint      ] Safepoint "Cleanup", Time since last: 1000123883 ns, Reaching safepoint: 814114 ns, At safepoint: 12101 ns, Total: 826215 ns
[854.305s][info ][safepoint      ] Safepoint "Cleanup", Time since last: 1000106583 ns, Reaching safepoint: 127002 ns, At safepoint: 6900 ns, Total: 133902 ns
[855.306s][info ][safepoint      ] Safepoint "Cleanup", Time since last: 1000121884 ns, Reaching safepoint: 136302 ns, At safepoint: 10500 ns, Total: 146802 ns
[856.306s][info ][safepoint      ] Safepoint "Cleanup", Time since last: 1000122984 ns, Reaching safepoint: 116902 ns, At safepoint: 7700 ns, Total: 124602 ns
[857.306s][info ][safepoint      ] Safepoint "Cleanup", Time since last: 1000078583 ns, Reaching safepoint: 50601 ns, At safepoint: 12600 ns, Total: 63201 ns
[858.306s][info ][safepoint      ] Safepoint "Cleanup", Time since last: 1000114484 ns, Reaching safepoint: 121302 ns, At safepoint: 8101 ns, Total: 129403 ns
[859.307s][info ][safepoint      ] Safepoint "Cleanup", Time since last: 1000063883 ns, Reaching safepoint: 58601 ns, At safepoint: 3200 ns, Total: 61801 ns
[860.307s][info ][safepoint      ] Safepoint "Cleanup", Time since last: 1000098783 ns, Reaching safepoint: 90002 ns, At safepoint: 5800 ns, Total: 95802 ns
[861.307s][info ][safepoint      ] Safepoint "Cleanup", Time since last: 1000102884 ns, Reaching safepoint: 123202 ns, At safepoint: 8400 ns, Total: 131602 ns
[862.311s][info ][safepoint      ] Safepoint "Cleanup", Time since last: 1004016052 ns, Reaching safepoint: 58601 ns, At safepoint: 7600 ns, Total: 66201 ns
[863.311s][info ][safepoint      ] Safepoint "Cleanup", Time since last: 1000114984 ns, Reaching safepoint: 59701 ns, At safepoint: 4300 ns, Total: 64001 ns
[864.311s][info ][safepoint      ] Safepoint "Cleanup", Time since last: 1000105684 ns, Reaching safepoint: 56701 ns, At safepoint: 8600 ns, Total: 65301 ns
[865.312s][info ][safepoint      ] Safepoint "Cleanup", Time since last: 1000109185 ns, Reaching safepoint: 46901 ns, At safepoint: 3200 ns, Total: 50101 ns
[867.312s][info ][safepoint      ] Safepoint "Cleanup", Time since last: 2000179968 ns, Reaching safepoint: 55701 ns, At safepoint: 3400 ns, Total: 59101 ns
[868.312s][info ][safepoint      ] Safepoint "Cleanup", Time since last: 1000103684 ns, Reaching safepoint: 49201 ns, At safepoint: 3100 ns, Total: 52301 ns
[869.312s][info ][safepoint      ] Safepoint "Cleanup", Time since last: 1000116985 ns, Reaching safepoint: 51901 ns, At safepoint: 3500 ns, Total: 55401 ns
[871.312s][info ][safepoint      ] Safepoint "Cleanup", Time since last: 2000195569 ns, Reaching safepoint: 52401 ns, At safepoint: 10100 ns, Total: 62501 ns
[871.845s][info ][gc,start       ] GC(122) Pause Young (Allocation Failure)
[871.855s][debug][gc,phases      ] GC(122) Scavenge 9.385ms
[871.855s][debug][gc,ref         ] GC(122) Skipped phase 1 of Reference Processing: no references
[871.855s][debug][gc,ref         ] GC(122) Skipped phase 3 of Reference Processing: no references
[871.855s][debug][gc,phases      ] GC(122) Reference Processing 0.028ms
[871.855s][debug][gc,phases      ] GC(122) Weak Processing 0.561ms
[871.855s][debug][gc,age         ] GC(122) Desired survivor size 166723584 bytes, new threshold 15 (max threshold 15)
[871.855s][info ][gc,heap        ] GC(122) PSYoungGen: 1789200K(1923072K)->40784K(1910784K) Eden: 1736704K(1736704K)->0K(1736704K) From: 52496K(186368K)->40784K(174080K)
[871.855s][info ][gc,heap        ] GC(122) ParOldGen: 493734K(626176K)->493742K(626176K)
[871.855s][info ][gc,metaspace   ] GC(122) Metaspace: 78557K(79296K)->78557K(79296K) NonClass: 67834K(68224K)->67834K(68224K) Class: 10723K(11072K)->10723K(11072K)
[871.855s][info ][gc             ] GC(122) Pause Young (Allocation Failure) 2229M->521M(2477M) 10.113ms
[871.855s][info ][gc,cpu         ] GC(122) User=0.04s Sys=0.00s Real=0.01s
[871.855s][info ][safepoint      ] Safepoint "ParallelGCFailedAllocation", Time since last: 532778708 ns, Reaching safepoint: 31901 ns, At safepoint: 10214676 ns, Total: 10246577 ns
[873.856s][info ][safepoint      ] Safepoint "Cleanup", Time since last: 2000161469 ns, Reaching safepoint: 109202 ns, At safepoint: 4500 ns, Total: 113702 ns
[874.856s][info ][safepoint      ] Safepoint "Cleanup", Time since last: 1000110185 ns, Reaching safepoint: 118302 ns, At safepoint: 5500 ns, Total: 123802 ns
[875.856s][info ][safepoint      ] Safepoint "Cleanup", Time since last: 1000111386 ns, Reaching safepoint: 121202 ns, At safepoint: 5800 ns, Total: 127002 ns
[876.856s][info ][safepoint      ] Safepoint "Cleanup", Time since last: 1000109885 ns, Reaching safepoint: 123602 ns, At safepoint: 12001 ns, Total: 135603 ns
[877.857s][info ][safepoint      ] Safepoint "Cleanup", Time since last: 1000116585 ns, Reaching safepoint: 115002 ns, At safepoint: 11000 ns, Total: 126002 ns
[878.857s][info ][safepoint      ] Safepoint "Cleanup", Time since last: 1000118386 ns, Reaching safepoint: 124402 ns, At safepoint: 9600 ns, Total: 134002 ns
[879.857s][info ][safepoint      ] Safepoint "Cleanup", Time since last: 1000075585 ns, Reaching safepoint: 58501 ns, At safepoint: 2600 ns, Total: 61101 ns
[882.857s][info ][safepoint      ] Safepoint "Cleanup", Time since last: 3000229255 ns, Reaching safepoint: 113602 ns, At safepoint: 8901 ns, Total: 122503 ns
[883.858s][info ][safepoint      ] Safepoint "Cleanup", Time since last: 1000108885 ns, Reaching safepoint: 50701 ns, At safepoint: 11300 ns, Total: 62001 ns
[884.858s][info ][safepoint      ] Safepoint "Cleanup", Time since last: 1000114686 ns, Reaching safepoint: 51401 ns, At safepoint: 9801 ns, Total: 61202 ns
[886.858s][info ][safepoint      ] Safepoint "Cleanup", Time since last: 2000191871 ns, Reaching safepoint: 95702 ns, At safepoint: 8600 ns, Total: 104302 ns
[887.858s][info ][safepoint      ] Safepoint "Cleanup", Time since last: 1000108486 ns, Reaching safepoint: 58701 ns, At safepoint: 4200 ns, Total: 62901 ns
[888.858s][info ][safepoint      ] Safepoint "Cleanup", Time since last: 1000120687 ns, Reaching safepoint: 59201 ns, At safepoint: 6500 ns, Total: 65701 ns
[890.859s][info ][safepoint      ] Safepoint "Cleanup", Time since last: 2000194572 ns, Reaching safepoint: 58101 ns, At safepoint: 2700 ns, Total: 60801 ns
[892.859s][info ][safepoint      ] Safepoint "Cleanup", Time since last: 2000180373 ns, Reaching safepoint: 72401 ns, At safepoint: 9700 ns, Total: 82101 ns
[894.859s][info ][safepoint      ] Safepoint "Cleanup", Time since last: 2000190673 ns, Reaching safepoint: 72001 ns, At safepoint: 8700 ns, Total: 80701 ns
[896.860s][info ][safepoint      ] Safepoint "Cleanup", Time since last: 2000212374 ns, Reaching safepoint: 134202 ns, At safepoint: 13900 ns, Total: 148102 ns
[897.860s][info ][safepoint      ] Safepoint "Cleanup", Time since last: 1000118888 ns, Reaching safepoint: 63501 ns, At safepoint: 14000 ns, Total: 77501 ns
[898.701s][info ][gc,start       ] GC(123) Pause Young (Allocation Failure)
[898.712s][debug][gc,phases      ] GC(123) Scavenge 10.518ms
[898.712s][debug][gc,ref         ] GC(123) Skipped phase 1 of Reference Processing: no references
[898.712s][debug][gc,ref         ] GC(123) Skipped phase 3 of Reference Processing: no references
[898.712s][debug][gc,phases      ] GC(123) Reference Processing 0.032ms
[898.713s][debug][gc,phases      ] GC(123) Weak Processing 0.602ms
[898.713s][debug][gc,age         ] GC(123) Desired survivor size 156762112 bytes, new threshold 15 (max threshold 15)
[898.713s][info ][gc,heap        ] GC(123) PSYoungGen: 1777488K(1910784K)->39600K(1944064K) Eden: 1736704K(1736704K)->0K(1781248K) From: 40784K(174080K)->39600K(162816K)
[898.713s][info ][gc,heap        ] GC(123) ParOldGen: 493742K(626176K)->493742K(626176K)
[898.713s][info ][gc,metaspace   ] GC(123) Metaspace: 78573K(79296K)->78573K(79296K) NonClass: 67850K(68224K)->67850K(68224K) Class: 10723K(11072K)->10723K(11072K)
[898.713s][info ][gc             ] GC(123) Pause Young (Allocation Failure) 2217M->520M(2510M) 11.304ms
[898.713s][info ][gc,cpu         ] GC(123) User=0.05s Sys=0.00s Real=0.01s
[898.713s][info ][safepoint      ] Safepoint "ParallelGCFailedAllocation", Time since last: 841466445 ns, Reaching safepoint: 52901 ns, At safepoint: 11386497 ns, Total: 11439398 ns
[900.713s][info ][safepoint      ] Safepoint "Cleanup", Time since last: 2000148873 ns, Reaching safepoint: 47701 ns, At safepoint: 5200 ns, Total: 52901 ns
[901.713s][info ][safepoint      ] Safepoint "Cleanup", Time since last: 1000107087 ns, Reaching safepoint: 47601 ns, At safepoint: 9500 ns, Total: 57101 ns
[903.713s][info ][safepoint      ] Safepoint "Cleanup", Time since last: 2000172274 ns, Reaching safepoint: 53601 ns, At safepoint: 5400 ns, Total: 59001 ns
[909.714s][info ][safepoint      ] Safepoint "Cleanup", Time since last: 6000388121 ns, Reaching safepoint: 43001 ns, At safepoint: 6800 ns, Total: 49801 ns
[910.714s][info ][safepoint      ] Safepoint "Cleanup", Time since last: 1000090388 ns, Reaching safepoint: 40801 ns, At safepoint: 2800 ns, Total: 43601 ns
[912.714s][info ][safepoint      ] Safepoint "Cleanup", Time since last: 2000153175 ns, Reaching safepoint: 49401 ns, At safepoint: 6300 ns, Total: 55701 ns
[913.714s][info ][safepoint      ] Safepoint "Cleanup", Time since last: 1000105988 ns, Reaching safepoint: 51401 ns, At safepoint: 4100 ns, Total: 55501 ns
[914.714s][info ][safepoint      ] Safepoint "Cleanup", Time since last: 1000107088 ns, Reaching safepoint: 42801 ns, At safepoint: 2600 ns, Total: 45401 ns
[917.715s][info ][safepoint      ] Safepoint "Cleanup", Time since last: 3000233164 ns, Reaching safepoint: 68001 ns, At safepoint: 6500 ns, Total: 74501 ns
[918.715s][info ][safepoint      ] Safepoint "Cleanup", Time since last: 1000102188 ns, Reaching safepoint: 44001 ns, At safepoint: 2800 ns, Total: 46801 ns
[919.715s][info ][safepoint      ] Safepoint "Cleanup", Time since last: 1000112989 ns, Reaching safepoint: 69701 ns, At safepoint: 7900 ns, Total: 77601 ns
[920.715s][info ][safepoint      ] Safepoint "Cleanup", Time since last: 1000096289 ns, Reaching safepoint: 78501 ns, At safepoint: 28301 ns, Total: 106802 ns
[921.333s][info ][safepoint      ] Safepoint "ICBufferFull", Time since last: 617842880 ns, Reaching safepoint: 48701 ns, At safepoint: 4900 ns, Total: 53601 ns
[921.334s][info ][safepoint      ] Safepoint "ICBufferFull", Time since last: 826514 ns, Reaching safepoint: 34801 ns, At safepoint: 1300 ns, Total: 36101 ns
[921.335s][info ][safepoint      ] Safepoint "ICBufferFull", Time since last: 766013 ns, Reaching safepoint: 18201 ns, At safepoint: 5700 ns, Total: 23901 ns
[921.335s][info ][safepoint      ] Safepoint "ICBufferFull", Time since last: 732012 ns, Reaching safepoint: 36801 ns, At safepoint: 1500 ns, Total: 38301 ns
[921.336s][info ][safepoint      ] Safepoint "ICBufferFull", Time since last: 747713 ns, Reaching safepoint: 16600 ns, At safepoint: 1800 ns, Total: 18400 ns
[921.337s][info ][safepoint      ] Safepoint "ICBufferFull", Time since last: 716513 ns, Reaching safepoint: 27500 ns, At safepoint: 1300 ns, Total: 28800 ns
[921.338s][info ][safepoint      ] Safepoint "ICBufferFull", Time since last: 1017118 ns, Reaching safepoint: 39300 ns, At safepoint: 3600 ns, Total: 42900 ns
[921.339s][info ][safepoint      ] Safepoint "ICBufferFull", Time since last: 697113 ns, Reaching safepoint: 18400 ns, At safepoint: 1500 ns, Total: 19900 ns
[921.340s][info ][safepoint      ] Safepoint "ICBufferFull", Time since last: 762313 ns, Reaching safepoint: 34601 ns, At safepoint: 1300 ns, Total: 35901 ns
[921.340s][info ][safepoint      ] Safepoint "ICBufferFull", Time since last: 647311 ns, Reaching safepoint: 19300 ns, At safepoint: 1400 ns, Total: 20700 ns
[921.341s][info ][safepoint      ] Safepoint "ICBufferFull", Time since last: 760313 ns, Reaching safepoint: 18101 ns, At safepoint: 2200 ns, Total: 20301 ns
[921.342s][info ][safepoint      ] Safepoint "ICBufferFull", Time since last: 1017817 ns, Reaching safepoint: 19801 ns, At safepoint: 1700 ns, Total: 21501 ns
[921.343s][info ][safepoint      ] Safepoint "ICBufferFull", Time since last: 907115 ns, Reaching safepoint: 16601 ns, At safepoint: 1800 ns, Total: 18401 ns
[921.344s][info ][safepoint      ] Safepoint "ICBufferFull", Time since last: 844614 ns, Reaching safepoint: 17401 ns, At safepoint: 5400 ns, Total: 22801 ns
[921.345s][info ][safepoint      ] Safepoint "ICBufferFull", Time since last: 958216 ns, Reaching safepoint: 17601 ns, At safepoint: 1800 ns, Total: 19401 ns
[921.346s][info ][safepoint      ] Safepoint "ICBufferFull", Time since last: 795313 ns, Reaching safepoint: 16401 ns, At safepoint: 1700 ns, Total: 18101 ns
[921.346s][info ][safepoint      ] Safepoint "ICBufferFull", Time since last: 828214 ns, Reaching safepoint: 17500 ns, At safepoint: 1700 ns, Total: 19200 ns
[921.347s][info ][safepoint      ] Safepoint "ICBufferFull", Time since last: 833815 ns, Reaching safepoint: 17200 ns, At safepoint: 1700 ns, Total: 18900 ns
[921.348s][info ][safepoint      ] Safepoint "ICBufferFull", Time since last: 795614 ns, Reaching safepoint: 31500 ns, At safepoint: 2600 ns, Total: 34100 ns
[921.349s][info ][safepoint      ] Safepoint "ICBufferFull", Time since last: 752113 ns, Reaching safepoint: 31601 ns, At safepoint: 2900 ns, Total: 34501 ns
[921.350s][info ][safepoint      ] Safepoint "ICBufferFull", Time since last: 724812 ns, Reaching safepoint: 29701 ns, At safepoint: 1500 ns, Total: 31201 ns
[921.351s][info ][safepoint      ] Safepoint "ICBufferFull", Time since last: 857815 ns, Reaching safepoint: 31000 ns, At safepoint: 1600 ns, Total: 32600 ns
[921.351s][info ][safepoint      ] Safepoint "ICBufferFull", Time since last: 846815 ns, Reaching safepoint: 30701 ns, At safepoint: 6500 ns, Total: 37201 ns
[921.352s][info ][safepoint      ] Safepoint "ICBufferFull", Time since last: 965616 ns, Reaching safepoint: 31401 ns, At safepoint: 1200 ns, Total: 32601 ns
[921.354s][info ][safepoint      ] Safepoint "ICBufferFull", Time since last: 1022318 ns, Reaching safepoint: 16300 ns, At safepoint: 1300 ns, Total: 17600 ns
[921.355s][info ][safepoint      ] Safepoint "ICBufferFull", Time since last: 1064618 ns, Reaching safepoint: 100702 ns, At safepoint: 6400 ns, Total: 107102 ns
[921.356s][info ][safepoint      ] Safepoint "ICBufferFull", Time since last: 1074819 ns, Reaching safepoint: 29600 ns, At safepoint: 1400 ns, Total: 31000 ns
[921.357s][info ][safepoint      ] Safepoint "ICBufferFull", Time since last: 855715 ns, Reaching safepoint: 44001 ns, At safepoint: 3100 ns, Total: 47101 ns
[921.358s][info ][safepoint      ] Safepoint "ICBufferFull", Time since last: 856315 ns, Reaching safepoint: 32700 ns, At safepoint: 2600 ns, Total: 35300 ns
[921.359s][info ][safepoint      ] Safepoint "ICBufferFull", Time since last: 898116 ns, Reaching safepoint: 19200 ns, At safepoint: 1400 ns, Total: 20600 ns
[921.359s][info ][safepoint      ] Safepoint "ICBufferFull", Time since last: 876715 ns, Reaching safepoint: 30401 ns, At safepoint: 1200 ns, Total: 31601 ns
[921.360s][info ][safepoint      ] Safepoint "ICBufferFull", Time since last: 961217 ns, Reaching safepoint: 21500 ns, At safepoint: 1500 ns, Total: 23000 ns
[921.361s][info ][safepoint      ] Safepoint "ICBufferFull", Time since last: 903416 ns, Reaching safepoint: 16600 ns, At safepoint: 1300 ns, Total: 17900 ns
[921.362s][info ][safepoint      ] Safepoint "ICBufferFull", Time since last: 896415 ns, Reaching safepoint: 18301 ns, At safepoint: 1400 ns, Total: 19701 ns
[921.363s][info ][safepoint      ] Safepoint "ICBufferFull", Time since last: 917216 ns, Reaching safepoint: 15300 ns, At safepoint: 1100 ns, Total: 16400 ns
[921.364s][info ][safepoint      ] Safepoint "ICBufferFull", Time since last: 819514 ns, Reaching safepoint: 28500 ns, At safepoint: 1601 ns, Total: 30101 ns
[921.365s][info ][safepoint      ] Safepoint "ICBufferFull", Time since last: 868815 ns, Reaching safepoint: 27900 ns, At safepoint: 1100 ns, Total: 29000 ns
[921.366s][info ][safepoint      ] Safepoint "ICBufferFull", Time since last: 865415 ns, Reaching safepoint: 31801 ns, At safepoint: 2800 ns, Total: 34601 ns
[921.367s][info ][safepoint      ] Safepoint "ICBufferFull", Time since last: 863515 ns, Reaching safepoint: 15800 ns, At safepoint: 1200 ns, Total: 17000 ns
[921.368s][info ][safepoint      ] Safepoint "ICBufferFull", Time since last: 994417 ns, Reaching safepoint: 15900 ns, At safepoint: 1400 ns, Total: 17300 ns
[921.369s][info ][safepoint      ] Safepoint "ICBufferFull", Time since last: 923616 ns, Reaching safepoint: 15801 ns, At safepoint: 1100 ns, Total: 16901 ns
[921.370s][info ][safepoint      ] Safepoint "ICBufferFull", Time since last: 865615 ns, Reaching safepoint: 15600 ns, At safepoint: 1100 ns, Total: 16700 ns
[921.370s][info ][safepoint      ] Safepoint "ICBufferFull", Time since last: 878815 ns, Reaching safepoint: 22000 ns, At safepoint: 1800 ns, Total: 23800 ns
[921.371s][info ][safepoint      ] Safepoint "ICBufferFull", Time since last: 678412 ns, Reaching safepoint: 15000 ns, At safepoint: 1200 ns, Total: 16200 ns
[921.372s][info ][safepoint      ] Safepoint "ICBufferFull", Time since last: 680012 ns, Reaching safepoint: 15800 ns, At safepoint: 8701 ns, Total: 24501 ns
[921.373s][info ][safepoint      ] Safepoint "ICBufferFull", Time since last: 737312 ns, Reaching safepoint: 36801 ns, At safepoint: 3500 ns, Total: 40301 ns
[921.373s][info ][safepoint      ] Safepoint "ICBufferFull", Time since last: 685212 ns, Reaching safepoint: 23100 ns, At safepoint: 1600 ns, Total: 24700 ns
[921.374s][info ][safepoint      ] Safepoint "ICBufferFull", Time since last: 700012 ns, Reaching safepoint: 31301 ns, At safepoint: 1200 ns, Total: 32501 ns
[921.375s][info ][safepoint      ] Safepoint "ICBufferFull", Time since last: 772413 ns, Reaching safepoint: 18001 ns, At safepoint: 1700 ns, Total: 19701 ns
[921.376s][info ][safepoint      ] Safepoint "ICBufferFull", Time since last: 691012 ns, Reaching safepoint: 30200 ns, At safepoint: 2500 ns, Total: 32700 ns
[921.376s][info ][safepoint      ] Safepoint "ICBufferFull", Time since last: 661912 ns, Reaching safepoint: 18500 ns, At safepoint: 1700 ns, Total: 20200 ns
[921.377s][info ][safepoint      ] Safepoint "ICBufferFull", Time since last: 722312 ns, Reaching safepoint: 19201 ns, At safepoint: 5800 ns, Total: 25001 ns
[921.378s][info ][safepoint      ] Safepoint "ICBufferFull", Time since last: 691212 ns, Reaching safepoint: 49901 ns, At safepoint: 1600 ns, Total: 51501 ns
[921.379s][info ][safepoint      ] Safepoint "ICBufferFull", Time since last: 773413 ns, Reaching safepoint: 35301 ns, At safepoint: 1900 ns, Total: 37201 ns
[921.379s][info ][safepoint      ] Safepoint "ICBufferFull", Time since last: 695912 ns, Reaching safepoint: 36300 ns, At safepoint: 1900 ns, Total: 38200 ns
[921.380s][info ][safepoint      ] Safepoint "ICBufferFull", Time since last: 677212 ns, Reaching safepoint: 39601 ns, At safepoint: 1800 ns, Total: 41401 ns
[921.381s][info ][safepoint      ] Safepoint "ICBufferFull", Time since last: 692812 ns, Reaching safepoint: 18700 ns, At safepoint: 1200 ns, Total: 19900 ns
[921.382s][info ][safepoint      ] Safepoint "ICBufferFull", Time since last: 817214 ns, Reaching safepoint: 26601 ns, At safepoint: 1400 ns, Total: 28001 ns
[921.382s][info ][safepoint      ] Safepoint "ICBufferFull", Time since last: 704512 ns, Reaching safepoint: 33701 ns, At safepoint: 1900 ns, Total: 35601 ns
[921.383s][info ][safepoint      ] Safepoint "ICBufferFull", Time since last: 762013 ns, Reaching safepoint: 23600 ns, At safepoint: 5200 ns, Total: 28800 ns
[921.384s][info ][safepoint      ] Safepoint "ICBufferFull", Time since last: 781814 ns, Reaching safepoint: 24500 ns, At safepoint: 2500 ns, Total: 27000 ns
[921.385s][info ][safepoint      ] Safepoint "ICBufferFull", Time since last: 747913 ns, Reaching safepoint: 26401 ns, At safepoint: 3800 ns, Total: 30201 ns
[921.385s][info ][safepoint      ] Safepoint "ICBufferFull", Time since last: 738212 ns, Reaching safepoint: 21801 ns, At safepoint: 1600 ns, Total: 23401 ns
[921.386s][info ][safepoint      ] Safepoint "ICBufferFull", Time since last: 756913 ns, Reaching safepoint: 15400 ns, At safepoint: 1100 ns, Total: 16500 ns
[921.387s][info ][safepoint      ] Safepoint "ICBufferFull", Time since last: 784614 ns, Reaching safepoint: 26600 ns, At safepoint: 1300 ns, Total: 27900 ns
[921.388s][info ][safepoint      ] Safepoint "ICBufferFull", Time since last: 965617 ns, Reaching safepoint: 30400 ns, At safepoint: 1001 ns, Total: 31401 ns
[921.389s][info ][safepoint      ] Safepoint "ICBufferFull", Time since last: 752213 ns, Reaching safepoint: 22600 ns, At safepoint: 1500 ns, Total: 24100 ns
[921.390s][info ][safepoint      ] Safepoint "ICBufferFull", Time since last: 742013 ns, Reaching safepoint: 32300 ns, At safepoint: 1400 ns, Total: 33700 ns
[921.390s][info ][safepoint      ] Safepoint "ICBufferFull", Time since last: 734613 ns, Reaching safepoint: 32301 ns, At safepoint: 1300 ns, Total: 33601 ns
[921.391s][info ][safepoint      ] Safepoint "ICBufferFull", Time since last: 778013 ns, Reaching safepoint: 31201 ns, At safepoint: 1400 ns, Total: 32601 ns
[921.392s][info ][safepoint      ] Safepoint "ICBufferFull", Time since last: 803514 ns, Reaching safepoint: 16800 ns, At safepoint: 1400 ns, Total: 18200 ns
[921.393s][info ][safepoint      ] Safepoint "ICBufferFull", Time since last: 735013 ns, Reaching safepoint: 14900 ns, At safepoint: 1000 ns, Total: 15900 ns
[921.394s][info ][safepoint      ] Safepoint "ICBufferFull", Time since last: 801814 ns, Reaching safepoint: 30100 ns, At safepoint: 1400 ns, Total: 31500 ns
[921.394s][info ][safepoint      ] Safepoint "ICBufferFull", Time since last: 765013 ns, Reaching safepoint: 21001 ns, At safepoint: 1500 ns, Total: 22501 ns
[921.395s][info ][safepoint      ] Safepoint "ICBufferFull", Time since last: 705012 ns, Reaching safepoint: 28101 ns, At safepoint: 1200 ns, Total: 29301 ns
[921.396s][info ][safepoint      ] Safepoint "ICBufferFull", Time since last: 722712 ns, Reaching safepoint: 23200 ns, At safepoint: 900 ns, Total: 24100 ns
[921.397s][info ][safepoint      ] Safepoint "ICBufferFull", Time since last: 686212 ns, Reaching safepoint: 25001 ns, At safepoint: 900 ns, Total: 25901 ns
[921.397s][info ][safepoint      ] Safepoint "ICBufferFull", Time since last: 669011 ns, Reaching safepoint: 13901 ns, At safepoint: 1100 ns, Total: 15001 ns
[921.398s][info ][safepoint      ] Safepoint "ICBufferFull", Time since last: 690412 ns, Reaching safepoint: 13100 ns, At safepoint: 900 ns, Total: 14000 ns
[921.399s][info ][safepoint      ] Safepoint "ICBufferFull", Time since last: 674011 ns, Reaching safepoint: 14101 ns, At safepoint: 900 ns, Total: 15001 ns
[921.399s][info ][safepoint      ] Safepoint "ICBufferFull", Time since last: 679211 ns, Reaching safepoint: 23801 ns, At safepoint: 1000 ns, Total: 24801 ns
[921.400s][info ][safepoint      ] Safepoint "ICBufferFull", Time since last: 689812 ns, Reaching safepoint: 18100 ns, At safepoint: 1400 ns, Total: 19500 ns
[921.401s][info ][safepoint      ] Safepoint "ICBufferFull", Time since last: 733913 ns, Reaching safepoint: 52601 ns, At safepoint: 4300 ns, Total: 56901 ns
[921.402s][info ][safepoint      ] Safepoint "ICBufferFull", Time since last: 668211 ns, Reaching safepoint: 19501 ns, At safepoint: 2500 ns, Total: 22001 ns
[921.402s][info ][safepoint      ] Safepoint "ICBufferFull", Time since last: 758413 ns, Reaching safepoint: 28500 ns, At safepoint: 1900 ns, Total: 30400 ns
[921.403s][info ][safepoint      ] Safepoint "ICBufferFull", Time since last: 701512 ns, Reaching safepoint: 28201 ns, At safepoint: 3400 ns, Total: 31601 ns
[921.404s][info ][safepoint      ] Safepoint "ICBufferFull", Time since last: 681512 ns, Reaching safepoint: 17800 ns, At safepoint: 1800 ns, Total: 19600 ns
[921.404s][info ][safepoint      ] Safepoint "ICBufferFull", Time since last: 628111 ns, Reaching safepoint: 29200 ns, At safepoint: 1201 ns, Total: 30401 ns
[921.405s][info ][safepoint      ] Safepoint "ICBufferFull", Time since last: 637311 ns, Reaching safepoint: 14400 ns, At safepoint: 1200 ns, Total: 15600 ns
[921.406s][info ][safepoint      ] Safepoint "ICBufferFull", Time since last: 677012 ns, Reaching safepoint: 17100 ns, At safepoint: 1300 ns, Total: 18400 ns
[921.406s][info ][safepoint      ] Safepoint "ICBufferFull", Time since last: 656311 ns, Reaching safepoint: 15900 ns, At safepoint: 1400 ns, Total: 17300 ns
[921.407s][info ][safepoint      ] Safepoint "ICBufferFull", Time since last: 719913 ns, Reaching safepoint: 19100 ns, At safepoint: 1500 ns, Total: 20600 ns
[921.408s][info ][safepoint      ] Safepoint "ICBufferFull", Time since last: 691912 ns, Reaching safepoint: 15600 ns, At safepoint: 1101 ns, Total: 16701 ns
[921.409s][info ][safepoint      ] Safepoint "ICBufferFull", Time since last: 661211 ns, Reaching safepoint: 19700 ns, At safepoint: 1300 ns, Total: 21000 ns
[921.409s][info ][safepoint      ] Safepoint "ICBufferFull", Time since last: 788314 ns, Reaching safepoint: 17400 ns, At safepoint: 1900 ns, Total: 19300 ns
[921.410s][info ][safepoint      ] Safepoint "ICBufferFull", Time since last: 870815 ns, Reaching safepoint: 17301 ns, At safepoint: 1400 ns, Total: 18701 ns
[921.411s][info ][safepoint      ] Safepoint "ICBufferFull", Time since last: 807014 ns, Reaching safepoint: 17200 ns, At safepoint: 1300 ns, Total: 18500 ns
[921.412s][info ][safepoint      ] Safepoint "ICBufferFull", Time since last: 687712 ns, Reaching safepoint: 28200 ns, At safepoint: 1400 ns, Total: 29600 ns
[921.412s][info ][safepoint      ] Safepoint "ICBufferFull", Time since last: 648812 ns, Reaching safepoint: 16800 ns, At safepoint: 1400 ns, Total: 18200 ns
[921.413s][info ][safepoint      ] Safepoint "ICBufferFull", Time since last: 671811 ns, Reaching safepoint: 29201 ns, At safepoint: 1500 ns, Total: 30701 ns
[921.414s][info ][safepoint      ] Safepoint "ICBufferFull", Time since last: 687912 ns, Reaching safepoint: 32400 ns, At safepoint: 2400 ns, Total: 34800 ns
[921.415s][info ][safepoint      ] Safepoint "ICBufferFull", Time since last: 715213 ns, Reaching safepoint: 32400 ns, At safepoint: 2200 ns, Total: 34600 ns
[921.415s][info ][safepoint      ] Safepoint "ICBufferFull", Time since last: 691112 ns, Reaching safepoint: 30901 ns, At safepoint: 2300 ns, Total: 33201 ns
[921.416s][info ][safepoint      ] Safepoint "ICBufferFull", Time since last: 655611 ns, Reaching safepoint: 30501 ns, At safepoint: 1500 ns, Total: 32001 ns
[921.417s][info ][safepoint      ] Safepoint "ICBufferFull", Time since last: 692912 ns, Reaching safepoint: 15900 ns, At safepoint: 1400 ns, Total: 17300 ns
[921.417s][info ][safepoint      ] Safepoint "ICBufferFull", Time since last: 666812 ns, Reaching safepoint: 18600 ns, At safepoint: 1400 ns, Total: 20000 ns
[921.418s][info ][safepoint      ] Safepoint "ICBufferFull", Time since last: 702412 ns, Reaching safepoint: 16100 ns, At safepoint: 1100 ns, Total: 17200 ns
[921.419s][info ][safepoint      ] Safepoint "ICBufferFull", Time since last: 657212 ns, Reaching safepoint: 16100 ns, At safepoint: 1400 ns, Total: 17500 ns
[921.420s][info ][safepoint      ] Safepoint "ICBufferFull", Time since last: 676912 ns, Reaching safepoint: 18500 ns, At safepoint: 1300 ns, Total: 19800 ns
[921.420s][info ][safepoint      ] Safepoint "ICBufferFull", Time since last: 657112 ns, Reaching safepoint: 15900 ns, At safepoint: 1400 ns, Total: 17300 ns
[921.421s][info ][safepoint      ] Safepoint "ICBufferFull", Time since last: 630811 ns, Reaching safepoint: 26000 ns, At safepoint: 1800 ns, Total: 27800 ns
[921.422s][info ][safepoint      ] Safepoint "ICBufferFull", Time since last: 641211 ns, Reaching safepoint: 14501 ns, At safepoint: 1300 ns, Total: 15801 ns
[921.422s][info ][safepoint      ] Safepoint "ICBufferFull", Time since last: 704412 ns, Reaching safepoint: 15700 ns, At safepoint: 1400 ns, Total: 17100 ns
[921.423s][info ][safepoint      ] Safepoint "ICBufferFull", Time since last: 663912 ns, Reaching safepoint: 28400 ns, At safepoint: 1100 ns, Total: 29500 ns
[921.424s][info ][safepoint      ] Safepoint "ICBufferFull", Time since last: 677712 ns, Reaching safepoint: 14800 ns, At safepoint: 1100 ns, Total: 15900 ns
[921.424s][info ][safepoint      ] Safepoint "ICBufferFull", Time since last: 765613 ns, Reaching safepoint: 30401 ns, At safepoint: 2400 ns, Total: 32801 ns
[921.425s][info ][safepoint      ] Safepoint "ICBufferFull", Time since last: 738913 ns, Reaching safepoint: 19600 ns, At safepoint: 1400 ns, Total: 21000 ns
[921.426s][info ][safepoint      ] Safepoint "ICBufferFull", Time since last: 750513 ns, Reaching safepoint: 16900 ns, At safepoint: 1000 ns, Total: 17900 ns
[921.427s][info ][safepoint      ] Safepoint "ICBufferFull", Time since last: 753013 ns, Reaching safepoint: 19101 ns, At safepoint: 1400 ns, Total: 20501 ns
[921.428s][info ][safepoint      ] Safepoint "ICBufferFull", Time since last: 837114 ns, Reaching safepoint: 16400 ns, At safepoint: 1500 ns, Total: 17900 ns
[921.428s][info ][safepoint      ] Safepoint "ICBufferFull", Time since last: 641711 ns, Reaching safepoint: 32001 ns, At safepoint: 3000 ns, Total: 35001 ns
[921.429s][info ][safepoint      ] Safepoint "ICBufferFull", Time since last: 845415 ns, Reaching safepoint: 20000 ns, At safepoint: 1600 ns, Total: 21600 ns
[921.430s][info ][safepoint      ] Safepoint "ICBufferFull", Time since last: 703612 ns, Reaching safepoint: 18301 ns, At safepoint: 1700 ns, Total: 20001 ns
[921.431s][info ][safepoint      ] Safepoint "ICBufferFull", Time since last: 630610 ns, Reaching safepoint: 16701 ns, At safepoint: 1300 ns, Total: 18001 ns
[921.431s][info ][safepoint      ] Safepoint "ICBufferFull", Time since last: 932116 ns, Reaching safepoint: 30300 ns, At safepoint: 1600 ns, Total: 31900 ns
[921.432s][info ][safepoint      ] Safepoint "ICBufferFull", Time since last: 706813 ns, Reaching safepoint: 26800 ns, At safepoint: 900 ns, Total: 27700 ns
[921.433s][info ][safepoint      ] Safepoint "ICBufferFull", Time since last: 686812 ns, Reaching safepoint: 30501 ns, At safepoint: 1300 ns, Total: 31801 ns
[921.434s][info ][safepoint      ] Safepoint "ICBufferFull", Time since last: 717112 ns, Reaching safepoint: 23500 ns, At safepoint: 1700 ns, Total: 25200 ns
[921.434s][info ][safepoint      ] Safepoint "ICBufferFull", Time since last: 706613 ns, Reaching safepoint: 32100 ns, At safepoint: 1300 ns, Total: 33400 ns
[921.435s][info ][safepoint      ] Safepoint "ICBufferFull", Time since last: 760113 ns, Reaching safepoint: 18101 ns, At safepoint: 1400 ns, Total: 19501 ns
[921.436s][info ][safepoint      ] Safepoint "ICBufferFull", Time since last: 728312 ns, Reaching safepoint: 16601 ns, At safepoint: 1500 ns, Total: 18101 ns
[921.437s][info ][safepoint      ] Safepoint "ICBufferFull", Time since last: 663611 ns, Reaching safepoint: 17200 ns, At safepoint: 1400 ns, Total: 18600 ns
[921.437s][info ][safepoint      ] Safepoint "ICBufferFull", Time since last: 707113 ns, Reaching safepoint: 17100 ns, At safepoint: 1900 ns, Total: 19000 ns
[921.438s][info ][safepoint      ] Safepoint "ICBufferFull", Time since last: 729013 ns, Reaching safepoint: 16000 ns, At safepoint: 1500 ns, Total: 17500 ns
[921.439s][info ][safepoint      ] Safepoint "ICBufferFull", Time since last: 686412 ns, Reaching safepoint: 16800 ns, At safepoint: 1300 ns, Total: 18100 ns
[921.439s][info ][safepoint      ] Safepoint "ICBufferFull", Time since last: 657111 ns, Reaching safepoint: 16501 ns, At safepoint: 1300 ns, Total: 17801 ns
[921.440s][info ][safepoint      ] Safepoint "ICBufferFull", Time since last: 658311 ns, Reaching safepoint: 17700 ns, At safepoint: 1500 ns, Total: 19200 ns
[921.441s][info ][safepoint      ] Safepoint "ICBufferFull", Time since last: 637811 ns, Reaching safepoint: 19301 ns, At safepoint: 1000 ns, Total: 20301 ns
[921.442s][info ][safepoint      ] Safepoint "ICBufferFull", Time since last: 706512 ns, Reaching safepoint: 21600 ns, At safepoint: 1900 ns, Total: 23500 ns
[921.442s][info ][safepoint      ] Safepoint "ICBufferFull", Time since last: 712113 ns, Reaching safepoint: 31500 ns, At safepoint: 1400 ns, Total: 32900 ns
[921.443s][info ][safepoint      ] Safepoint "ICBufferFull", Time since last: 659912 ns, Reaching safepoint: 17200 ns, At safepoint: 1300 ns, Total: 18500 ns
[921.444s][info ][safepoint      ] Safepoint "ICBufferFull", Time since last: 651511 ns, Reaching safepoint: 17701 ns, At safepoint: 1300 ns, Total: 19001 ns
[921.444s][info ][safepoint      ] Safepoint "ICBufferFull", Time since last: 671511 ns, Reaching safepoint: 16900 ns, At safepoint: 1401 ns, Total: 18301 ns
[921.445s][info ][safepoint      ] Safepoint "ICBufferFull", Time since last: 703912 ns, Reaching safepoint: 17500 ns, At safepoint: 1500 ns, Total: 19000 ns
[921.446s][info ][safepoint      ] Safepoint "ICBufferFull", Time since last: 702912 ns, Reaching safepoint: 17800 ns, At safepoint: 1300 ns, Total: 19100 ns
[921.447s][info ][safepoint      ] Safepoint "ICBufferFull", Time since last: 719913 ns, Reaching safepoint: 18300 ns, At safepoint: 1500 ns, Total: 19800 ns
[921.447s][info ][safepoint      ] Safepoint "ICBufferFull", Time since last: 688912 ns, Reaching safepoint: 17500 ns, At safepoint: 1601 ns, Total: 19101 ns
[921.448s][info ][safepoint      ] Safepoint "ICBufferFull", Time since last: 685111 ns, Reaching safepoint: 16901 ns, At safepoint: 1400 ns, Total: 18301 ns
[921.449s][info ][safepoint      ] Safepoint "ICBufferFull", Time since last: 672211 ns, Reaching safepoint: 19401 ns, At safepoint: 1700 ns, Total: 21101 ns
[921.449s][info ][safepoint      ] Safepoint "ICBufferFull", Time since last: 732512 ns, Reaching safepoint: 18301 ns, At safepoint: 1600 ns, Total: 19901 ns
[921.450s][info ][safepoint      ] Safepoint "ICBufferFull", Time since last: 673911 ns, Reaching safepoint: 18401 ns, At safepoint: 1600 ns, Total: 20001 ns
[921.451s][info ][safepoint      ] Safepoint "ICBufferFull", Time since last: 685912 ns, Reaching safepoint: 16800 ns, At safepoint: 1300 ns, Total: 18100 ns
[921.451s][info ][safepoint      ] Safepoint "ICBufferFull", Time since last: 703312 ns, Reaching safepoint: 19600 ns, At safepoint: 1600 ns, Total: 21200 ns
[921.452s][info ][safepoint      ] Safepoint "ICBufferFull", Time since last: 673412 ns, Reaching safepoint: 17700 ns, At safepoint: 1700 ns, Total: 19400 ns
[921.453s][info ][safepoint      ] Safepoint "ICBufferFull", Time since last: 668812 ns, Reaching safepoint: 18100 ns, At safepoint: 1700 ns, Total: 19800 ns
[921.454s][info ][safepoint      ] Safepoint "ICBufferFull", Time since last: 690412 ns, Reaching safepoint: 17100 ns, At safepoint: 1200 ns, Total: 18300 ns
[921.454s][info ][safepoint      ] Safepoint "ICBufferFull", Time since last: 729413 ns, Reaching safepoint: 22200 ns, At safepoint: 1701 ns, Total: 23901 ns
[921.455s][info ][safepoint      ] Safepoint "ICBufferFull", Time since last: 690211 ns, Reaching safepoint: 17601 ns, At safepoint: 1700 ns, Total: 19301 ns
[921.456s][info ][safepoint      ] Safepoint "ICBufferFull", Time since last: 659111 ns, Reaching safepoint: 17100 ns, At safepoint: 1700 ns, Total: 18800 ns
[921.456s][info ][safepoint      ] Safepoint "ICBufferFull", Time since last: 670112 ns, Reaching safepoint: 34901 ns, At safepoint: 2700 ns, Total: 37601 ns
[921.457s][info ][safepoint      ] Safepoint "ICBufferFull", Time since last: 743713 ns, Reaching safepoint: 19300 ns, At safepoint: 1800 ns, Total: 21100 ns
[921.458s][info ][safepoint      ] Safepoint "ICBufferFull", Time since last: 879315 ns, Reaching safepoint: 12600 ns, At safepoint: 1200 ns, Total: 13800 ns
[921.459s][info ][safepoint      ] Safepoint "ICBufferFull", Time since last: 923016 ns, Reaching safepoint: 36401 ns, At safepoint: 2900 ns, Total: 39301 ns
[921.460s][info ][safepoint      ] Safepoint "ICBufferFull", Time since last: 1010817 ns, Reaching safepoint: 32201 ns, At safepoint: 2000 ns, Total: 34201 ns
[921.461s][info ][safepoint      ] Safepoint "ICBufferFull", Time since last: 960717 ns, Reaching safepoint: 31100 ns, At safepoint: 1200 ns, Total: 32300 ns
[921.462s][info ][safepoint      ] Safepoint "ICBufferFull", Time since last: 1015618 ns, Reaching safepoint: 29300 ns, At safepoint: 1400 ns, Total: 30700 ns
[921.463s][info ][safepoint      ] Safepoint "ICBufferFull", Time since last: 1038418 ns, Reaching safepoint: 31701 ns, At safepoint: 1300 ns, Total: 33001 ns
[921.464s][info ][safepoint      ] Safepoint "ICBufferFull", Time since last: 861115 ns, Reaching safepoint: 22200 ns, At safepoint: 900 ns, Total: 23100 ns
[921.465s][info ][safepoint      ] Safepoint "ICBufferFull", Time since last: 976117 ns, Reaching safepoint: 17600 ns, At safepoint: 1300 ns, Total: 18900 ns
[921.466s][info ][safepoint      ] Safepoint "ICBufferFull", Time since last: 884116 ns, Reaching safepoint: 17100 ns, At safepoint: 1300 ns, Total: 18400 ns
[921.467s][info ][safepoint      ] Safepoint "ICBufferFull", Time since last: 674712 ns, Reaching safepoint: 27200 ns, At safepoint: 1800 ns, Total: 29000 ns
[921.467s][info ][safepoint      ] Safepoint "ICBufferFull", Time since last: 665112 ns, Reaching safepoint: 24600 ns, At safepoint: 1400 ns, Total: 26000 ns
[921.468s][info ][safepoint      ] Safepoint "ICBufferFull", Time since last: 706612 ns, Reaching safepoint: 23701 ns, At safepoint: 900 ns, Total: 24601 ns
[921.469s][info ][safepoint      ] Safepoint "ICBufferFull", Time since last: 666811 ns, Reaching safepoint: 17701 ns, At safepoint: 1100 ns, Total: 18801 ns
[921.469s][info ][safepoint      ] Safepoint "ICBufferFull", Time since last: 674311 ns, Reaching safepoint: 26501 ns, At safepoint: 1400 ns, Total: 27901 ns
[921.470s][info ][safepoint      ] Safepoint "ICBufferFull", Time since last: 748213 ns, Reaching safepoint: 22200 ns, At safepoint: 1300 ns, Total: 23500 ns
[921.471s][info ][safepoint      ] Safepoint "ICBufferFull", Time since last: 677012 ns, Reaching safepoint: 31200 ns, At safepoint: 1500 ns, Total: 32700 ns
[921.472s][info ][safepoint      ] Safepoint "ICBufferFull", Time since last: 702012 ns, Reaching safepoint: 29901 ns, At safepoint: 1400 ns, Total: 31301 ns
[921.472s][info ][safepoint      ] Safepoint "ICBufferFull", Time since last: 664011 ns, Reaching safepoint: 28201 ns, At safepoint: 1000 ns, Total: 29201 ns
[921.473s][info ][safepoint      ] Safepoint "ICBufferFull", Time since last: 744813 ns, Reaching safepoint: 29000 ns, At safepoint: 1200 ns, Total: 30200 ns
[921.474s][info ][safepoint      ] Safepoint "ICBufferFull", Time since last: 686812 ns, Reaching safepoint: 31601 ns, At safepoint: 1000 ns, Total: 32601 ns
[921.475s][info ][safepoint      ] Safepoint "ICBufferFull", Time since last: 694912 ns, Reaching safepoint: 18400 ns, At safepoint: 1100 ns, Total: 19500 ns
[921.475s][info ][safepoint      ] Safepoint "ICBufferFull", Time since last: 683712 ns, Reaching safepoint: 19300 ns, At safepoint: 1000 ns, Total: 20300 ns
[921.476s][info ][safepoint      ] Safepoint "ICBufferFull", Time since last: 656812 ns, Reaching safepoint: 30500 ns, At safepoint: 1300 ns, Total: 31800 ns
[921.477s][info ][safepoint      ] Safepoint "ICBufferFull", Time since last: 729413 ns, Reaching safepoint: 31200 ns, At safepoint: 5000 ns, Total: 36200 ns
[921.478s][info ][safepoint      ] Safepoint "ICBufferFull", Time since last: 794914 ns, Reaching safepoint: 22101 ns, At safepoint: 1400 ns, Total: 23501 ns
[921.478s][info ][safepoint      ] Safepoint "ICBufferFull", Time since last: 789813 ns, Reaching safepoint: 32601 ns, At safepoint: 1900 ns, Total: 34501 ns
[921.479s][info ][safepoint      ] Safepoint "ICBufferFull", Time since last: 748613 ns, Reaching safepoint: 21800 ns, At safepoint: 1700 ns, Total: 23500 ns
[921.480s][info ][safepoint      ] Safepoint "ICBufferFull", Time since last: 837615 ns, Reaching safepoint: 29600 ns, At safepoint: 2800 ns, Total: 32400 ns
[921.481s][info ][safepoint      ] Safepoint "ICBufferFull", Time since last: 695212 ns, Reaching safepoint: 16801 ns, At safepoint: 1400 ns, Total: 18201 ns
[921.481s][info ][safepoint      ] Safepoint "ICBufferFull", Time since last: 672411 ns, Reaching safepoint: 17401 ns, At safepoint: 1400 ns, Total: 18801 ns
[921.482s][info ][safepoint      ] Safepoint "ICBufferFull", Time since last: 722412 ns, Reaching safepoint: 16200 ns, At safepoint: 1500 ns, Total: 17700 ns
[921.483s][info ][safepoint      ] Safepoint "ICBufferFull", Time since last: 686812 ns, Reaching safepoint: 15900 ns, At safepoint: 1600 ns, Total: 17500 ns
[921.484s][info ][safepoint      ] Safepoint "ICBufferFull", Time since last: 651012 ns, Reaching safepoint: 19300 ns, At safepoint: 1700 ns, Total: 21000 ns
[921.484s][info ][safepoint      ] Safepoint "ICBufferFull", Time since last: 653311 ns, Reaching safepoint: 15701 ns, At safepoint: 1400 ns, Total: 17101 ns
[921.485s][info ][safepoint      ] Safepoint "ICBufferFull", Time since last: 706212 ns, Reaching safepoint: 18400 ns, At safepoint: 1500 ns, Total: 19900 ns
[921.486s][info ][safepoint      ] Safepoint "ICBufferFull", Time since last: 684812 ns, Reaching safepoint: 26901 ns, At safepoint: 1600 ns, Total: 28501 ns
[921.486s][info ][safepoint      ] Safepoint "ICBufferFull", Time since last: 653611 ns, Reaching safepoint: 18000 ns, At safepoint: 1800 ns, Total: 19800 ns
[921.487s][info ][safepoint      ] Safepoint "ICBufferFull", Time since last: 668012 ns, Reaching safepoint: 19400 ns, At safepoint: 2000 ns, Total: 21400 ns
[921.488s][info ][safepoint      ] Safepoint "ICBufferFull", Time since last: 676112 ns, Reaching safepoint: 16800 ns, At safepoint: 1300 ns, Total: 18100 ns
[921.488s][info ][safepoint      ] Safepoint "ICBufferFull", Time since last: 623711 ns, Reaching safepoint: 16000 ns, At safepoint: 1300 ns, Total: 17300 ns
[921.489s][info ][safepoint      ] Safepoint "ICBufferFull", Time since last: 641511 ns, Reaching safepoint: 16901 ns, At safepoint: 1700 ns, Total: 18601 ns
[921.490s][info ][safepoint      ] Safepoint "ICBufferFull", Time since last: 662311 ns, Reaching safepoint: 47301 ns, At safepoint: 2000 ns, Total: 49301 ns
[921.490s][info ][safepoint      ] Safepoint "ICBufferFull", Time since last: 639911 ns, Reaching safepoint: 17200 ns, At safepoint: 1900 ns, Total: 19100 ns
[921.491s][info ][safepoint      ] Safepoint "ICBufferFull", Time since last: 669312 ns, Reaching safepoint: 16200 ns, At safepoint: 1700 ns, Total: 17900 ns
[921.492s][info ][safepoint      ] Safepoint "ICBufferFull", Time since last: 678512 ns, Reaching safepoint: 27500 ns, At safepoint: 1500 ns, Total: 29000 ns
[921.492s][info ][safepoint      ] Safepoint "ICBufferFull", Time since last: 669712 ns, Reaching safepoint: 16200 ns, At safepoint: 1500 ns, Total: 17700 ns
[921.493s][info ][safepoint      ] Safepoint "ICBufferFull", Time since last: 682412 ns, Reaching safepoint: 25201 ns, At safepoint: 1400 ns, Total: 26601 ns
[921.494s][info ][safepoint      ] Safepoint "ICBufferFull", Time since last: 720612 ns, Reaching safepoint: 18100 ns, At safepoint: 1700 ns, Total: 19800 ns
[921.495s][info ][safepoint      ] Safepoint "ICBufferFull", Time since last: 764214 ns, Reaching safepoint: 17900 ns, At safepoint: 1800 ns, Total: 19700 ns
[921.495s][info ][safepoint      ] Safepoint "ICBufferFull", Time since last: 671112 ns, Reaching safepoint: 18100 ns, At safepoint: 6300 ns, Total: 24400 ns
[921.496s][info ][safepoint      ] Safepoint "ICBufferFull", Time since last: 680712 ns, Reaching safepoint: 16200 ns, At safepoint: 1700 ns, Total: 17900 ns
[921.497s][info ][safepoint      ] Safepoint "ICBufferFull", Time since last: 709012 ns, Reaching safepoint: 16601 ns, At safepoint: 1500 ns, Total: 18101 ns
[921.498s][info ][safepoint      ] Safepoint "ICBufferFull", Time since last: 649611 ns, Reaching safepoint: 25800 ns, At safepoint: 1500 ns, Total: 27300 ns
[921.498s][info ][safepoint      ] Safepoint "ICBufferFull", Time since last: 666112 ns, Reaching safepoint: 33500 ns, At safepoint: 3000 ns, Total: 36500 ns
[921.499s][info ][safepoint      ] Safepoint "ICBufferFull", Time since last: 676812 ns, Reaching safepoint: 17300 ns, At safepoint: 1400 ns, Total: 18700 ns
[921.500s][info ][safepoint      ] Safepoint "ICBufferFull", Time since last: 660412 ns, Reaching safepoint: 16000 ns, At safepoint: 1500 ns, Total: 17500 ns
[921.500s][info ][safepoint      ] Safepoint "ICBufferFull", Time since last: 706712 ns, Reaching safepoint: 16601 ns, At safepoint: 1800 ns, Total: 18401 ns
[921.501s][info ][safepoint      ] Safepoint "ICBufferFull", Time since last: 632711 ns, Reaching safepoint: 18700 ns, At safepoint: 1700 ns, Total: 20400 ns
[921.502s][info ][safepoint      ] Safepoint "ICBufferFull", Time since last: 667212 ns, Reaching safepoint: 17400 ns, At safepoint: 1500 ns, Total: 18900 ns
[921.502s][info ][safepoint      ] Safepoint "ICBufferFull", Time since last: 651211 ns, Reaching safepoint: 18000 ns, At safepoint: 1800 ns, Total: 19800 ns
[921.503s][info ][safepoint      ] Safepoint "ICBufferFull", Time since last: 745213 ns, Reaching safepoint: 18701 ns, At safepoint: 1500 ns, Total: 20201 ns
[921.504s][info ][safepoint      ] Safepoint "ICBufferFull", Time since last: 759113 ns, Reaching safepoint: 18700 ns, At safepoint: 1800 ns, Total: 20500 ns
[921.505s][info ][safepoint      ] Safepoint "ICBufferFull", Time since last: 671012 ns, Reaching safepoint: 17600 ns, At safepoint: 1700 ns, Total: 19300 ns
[921.505s][info ][safepoint      ] Safepoint "ICBufferFull", Time since last: 700212 ns, Reaching safepoint: 47001 ns, At safepoint: 2900 ns, Total: 49901 ns
[921.506s][info ][safepoint      ] Safepoint "ICBufferFull", Time since last: 701512 ns, Reaching safepoint: 18201 ns, At safepoint: 1600 ns, Total: 19801 ns
[921.507s][info ][safepoint      ] Safepoint "ICBufferFull", Time since last: 668511 ns, Reaching safepoint: 18200 ns, At safepoint: 1700 ns, Total: 19900 ns
[921.507s][info ][safepoint      ] Safepoint "ICBufferFull", Time since last: 698113 ns, Reaching safepoint: 40900 ns, At safepoint: 1300 ns, Total: 42200 ns
[921.508s][info ][safepoint      ] Safepoint "ICBufferFull", Time since last: 678212 ns, Reaching safepoint: 31901 ns, At safepoint: 1400 ns, Total: 33301 ns
[921.509s][info ][safepoint      ] Safepoint "ICBufferFull", Time since last: 916915 ns, Reaching safepoint: 24501 ns, At safepoint: 1900 ns, Total: 26401 ns
[921.510s][info ][safepoint      ] Safepoint "ICBufferFull", Time since last: 775513 ns, Reaching safepoint: 14801 ns, At safepoint: 1400 ns, Total: 16201 ns
[921.511s][info ][safepoint      ] Safepoint "ICBufferFull", Time since last: 712912 ns, Reaching safepoint: 43201 ns, At safepoint: 1600 ns, Total: 44801 ns
[921.511s][info ][safepoint      ] Safepoint "ICBufferFull", Time since last: 746313 ns, Reaching safepoint: 23500 ns, At safepoint: 1300 ns, Total: 24800 ns
[921.512s][info ][safepoint      ] Safepoint "ICBufferFull", Time since last: 788814 ns, Reaching safepoint: 36300 ns, At safepoint: 1400 ns, Total: 37700 ns
[921.513s][info ][safepoint      ] Safepoint "ICBufferFull", Time since last: 728313 ns, Reaching safepoint: 25400 ns, At safepoint: 1800 ns, Total: 27200 ns
[921.514s][info ][safepoint      ] Safepoint "ICBufferFull", Time since last: 730013 ns, Reaching safepoint: 17100 ns, At safepoint: 1700 ns, Total: 18800 ns
[921.515s][info ][safepoint      ] Safepoint "ICBufferFull", Time since last: 692512 ns, Reaching safepoint: 27801 ns, At safepoint: 1200 ns, Total: 29001 ns
[921.515s][info ][safepoint      ] Safepoint "ICBufferFull", Time since last: 665111 ns, Reaching safepoint: 17301 ns, At safepoint: 1400 ns, Total: 18701 ns
[921.516s][info ][safepoint      ] Safepoint "ICBufferFull", Time since last: 667011 ns, Reaching safepoint: 17900 ns, At safepoint: 1300 ns, Total: 19200 ns
[921.517s][info ][safepoint      ] Safepoint "ICBufferFull", Time since last: 751913 ns, Reaching safepoint: 16101 ns, At safepoint: 1100 ns, Total: 17201 ns
[921.517s][info ][safepoint      ] Safepoint "ICBufferFull", Time since last: 677711 ns, Reaching safepoint: 26601 ns, At safepoint: 1600 ns, Total: 28201 ns
[921.518s][info ][safepoint      ] Safepoint "ICBufferFull", Time since last: 718812 ns, Reaching safepoint: 32301 ns, At safepoint: 2600 ns, Total: 34901 ns
[921.519s][info ][safepoint      ] Safepoint "ICBufferFull", Time since last: 791914 ns, Reaching safepoint: 29000 ns, At safepoint: 1500 ns, Total: 30500 ns
[921.520s][info ][safepoint      ] Safepoint "ICBufferFull", Time since last: 724413 ns, Reaching safepoint: 28800 ns, At safepoint: 1600 ns, Total: 30400 ns
[921.520s][info ][safepoint      ] Safepoint "ICBufferFull", Time since last: 660812 ns, Reaching safepoint: 27800 ns, At safepoint: 1600 ns, Total: 29400 ns
[921.521s][info ][safepoint      ] Safepoint "ICBufferFull", Time since last: 660312 ns, Reaching safepoint: 13500 ns, At safepoint: 1300 ns, Total: 14800 ns
[921.522s][info ][safepoint      ] Safepoint "ICBufferFull", Time since last: 722312 ns, Reaching safepoint: 20301 ns, At safepoint: 1200 ns, Total: 21501 ns
[921.522s][info ][safepoint      ] Safepoint "ICBufferFull", Time since last: 648111 ns, Reaching safepoint: 21600 ns, At safepoint: 1700 ns, Total: 23300 ns
[921.523s][info ][safepoint      ] Safepoint "ICBufferFull", Time since last: 685812 ns, Reaching safepoint: 16700 ns, At safepoint: 1400 ns, Total: 18100 ns
[921.524s][info ][safepoint      ] Safepoint "ICBufferFull", Time since last: 690512 ns, Reaching safepoint: 17401 ns, At safepoint: 1400 ns, Total: 18801 ns
[921.525s][info ][safepoint      ] Safepoint "ICBufferFull", Time since last: 628211 ns, Reaching safepoint: 17600 ns, At safepoint: 1500 ns, Total: 19100 ns
[921.525s][info ][safepoint      ] Safepoint "ICBufferFull", Time since last: 695812 ns, Reaching safepoint: 36501 ns, At safepoint: 1500 ns, Total: 38001 ns
[921.526s][info ][safepoint      ] Safepoint "ICBufferFull", Time since last: 781713 ns, Reaching safepoint: 27801 ns, At safepoint: 1100 ns, Total: 28901 ns
[921.527s][info ][safepoint      ] Safepoint "ICBufferFull", Time since last: 690612 ns, Reaching safepoint: 37500 ns, At safepoint: 1400 ns, Total: 38900 ns
[921.528s][info ][safepoint      ] Safepoint "ICBufferFull", Time since last: 720213 ns, Reaching safepoint: 29400 ns, At safepoint: 1100 ns, Total: 30500 ns
[921.528s][info ][safepoint      ] Safepoint "ICBufferFull", Time since last: 801014 ns, Reaching safepoint: 24800 ns, At safepoint: 1400 ns, Total: 26200 ns
[921.529s][info ][safepoint      ] Safepoint "ICBufferFull", Time since last: 837915 ns, Reaching safepoint: 29000 ns, At safepoint: 1000 ns, Total: 30000 ns
[921.530s][info ][safepoint      ] Safepoint "ICBufferFull", Time since last: 759114 ns, Reaching safepoint: 29900 ns, At safepoint: 2500 ns, Total: 32400 ns
[921.531s][info ][safepoint      ] Safepoint "ICBufferFull", Time since last: 740913 ns, Reaching safepoint: 28800 ns, At safepoint: 1201 ns, Total: 30001 ns
[921.532s][info ][safepoint      ] Safepoint "ICBufferFull", Time since last: 779113 ns, Reaching safepoint: 20100 ns, At safepoint: 1500 ns, Total: 21600 ns
[921.532s][info ][safepoint      ] Safepoint "ICBufferFull", Time since last: 760313 ns, Reaching safepoint: 28201 ns, At safepoint: 1100 ns, Total: 29301 ns
[921.533s][info ][safepoint      ] Safepoint "ICBufferFull", Time since last: 761213 ns, Reaching safepoint: 24801 ns, At safepoint: 1400 ns, Total: 26201 ns
[921.534s][info ][safepoint      ] Safepoint "ICBufferFull", Time since last: 744912 ns, Reaching safepoint: 29301 ns, At safepoint: 1200 ns, Total: 30501 ns
[921.535s][info ][safepoint      ] Safepoint "ICBufferFull", Time since last: 721612 ns, Reaching safepoint: 26801 ns, At safepoint: 2000 ns, Total: 28801 ns
[921.535s][info ][safepoint      ] Safepoint "ICBufferFull", Time since last: 680312 ns, Reaching safepoint: 23100 ns, At safepoint: 1700 ns, Total: 24800 ns
[921.536s][info ][safepoint      ] Safepoint "ICBufferFull", Time since last: 701412 ns, Reaching safepoint: 30401 ns, At safepoint: 2600 ns, Total: 33001 ns
[921.537s][info ][safepoint      ] Safepoint "ICBufferFull", Time since last: 687212 ns, Reaching safepoint: 23600 ns, At safepoint: 1500 ns, Total: 25100 ns
[921.538s][info ][safepoint      ] Safepoint "ICBufferFull", Time since last: 966017 ns, Reaching safepoint: 28700 ns, At safepoint: 2000 ns, Total: 30700 ns
[921.539s][info ][safepoint      ] Safepoint "ICBufferFull", Time since last: 666512 ns, Reaching safepoint: 34301 ns, At safepoint: 1300 ns, Total: 35601 ns
[921.539s][info ][safepoint      ] Safepoint "ICBufferFull", Time since last: 733812 ns, Reaching safepoint: 38101 ns, At safepoint: 1500 ns, Total: 39601 ns
[921.540s][info ][safepoint      ] Safepoint "ICBufferFull", Time since last: 693712 ns, Reaching safepoint: 19700 ns, At safepoint: 1700 ns, Total: 21400 ns
[921.541s][info ][safepoint      ] Safepoint "ICBufferFull", Time since last: 679212 ns, Reaching safepoint: 20700 ns, At safepoint: 1500 ns, Total: 22200 ns
[921.541s][info ][safepoint      ] Safepoint "ICBufferFull", Time since last: 675212 ns, Reaching safepoint: 19000 ns, At safepoint: 1600 ns, Total: 20600 ns
[921.542s][info ][safepoint      ] Safepoint "ICBufferFull", Time since last: 708613 ns, Reaching safepoint: 107402 ns, At safepoint: 7000 ns, Total: 114402 ns
[921.543s][info ][safepoint      ] Safepoint "ICBufferFull", Time since last: 784813 ns, Reaching safepoint: 74102 ns, At safepoint: 3400 ns, Total: 77502 ns
[921.544s][info ][safepoint      ] Safepoint "ICBufferFull", Time since last: 774813 ns, Reaching safepoint: 22900 ns, At safepoint: 1700 ns, Total: 24600 ns
[921.545s][info ][safepoint      ] Safepoint "ICBufferFull", Time since last: 652812 ns, Reaching safepoint: 55301 ns, At safepoint: 3100 ns, Total: 58401 ns
[921.545s][info ][safepoint      ] Safepoint "ICBufferFull", Time since last: 704812 ns, Reaching safepoint: 31900 ns, At safepoint: 1600 ns, Total: 33500 ns
[921.546s][info ][safepoint      ] Safepoint "ICBufferFull", Time since last: 758314 ns, Reaching safepoint: 23400 ns, At safepoint: 1300 ns, Total: 24700 ns
[921.547s][info ][safepoint      ] Safepoint "ICBufferFull", Time since last: 797314 ns, Reaching safepoint: 34000 ns, At safepoint: 1600 ns, Total: 35600 ns
[921.548s][info ][safepoint      ] Safepoint "ICBufferFull", Time since last: 671912 ns, Reaching safepoint: 21300 ns, At safepoint: 1300 ns, Total: 22600 ns
[921.548s][info ][safepoint      ] Safepoint "ICBufferFull", Time since last: 681512 ns, Reaching safepoint: 14900 ns, At safepoint: 1200 ns, Total: 16100 ns
[921.549s][info ][safepoint      ] Safepoint "ICBufferFull", Time since last: 695012 ns, Reaching safepoint: 15901 ns, At safepoint: 1000 ns, Total: 16901 ns
[921.550s][info ][safepoint      ] Safepoint "ICBufferFull", Time since last: 681412 ns, Reaching safepoint: 20300 ns, At safepoint: 1700 ns, Total: 22000 ns
[921.551s][info ][safepoint      ] Safepoint "ICBufferFull", Time since last: 667711 ns, Reaching safepoint: 39901 ns, At safepoint: 1700 ns, Total: 41601 ns
[921.551s][info ][safepoint      ] Safepoint "ICBufferFull", Time since last: 706912 ns, Reaching safepoint: 19501 ns, At safepoint: 1800 ns, Total: 21301 ns
[921.552s][info ][safepoint      ] Safepoint "ICBufferFull", Time since last: 828514 ns, Reaching safepoint: 18200 ns, At safepoint: 1700 ns, Total: 19900 ns
[921.553s][info ][safepoint      ] Safepoint "ICBufferFull", Time since last: 683112 ns, Reaching safepoint: 21001 ns, At safepoint: 1600 ns, Total: 22601 ns
[921.553s][info ][safepoint      ] Safepoint "ICBufferFull", Time since last: 659211 ns, Reaching safepoint: 31701 ns, At safepoint: 1600 ns, Total: 33301 ns
[921.554s][info ][safepoint      ] Safepoint "ICBufferFull", Time since last: 709712 ns, Reaching safepoint: 27600 ns, At safepoint: 1400 ns, Total: 29000 ns
[921.555s][info ][safepoint      ] Safepoint "ICBufferFull", Time since last: 632211 ns, Reaching safepoint: 21201 ns, At safepoint: 2000 ns, Total: 23201 ns
[921.556s][info ][safepoint      ] Safepoint "ICBufferFull", Time since last: 661311 ns, Reaching safepoint: 16000 ns, At safepoint: 1500 ns, Total: 17500 ns
[921.556s][info ][safepoint      ] Safepoint "ICBufferFull", Time since last: 750113 ns, Reaching safepoint: 16901 ns, At safepoint: 1300 ns, Total: 18201 ns
[921.557s][info ][safepoint      ] Safepoint "ICBufferFull", Time since last: 669311 ns, Reaching safepoint: 17301 ns, At safepoint: 1500 ns, Total: 18801 ns
[921.558s][info ][safepoint      ] Safepoint "ICBufferFull", Time since last: 774013 ns, Reaching safepoint: 24100 ns, At safepoint: 2200 ns, Total: 26300 ns
[921.559s][info ][safepoint      ] Safepoint "ICBufferFull", Time since last: 675512 ns, Reaching safepoint: 31001 ns, At safepoint: 1400 ns, Total: 32401 ns
[921.559s][info ][safepoint      ] Safepoint "ICBufferFull", Time since last: 797213 ns, Reaching safepoint: 23301 ns, At safepoint: 1500 ns, Total: 24801 ns
[921.560s][info ][safepoint      ] Safepoint "ICBufferFull", Time since last: 708112 ns, Reaching safepoint: 31701 ns, At safepoint: 1300 ns, Total: 33001 ns
[921.561s][info ][safepoint      ] Safepoint "ICBufferFull", Time since last: 835314 ns, Reaching safepoint: 24501 ns, At safepoint: 1300 ns, Total: 25801 ns
[921.562s][info ][safepoint      ] Safepoint "ICBufferFull", Time since last: 819514 ns, Reaching safepoint: 37400 ns, At safepoint: 2500 ns, Total: 39900 ns
[921.563s][info ][safepoint      ] Safepoint "ICBufferFull", Time since last: 797714 ns, Reaching safepoint: 25601 ns, At safepoint: 1800 ns, Total: 27401 ns
[921.563s][info ][safepoint      ] Safepoint "ICBufferFull", Time since last: 741713 ns, Reaching safepoint: 26900 ns, At safepoint: 1300 ns, Total: 28200 ns
[921.564s][info ][safepoint      ] Safepoint "ICBufferFull", Time since last: 703012 ns, Reaching safepoint: 24401 ns, At safepoint: 900 ns, Total: 25301 ns
[921.565s][info ][safepoint      ] Safepoint "ICBufferFull", Time since last: 674211 ns, Reaching safepoint: 22201 ns, At safepoint: 1300 ns, Total: 23501 ns
[921.566s][info ][safepoint      ] Safepoint "ICBufferFull", Time since last: 681411 ns, Reaching safepoint: 27301 ns, At safepoint: 1100 ns, Total: 28401 ns
[921.566s][info ][safepoint      ] Safepoint "ICBufferFull", Time since last: 703812 ns, Reaching safepoint: 19300 ns, At safepoint: 1100 ns, Total: 20400 ns
[921.567s][info ][safepoint      ] Safepoint "ICBufferFull", Time since last: 711313 ns, Reaching safepoint: 26400 ns, At safepoint: 1100 ns, Total: 27500 ns
[921.568s][info ][safepoint      ] Safepoint "ICBufferFull", Time since last: 663412 ns, Reaching safepoint: 19200 ns, At safepoint: 900 ns, Total: 20100 ns
[921.568s][info ][safepoint      ] Safepoint "ICBufferFull", Time since last: 616111 ns, Reaching safepoint: 26300 ns, At safepoint: 1000 ns, Total: 27300 ns
[921.569s][info ][safepoint      ] Safepoint "ICBufferFull", Time since last: 655812 ns, Reaching safepoint: 26300 ns, At safepoint: 1200 ns, Total: 27500 ns
[921.570s][info ][safepoint      ] Safepoint "ICBufferFull", Time since last: 673012 ns, Reaching safepoint: 21200 ns, At safepoint: 1200 ns, Total: 22400 ns
[921.570s][info ][safepoint      ] Safepoint "ICBufferFull", Time since last: 676912 ns, Reaching safepoint: 25600 ns, At safepoint: 1000 ns, Total: 26600 ns
[921.571s][info ][safepoint      ] Safepoint "ICBufferFull", Time since last: 710112 ns, Reaching safepoint: 19501 ns, At safepoint: 1300 ns, Total: 20801 ns
[921.572s][info ][safepoint      ] Safepoint "ICBufferFull", Time since last: 649011 ns, Reaching safepoint: 27100 ns, At safepoint: 901 ns, Total: 28001 ns
[921.572s][info ][safepoint      ] Safepoint "ICBufferFull", Time since last: 619710 ns, Reaching safepoint: 31101 ns, At safepoint: 900 ns, Total: 32001 ns
[921.573s][info ][safepoint      ] Safepoint "ICBufferFull", Time since last: 669911 ns, Reaching safepoint: 26001 ns, At safepoint: 800 ns, Total: 26801 ns
[921.574s][info ][safepoint      ] Safepoint "ICBufferFull", Time since last: 682112 ns, Reaching safepoint: 193203 ns, At safepoint: 1100 ns, Total: 194303 ns
[921.575s][info ][safepoint      ] Safepoint "ICBufferFull", Time since last: 623511 ns, Reaching safepoint: 17300 ns, At safepoint: 1200 ns, Total: 18500 ns
[921.575s][info ][safepoint      ] Safepoint "ICBufferFull", Time since last: 726813 ns, Reaching safepoint: 29800 ns, At safepoint: 1200 ns, Total: 31000 ns
[921.576s][info ][safepoint      ] Safepoint "ICBufferFull", Time since last: 792114 ns, Reaching safepoint: 31900 ns, At safepoint: 900 ns, Total: 32800 ns
[921.577s][info ][safepoint      ] Safepoint "ICBufferFull", Time since last: 701513 ns, Reaching safepoint: 26300 ns, At safepoint: 1000 ns, Total: 27300 ns
[921.578s][info ][safepoint      ] Safepoint "ICBufferFull", Time since last: 717912 ns, Reaching safepoint: 538010 ns, At safepoint: 8300 ns, Total: 546310 ns
[921.579s][info ][safepoint      ] Safepoint "ICBufferFull", Time since last: 768413 ns, Reaching safepoint: 47301 ns, At safepoint: 7600 ns, Total: 54901 ns
[921.580s][info ][safepoint      ] Safepoint "ICBufferFull", Time since last: 672112 ns, Reaching safepoint: 104402 ns, At safepoint: 5600 ns, Total: 110002 ns
[921.581s][info ][safepoint      ] Safepoint "ICBufferFull", Time since last: 663811 ns, Reaching safepoint: 33101 ns, At safepoint: 3900 ns, Total: 37001 ns
[921.581s][info ][safepoint      ] Safepoint "ICBufferFull", Time since last: 665811 ns, Reaching safepoint: 29001 ns, At safepoint: 1100 ns, Total: 30101 ns
[921.582s][info ][safepoint      ] Safepoint "ICBufferFull", Time since last: 695712 ns, Reaching safepoint: 40701 ns, At safepoint: 1500 ns, Total: 42201 ns
[921.583s][info ][safepoint      ] Safepoint "ICBufferFull", Time since last: 669311 ns, Reaching safepoint: 15000 ns, At safepoint: 1000 ns, Total: 16000 ns
[921.583s][info ][safepoint      ] Safepoint "ICBufferFull", Time since last: 667012 ns, Reaching safepoint: 24600 ns, At safepoint: 1000 ns, Total: 25600 ns
[921.584s][info ][safepoint      ] Safepoint "ICBufferFull", Time since last: 748313 ns, Reaching safepoint: 24401 ns, At safepoint: 1000 ns, Total: 25401 ns
[921.585s][info ][safepoint      ] Safepoint "ICBufferFull", Time since last: 691712 ns, Reaching safepoint: 31700 ns, At safepoint: 1100 ns, Total: 32800 ns
[921.586s][info ][safepoint      ] Safepoint "ICBufferFull", Time since last: 682212 ns, Reaching safepoint: 27401 ns, At safepoint: 1100 ns, Total: 28501 ns
[921.586s][info ][safepoint      ] Safepoint "ICBufferFull", Time since last: 722712 ns, Reaching safepoint: 13200 ns, At safepoint: 800 ns, Total: 14000 ns
[921.587s][info ][safepoint      ] Safepoint "ICBufferFull", Time since last: 657212 ns, Reaching safepoint: 12500 ns, At safepoint: 800 ns, Total: 13300 ns
[921.588s][info ][safepoint      ] Safepoint "ICBufferFull", Time since last: 685812 ns, Reaching safepoint: 31100 ns, At safepoint: 1300 ns, Total: 32400 ns
[921.589s][info ][safepoint      ] Safepoint "ICBufferFull", Time since last: 786214 ns, Reaching safepoint: 25400 ns, At safepoint: 1100 ns, Total: 26500 ns
[921.589s][info ][safepoint      ] Safepoint "ICBufferFull", Time since last: 683412 ns, Reaching safepoint: 18700 ns, At safepoint: 900 ns, Total: 19600 ns
[921.590s][info ][safepoint      ] Safepoint "ICBufferFull", Time since last: 682512 ns, Reaching safepoint: 18801 ns, At safepoint: 900 ns, Total: 19701 ns
[921.591s][info ][safepoint      ] Safepoint "ICBufferFull", Time since last: 653311 ns, Reaching safepoint: 21300 ns, At safepoint: 900 ns, Total: 22200 ns
[921.591s][info ][safepoint      ] Safepoint "ICBufferFull", Time since last: 734013 ns, Reaching safepoint: 12400 ns, At safepoint: 800 ns, Total: 13200 ns
[921.592s][info ][safepoint      ] Safepoint "ICBufferFull", Time since last: 673212 ns, Reaching safepoint: 26000 ns, At safepoint: 900 ns, Total: 26900 ns
[921.593s][info ][safepoint      ] Safepoint "ICBufferFull", Time since last: 680612 ns, Reaching safepoint: 22800 ns, At safepoint: 1001 ns, Total: 23801 ns
[921.593s][info ][safepoint      ] Safepoint "ICBufferFull", Time since last: 714012 ns, Reaching safepoint: 17700 ns, At safepoint: 1100 ns, Total: 18800 ns
[921.594s][info ][safepoint      ] Safepoint "ICBufferFull", Time since last: 675612 ns, Reaching safepoint: 26500 ns, At safepoint: 1100 ns, Total: 27600 ns
[921.595s][info ][safepoint      ] Safepoint "ICBufferFull", Time since last: 744013 ns, Reaching safepoint: 20601 ns, At safepoint: 1900 ns, Total: 22501 ns
[921.596s][info ][safepoint      ] Safepoint "ICBufferFull", Time since last: 808714 ns, Reaching safepoint: 25800 ns, At safepoint: 2200 ns, Total: 28000 ns
[921.597s][info ][safepoint      ] Safepoint "ICBufferFull", Time since last: 680712 ns, Reaching safepoint: 26200 ns, At safepoint: 1600 ns, Total: 27800 ns
[921.597s][info ][safepoint      ] Safepoint "ICBufferFull", Time since last: 757813 ns, Reaching safepoint: 29801 ns, At safepoint: 2700 ns, Total: 32501 ns
[921.598s][info ][safepoint      ] Safepoint "ICBufferFull", Time since last: 889915 ns, Reaching safepoint: 23301 ns, At safepoint: 1500 ns, Total: 24801 ns
[921.599s][info ][safepoint      ] Safepoint "ICBufferFull", Time since last: 915016 ns, Reaching safepoint: 38000 ns, At safepoint: 1800 ns, Total: 39800 ns
[921.600s][info ][safepoint      ] Safepoint "ICBufferFull", Time since last: 852815 ns, Reaching safepoint: 37401 ns, At safepoint: 2100 ns, Total: 39501 ns
[921.601s][info ][safepoint      ] Safepoint "ICBufferFull", Time since last: 817314 ns, Reaching safepoint: 34600 ns, At safepoint: 2100 ns, Total: 36700 ns
[921.602s][info ][safepoint      ] Safepoint "ICBufferFull", Time since last: 794314 ns, Reaching safepoint: 46301 ns, At safepoint: 2300 ns, Total: 48601 ns
[921.603s][info ][safepoint      ] Safepoint "ICBufferFull", Time since last: 926916 ns, Reaching safepoint: 18800 ns, At safepoint: 1600 ns, Total: 20400 ns
[921.604s][info ][safepoint      ] Safepoint "ICBufferFull", Time since last: 776714 ns, Reaching safepoint: 28700 ns, At safepoint: 1600 ns, Total: 30300 ns
[921.605s][info ][safepoint      ] Safepoint "ICBufferFull", Time since last: 991618 ns, Reaching safepoint: 28800 ns, At safepoint: 1700 ns, Total: 30500 ns
[921.606s][info ][safepoint      ] Safepoint "ICBufferFull", Time since last: 958517 ns, Reaching safepoint: 43000 ns, At safepoint: 2300 ns, Total: 45300 ns
[921.606s][info ][safepoint      ] Safepoint "ICBufferFull", Time since last: 879316 ns, Reaching safepoint: 21800 ns, At safepoint: 1800 ns, Total: 23600 ns
[921.607s][info ][safepoint      ] Safepoint "ICBufferFull", Time since last: 899316 ns, Reaching safepoint: 34000 ns, At safepoint: 5100 ns, Total: 39100 ns
[921.608s][info ][safepoint      ] Safepoint "ICBufferFull", Time since last: 764913 ns, Reaching safepoint: 23001 ns, At safepoint: 1300 ns, Total: 24301 ns
[921.609s][info ][safepoint      ] Safepoint "ICBufferFull", Time since last: 847815 ns, Reaching safepoint: 22100 ns, At safepoint: 5400 ns, Total: 27500 ns
[921.610s][info ][safepoint      ] Safepoint "ICBufferFull", Time since last: 870315 ns, Reaching safepoint: 25100 ns, At safepoint: 8401 ns, Total: 33501 ns
[921.611s][info ][safepoint      ] Safepoint "ICBufferFull", Time since last: 868115 ns, Reaching safepoint: 41700 ns, At safepoint: 2200 ns, Total: 43900 ns
[921.612s][info ][safepoint      ] Safepoint "ICBufferFull", Time since last: 814514 ns, Reaching safepoint: 20901 ns, At safepoint: 1400 ns, Total: 22301 ns
[921.613s][info ][safepoint      ] Safepoint "ICBufferFull", Time since last: 824714 ns, Reaching safepoint: 20500 ns, At safepoint: 1700 ns, Total: 22200 ns
[921.613s][info ][safepoint      ] Safepoint "ICBufferFull", Time since last: 742813 ns, Reaching safepoint: 28601 ns, At safepoint: 1800 ns, Total: 30401 ns
[921.614s][info ][safepoint      ] Safepoint "ICBufferFull", Time since last: 766813 ns, Reaching safepoint: 34601 ns, At safepoint: 4700 ns, Total: 39301 ns
[921.615s][info ][safepoint      ] Safepoint "ICBufferFull", Time since last: 850414 ns, Reaching safepoint: 20201 ns, At safepoint: 8000 ns, Total: 28201 ns
[921.616s][info ][safepoint      ] Safepoint "ICBufferFull", Time since last: 761513 ns, Reaching safepoint: 18600 ns, At safepoint: 1400 ns, Total: 20000 ns
[921.617s][info ][safepoint      ] Safepoint "ICBufferFull", Time since last: 744113 ns, Reaching safepoint: 32301 ns, At safepoint: 1600 ns, Total: 33901 ns
[921.617s][info ][safepoint      ] Safepoint "ICBufferFull", Time since last: 793014 ns, Reaching safepoint: 19800 ns, At safepoint: 1600 ns, Total: 21400 ns
[921.618s][info ][safepoint      ] Safepoint "ICBufferFull", Time since last: 815414 ns, Reaching safepoint: 18000 ns, At safepoint: 1700 ns, Total: 19700 ns
[921.619s][info ][safepoint      ] Safepoint "ICBufferFull", Time since last: 793214 ns, Reaching safepoint: 17900 ns, At safepoint: 1500 ns, Total: 19400 ns
[921.620s][info ][safepoint      ] Safepoint "ICBufferFull", Time since last: 745713 ns, Reaching safepoint: 17701 ns, At safepoint: 1600 ns, Total: 19301 ns
[921.620s][info ][safepoint      ] Safepoint "ICBufferFull", Time since last: 627111 ns, Reaching safepoint: 42600 ns, At safepoint: 3100 ns, Total: 45700 ns
[921.621s][info ][safepoint      ] Safepoint "ICBufferFull", Time since last: 601711 ns, Reaching safepoint: 33700 ns, At safepoint: 1600 ns, Total: 35300 ns
[921.622s][info ][safepoint      ] Safepoint "ICBufferFull", Time since last: 611811 ns, Reaching safepoint: 30500 ns, At safepoint: 1500 ns, Total: 32000 ns
[921.622s][info ][safepoint      ] Safepoint "ICBufferFull", Time since last: 713413 ns, Reaching safepoint: 29300 ns, At safepoint: 2600 ns, Total: 31900 ns
[921.623s][info ][safepoint      ] Safepoint "ICBufferFull", Time since last: 564810 ns, Reaching safepoint: 26101 ns, At safepoint: 2100 ns, Total: 28201 ns
[921.624s][info ][safepoint      ] Safepoint "ICBufferFull", Time since last: 561209 ns, Reaching safepoint: 16701 ns, At safepoint: 1400 ns, Total: 18101 ns
[921.624s][info ][safepoint      ] Safepoint "ICBufferFull", Time since last: 653811 ns, Reaching safepoint: 27800 ns, At safepoint: 1100 ns, Total: 28900 ns
[921.625s][info ][safepoint      ] Safepoint "ICBufferFull", Time since last: 606511 ns, Reaching safepoint: 29500 ns, At safepoint: 5201 ns, Total: 34701 ns
[921.626s][info ][safepoint      ] Safepoint "ICBufferFull", Time since last: 578310 ns, Reaching safepoint: 16400 ns, At safepoint: 1300 ns, Total: 17700 ns
[921.626s][info ][safepoint      ] Safepoint "ICBufferFull", Time since last: 592910 ns, Reaching safepoint: 30701 ns, At safepoint: 1800 ns, Total: 32501 ns
[921.627s][info ][safepoint      ] Safepoint "ICBufferFull", Time since last: 616810 ns, Reaching safepoint: 28701 ns, At safepoint: 1300 ns, Total: 30001 ns
[921.627s][info ][safepoint      ] Safepoint "ICBufferFull", Time since last: 585910 ns, Reaching safepoint: 16300 ns, At safepoint: 1400 ns, Total: 17700 ns
[921.628s][info ][safepoint      ] Safepoint "ICBufferFull", Time since last: 614311 ns, Reaching safepoint: 15800 ns, At safepoint: 1700 ns, Total: 17500 ns
[921.629s][info ][safepoint      ] Safepoint "ICBufferFull", Time since last: 733613 ns, Reaching safepoint: 18000 ns, At safepoint: 11800 ns, Total: 29800 ns
[921.629s][info ][safepoint      ] Safepoint "ICBufferFull", Time since last: 576010 ns, Reaching safepoint: 28201 ns, At safepoint: 1300 ns, Total: 29501 ns
[921.630s][info ][safepoint      ] Safepoint "ICBufferFull", Time since last: 601010 ns, Reaching safepoint: 27201 ns, At safepoint: 1400 ns, Total: 28601 ns
[921.631s][info ][safepoint      ] Safepoint "ICBufferFull", Time since last: 591610 ns, Reaching safepoint: 24200 ns, At safepoint: 1800 ns, Total: 26000 ns
[921.631s][info ][safepoint      ] Safepoint "ICBufferFull", Time since last: 605011 ns, Reaching safepoint: 46601 ns, At safepoint: 2000 ns, Total: 48601 ns
[921.632s][info ][safepoint      ] Safepoint "ICBufferFull", Time since last: 582610 ns, Reaching safepoint: 25900 ns, At safepoint: 1400 ns, Total: 27300 ns
[921.633s][info ][safepoint      ] Safepoint "ICBufferFull", Time since last: 563710 ns, Reaching safepoint: 17800 ns, At safepoint: 1000 ns, Total: 18800 ns
[921.633s][info ][safepoint      ] Safepoint "ICBufferFull", Time since last: 535610 ns, Reaching safepoint: 15900 ns, At safepoint: 900 ns, Total: 16800 ns
[921.634s][info ][safepoint      ] Safepoint "ICBufferFull", Time since last: 546109 ns, Reaching safepoint: 21301 ns, At safepoint: 1500 ns, Total: 22801 ns
[921.634s][info ][safepoint      ] Safepoint "ICBufferFull", Time since last: 617410 ns, Reaching safepoint: 24101 ns, At safepoint: 5100 ns, Total: 29201 ns
[921.635s][info ][safepoint      ] Safepoint "ICBufferFull", Time since last: 571510 ns, Reaching safepoint: 16900 ns, At safepoint: 1100 ns, Total: 18000 ns
[921.635s][info ][safepoint      ] Safepoint "ICBufferFull", Time since last: 547610 ns, Reaching safepoint: 16000 ns, At safepoint: 1000 ns, Total: 17000 ns
[921.636s][info ][safepoint      ] Safepoint "ICBufferFull", Time since last: 584510 ns, Reaching safepoint: 15200 ns, At safepoint: 1000 ns, Total: 16200 ns
[921.637s][info ][safepoint      ] Safepoint "ICBufferFull", Time since last: 809014 ns, Reaching safepoint: 41001 ns, At safepoint: 4600 ns, Total: 45601 ns
[921.638s][info ][safepoint      ] Safepoint "ICBufferFull", Time since last: 757513 ns, Reaching safepoint: 25301 ns, At safepoint: 4900 ns, Total: 30201 ns
[921.641s][info ][safepoint      ] Safepoint "ICBufferFull", Time since last: 3545461 ns, Reaching safepoint: 30200 ns, At safepoint: 6201 ns, Total: 36401 ns
[921.643s][info ][safepoint      ] Safepoint "ICBufferFull", Time since last: 2168737 ns, Reaching safepoint: 20700 ns, At safepoint: 1700 ns, Total: 22400 ns
[921.645s][info ][safepoint      ] Safepoint "ICBufferFull", Time since last: 1699630 ns, Reaching safepoint: 21400 ns, At safepoint: 1800 ns, Total: 23200 ns
[921.651s][info ][safepoint      ] Safepoint "ICBufferFull", Time since last: 5994104 ns, Reaching safepoint: 71401 ns, At safepoint: 2200 ns, Total: 73601 ns
[922.297s][info ][safepoint      ] Safepoint "ICBufferFull", Time since last: 645343156 ns, Reaching safepoint: 61601 ns, At safepoint: 16800 ns, Total: 78401 ns
[922.930s][info ][safepoint      ] Safepoint "ICBufferFull", Time since last: 633113345 ns, Reaching safepoint: 65901 ns, At safepoint: 7900 ns, Total: 73801 ns
[923.569s][info ][safepoint      ] Safepoint "ICBufferFull", Time since last: 639302852 ns, Reaching safepoint: 72101 ns, At safepoint: 10201 ns, Total: 82302 ns
[923.802s][info ][safepoint      ] Safepoint "ICBufferFull", Time since last: 232486919 ns, Reaching safepoint: 146902 ns, At safepoint: 10600 ns, Total: 157502 ns
[923.811s][info ][gc,start       ] GC(124) Pause Young (Allocation Failure)
[923.822s][debug][gc,phases      ] GC(124) Scavenge 11.594ms
[923.822s][debug][gc,ref         ] GC(124) Skipped phase 1 of Reference Processing: no references
[923.822s][debug][gc,ref         ] GC(124) Skipped phase 3 of Reference Processing: no references
[923.822s][debug][gc,phases      ] GC(124) Reference Processing 0.043ms
[923.823s][debug][gc,phases      ] GC(124) Weak Processing 0.598ms
[923.823s][debug][gc,age         ] GC(124) Desired survivor size 146800640 bytes, new threshold 15 (max threshold 15)
[923.823s][info ][gc,heap        ] GC(124) PSYoungGen: 1820848K(1944064K)->50538K(1934336K) Eden: 1781248K(1781248K)->0K(1781248K) From: 39600K(162816K)->50538K(153088K)
[923.823s][info ][gc,heap        ] GC(124) ParOldGen: 493742K(626176K)->493750K(626176K)
[923.823s][info ][gc,metaspace   ] GC(124) Metaspace: 78985K(79744K)->78985K(79744K) NonClass: 68210K(68608K)->68210K(68608K) Class: 10774K(11136K)->10774K(11136K)
[923.823s][info ][gc             ] GC(124) Pause Young (Allocation Failure) 2260M->531M(2500M) 12.391ms
[923.823s][info ][gc,cpu         ] GC(124) User=0.06s Sys=0.00s Real=0.02s
[923.823s][info ][safepoint      ] Safepoint "ParallelGCFailedAllocation", Time since last: 8477647 ns, Reaching safepoint: 54801 ns, At safepoint: 12496916 ns, Total: 12551717 ns
[924.823s][info ][safepoint      ] Safepoint "Cleanup", Time since last: 1000104589 ns, Reaching safepoint: 102702 ns, At safepoint: 8400 ns, Total: 111102 ns
[925.823s][info ][safepoint      ] Safepoint "Cleanup", Time since last: 1000108889 ns, Reaching safepoint: 68101 ns, At safepoint: 8300 ns, Total: 76401 ns
[926.823s][info ][safepoint      ] Safepoint "Cleanup", Time since last: 1000106789 ns, Reaching safepoint: 47001 ns, At safepoint: 2900 ns, Total: 49901 ns
[927.824s][info ][safepoint      ] Safepoint "Cleanup", Time since last: 1000076189 ns, Reaching safepoint: 47801 ns, At safepoint: 7600 ns, Total: 55401 ns
[928.824s][info ][safepoint      ] Safepoint "Cleanup", Time since last: 1000057288 ns, Reaching safepoint: 51301 ns, At safepoint: 7600 ns, Total: 58901 ns
[929.824s][info ][safepoint      ] Safepoint "Cleanup", Time since last: 1000106390 ns, Reaching safepoint: 53501 ns, At safepoint: 9800 ns, Total: 63301 ns
[930.824s][info ][safepoint      ] Safepoint "Cleanup", Time since last: 1000083689 ns, Reaching safepoint: 92101 ns, At safepoint: 8801 ns, Total: 100902 ns
[931.824s][info ][safepoint      ] Safepoint "Cleanup", Time since last: 1000098189 ns, Reaching safepoint: 53701 ns, At safepoint: 13400 ns, Total: 67101 ns
[932.824s][info ][safepoint      ] Safepoint "Cleanup", Time since last: 1000104790 ns, Reaching safepoint: 46100 ns, At safepoint: 7101 ns, Total: 53201 ns
[933.825s][info ][safepoint      ] Safepoint "Cleanup", Time since last: 1000109889 ns, Reaching safepoint: 43601 ns, At safepoint: 2800 ns, Total: 46401 ns
[934.825s][info ][safepoint      ] Safepoint "Cleanup", Time since last: 1000094190 ns, Reaching safepoint: 74301 ns, At safepoint: 11700 ns, Total: 86001 ns
[935.825s][info ][safepoint      ] Safepoint "Cleanup", Time since last: 1000108190 ns, Reaching safepoint: 73701 ns, At safepoint: 11501 ns, Total: 85202 ns
[936.825s][info ][safepoint      ] Safepoint "Cleanup", Time since last: 1000113490 ns, Reaching safepoint: 58001 ns, At safepoint: 8200 ns, Total: 66201 ns
[938.825s][info ][safepoint      ] Safepoint "Cleanup", Time since last: 2000165879 ns, Reaching safepoint: 65301 ns, At safepoint: 5700 ns, Total: 71001 ns
[939.826s][info ][safepoint      ] Safepoint "Cleanup", Time since last: 1000105690 ns, Reaching safepoint: 51101 ns, At safepoint: 5100 ns, Total: 56201 ns
[940.826s][info ][safepoint      ] Safepoint "Cleanup", Time since last: 1000112290 ns, Reaching safepoint: 62902 ns, At safepoint: 26300 ns, Total: 89202 ns
[941.826s][info ][safepoint      ] Safepoint "Cleanup", Time since last: 1000108990 ns, Reaching safepoint: 80802 ns, At safepoint: 5500 ns, Total: 86302 ns
[942.826s][info ][safepoint      ] Safepoint "Cleanup", Time since last: 1000124190 ns, Reaching safepoint: 65702 ns, At safepoint: 10000 ns, Total: 75702 ns
[943.826s][info ][safepoint      ] Safepoint "Cleanup", Time since last: 1000108190 ns, Reaching safepoint: 53001 ns, At safepoint: 9900 ns, Total: 62901 ns
[944.827s][info ][safepoint      ] Safepoint "Cleanup", Time since last: 1000107291 ns, Reaching safepoint: 82901 ns, At safepoint: 10100 ns, Total: 93001 ns
[945.827s][info ][safepoint      ] Safepoint "Cleanup", Time since last: 1000110391 ns, Reaching safepoint: 78701 ns, At safepoint: 5500 ns, Total: 84201 ns
[946.827s][info ][safepoint      ] Safepoint "Cleanup", Time since last: 1000084891 ns, Reaching safepoint: 69601 ns, At safepoint: 13100 ns, Total: 82701 ns
[947.827s][info ][safepoint      ] Safepoint "Cleanup", Time since last: 1000109991 ns, Reaching safepoint: 52101 ns, At safepoint: 10100 ns, Total: 62201 ns
[948.827s][info ][safepoint      ] Safepoint "Cleanup", Time since last: 1000111891 ns, Reaching safepoint: 80801 ns, At safepoint: 8500 ns, Total: 89301 ns
[949.827s][info ][safepoint      ] Safepoint "Cleanup", Time since last: 1000097991 ns, Reaching safepoint: 47701 ns, At safepoint: 6400 ns, Total: 54101 ns
[950.828s][info ][safepoint      ] Safepoint "Cleanup", Time since last: 1000091391 ns, Reaching safepoint: 52101 ns, At safepoint: 8100 ns, Total: 60201 ns
[950.959s][info ][gc,start       ] GC(125) Pause Young (Allocation Failure)
[950.970s][debug][gc,phases      ] GC(125) Scavenge 11.023ms
[950.970s][debug][gc,ref         ] GC(125) Skipped phase 1 of Reference Processing: no references
[950.970s][debug][gc,ref         ] GC(125) Skipped phase 3 of Reference Processing: no references
[950.970s][debug][gc,phases      ] GC(125) Reference Processing 0.037ms
[950.971s][debug][gc,phases      ] GC(125) Weak Processing 0.567ms
[950.971s][debug][gc,age         ] GC(125) Desired survivor size 138412032 bytes, new threshold 15 (max threshold 15)
[950.971s][info ][gc,heap        ] GC(125) PSYoungGen: 1831786K(1934336K)->50794K(1961984K) Eden: 1781248K(1781248K)->0K(1818624K) From: 50538K(153088K)->50794K(143360K)
[950.971s][info ][gc,heap        ] GC(125) ParOldGen: 493750K(626176K)->493750K(626176K)
[950.971s][info ][gc,metaspace   ] GC(125) Metaspace: 79086K(79808K)->79086K(79808K) NonClass: 68302K(68672K)->68302K(68672K) Class: 10784K(11136K)->10784K(11136K)
[950.971s][info ][gc             ] GC(125) Pause Young (Allocation Failure) 2271M->531M(2527M) 11.767ms
[950.971s][info ][gc,cpu         ] GC(125) User=0.04s Sys=0.00s Real=0.01s
[950.971s][info ][safepoint      ] Safepoint "ParallelGCFailedAllocation", Time since last: 131174768 ns, Reaching safepoint: 54901 ns, At safepoint: 11846104 ns, Total: 11901005 ns
[951.971s][info ][safepoint      ] Safepoint "Cleanup", Time since last: 1000084391 ns, Reaching safepoint: 45301 ns, At safepoint: 7200 ns, Total: 52501 ns
[954.971s][info ][safepoint      ] Safepoint "Cleanup", Time since last: 3000231372 ns, Reaching safepoint: 53701 ns, At safepoint: 8000 ns, Total: 61701 ns
[955.971s][info ][safepoint      ] Safepoint "Cleanup", Time since last: 1000110891 ns, Reaching safepoint: 49401 ns, At safepoint: 8400 ns, Total: 57801 ns
[956.971s][info ][safepoint      ] Safepoint "Cleanup", Time since last: 1000107192 ns, Reaching safepoint: 45400 ns, At safepoint: 4000 ns, Total: 49400 ns
[958.972s][info ][safepoint      ] Safepoint "Cleanup", Time since last: 2000165082 ns, Reaching safepoint: 55701 ns, At safepoint: 8201 ns, Total: 63902 ns
[959.972s][info ][safepoint      ] Safepoint "Cleanup", Time since last: 1000109591 ns, Reaching safepoint: 53501 ns, At safepoint: 6600 ns, Total: 60101 ns
[960.972s][info ][safepoint      ] Safepoint "Cleanup", Time since last: 1000110992 ns, Reaching safepoint: 57301 ns, At safepoint: 9700 ns, Total: 67001 ns
[963.972s][info ][safepoint      ] Safepoint "Cleanup", Time since last: 3000247774 ns, Reaching safepoint: 46401 ns, At safepoint: 7200 ns, Total: 53601 ns
[966.972s][info ][safepoint      ] Safepoint "Cleanup", Time since last: 3000181074 ns, Reaching safepoint: 56101 ns, At safepoint: 6900 ns, Total: 63001 ns
[970.973s][info ][safepoint      ] Safepoint "Cleanup", Time since last: 4000293666 ns, Reaching safepoint: 67402 ns, At safepoint: 5800 ns, Total: 73202 ns
[971.973s][info ][safepoint      ] Safepoint "Cleanup", Time since last: 1000107592 ns, Reaching safepoint: 51801 ns, At safepoint: 5500 ns, Total: 57301 ns
[972.973s][info ][safepoint      ] Safepoint "Cleanup", Time since last: 1000105892 ns, Reaching safepoint: 53101 ns, At safepoint: 6101 ns, Total: 59202 ns
[973.973s][info ][safepoint      ] Safepoint "Cleanup", Time since last: 1000106992 ns, Reaching safepoint: 67401 ns, At safepoint: 10300 ns, Total: 77701 ns
[974.974s][info ][safepoint      ] Safepoint "Cleanup", Time since last: 1000116893 ns, Reaching safepoint: 56201 ns, At safepoint: 3900 ns, Total: 60101 ns
[975.974s][info ][safepoint      ] Safepoint "Cleanup", Time since last: 1000097893 ns, Reaching safepoint: 77801 ns, At safepoint: 6700 ns, Total: 84501 ns
[978.601s][info ][gc,start       ] GC(126) Pause Young (Allocation Failure)
[978.611s][debug][gc,phases      ] GC(126) Scavenge 10.310ms
[978.611s][debug][gc,ref         ] GC(126) Skipped phase 1 of Reference Processing: no references
[978.611s][debug][gc,ref         ] GC(126) Skipped phase 3 of Reference Processing: no references
[978.611s][debug][gc,phases      ] GC(126) Reference Processing 0.054ms
[978.612s][debug][gc,phases      ] GC(126) Weak Processing 0.603ms
[978.612s][debug][gc,age         ] GC(126) Desired survivor size 129499136 bytes, new threshold 15 (max threshold 15)
[978.612s][info ][gc,heap        ] GC(126) PSYoungGen: 1869418K(1961984K)->47066K(1953792K) Eden: 1818624K(1818624K)->0K(1818624K) From: 50794K(143360K)->47066K(135168K)
[978.612s][info ][gc,heap        ] GC(126) ParOldGen: 493750K(626176K)->493758K(626176K)
[978.612s][info ][gc,metaspace   ] GC(126) Metaspace: 79121K(79808K)->79121K(79808K) NonClass: 68337K(68672K)->68337K(68672K) Class: 10784K(11136K)->10784K(11136K)
[978.612s][info ][gc             ] GC(126) Pause Young (Allocation Failure) 2307M->528M(2519M) 11.110ms
[978.612s][info ][gc,cpu         ] GC(126) User=0.04s Sys=0.00s Real=0.01s
[978.612s][info ][safepoint      ] Safepoint "ParallelGCFailedAllocation", Time since last: 2626681118 ns, Reaching safepoint: 61001 ns, At safepoint: 11198794 ns, Total: 11259795 ns
[979.612s][info ][safepoint      ] Safepoint "Cleanup", Time since last: 1000091292 ns, Reaching safepoint: 93902 ns, At safepoint: 10300 ns, Total: 104202 ns
[980.873s][info ][safepoint      ] Safepoint "Cleanup", Time since last: 1261312710 ns, Reaching safepoint: 136302 ns, At safepoint: 6800 ns, Total: 143102 ns
[981.874s][info ][safepoint      ] Safepoint "Cleanup", Time since last: 1000106993 ns, Reaching safepoint: 66601 ns, At safepoint: 13101 ns, Total: 79702 ns
[982.874s][info ][safepoint      ] Safepoint "Cleanup", Time since last: 1000114693 ns, Reaching safepoint: 57801 ns, At safepoint: 4200 ns, Total: 62001 ns
[983.874s][info ][safepoint      ] Safepoint "Cleanup", Time since last: 1000129694 ns, Reaching safepoint: 56201 ns, At safepoint: 6000 ns, Total: 62201 ns
[984.874s][info ][safepoint      ] Safepoint "Cleanup", Time since last: 1000123093 ns, Reaching safepoint: 55101 ns, At safepoint: 9200 ns, Total: 64301 ns
[985.874s][info ][safepoint      ] Safepoint "Cleanup", Time since last: 1000106094 ns, Reaching safepoint: 51101 ns, At safepoint: 2500 ns, Total: 53601 ns
[989.875s][info ][safepoint      ] Safepoint "Cleanup", Time since last: 4000302571 ns, Reaching safepoint: 55101 ns, At safepoint: 7501 ns, Total: 62602 ns
[991.875s][info ][safepoint      ] Safepoint "Cleanup", Time since last: 2000175286 ns, Reaching safepoint: 50801 ns, At safepoint: 6100 ns, Total: 56901 ns
[992.875s][info ][safepoint      ] Safepoint "Cleanup", Time since last: 1000082594 ns, Reaching safepoint: 48600 ns, At safepoint: 2501 ns, Total: 51101 ns
[995.875s][info ][safepoint      ] Safepoint "Cleanup", Time since last: 3000257280 ns, Reaching safepoint: 50301 ns, At safepoint: 5700 ns, Total: 56001 ns
[996.876s][info ][safepoint      ] Safepoint "Cleanup", Time since last: 1000110594 ns, Reaching safepoint: 115902 ns, At safepoint: 11601 ns, Total: 127503 ns
[998.876s][info ][safepoint      ] Safepoint "Cleanup", Time since last: 2000180387 ns, Reaching safepoint: 86602 ns, At safepoint: 6200 ns, Total: 92802 ns
[999.876s][info ][safepoint      ] Safepoint "Cleanup", Time since last: 1000143195 ns, Reaching safepoint: 53901 ns, At safepoint: 9000 ns, Total: 62901 ns
[1000.876s][info ][safepoint      ] Safepoint "Cleanup", Time since last: 1000117294 ns, Reaching safepoint: 48001 ns, At safepoint: 5700 ns, Total: 53701 ns
[1002.876s][info ][safepoint      ] Safepoint "Cleanup", Time since last: 2000180889 ns, Reaching safepoint: 57301 ns, At safepoint: 3000 ns, Total: 60301 ns
[1003.877s][info ][safepoint      ] Safepoint "Cleanup", Time since last: 1000108994 ns, Reaching safepoint: 53101 ns, At safepoint: 9400 ns, Total: 62501 ns
[1004.877s][info ][safepoint      ] Safepoint "Cleanup", Time since last: 1000117195 ns, Reaching safepoint: 46701 ns, At safepoint: 8000 ns, Total: 54701 ns
[1006.457s][info ][gc,start       ] GC(127) Pause Young (Allocation Failure)
[1006.468s][debug][gc,phases      ] GC(127) Scavenge 11.324ms
[1006.468s][debug][gc,ref         ] GC(127) Skipped phase 1 of Reference Processing: no references
[1006.468s][debug][gc,ref         ] GC(127) Skipped phase 3 of Reference Processing: no references
[1006.468s][debug][gc,phases      ] GC(127) Reference Processing 0.032ms
[1006.469s][debug][gc,phases      ] GC(127) Weak Processing 0.568ms
[1006.469s][debug][gc,age         ] GC(127) Desired survivor size 121634816 bytes, new threshold 15 (max threshold 15)
[1006.469s][info ][gc,heap        ] GC(127) PSYoungGen: 1865690K(1953792K)->47482K(1978368K) Eden: 1818624K(1818624K)->0K(1851904K) From: 47066K(135168K)->47482K(126464K)
[1006.469s][info ][gc,heap        ] GC(127) ParOldGen: 493758K(626176K)->493758K(626176K)
[1006.469s][info ][gc,metaspace   ] GC(127) Metaspace: 79146K(79872K)->79146K(79872K) NonClass: 68361K(68736K)->68361K(68736K) Class: 10784K(11136K)->10784K(11136K)
[1006.469s][info ][gc             ] GC(127) Pause Young (Allocation Failure) 2304M->528M(2543M) 12.066ms
[1006.469s][info ][gc,cpu         ] GC(127) User=0.04s Sys=0.00s Real=0.01s
[1006.469s][info ][safepoint      ] Safepoint "ParallelGCFailedAllocation", Time since last: 1580070424 ns, Reaching safepoint: 36200 ns, At safepoint: 12156911 ns, Total: 12193111 ns
[1007.469s][info ][safepoint      ] Safepoint "Cleanup", Time since last: 1000087994 ns, Reaching safepoint: 54501 ns, At safepoint: 6900 ns, Total: 61401 ns
[1009.469s][info ][safepoint      ] Safepoint "Cleanup", Time since last: 2000168389 ns, Reaching safepoint: 55001 ns, At safepoint: 14300 ns, Total: 69301 ns
[1013.838s][info ][safepoint      ] Safepoint "Cleanup", Time since last: 4368035338 ns, Reaching safepoint: 107701 ns, At safepoint: 27601 ns, Total: 135302 ns
[1014.889s][info ][safepoint      ] Safepoint "Cleanup", Time since last: 1050938474 ns, Reaching safepoint: 182103 ns, At safepoint: 9001 ns, Total: 191104 ns
[1015.889s][info ][safepoint      ] Safepoint "Cleanup", Time since last: 1000078494 ns, Reaching safepoint: 49301 ns, At safepoint: 2200 ns, Total: 51501 ns
[1019.889s][info ][safepoint      ] Safepoint "Cleanup", Time since last: 4000300080 ns, Reaching safepoint: 60101 ns, At safepoint: 7100 ns, Total: 67201 ns
[1020.889s][info ][safepoint      ] Safepoint "Cleanup", Time since last: 1000109096 ns, Reaching safepoint: 47100 ns, At safepoint: 7601 ns, Total: 54701 ns
[1022.890s][info ][safepoint      ] Safepoint "Cleanup", Time since last: 2000169990 ns, Reaching safepoint: 49801 ns, At safepoint: 6300 ns, Total: 56101 ns
[1023.890s][info ][safepoint      ] Safepoint "Cleanup", Time since last: 1000111296 ns, Reaching safepoint: 66101 ns, At safepoint: 5700 ns, Total: 71801 ns
[1024.890s][info ][safepoint      ] Safepoint "Cleanup", Time since last: 1000107896 ns, Reaching safepoint: 83602 ns, At safepoint: 6300 ns, Total: 89902 ns
[1025.890s][info ][safepoint      ] Safepoint "Cleanup", Time since last: 1000108996 ns, Reaching safepoint: 52800 ns, At safepoint: 4901 ns, Total: 57701 ns
[1026.890s][info ][safepoint      ] Safepoint "Cleanup", Time since last: 1000117596 ns, Reaching safepoint: 104102 ns, At safepoint: 6500 ns, Total: 110602 ns
[1027.891s][info ][safepoint      ] Safepoint "Cleanup", Time since last: 1000111996 ns, Reaching safepoint: 51901 ns, At safepoint: 4100 ns, Total: 56001 ns
[1028.891s][info ][safepoint      ] Safepoint "Cleanup", Time since last: 1000104996 ns, Reaching safepoint: 207603 ns, At safepoint: 9101 ns, Total: 216704 ns
[1029.891s][info ][safepoint      ] Safepoint "Cleanup", Time since last: 1000115496 ns, Reaching safepoint: 67901 ns, At safepoint: 8500 ns, Total: 76401 ns
[1030.156s][info ][gc,start       ] GC(128) Pause Young (Allocation Failure)
[1030.168s][debug][gc,phases      ] GC(128) Scavenge 11.063ms
[1030.168s][debug][gc,ref         ] GC(128) Skipped phase 1 of Reference Processing: no references
[1030.168s][debug][gc,ref         ] GC(128) Skipped phase 3 of Reference Processing: no references
[1030.168s][debug][gc,phases      ] GC(128) Reference Processing 0.047ms
[1030.168s][debug][gc,phases      ] GC(128) Weak Processing 0.610ms
[1030.168s][debug][gc,age         ] GC(128) Desired survivor size 115867648 bytes, new threshold 15 (max threshold 15)
[1030.168s][info ][gc,heap        ] GC(128) PSYoungGen: 1899386K(1978368K)->51146K(1970688K) Eden: 1851904K(1851904K)->0K(1851904K) From: 47482K(126464K)->51146K(118784K)
[1030.168s][info ][gc,heap        ] GC(128) ParOldGen: 493758K(626176K)->494054K(626176K)
[1030.168s][info ][gc,metaspace   ] GC(128) Metaspace: 79407K(80128K)->79407K(80128K) NonClass: 68597K(68992K)->68597K(68992K) Class: 10809K(11136K)->10809K(11136K)
[1030.168s][info ][gc             ] GC(128) Pause Young (Allocation Failure) 2337M->532M(2536M) 11.875ms
[1030.168s][info ][gc,cpu         ] GC(128) User=0.04s Sys=0.00s Real=0.01s
[1030.168s][info ][safepoint      ] Safepoint "ParallelGCFailedAllocation", Time since last: 265265788 ns, Reaching safepoint: 53101 ns, At safepoint: 11967407 ns, Total: 12020508 ns
[1031.168s][info ][safepoint      ] Safepoint "Cleanup", Time since last: 1000068495 ns, Reaching safepoint: 56601 ns, At safepoint: 5200 ns, Total: 61801 ns
[1032.169s][info ][safepoint      ] Safepoint "Cleanup", Time since last: 1000103897 ns, Reaching safepoint: 71701 ns, At safepoint: 7900 ns, Total: 79601 ns
[1036.169s][info ][safepoint      ] Safepoint "Cleanup", Time since last: 4000266683 ns, Reaching safepoint: 49101 ns, At safepoint: 5500 ns, Total: 54601 ns
[1037.169s][info ][safepoint      ] Safepoint "Cleanup", Time since last: 1000100996 ns, Reaching safepoint: 69802 ns, At safepoint: 8900 ns, Total: 78702 ns
[1038.169s][info ][safepoint      ] Safepoint "Cleanup", Time since last: 1000103296 ns, Reaching safepoint: 49901 ns, At safepoint: 5400 ns, Total: 55301 ns
[1040.170s][info ][safepoint      ] Safepoint "Cleanup", Time since last: 2000179093 ns, Reaching safepoint: 49301 ns, At safepoint: 5600 ns, Total: 54901 ns
[1041.170s][info ][safepoint      ] Safepoint "Cleanup", Time since last: 1000112197 ns, Reaching safepoint: 80001 ns, At safepoint: 4201 ns, Total: 84202 ns
[1049.170s][info ][safepoint      ] Safepoint "Cleanup", Time since last: 8000555571 ns, Reaching safepoint: 56401 ns, At safepoint: 7200 ns, Total: 63601 ns
[1051.171s][info ][safepoint      ] Safepoint "Cleanup", Time since last: 2000143294 ns, Reaching safepoint: 52801 ns, At safepoint: 3500 ns, Total: 56301 ns
[1052.171s][info ][safepoint      ] Safepoint "Cleanup", Time since last: 1000118398 ns, Reaching safepoint: 49700 ns, At safepoint: 2700 ns, Total: 52400 ns
[1053.171s][info ][safepoint      ] Safepoint "Cleanup", Time since last: 1000089498 ns, Reaching safepoint: 44800 ns, At safepoint: 2701 ns, Total: 47501 ns
[1055.171s][info ][safepoint      ] Safepoint "Cleanup", Time since last: 2000149194 ns, Reaching safepoint: 49601 ns, At safepoint: 11600 ns, Total: 61201 ns
[1058.002s][info ][gc,start       ] GC(129) Pause Young (Allocation Failure)
[1058.013s][debug][gc,phases      ] GC(129) Scavenge 11.502ms
[1058.013s][debug][gc,ref         ] GC(129) Skipped phase 1 of Reference Processing: no references
[1058.013s][debug][gc,ref         ] GC(129) Skipped phase 3 of Reference Processing: no references
[1058.013s][debug][gc,phases      ] GC(129) Reference Processing 0.048ms
[1058.014s][debug][gc,phases      ] GC(129) Weak Processing 0.574ms
[1058.014s][debug][gc,age         ] GC(129) Desired survivor size 110100480 bytes, new threshold 15 (max threshold 15)
[1058.014s][info ][gc,heap        ] GC(129) PSYoungGen: 1903050K(1970688K)->50506K(1989632K) Eden: 1851904K(1851904K)->0K(1876480K) From: 51146K(118784K)->50506K(113152K)
[1058.014s][info ][gc,heap        ] GC(129) ParOldGen: 494054K(626176K)->494190K(626176K)
[1058.014s][info ][gc,metaspace   ] GC(129) Metaspace: 79420K(80128K)->79420K(80128K) NonClass: 68611K(68992K)->68611K(68992K) Class: 10809K(11136K)->10809K(11136K)
[1058.014s][info ][gc             ] GC(129) Pause Young (Allocation Failure) 2340M->531M(2554M) 12.274ms
[1058.014s][info ][gc,cpu         ] GC(129) User=0.05s Sys=0.00s Real=0.02s
[1058.014s][info ][safepoint      ] Safepoint "ParallelGCFailedAllocation", Time since last: 2830441955 ns, Reaching safepoint: 30800 ns, At safepoint: 12361014 ns, Total: 12391814 ns
[1060.014s][info ][safepoint      ] Safepoint "Cleanup", Time since last: 2000191396 ns, Reaching safepoint: 54701 ns, At safepoint: 4700 ns, Total: 59401 ns
[1061.014s][info ][safepoint      ] Safepoint "Cleanup", Time since last: 1000110098 ns, Reaching safepoint: 45500 ns, At safepoint: 6201 ns, Total: 51701 ns
[1064.015s][info ][safepoint      ] Safepoint "Cleanup", Time since last: 3000223092 ns, Reaching safepoint: 69001 ns, At safepoint: 5601 ns, Total: 74602 ns
[1066.015s][info ][safepoint      ] Safepoint "Cleanup", Time since last: 2000157095 ns, Reaching safepoint: 56401 ns, At safepoint: 8500 ns, Total: 64901 ns
[1068.015s][info ][safepoint      ] Safepoint "Cleanup", Time since last: 2000164396 ns, Reaching safepoint: 45401 ns, At safepoint: 5700 ns, Total: 51101 ns
[1071.015s][info ][safepoint      ] Safepoint "Cleanup", Time since last: 3000202494 ns, Reaching safepoint: 77401 ns, At safepoint: 7100 ns, Total: 84501 ns
[1072.016s][info ][safepoint      ] Safepoint "Cleanup", Time since last: 1000070398 ns, Reaching safepoint: 106502 ns, At safepoint: 10200 ns, Total: 116702 ns
[1073.016s][info ][safepoint      ] Safepoint "Cleanup", Time since last: 1000099699 ns, Reaching safepoint: 52600 ns, At safepoint: 8001 ns, Total: 60601 ns
[1074.866s][info ][safepoint      ] Safepoint "Cleanup", Time since last: 1850429206 ns, Reaching safepoint: 39601 ns, At safepoint: 14900 ns, Total: 54501 ns
[1075.866s][info ][safepoint      ] Safepoint "Cleanup", Time since last: 1000109099 ns, Reaching safepoint: 112202 ns, At safepoint: 7000 ns, Total: 119202 ns
[1083.867s][info ][safepoint      ] Safepoint "Cleanup", Time since last: 8000497287 ns, Reaching safepoint: 84101 ns, At safepoint: 7200 ns, Total: 91301 ns
[1085.898s][info ][gc,start       ] GC(130) Pause Young (Allocation Failure)
[1085.909s][debug][gc,phases      ] GC(130) Scavenge 10.480ms
[1085.909s][debug][gc,ref         ] GC(130) Skipped phase 1 of Reference Processing: no references
[1085.909s][debug][gc,ref         ] GC(130) Skipped phase 3 of Reference Processing: no references
[1085.909s][debug][gc,phases      ] GC(130) Reference Processing 0.038ms
[1085.910s][debug][gc,phases      ] GC(130) Weak Processing 0.660ms
[1085.910s][debug][gc,age         ] GC(130) Desired survivor size 103809024 bytes, new threshold 15 (max threshold 15)
[1085.910s][info ][gc,heap        ] GC(130) PSYoungGen: 1926986K(1989632K)->48298K(1984000K) Eden: 1876480K(1876480K)->0K(1876480K) From: 50506K(113152K)->48298K(107520K)
[1085.910s][info ][gc,heap        ] GC(130) ParOldGen: 494190K(626176K)->494298K(626176K)
[1085.910s][info ][gc,metaspace   ] GC(130) Metaspace: 79428K(80128K)->79428K(80128K) NonClass: 68618K(68992K)->68618K(68992K) Class: 10809K(11136K)->10809K(11136K)
[1085.910s][info ][gc             ] GC(130) Pause Young (Allocation Failure) 2364M->529M(2549M) 11.352ms
[1085.910s][info ][gc,cpu         ] GC(130) User=0.04s Sys=0.00s Real=0.01s
[1085.910s][info ][safepoint      ] Safepoint "ParallelGCFailedAllocation", Time since last: 2031338038 ns, Reaching safepoint: 51100 ns, At safepoint: 11433398 ns, Total: 11484498 ns
[1087.910s][info ][safepoint      ] Safepoint "Cleanup", Time since last: 2000166398 ns, Reaching safepoint: 65101 ns, At safepoint: 14001 ns, Total: 79102 ns
[1089.910s][info ][safepoint      ] Safepoint "Cleanup", Time since last: 2000181698 ns, Reaching safepoint: 66501 ns, At safepoint: 11301 ns, Total: 77802 ns
[1090.910s][info ][safepoint      ] Safepoint "Cleanup", Time since last: 1000110099 ns, Reaching safepoint: 51301 ns, At safepoint: 5900 ns, Total: 57201 ns
[1093.911s][info ][safepoint      ] Safepoint "Cleanup", Time since last: 3000268599 ns, Reaching safepoint: 58201 ns, At safepoint: 14200 ns, Total: 72401 ns
[1094.911s][info ][safepoint      ] Safepoint "Cleanup", Time since last: 1000087200 ns, Reaching safepoint: 58501 ns, At safepoint: 10300 ns, Total: 68801 ns
[1097.911s][info ][safepoint      ] Safepoint "Cleanup", Time since last: 3000245099 ns, Reaching safepoint: 72301 ns, At safepoint: 11500 ns, Total: 83801 ns
[1098.912s][info ][safepoint      ] Safepoint "Cleanup", Time since last: 1000151801 ns, Reaching safepoint: 57501 ns, At safepoint: 3900 ns, Total: 61401 ns
[1099.912s][info ][safepoint      ] Safepoint "Cleanup", Time since last: 1000117500 ns, Reaching safepoint: 59401 ns, At safepoint: 7300 ns, Total: 66701 ns
[1100.912s][info ][safepoint      ] Safepoint "Cleanup", Time since last: 1000118501 ns, Reaching safepoint: 42601 ns, At safepoint: 6900 ns, Total: 49501 ns
[1101.912s][info ][safepoint      ] Safepoint "Cleanup", Time since last: 1000139601 ns, Reaching safepoint: 101201 ns, At safepoint: 8500 ns, Total: 109701 ns
[1102.912s][info ][safepoint      ] Safepoint "Cleanup", Time since last: 1000106201 ns, Reaching safepoint: 56501 ns, At safepoint: 7600 ns, Total: 64101 ns
[1104.913s][info ][safepoint      ] Safepoint "Cleanup", Time since last: 2000171500 ns, Reaching safepoint: 54201 ns, At safepoint: 7900 ns, Total: 62101 ns
[1112.913s][info ][safepoint      ] Safepoint "Cleanup", Time since last: 8000567600 ns, Reaching safepoint: 51401 ns, At safepoint: 6600 ns, Total: 58001 ns
[1113.913s][info ][safepoint      ] Safepoint "Cleanup", Time since last: 1000121302 ns, Reaching safepoint: 52000 ns, At safepoint: 3601 ns, Total: 55601 ns
[1115.704s][info ][gc,start       ] GC(131) Pause Young (Allocation Failure)
[1115.715s][debug][gc,phases      ] GC(131) Scavenge 10.771ms
[1115.715s][debug][gc,ref         ] GC(131) Skipped phase 1 of Reference Processing: no references
[1115.715s][debug][gc,ref         ] GC(131) Skipped phase 3 of Reference Processing: no references
[1115.715s][debug][gc,phases      ] GC(131) Reference Processing 0.045ms
[1115.715s][debug][gc,phases      ] GC(131) Weak Processing 0.565ms
[1115.715s][debug][gc,age         ] GC(131) Desired survivor size 98566144 bytes, new threshold 15 (max threshold 15)
[1115.715s][info ][gc,heap        ] GC(131) PSYoungGen: 1924778K(1984000K)->48010K(2000896K) Eden: 1876480K(1876480K)->0K(1899520K) From: 48298K(107520K)->48010K(101376K)
[1115.715s][info ][gc,heap        ] GC(131) ParOldGen: 494298K(626176K)->494386K(626176K)
[1115.715s][info ][gc,metaspace   ] GC(131) Metaspace: 79447K(80192K)->79447K(80192K) NonClass: 68635K(68992K)->68635K(68992K) Class: 10812K(11200K)->10812K(11200K)
[1115.715s][info ][gc             ] GC(131) Pause Young (Allocation Failure) 2362M->529M(2565M) 11.522ms
[1115.715s][info ][gc,cpu         ] GC(131) User=0.05s Sys=0.00s Real=0.01s
[1115.715s][info ][safepoint      ] Safepoint "ParallelGCFailedAllocation", Time since last: 1790303870 ns, Reaching safepoint: 52401 ns, At safepoint: 11615301 ns, Total: 11667702 ns
[1118.716s][info ][safepoint      ] Safepoint "Cleanup", Time since last: 3000219302 ns, Reaching safepoint: 64201 ns, At safepoint: 6900 ns, Total: 71101 ns
[1122.716s][info ][safepoint      ] Safepoint "Cleanup", Time since last: 4000318003 ns, Reaching safepoint: 50301 ns, At safepoint: 4300 ns, Total: 54601 ns
[1123.716s][info ][safepoint      ] Safepoint "Cleanup", Time since last: 1000109101 ns, Reaching safepoint: 47901 ns, At safepoint: 2400 ns, Total: 50301 ns
[1132.717s][info ][safepoint      ] Safepoint "Cleanup", Time since last: 9000638010 ns, Reaching safepoint: 79201 ns, At safepoint: 13400 ns, Total: 92601 ns
[1135.717s][info ][safepoint      ] Safepoint "Cleanup", Time since last: 3000170303 ns, Reaching safepoint: 42501 ns, At safepoint: 5500 ns, Total: 48001 ns
[1141.718s][info ][safepoint      ] Safepoint "Cleanup", Time since last: 6000384709 ns, Reaching safepoint: 54401 ns, At safepoint: 6100 ns, Total: 60501 ns
[1144.718s][info ][safepoint      ] Safepoint "Cleanup", Time since last: 3000225906 ns, Reaching safepoint: 46300 ns, At safepoint: 7301 ns, Total: 53601 ns
[1144.850s][info ][gc,start       ] GC(132) Pause Young (Allocation Failure)
[1144.860s][debug][gc,phases      ] GC(132) Scavenge 9.994ms
[1144.860s][debug][gc,ref         ] GC(132) Skipped phase 1 of Reference Processing: no references
[1144.860s][debug][gc,ref         ] GC(132) Skipped phase 3 of Reference Processing: no references
[1144.860s][debug][gc,phases      ] GC(132) Reference Processing 0.079ms
[1144.861s][debug][gc,phases      ] GC(132) Weak Processing 0.732ms
[1144.861s][debug][gc,age         ] GC(132) Desired survivor size 93847552 bytes, new threshold 15 (max threshold 15)
[1144.861s][info ][gc,heap        ] GC(132) PSYoungGen: 1947530K(2000896K)->47914K(1995776K) Eden: 1899520K(1899520K)->0K(1899520K) From: 48010K(101376K)->47914K(96256K)
[1144.861s][info ][gc,heap        ] GC(132) ParOldGen: 494386K(626176K)->494474K(626176K)
[1144.861s][info ][gc,metaspace   ] GC(132) Metaspace: 79458K(80192K)->79458K(80192K) NonClass: 68645K(68992K)->68645K(68992K) Class: 10812K(11200K)->10812K(11200K)
[1144.861s][info ][gc             ] GC(132) Pause Young (Allocation Failure) 2384M->529M(2560M) 10.973ms
[1144.861s][info ][gc,cpu         ] GC(132) User=0.04s Sys=0.00s Real=0.01s
[1144.861s][info ][safepoint      ] Safepoint "ParallelGCFailedAllocation", Time since last: 131818380 ns, Reaching safepoint: 88202 ns, At safepoint: 11078291 ns, Total: 11166493 ns
[1148.861s][info ][safepoint      ] Safepoint "Cleanup", Time since last: 4000296908 ns, Reaching safepoint: 53201 ns, At safepoint: 2500 ns, Total: 55701 ns
[1155.862s][info ][safepoint      ] Safepoint "Cleanup", Time since last: 7000495216 ns, Reaching safepoint: 66401 ns, At safepoint: 7200 ns, Total: 73601 ns
[1161.862s][info ][safepoint      ] Safepoint "Cleanup", Time since last: 6000450216 ns, Reaching safepoint: 52801 ns, At safepoint: 6000 ns, Total: 58801 ns
[1163.862s][info ][safepoint      ] Safepoint "Cleanup", Time since last: 2000190406 ns, Reaching safepoint: 77701 ns, At safepoint: 8201 ns, Total: 85902 ns
[1167.863s][info ][safepoint      ] Safepoint "Cleanup", Time since last: 4000294511 ns, Reaching safepoint: 54901 ns, At safepoint: 5000 ns, Total: 59901 ns
[1174.502s][info ][gc,start       ] GC(133) Pause Young (Allocation Failure)
[1174.512s][debug][gc,phases      ] GC(133) Scavenge 10.142ms
[1174.512s][debug][gc,ref         ] GC(133) Skipped phase 1 of Reference Processing: no references
[1174.512s][debug][gc,ref         ] GC(133) Skipped phase 3 of Reference Processing: no references
[1174.512s][debug][gc,phases      ] GC(133) Reference Processing 0.044ms
[1174.513s][debug][gc,phases      ] GC(133) Weak Processing 0.575ms
[1174.513s][debug][gc,age         ] GC(133) Desired survivor size 89653248 bytes, new threshold 15 (max threshold 15)
[1174.513s][info ][gc,heap        ] GC(133) PSYoungGen: 1947434K(1995776K)->47658K(2009600K) Eden: 1899520K(1899520K)->0K(1917952K) From: 47914K(96256K)->47658K(91648K)
[1174.513s][info ][gc,heap        ] GC(133) ParOldGen: 494474K(626176K)->494522K(626176K)
[1174.513s][info ][gc,metaspace   ] GC(133) Metaspace: 79462K(80192K)->79462K(80192K) NonClass: 68649K(68992K)->68649K(68992K) Class: 10812K(11200K)->10812K(11200K)
[1174.513s][info ][gc             ] GC(133) Pause Young (Allocation Failure) 2384M->529M(2574M) 10.919ms
[1174.513s][info ][gc,cpu         ] GC(133) User=0.04s Sys=0.00s Real=0.00s
[1174.513s][info ][safepoint      ] Safepoint "ParallelGCFailedAllocation", Time since last: 6638862665 ns, Reaching safepoint: 43501 ns, At safepoint: 11005190 ns, Total: 11048691 ns
[1176.513s][info ][safepoint      ] Safepoint "Cleanup", Time since last: 2000151007 ns, Reaching safepoint: 61101 ns, At safepoint: 4400 ns, Total: 65501 ns
[1193.514s][info ][safepoint      ] Safepoint "Cleanup", Time since last: 17001134763 ns, Reaching safepoint: 50601 ns, At safepoint: 2400 ns, Total: 53001 ns
[1194.514s][info ][safepoint      ] Safepoint "Cleanup", Time since last: 1000109004 ns, Reaching safepoint: 72602 ns, At safepoint: 11200 ns, Total: 83802 ns
[1197.515s][info ][safepoint      ] Safepoint "Cleanup", Time since last: 3000204012 ns, Reaching safepoint: 45901 ns, At safepoint: 4100 ns, Total: 50001 ns
[1199.515s][info ][safepoint      ] Safepoint "Cleanup", Time since last: 2000182210 ns, Reaching safepoint: 52801 ns, At safepoint: 8700 ns, Total: 61501 ns
[1202.515s][info ][safepoint      ] Safepoint "Cleanup", Time since last: 3000259714 ns, Reaching safepoint: 48001 ns, At safepoint: 2800 ns, Total: 50801 ns
[1204.514s][info ][gc,start       ] GC(134) Pause Young (Allocation Failure)
[1204.523s][debug][gc,phases      ] GC(134) Scavenge 9.751ms
[1204.523s][debug][gc,ref         ] GC(134) Skipped phase 1 of Reference Processing: no references
[1204.523s][debug][gc,ref         ] GC(134) Skipped phase 3 of Reference Processing: no references
[1204.523s][debug][gc,phases      ] GC(134) Reference Processing 0.040ms
[1204.524s][debug][gc,phases      ] GC(134) Weak Processing 0.635ms
[1204.524s][debug][gc,age         ] GC(134) Desired survivor size 85983232 bytes, new threshold 15 (max threshold 15)
[1204.524s][info ][gc,heap        ] GC(134) PSYoungGen: 1965610K(2009600K)->47834K(2005504K) Eden: 1917952K(1917952K)->0K(1917952K) From: 47658K(91648K)->47834K(87552K)
[1204.524s][info ][gc,heap        ] GC(134) ParOldGen: 494522K(626176K)->494699K(626176K)
[1204.524s][info ][gc,metaspace   ] GC(134) Metaspace: 79465K(80192K)->79465K(80192K) NonClass: 68652K(68992K)->68652K(68992K) Class: 10813K(11200K)->10813K(11200K)
[1204.524s][info ][gc             ] GC(134) Pause Young (Allocation Failure) 2402M->529M(2570M) 10.572ms
[1204.524s][info ][gc,cpu         ] GC(134) User=0.04s Sys=0.00s Real=0.02s
[1204.524s][info ][safepoint      ] Safepoint "ParallelGCFailedAllocation", Time since last: 1998353278 ns, Reaching safepoint: 40301 ns, At safepoint: 10651384 ns, Total: 10691685 ns
[1205.524s][info ][safepoint      ] Safepoint "Cleanup", Time since last: 1000088505 ns, Reaching safepoint: 76301 ns, At safepoint: 6700 ns, Total: 83001 ns
[1206.525s][info ][safepoint      ] Safepoint "Cleanup", Time since last: 1000106206 ns, Reaching safepoint: 48301 ns, At safepoint: 10600 ns, Total: 58901 ns
[1211.525s][info ][safepoint      ] Safepoint "Cleanup", Time since last: 5000374424 ns, Reaching safepoint: 55501 ns, At safepoint: 7100 ns, Total: 62601 ns
[1212.525s][info ][safepoint      ] Safepoint "Cleanup", Time since last: 1000085305 ns, Reaching safepoint: 56601 ns, At safepoint: 7200 ns, Total: 63801 ns
[1213.525s][info ][safepoint      ] Safepoint "Cleanup", Time since last: 1000114906 ns, Reaching safepoint: 55501 ns, At safepoint: 5300 ns, Total: 60801 ns
[1215.526s][info ][safepoint      ] Safepoint "Cleanup", Time since last: 2000169111 ns, Reaching safepoint: 58101 ns, At safepoint: 8400 ns, Total: 66501 ns
[1219.526s][info ][safepoint      ] Safepoint "Cleanup", Time since last: 4000301521 ns, Reaching safepoint: 162503 ns, At safepoint: 11500 ns, Total: 174003 ns
[1220.526s][info ][safepoint      ] Safepoint "Cleanup", Time since last: 1000097406 ns, Reaching safepoint: 63301 ns, At safepoint: 3000 ns, Total: 66301 ns
[1221.526s][info ][safepoint      ] Safepoint "Cleanup", Time since last: 1000114206 ns, Reaching safepoint: 59701 ns, At safepoint: 3200 ns, Total: 62901 ns
[1222.527s][info ][safepoint      ] Safepoint "Cleanup", Time since last: 1000106406 ns, Reaching safepoint: 50101 ns, At safepoint: 6200 ns, Total: 56301 ns
[1223.527s][info ][safepoint      ] Safepoint "Cleanup", Time since last: 1000104006 ns, Reaching safepoint: 43701 ns, At safepoint: 2800 ns, Total: 46501 ns
[1224.527s][info ][safepoint      ] Safepoint "Cleanup", Time since last: 1000089606 ns, Reaching safepoint: 53100 ns, At safepoint: 3101 ns, Total: 56201 ns
[1225.527s][info ][safepoint      ] Safepoint "Cleanup", Time since last: 1000108806 ns, Reaching safepoint: 58601 ns, At safepoint: 7000 ns, Total: 65601 ns
[1226.527s][info ][safepoint      ] Safepoint "Cleanup", Time since last: 1000102106 ns, Reaching safepoint: 49701 ns, At safepoint: 4600 ns, Total: 54301 ns
[1227.527s][info ][safepoint      ] Safepoint "Cleanup", Time since last: 1000110906 ns, Reaching safepoint: 54201 ns, At safepoint: 12600 ns, Total: 66801 ns
[1231.528s][info ][safepoint      ] Safepoint "Cleanup", Time since last: 4000288023 ns, Reaching safepoint: 51301 ns, At safepoint: 8300 ns, Total: 59601 ns
[1232.458s][info ][gc,start       ] GC(135) Pause Young (Allocation Failure)
[1232.470s][debug][gc,phases      ] GC(135) Scavenge 11.693ms
[1232.470s][debug][gc,ref         ] GC(135) Skipped phase 1 of Reference Processing: no references
[1232.470s][debug][gc,ref         ] GC(135) Skipped phase 3 of Reference Processing: no references
[1232.470s][debug][gc,phases      ] GC(135) Reference Processing 0.037ms
[1232.470s][debug][gc,phases      ] GC(135) Weak Processing 0.630ms
[1232.470s][debug][gc,age         ] GC(135) Desired survivor size 83361792 bytes, new threshold 15 (max threshold 15)
[1232.470s][info ][gc,heap        ] GC(135) PSYoungGen: 1965786K(2005504K)->41754K(2015744K) Eden: 1917952K(1917952K)->0K(1931776K) From: 47834K(87552K)->41754K(83968K)
[1232.470s][info ][gc,heap        ] GC(135) ParOldGen: 494699K(626176K)->502908K(626176K)
[1232.470s][info ][gc,metaspace   ] GC(135) Metaspace: 79499K(80256K)->79499K(80256K) NonClass: 68682K(69056K)->68682K(69056K) Class: 10817K(11200K)->10817K(11200K)
[1232.470s][info ][gc             ] GC(135) Pause Young (Allocation Failure) 2402M->531M(2580M) 12.530ms
[1232.470s][info ][gc,cpu         ] GC(135) User=0.04s Sys=0.01s Real=0.01s
[1232.470s][info ][safepoint      ] Safepoint "ParallelGCFailedAllocation", Time since last: 930130896 ns, Reaching safepoint: 54300 ns, At safepoint: 12614719 ns, Total: 12669019 ns
[1233.471s][info ][safepoint      ] Safepoint "Cleanup", Time since last: 1000091106 ns, Reaching safepoint: 57001 ns, At safepoint: 8800 ns, Total: 65801 ns
[1234.471s][info ][safepoint      ] Safepoint "Cleanup", Time since last: 1000076606 ns, Reaching safepoint: 50201 ns, At safepoint: 17500 ns, Total: 67701 ns
[1235.471s][info ][safepoint      ] Safepoint "Cleanup", Time since last: 1000103907 ns, Reaching safepoint: 43700 ns, At safepoint: 2700 ns, Total: 46400 ns
[1236.471s][info ][safepoint      ] Safepoint "Cleanup", Time since last: 1000113707 ns, Reaching safepoint: 48901 ns, At safepoint: 5500 ns, Total: 54401 ns
[1237.471s][info ][safepoint      ] Safepoint "Cleanup", Time since last: 1000108607 ns, Reaching safepoint: 47001 ns, At safepoint: 3900 ns, Total: 50901 ns
[1238.471s][info ][safepoint      ] Safepoint "Cleanup", Time since last: 1000114806 ns, Reaching safepoint: 53501 ns, At safepoint: 8100 ns, Total: 61601 ns
[1243.474s][info ][safepoint      ] Safepoint "Cleanup", Time since last: 5002696272 ns, Reaching safepoint: 45800 ns, At safepoint: 5901 ns, Total: 51701 ns
[1247.475s][info ][safepoint      ] Safepoint "Cleanup", Time since last: 4000297825 ns, Reaching safepoint: 57101 ns, At safepoint: 7600 ns, Total: 64701 ns
[1250.475s][info ][safepoint      ] Safepoint "Cleanup", Time since last: 3000233220 ns, Reaching safepoint: 48501 ns, At safepoint: 2900 ns, Total: 51401 ns
[1257.475s][info ][safepoint      ] Safepoint "Cleanup", Time since last: 7000452946 ns, Reaching safepoint: 83701 ns, At safepoint: 10100 ns, Total: 93801 ns
[1259.476s][info ][safepoint      ] Safepoint "Cleanup", Time since last: 2000163514 ns, Reaching safepoint: 51501 ns, At safepoint: 4000 ns, Total: 55501 ns
[1262.656s][info ][gc,start       ] GC(136) Pause Young (Allocation Failure)
[1262.665s][debug][gc,phases      ] GC(136) Scavenge 9.372ms
[1262.665s][debug][gc,ref         ] GC(136) Skipped phase 1 of Reference Processing: no references
[1262.665s][debug][gc,ref         ] GC(136) Skipped phase 3 of Reference Processing: no references
[1262.665s][debug][gc,phases      ] GC(136) Reference Processing 0.032ms
[1262.666s][debug][gc,phases      ] GC(136) Weak Processing 0.575ms
[1262.666s][debug][gc,age         ] GC(136) Desired survivor size 83886080 bytes, new threshold 15 (max threshold 15)
[1262.666s][info ][gc,heap        ] GC(136) PSYoungGen: 1973530K(2015744K)->25418K(2013184K) Eden: 1931776K(1931776K)->0K(1931776K) From: 41754K(83968K)->25418K(81408K)
[1262.666s][info ][gc,heap        ] GC(136) ParOldGen: 502908K(626176K)->520003K(626176K)
[1262.666s][info ][gc,metaspace   ] GC(136) Metaspace: 79520K(80256K)->79520K(80256K) NonClass: 68703K(69056K)->68703K(69056K) Class: 10817K(11200K)->10817K(11200K)
[1262.666s][info ][gc             ] GC(136) Pause Young (Allocation Failure) 2418M->532M(2577M) 10.144ms
[1262.666s][info ][gc,cpu         ] GC(136) User=0.04s Sys=0.00s Real=0.01s
[1262.666s][info ][safepoint      ] Safepoint "ParallelGCFailedAllocation", Time since last: 3180176036 ns, Reaching safepoint: 29200 ns, At safepoint: 10235177 ns, Total: 10264377 ns
[1266.666s][info ][safepoint      ] Safepoint "Cleanup", Time since last: 4000264028 ns, Reaching safepoint: 49001 ns, At safepoint: 9500 ns, Total: 58501 ns
[1268.667s][info ][safepoint      ] Safepoint "Cleanup", Time since last: 2000177715 ns, Reaching safepoint: 52401 ns, At safepoint: 14200 ns, Total: 66601 ns
[1270.667s][info ][safepoint      ] Safepoint "Cleanup", Time since last: 2000174016 ns, Reaching safepoint: 43800 ns, At safepoint: 5500 ns, Total: 49300 ns
[1272.667s][info ][safepoint      ] Safepoint "Cleanup", Time since last: 2000169116 ns, Reaching safepoint: 70501 ns, At safepoint: 7600 ns, Total: 78101 ns
[1274.667s][info ][safepoint      ] Safepoint "Cleanup", Time since last: 2000173515 ns, Reaching safepoint: 66801 ns, At safepoint: 8501 ns, Total: 75302 ns
[1275.667s][info ][safepoint      ] Safepoint "Cleanup", Time since last: 1000107308 ns, Reaching safepoint: 63601 ns, At safepoint: 7700 ns, Total: 71301 ns
[1276.668s][info ][safepoint      ] Safepoint "Cleanup", Time since last: 1000114108 ns, Reaching safepoint: 58201 ns, At safepoint: 6900 ns, Total: 65101 ns
[1279.668s][info ][safepoint      ] Safepoint "Cleanup", Time since last: 3000233624 ns, Reaching safepoint: 64801 ns, At safepoint: 5700 ns, Total: 70501 ns
[1280.668s][info ][safepoint      ] Safepoint "Cleanup", Time since last: 1000070007 ns, Reaching safepoint: 53501 ns, At safepoint: 3600 ns, Total: 57101 ns
[1281.668s][info ][safepoint      ] Safepoint "Cleanup", Time since last: 1000094008 ns, Reaching safepoint: 70902 ns, At safepoint: 6400 ns, Total: 77302 ns
[1283.669s][info ][safepoint      ] Safepoint "Cleanup", Time since last: 2000185316 ns, Reaching safepoint: 122002 ns, At safepoint: 9900 ns, Total: 131902 ns
[1286.669s][info ][safepoint      ] Safepoint "Cleanup", Time since last: 3000239024 ns, Reaching safepoint: 88302 ns, At safepoint: 12600 ns, Total: 100902 ns
[1287.767s][info ][safepoint      ] Safepoint "Cleanup", Time since last: 1098387910 ns, Reaching safepoint: 168603 ns, At safepoint: 10000 ns, Total: 178603 ns
[1288.768s][info ][safepoint      ] Safepoint "Cleanup", Time since last: 1000109308 ns, Reaching safepoint: 46601 ns, At safepoint: 2800 ns, Total: 49401 ns
[1290.768s][info ][safepoint      ] Safepoint "Cleanup", Time since last: 2000134616 ns, Reaching safepoint: 46501 ns, At safepoint: 3100 ns, Total: 49601 ns
[1292.104s][info ][gc,start       ] GC(137) Pause Young (Allocation Failure)
[1292.111s][debug][gc,phases      ] GC(137) Scavenge 6.902ms
[1292.111s][debug][gc,ref         ] GC(137) Skipped phase 1 of Reference Processing: no references
[1292.111s][debug][gc,ref         ] GC(137) Skipped phase 3 of Reference Processing: no references
[1292.111s][debug][gc,phases      ] GC(137) Reference Processing 0.044ms
[1292.112s][debug][gc,phases      ] GC(137) Weak Processing 0.589ms
[1292.112s][debug][gc,age         ] GC(137) Desired survivor size 83361792 bytes, new threshold 15 (max threshold 15)
[1292.112s][info ][gc,heap        ] GC(137) PSYoungGen: 1957194K(2013184K)->27099K(2015744K) Eden: 1931776K(1931776K)->0K(1933824K) From: 25418K(81408K)->27099K(81920K)
[1292.112s][info ][gc,heap        ] GC(137) ParOldGen: 520003K(626176K)->520535K(626176K)
[1292.112s][info ][gc,metaspace   ] GC(137) Metaspace: 79553K(80256K)->79553K(80256K) NonClass: 68736K(69056K)->68736K(69056K) Class: 10817K(11200K)->10817K(11200K)
[1292.112s][info ][gc             ] GC(137) Pause Young (Allocation Failure) 2419M->534M(2580M) 7.680ms
[1292.112s][info ][gc,cpu         ] GC(137) User=0.02s Sys=0.00s Real=0.00s
[1292.112s][info ][safepoint      ] Safepoint "ParallelGCFailedAllocation", Time since last: 1336037823 ns, Reaching safepoint: 36300 ns, At safepoint: 7754334 ns, Total: 7790634 ns
[1295.112s][info ][safepoint      ] Safepoint "Cleanup", Time since last: 3000254626 ns, Reaching safepoint: 68601 ns, At safepoint: 17100 ns, Total: 85701 ns
[1300.112s][info ][safepoint      ] Safepoint "Cleanup", Time since last: 5000372842 ns, Reaching safepoint: 51001 ns, At safepoint: 2600 ns, Total: 53601 ns
[1303.113s][info ][safepoint      ] Safepoint "Cleanup", Time since last: 3000246026 ns, Reaching safepoint: 49101 ns, At safepoint: 3000 ns, Total: 52101 ns
[1305.113s][info ][safepoint      ] Safepoint "Cleanup", Time since last: 2000170817 ns, Reaching safepoint: 60301 ns, At safepoint: 11801 ns, Total: 72102 ns
[1309.113s][info ][safepoint      ] Safepoint "Cleanup", Time since last: 4000318435 ns, Reaching safepoint: 46301 ns, At safepoint: 7200 ns, Total: 53501 ns
[1316.114s][info ][safepoint      ] Safepoint "Cleanup", Time since last: 7000495862 ns, Reaching safepoint: 47201 ns, At safepoint: 2500 ns, Total: 49701 ns
[1317.114s][info ][safepoint      ] Safepoint "Cleanup", Time since last: 1000109409 ns, Reaching safepoint: 73402 ns, At safepoint: 6100 ns, Total: 79502 ns
[1318.114s][info ][safepoint      ] Safepoint "Cleanup", Time since last: 1000096109 ns, Reaching safepoint: 51601 ns, At safepoint: 3400 ns, Total: 55001 ns
[1321.751s][info ][gc,start       ] GC(138) Pause Young (Allocation Failure)
[1321.758s][debug][gc,phases      ] GC(138) Scavenge 6.803ms
[1321.758s][debug][gc,ref         ] GC(138) Skipped phase 1 of Reference Processing: no references
[1321.758s][debug][gc,ref         ] GC(138) Skipped phase 3 of Reference Processing: no references
[1321.758s][debug][gc,phases      ] GC(138) Reference Processing 0.061ms
[1321.759s][debug][gc,phases      ] GC(138) Weak Processing 0.747ms
[1321.759s][debug][gc,age         ] GC(138) Desired survivor size 82313216 bytes, new threshold 15 (max threshold 15)
[1321.759s][info ][gc,heap        ] GC(138) PSYoungGen: 1960923K(2015744K)->26587K(2015232K) Eden: 1933824K(1933824K)->0K(1933824K) From: 27099K(81920K)->26587K(81408K)
[1321.759s][info ][gc,heap        ] GC(138) ParOldGen: 520535K(626176K)->520691K(626176K)
[1321.759s][info ][gc,metaspace   ] GC(138) Metaspace: 79564K(80320K)->79564K(80320K) NonClass: 68745K(69120K)->68745K(69120K) Class: 10818K(11200K)->10818K(11200K)
[1321.759s][info ][gc             ] GC(138) Pause Young (Allocation Failure) 2423M->534M(2579M) 7.764ms
[1321.759s][info ][gc,cpu         ] GC(138) User=0.02s Sys=0.00s Real=0.01s
[1321.759s][info ][safepoint      ] Safepoint "ParallelGCFailedAllocation", Time since last: 3636623242 ns, Reaching safepoint: 61301 ns, At safepoint: 7852136 ns, Total: 7913437 ns
[1326.759s][info ][safepoint      ] Safepoint "Cleanup", Time since last: 5000387247 ns, Reaching safepoint: 63601 ns, At safepoint: 11500 ns, Total: 75101 ns
[1330.760s][info ][safepoint      ] Safepoint "Cleanup", Time since last: 4000359839 ns, Reaching safepoint: 60901 ns, At safepoint: 7301 ns, Total: 68202 ns
[1347.761s][info ][safepoint      ] Safepoint "Cleanup", Time since last: 17001143164 ns, Reaching safepoint: 87202 ns, At safepoint: 8200 ns, Total: 95402 ns
[1350.656s][info ][safepoint      ] Safepoint "Cleanup", Time since last: 2894985209 ns, Reaching safepoint: 115702 ns, At safepoint: 10400 ns, Total: 126102 ns
[1352.057s][info ][safepoint      ] Safepoint "Cleanup", Time since last: 1400739946 ns, Reaching safepoint: 57401 ns, At safepoint: 7200 ns, Total: 64601 ns
[1352.202s][info ][gc,start       ] GC(139) Pause Young (Allocation Failure)
[1352.215s][debug][gc,phases      ] GC(139) Scavenge 12.194ms
[1352.215s][debug][gc,ref         ] GC(139) Skipped phase 1 of Reference Processing: no references
[1352.215s][debug][gc,ref         ] GC(139) Skipped phase 3 of Reference Processing: no references
[1352.215s][debug][gc,phases      ] GC(139) Reference Processing 0.034ms
[1352.215s][debug][gc,phases      ] GC(139) Weak Processing 0.577ms
[1352.215s][debug][gc,age         ] GC(139) Desired survivor size 82837504 bytes, new threshold 15 (max threshold 15)
[1352.215s][info ][gc,heap        ] GC(139) PSYoungGen: 1960411K(2015232K)->16753K(2015744K) Eden: 1933824K(1933824K)->0K(1935360K) From: 26587K(81408K)->16753K(80384K)
[1352.215s][info ][gc,heap        ] GC(139) ParOldGen: 520691K(626176K)->530178K(626176K)
[1352.215s][info ][gc,metaspace   ] GC(139) Metaspace: 79566K(80320K)->79566K(80320K) NonClass: 68747K(69120K)->68747K(69120K) Class: 10818K(11200K)->10818K(11200K)
[1352.215s][info ][gc             ] GC(139) Pause Young (Allocation Failure) 2422M->534M(2580M) 12.946ms
[1352.215s][info ][gc,cpu         ] GC(139) User=0.03s Sys=0.00s Real=0.01s
[1352.215s][info ][safepoint      ] Safepoint "ParallelGCFailedAllocation", Time since last: 145391616 ns, Reaching safepoint: 28201 ns, At safepoint: 13020825 ns, Total: 13049026 ns
[1356.216s][info ][safepoint      ] Safepoint "Cleanup", Time since last: 4000281641 ns, Reaching safepoint: 56701 ns, At safepoint: 8100 ns, Total: 64801 ns
[1357.216s][info ][safepoint      ] Safepoint "Cleanup", Time since last: 1000104911 ns, Reaching safepoint: 46801 ns, At safepoint: 4000 ns, Total: 50801 ns
[1359.216s][info ][safepoint      ] Safepoint "Cleanup", Time since last: 2000191422 ns, Reaching safepoint: 68901 ns, At safepoint: 6200 ns, Total: 75101 ns
[1360.216s][info ][safepoint      ] Safepoint "Cleanup", Time since last: 1000110211 ns, Reaching safepoint: 44601 ns, At safepoint: 7600 ns, Total: 52201 ns
[1361.216s][info ][safepoint      ] Safepoint "Cleanup", Time since last: 1000131511 ns, Reaching safepoint: 42401 ns, At safepoint: 8900 ns, Total: 51301 ns
[1362.217s][info ][safepoint      ] Safepoint "Cleanup", Time since last: 1000093011 ns, Reaching safepoint: 53701 ns, At safepoint: 8400 ns, Total: 62101 ns
[1363.217s][info ][safepoint      ] Safepoint "Cleanup", Time since last: 1000099111 ns, Reaching safepoint: 44501 ns, At safepoint: 2600 ns, Total: 47101 ns
[1369.217s][info ][safepoint      ] Safepoint "Cleanup", Time since last: 6000388563 ns, Reaching safepoint: 76702 ns, At safepoint: 9900 ns, Total: 86602 ns
[1371.217s][info ][safepoint      ] Safepoint "Cleanup", Time since last: 2000152922 ns, Reaching safepoint: 57001 ns, At safepoint: 5100 ns, Total: 62101 ns
[1374.218s][info ][safepoint      ] Safepoint "Cleanup", Time since last: 3000238433 ns, Reaching safepoint: 68501 ns, At safepoint: 6500 ns, Total: 75001 ns
[1375.218s][info ][safepoint      ] Safepoint "Cleanup", Time since last: 1000096211 ns, Reaching safepoint: 44401 ns, At safepoint: 5200 ns, Total: 49601 ns
[1377.218s][info ][safepoint      ] Safepoint "Cleanup", Time since last: 2000402227 ns, Reaching safepoint: 97701 ns, At safepoint: 5600 ns, Total: 103301 ns
[1378.218s][info ][safepoint      ] Safepoint "Cleanup", Time since last: 1000106912 ns, Reaching safepoint: 55101 ns, At safepoint: 2500 ns, Total: 57601 ns
[1380.550s][info ][gc,start       ] GC(140) Pause Young (Allocation Failure)
[1380.555s][debug][gc,phases      ] GC(140) Scavenge 5.531ms
[1380.556s][debug][gc,ref         ] GC(140) Skipped phase 1 of Reference Processing: no references
[1380.556s][debug][gc,ref         ] GC(140) Skipped phase 3 of Reference Processing: no references
[1380.556s][debug][gc,phases      ] GC(140) Reference Processing 0.029ms
[1380.556s][debug][gc,phases      ] GC(140) Weak Processing 0.551ms
[1380.556s][debug][gc,age         ] GC(140) Desired survivor size 82313216 bytes, new threshold 15 (max threshold 15)
[1380.556s][info ][gc,heap        ] GC(140) PSYoungGen: 1952113K(2015744K)->18321K(2016256K) Eden: 1935360K(1935360K)->0K(1935360K) From: 16753K(80384K)->18321K(80896K)
[1380.556s][info ][gc,heap        ] GC(140) ParOldGen: 530178K(626176K)->530678K(626176K)
[1380.556s][info ][gc,metaspace   ] GC(140) Metaspace: 79613K(80384K)->79613K(80384K) NonClass: 68792K(69184K)->68792K(69184K) Class: 10820K(11200K)->10820K(11200K)
[1380.556s][info ][gc             ] GC(140) Pause Young (Allocation Failure) 2424M->536M(2580M) 6.268ms
[1380.556s][info ][gc,cpu         ] GC(140) User=0.02s Sys=0.00s Real=0.01s
[1380.556s][info ][safepoint      ] Safepoint "ParallelGCFailedAllocation", Time since last: 2331209153 ns, Reaching safepoint: 150602 ns, At safepoint: 6377411 ns, Total: 6528013 ns
[1384.557s][info ][safepoint      ] Safepoint "Cleanup", Time since last: 4000317145 ns, Reaching safepoint: 118602 ns, At safepoint: 5700 ns, Total: 124302 ns
[1386.557s][info ][safepoint      ] Safepoint "Cleanup", Time since last: 2000175523 ns, Reaching safepoint: 110102 ns, At safepoint: 7700 ns, Total: 117802 ns
[1395.558s][info ][safepoint      ] Safepoint "Cleanup", Time since last: 9000644103 ns, Reaching safepoint: 58801 ns, At safepoint: 10400 ns, Total: 69201 ns
[1397.558s][info ][safepoint      ] Safepoint "Cleanup", Time since last: 2000199924 ns, Reaching safepoint: 41601 ns, At safepoint: 2600 ns, Total: 44201 ns
[1400.558s][info ][safepoint      ] Safepoint "Cleanup", Time since last: 3000241136 ns, Reaching safepoint: 57001 ns, At safepoint: 3700 ns, Total: 60701 ns
[1411.559s][info ][safepoint      ] Safepoint "Cleanup", Time since last: 11000820431 ns, Reaching safepoint: 153402 ns, At safepoint: 13801 ns, Total: 167203 ns
[1411.815s][info ][gc,start       ] GC(141) Pause Young (Allocation Failure)
[1411.820s][debug][gc,phases      ] GC(141) Scavenge 4.763ms
[1411.820s][debug][gc,ref         ] GC(141) Skipped phase 1 of Reference Processing: no references
[1411.820s][debug][gc,ref         ] GC(141) Skipped phase 3 of Reference Processing: no references
[1411.820s][debug][gc,phases      ] GC(141) Reference Processing 0.028ms
[1411.821s][debug][gc,phases      ] GC(141) Weak Processing 0.570ms
[1411.821s][debug][gc,age         ] GC(141) Desired survivor size 81264640 bytes, new threshold 15 (max threshold 15)
[1411.821s][info ][gc,heap        ] GC(141) PSYoungGen: 1953681K(2016256K)->18129K(2017792K) Eden: 1935360K(1935360K)->0K(1937408K) From: 18321K(80896K)->18129K(80384K)
[1411.821s][info ][gc,heap        ] GC(141) ParOldGen: 530678K(626176K)->530846K(626176K)
[1411.821s][info ][gc,metaspace   ] GC(141) Metaspace: 79615K(80384K)->79615K(80384K) NonClass: 68795K(69184K)->68795K(69184K) Class: 10820K(11200K)->10820K(11200K)
[1411.821s][info ][gc             ] GC(141) Pause Young (Allocation Failure) 2426M->536M(2582M) 5.519ms
[1411.821s][info ][gc,cpu         ] GC(141) User=0.02s Sys=0.00s Real=0.00s
[1411.821s][info ][safepoint      ] Safepoint "ParallelGCFailedAllocation", Time since last: 255891829 ns, Reaching safepoint: 89902 ns, At safepoint: 5616397 ns, Total: 5706299 ns
[1412.821s][info ][safepoint      ] Safepoint "Cleanup", Time since last: 1000089212 ns, Reaching safepoint: 47501 ns, At safepoint: 10400 ns, Total: 57901 ns
[1416.821s][info ][safepoint      ] Safepoint "Cleanup", Time since last: 4000274949 ns, Reaching safepoint: 46801 ns, At safepoint: 2600 ns, Total: 49401 ns
[1417.821s][info ][safepoint      ] Safepoint "Cleanup", Time since last: 1000119713 ns, Reaching safepoint: 54501 ns, At safepoint: 7100 ns, Total: 61601 ns
[1419.822s][info ][safepoint      ] Safepoint "Cleanup", Time since last: 2000189225 ns, Reaching safepoint: 54101 ns, At safepoint: 9500 ns, Total: 63601 ns
[1422.822s][info ][safepoint      ] Safepoint "Cleanup", Time since last: 3000223937 ns, Reaching safepoint: 48501 ns, At safepoint: 3300 ns, Total: 51801 ns
[1424.822s][info ][safepoint      ] Safepoint "Cleanup", Time since last: 2000164625 ns, Reaching safepoint: 48401 ns, At safepoint: 6900 ns, Total: 55301 ns
[1425.822s][info ][safepoint      ] Safepoint "Cleanup", Time since last: 1000108213 ns, Reaching safepoint: 51701 ns, At safepoint: 7800 ns, Total: 59501 ns
[1429.823s][info ][safepoint      ] Safepoint "Cleanup", Time since last: 4000313251 ns, Reaching safepoint: 53401 ns, At safepoint: 4400 ns, Total: 57801 ns
[1432.823s][info ][safepoint      ] Safepoint "Cleanup", Time since last: 3000227038 ns, Reaching safepoint: 51001 ns, At safepoint: 7700 ns, Total: 58701 ns
[1435.823s][info ][safepoint      ] Safepoint "Cleanup", Time since last: 3000247038 ns, Reaching safepoint: 47801 ns, At safepoint: 5500 ns, Total: 53301 ns
[1442.824s][info ][safepoint      ] Safepoint "Cleanup", Time since last: 7000497090 ns, Reaching safepoint: 71601 ns, At safepoint: 5900 ns, Total: 77501 ns
[1443.250s][info ][gc,start       ] GC(142) Pause Young (Allocation Failure)
[1443.254s][debug][gc,phases      ] GC(142) Scavenge 4.358ms
[1443.254s][debug][gc,ref         ] GC(142) Skipped phase 1 of Reference Processing: no references
[1443.254s][debug][gc,ref         ] GC(142) Skipped phase 3 of Reference Processing: no references
[1443.254s][debug][gc,phases      ] GC(142) Reference Processing 0.026ms
[1443.255s][debug][gc,phases      ] GC(142) Weak Processing 0.553ms
[1443.255s][debug][gc,age         ] GC(142) Desired survivor size 79691776 bytes, new threshold 15 (max threshold 15)
[1443.255s][info ][gc,heap        ] GC(142) PSYoungGen: 1955537K(2017792K)->17649K(2016768K) Eden: 1937408K(1937408K)->0K(1937408K) From: 18129K(80384K)->17649K(79360K)
[1443.255s][info ][gc,heap        ] GC(142) ParOldGen: 530846K(626176K)->530934K(626176K)
[1443.255s][info ][gc,metaspace   ] GC(142) Metaspace: 79621K(80384K)->79621K(80384K) NonClass: 68800K(69184K)->68800K(69184K) Class: 10820K(11200K)->10820K(11200K)
[1443.255s][info ][gc             ] GC(142) Pause Young (Allocation Failure) 2428M->535M(2581M) 5.072ms
[1443.255s][info ][gc,cpu         ] GC(142) User=0.02s Sys=0.00s Real=0.01s
[1443.255s][info ][safepoint      ] Safepoint "ParallelGCFailedAllocation", Time since last: 425963174 ns, Reaching safepoint: 49501 ns, At safepoint: 5145789 ns, Total: 5195290 ns
[1449.256s][info ][safepoint      ] Safepoint "Cleanup", Time since last: 6000417978 ns, Reaching safepoint: 136702 ns, At safepoint: 11001 ns, Total: 147703 ns
[1450.256s][info ][safepoint      ] Safepoint "Cleanup", Time since last: 1000115313 ns, Reaching safepoint: 61401 ns, At safepoint: 6701 ns, Total: 68102 ns
[1452.256s][info ][safepoint      ] Safepoint "Cleanup", Time since last: 2000169226 ns, Reaching safepoint: 58701 ns, At safepoint: 3000 ns, Total: 61701 ns
[1454.256s][info ][safepoint      ] Safepoint "Cleanup", Time since last: 2000179727 ns, Reaching safepoint: 121602 ns, At safepoint: 10201 ns, Total: 131803 ns
[1466.257s][info ][safepoint      ] Safepoint "Cleanup", Time since last: 12000847860 ns, Reaching safepoint: 71901 ns, At safepoint: 9000 ns, Total: 80901 ns
[1475.400s][info ][gc,start       ] GC(143) Pause Young (Allocation Failure)
[1475.406s][debug][gc,phases      ] GC(143) Scavenge 5.267ms
[1475.406s][debug][gc,ref         ] GC(143) Skipped phase 1 of Reference Processing: no references
[1475.406s][debug][gc,ref         ] GC(143) Skipped phase 3 of Reference Processing: no references
[1475.406s][debug][gc,phases      ] GC(143) Reference Processing 0.025ms
[1475.406s][debug][gc,phases      ] GC(143) Weak Processing 0.546ms
[1475.406s][debug][gc,age         ] GC(143) Desired survivor size 79167488 bytes, new threshold 15 (max threshold 15)
[1475.406s][info ][gc,heap        ] GC(143) PSYoungGen: 1955057K(2016768K)->10497K(2019840K) Eden: 1937408K(1937408K)->0K(1942016K) From: 17649K(79360K)->10497K(77824K)
[1475.406s][info ][gc,heap        ] GC(143) ParOldGen: 530934K(626176K)->538261K(626176K)
[1475.406s][info ][gc,metaspace   ] GC(143) Metaspace: 79623K(80384K)->79623K(80384K) NonClass: 68803K(69184K)->68803K(69184K) Class: 10820K(11200K)->10820K(11200K)
[1475.406s][info ][gc             ] GC(143) Pause Young (Allocation Failure) 2427M->535M(2584M) 5.964ms
[1475.406s][info ][gc,cpu         ] GC(143) User=0.02s Sys=0.00s Real=0.01s
[1475.406s][info ][safepoint      ] Safepoint "ParallelGCFailedAllocation", Time since last: 9143071289 ns, Reaching safepoint: 59701 ns, At safepoint: 6040205 ns, Total: 6099906 ns
[1481.407s][info ][safepoint      ] Safepoint "Cleanup", Time since last: 6000317381 ns, Reaching safepoint: 51801 ns, At safepoint: 8300 ns, Total: 60101 ns
[1485.407s][info ][safepoint      ] Safepoint "Cleanup", Time since last: 4000306656 ns, Reaching safepoint: 60301 ns, At safepoint: 7200 ns, Total: 67501 ns
[1495.408s][info ][safepoint      ] Safepoint "Cleanup", Time since last: 10000760042 ns, Reaching safepoint: 67802 ns, At safepoint: 8300 ns, Total: 76102 ns
[1501.409s][info ][safepoint      ] Safepoint "Cleanup", Time since last: 6000460386 ns, Reaching safepoint: 81402 ns, At safepoint: 4400 ns, Total: 85802 ns
[1503.409s][info ][safepoint      ] Safepoint "Cleanup", Time since last: 2000183229 ns, Reaching safepoint: 56501 ns, At safepoint: 17401 ns, Total: 73902 ns
[1506.904s][info ][gc,start       ] GC(144) Pause Young (Allocation Failure)
[1506.908s][debug][gc,phases      ] GC(144) Scavenge 3.428ms
[1506.908s][debug][gc,ref         ] GC(144) Skipped phase 1 of Reference Processing: no references
[1506.908s][debug][gc,ref         ] GC(144) Skipped phase 3 of Reference Processing: no references
[1506.908s][debug][gc,phases      ] GC(144) Reference Processing 0.024ms
[1506.908s][debug][gc,phases      ] GC(144) Weak Processing 0.535ms
[1506.908s][debug][gc,age         ] GC(144) Desired survivor size 78118912 bytes, new threshold 15 (max threshold 15)
[1506.908s][info ][gc,heap        ] GC(144) PSYoungGen: 1952513K(2019840K)->10433K(2019328K) Eden: 1942016K(1942016K)->0K(1942016K) From: 10497K(77824K)->10433K(77312K)
[1506.908s][info ][gc,heap        ] GC(144) ParOldGen: 538261K(626176K)->538381K(626176K)
[1506.908s][info ][gc,metaspace   ] GC(144) Metaspace: 79632K(80448K)->79632K(80448K) NonClass: 68811K(69248K)->68811K(69248K) Class: 10820K(11200K)->10820K(11200K)
[1506.908s][info ][gc             ] GC(144) Pause Young (Allocation Failure) 2432M->535M(2583M) 4.133ms
[1506.908s][info ][gc,cpu         ] GC(144) User=0.02s Sys=0.00s Real=0.00s
[1506.908s][info ][safepoint      ] Safepoint "ParallelGCFailedAllocation", Time since last: 3495345416 ns, Reaching safepoint: 57201 ns, At safepoint: 4214672 ns, Total: 4271873 ns
[1509.909s][info ][safepoint      ] Safepoint "Cleanup", Time since last: 3000237945 ns, Reaching safepoint: 82901 ns, At safepoint: 11000 ns, Total: 93901 ns
[1516.909s][info ][safepoint      ] Safepoint "Cleanup", Time since last: 7000520904 ns, Reaching safepoint: 55401 ns, At safepoint: 6100 ns, Total: 61501 ns
[1517.910s][info ][safepoint      ] Safepoint "Cleanup", Time since last: 1000099915 ns, Reaching safepoint: 56101 ns, At safepoint: 6800 ns, Total: 62901 ns
[1519.910s][info ][safepoint      ] Safepoint "Cleanup", Time since last: 2000191831 ns, Reaching safepoint: 56101 ns, At safepoint: 6500 ns, Total: 62601 ns
[1521.910s][info ][safepoint      ] Safepoint "Cleanup", Time since last: 2000174630 ns, Reaching safepoint: 55801 ns, At safepoint: 5500 ns, Total: 61301 ns
[1522.910s][info ][safepoint      ] Safepoint "Cleanup", Time since last: 1000106616 ns, Reaching safepoint: 61201 ns, At safepoint: 11100 ns, Total: 72301 ns
[1525.910s][info ][safepoint      ] Safepoint "Cleanup", Time since last: 3000178244 ns, Reaching safepoint: 49801 ns, At safepoint: 5700 ns, Total: 55501 ns
[1536.091s][info ][gc,start       ] GC(145) Pause Young (Allocation Failure)
[1536.094s][debug][gc,phases      ] GC(145) Scavenge 3.400ms
[1536.094s][debug][gc,ref         ] GC(145) Skipped phase 1 of Reference Processing: no references
[1536.094s][debug][gc,ref         ] GC(145) Skipped phase 3 of Reference Processing: no references
[1536.094s][debug][gc,phases      ] GC(145) Reference Processing 0.028ms
[1536.095s][debug][gc,phases      ] GC(145) Weak Processing 0.572ms
[1536.095s][debug][gc,age         ] GC(145) Desired survivor size 77070336 bytes, new threshold 15 (max threshold 15)
[1536.095s][info ][gc,heap        ] GC(145) PSYoungGen: 1952449K(2019328K)->9265K(2021888K) Eden: 1942016K(1942016K)->0K(1945600K) From: 10433K(77312K)->9265K(76288K)
[1536.095s][info ][gc,heap        ] GC(145) ParOldGen: 538381K(626176K)->539541K(626176K)
[1536.095s][info ][gc,metaspace   ] GC(145) Metaspace: 79638K(80448K)->79638K(80448K) NonClass: 68816K(69248K)->68816K(69248K) Class: 10821K(11200K)->10821K(11200K)
[1536.095s][info ][gc             ] GC(145) Pause Young (Allocation Failure) 2432M->535M(2586M) 4.134ms
[1536.095s][info ][gc,cpu         ] GC(145) User=0.02s Sys=0.00s Real=0.01s
[1536.095s][info ][safepoint      ] Safepoint "ParallelGCFailedAllocation", Time since last: 10180031856 ns, Reaching safepoint: 65201 ns, At safepoint: 4223873 ns, Total: 4289074 ns
[1550.096s][info ][safepoint      ] Safepoint "Cleanup", Time since last: 14000937814 ns, Reaching safepoint: 45901 ns, At safepoint: 11100 ns, Total: 57001 ns
[1566.752s][info ][gc,start       ] GC(146) Pause Young (Allocation Failure)
[1566.758s][debug][gc,phases      ] GC(146) Scavenge 5.823ms
[1566.758s][debug][gc,ref         ] GC(146) Skipped phase 1 of Reference Processing: no references
[1566.758s][debug][gc,ref         ] GC(146) Skipped phase 3 of Reference Processing: no references
[1566.758s][debug][gc,phases      ] GC(146) Reference Processing 0.029ms
[1566.759s][debug][gc,phases      ] GC(146) Weak Processing 0.697ms
[1566.759s][debug][gc,age         ] GC(146) Desired survivor size 74973184 bytes, new threshold 15 (max threshold 15)
[1566.759s][info ][gc,heap        ] GC(146) PSYoungGen: 1954865K(2021888K)->9473K(2020864K) Eden: 1945600K(1945600K)->0K(1945600K) From: 9265K(76288K)->9473K(75264K)
[1566.759s][info ][gc,heap        ] GC(146) ParOldGen: 539541K(626176K)->539573K(626176K)
[1566.759s][info ][gc,metaspace   ] GC(146) Metaspace: 79646K(80448K)->79646K(80448K) NonClass: 68825K(69248K)->68825K(69248K) Class: 10821K(11200K)->10821K(11200K)
[1566.759s][info ][gc             ] GC(146) Pause Young (Allocation Failure) 2435M->536M(2585M) 6.691ms
[1566.759s][info ][gc,cpu         ] GC(146) User=0.02s Sys=0.00s Real=0.01s
[1566.759s][info ][safepoint      ] Safepoint "ParallelGCFailedAllocation", Time since last: 16656423098 ns, Reaching safepoint: 69001 ns, At safepoint: 6785218 ns, Total: 6854219 ns
[1574.763s][info ][safepoint      ] Safepoint "Cleanup", Time since last: 8003967286 ns, Reaching safepoint: 70402 ns, At safepoint: 15000 ns, Total: 85402 ns
[1577.763s][info ][safepoint      ] Safepoint "Cleanup", Time since last: 3000213148 ns, Reaching safepoint: 76601 ns, At safepoint: 7401 ns, Total: 84002 ns
[1582.764s][info ][safepoint      ] Safepoint "Cleanup", Time since last: 5000374681 ns, Reaching safepoint: 50701 ns, At safepoint: 5500 ns, Total: 56201 ns
[1583.764s][info ][safepoint      ] Safepoint "Cleanup", Time since last: 1000080516 ns, Reaching safepoint: 60801 ns, At safepoint: 4500 ns, Total: 65301 ns
[1587.764s][info ][safepoint      ] Safepoint "Cleanup", Time since last: 4000254465 ns, Reaching safepoint: 62601 ns, At safepoint: 4100 ns, Total: 66701 ns
[1588.764s][info ][safepoint      ] Safepoint "Cleanup", Time since last: 1000094017 ns, Reaching safepoint: 54001 ns, At safepoint: 4200 ns, Total: 58201 ns
[1590.765s][info ][safepoint      ] Safepoint "Cleanup", Time since last: 2000174133 ns, Reaching safepoint: 38901 ns, At safepoint: 3000 ns, Total: 41901 ns
[1591.765s][info ][safepoint      ] Safepoint "Cleanup", Time since last: 1000098617 ns, Reaching safepoint: 46401 ns, At safepoint: 2600 ns, Total: 49001 ns
[1597.004s][info ][gc,start       ] GC(147) Pause Young (Allocation Failure)
[1597.009s][debug][gc,phases      ] GC(147) Scavenge 4.301ms
[1597.009s][debug][gc,ref         ] GC(147) Skipped phase 1 of Reference Processing: no references
[1597.009s][debug][gc,ref         ] GC(147) Skipped phase 3 of Reference Processing: no references
[1597.009s][debug][gc,phases      ] GC(147) Reference Processing 0.025ms
[1597.009s][debug][gc,phases      ] GC(147) Weak Processing 0.600ms
[1597.010s][debug][gc,age         ] GC(147) Desired survivor size 72876032 bytes, new threshold 15 (max threshold 15)
[1597.010s][info ][gc,heap        ] GC(147) PSYoungGen: 1955073K(2020864K)->10689K(2025984K) Eden: 1945600K(1945600K)->0K(1952768K) From: 9473K(75264K)->10689K(73216K)
[1597.010s][info ][gc,heap        ] GC(147) ParOldGen: 539573K(626176K)->539629K(626176K)
[1597.010s][info ][gc,metaspace   ] GC(147) Metaspace: 79653K(80448K)->79653K(80448K) NonClass: 68832K(69248K)->68832K(69248K) Class: 10821K(11200K)->10821K(11200K)
[1597.010s][info ][gc             ] GC(147) Pause Young (Allocation Failure) 2436M->537M(2590M) 5.062ms
[1597.010s][info ][gc,cpu         ] GC(147) User=0.01s Sys=0.00s Real=0.00s
[1597.010s][info ][safepoint      ] Safepoint "ParallelGCFailedAllocation", Time since last: 5239578924 ns, Reaching safepoint: 66102 ns, At safepoint: 5160089 ns, Total: 5226191 ns
[1598.010s][info ][safepoint      ] Safepoint "Cleanup", Time since last: 1000096717 ns, Reaching safepoint: 66701 ns, At safepoint: 9900 ns, Total: 76601 ns
[1614.011s][info ][safepoint      ] Safepoint "Cleanup", Time since last: 16001070166 ns, Reaching safepoint: 68402 ns, At safepoint: 2700 ns, Total: 71102 ns
[1618.011s][info ][safepoint      ] Safepoint "Cleanup", Time since last: 4000327868 ns, Reaching safepoint: 54501 ns, At safepoint: 3300 ns, Total: 57801 ns
[1623.012s][info ][safepoint      ] Safepoint "Cleanup", Time since last: 5000382485 ns, Reaching safepoint: 50801 ns, At safepoint: 5200 ns, Total: 56001 ns
[1630.204s][info ][gc,start       ] GC(148) Pause Young (Allocation Failure)
[1630.208s][debug][gc,phases      ] GC(148) Scavenge 3.410ms
[1630.208s][debug][gc,ref         ] GC(148) Skipped phase 1 of Reference Processing: no references
[1630.208s][debug][gc,ref         ] GC(148) Skipped phase 3 of Reference Processing: no references
[1630.208s][debug][gc,phases      ] GC(148) Reference Processing 0.033ms
[1630.209s][debug][gc,phases      ] GC(148) Weak Processing 0.696ms
[1630.209s][debug][gc,age         ] GC(148) Desired survivor size 70254592 bytes, new threshold 15 (max threshold 15)
[1630.209s][info ][gc,heap        ] GC(148) PSYoungGen: 1963457K(2025984K)->10193K(2023936K) Eden: 1952768K(1952768K)->0K(1952768K) From: 10689K(73216K)->10193K(71168K)
[1630.209s][info ][gc,heap        ] GC(148) ParOldGen: 539629K(626176K)->539709K(626176K)
[1630.209s][info ][gc,metaspace   ] GC(148) Metaspace: 79655K(80448K)->79655K(80448K) NonClass: 68833K(69248K)->68833K(69248K) Class: 10821K(11200K)->10821K(11200K)
[1630.209s][info ][gc             ] GC(148) Pause Young (Allocation Failure) 2444M->537M(2588M) 4.304ms
[1630.209s][info ][gc,cpu         ] GC(148) User=0.01s Sys=0.00s Real=0.00s
[1630.209s][info ][safepoint      ] Safepoint "ParallelGCFailedAllocation", Time since last: 7192664548 ns, Reaching safepoint: 44301 ns, At safepoint: 4406076 ns, Total: 4450377 ns
[1631.209s][info ][safepoint      ] Safepoint "Cleanup", Time since last: 1000088017 ns, Reaching safepoint: 66801 ns, At safepoint: 7301 ns, Total: 74102 ns
[1633.209s][info ][safepoint      ] Safepoint "Cleanup", Time since last: 2000192235 ns, Reaching safepoint: 44601 ns, At safepoint: 3200 ns, Total: 47801 ns
[1636.210s][info ][safepoint      ] Safepoint "Cleanup", Time since last: 3000252652 ns, Reaching safepoint: 54801 ns, At safepoint: 5500 ns, Total: 60301 ns
[1638.210s][info ][safepoint      ] Safepoint "Cleanup", Time since last: 2000201536 ns, Reaching safepoint: 55501 ns, At safepoint: 3600 ns, Total: 59101 ns
[1639.210s][info ][safepoint      ] Safepoint "Cleanup", Time since last: 1000123018 ns, Reaching safepoint: 56301 ns, At safepoint: 12300 ns, Total: 68601 ns
[1646.211s][info ][safepoint      ] Safepoint "Cleanup", Time since last: 7000535723 ns, Reaching safepoint: 82301 ns, At safepoint: 5900 ns, Total: 88201 ns
[1657.211s][info ][safepoint      ] Safepoint "Cleanup", Time since last: 11000716993 ns, Reaching safepoint: 54301 ns, At safepoint: 3600 ns, Total: 57901 ns
[1658.212s][info ][safepoint      ] Safepoint "Cleanup", Time since last: 1000108018 ns, Reaching safepoint: 63001 ns, At safepoint: 4500 ns, Total: 67501 ns
[1663.212s][info ][safepoint      ] Safepoint "Cleanup", Time since last: 5000357389 ns, Reaching safepoint: 55001 ns, At safepoint: 10700 ns, Total: 65701 ns
[1664.801s][info ][gc,start       ] GC(149) Pause Young (Allocation Failure)
[1664.805s][debug][gc,phases      ] GC(149) Scavenge 3.495ms
[1664.805s][debug][gc,ref         ] GC(149) Skipped phase 1 of Reference Processing: no references
[1664.805s][debug][gc,ref         ] GC(149) Skipped phase 3 of Reference Processing: no references
[1664.805s][debug][gc,phases      ] GC(149) Reference Processing 0.025ms
[1664.805s][debug][gc,phases      ] GC(149) Weak Processing 0.597ms
[1664.805s][debug][gc,age         ] GC(149) Desired survivor size 68157440 bytes, new threshold 15 (max threshold 15)
[1664.805s][info ][gc,heap        ] GC(149) PSYoungGen: 1962961K(2023936K)->10177K(2030592K) Eden: 1952768K(1952768K)->0K(1961984K) From: 10193K(71168K)->10177K(68608K)
[1664.805s][info ][gc,heap        ] GC(149) ParOldGen: 539709K(626176K)->539845K(626176K)
[1664.805s][info ][gc,metaspace   ] GC(149) Metaspace: 79655K(80448K)->79655K(80448K) NonClass: 68833K(69248K)->68833K(69248K) Class: 10821K(11200K)->10821K(11200K)
[1664.805s][info ][gc             ] GC(149) Pause Young (Allocation Failure) 2444M->537M(2594M) 4.275ms
[1664.806s][info ][gc,cpu         ] GC(149) User=0.01s Sys=0.00s Real=0.01s
[1664.806s][info ][safepoint      ] Safepoint "ParallelGCFailedAllocation", Time since last: 1589133918 ns, Reaching safepoint: 32501 ns, At safepoint: 4344475 ns, Total: 4376976 ns
[1682.807s][info ][safepoint      ] Safepoint "Cleanup", Time since last: 18001154921 ns, Reaching safepoint: 121703 ns, At safepoint: 10800 ns, Total: 132503 ns
[1690.807s][info ][safepoint      ] Safepoint "Cleanup", Time since last: 8000587846 ns, Reaching safepoint: 49100 ns, At safepoint: 3201 ns, Total: 52301 ns
[1699.601s][info ][gc,start       ] GC(150) Pause Young (Allocation Failure)
[1699.604s][debug][gc,phases      ] GC(150) Scavenge 3.368ms
[1699.604s][debug][gc,ref         ] GC(150) Skipped phase 1 of Reference Processing: no references
[1699.604s][debug][gc,ref         ] GC(150) Skipped phase 3 of Reference Processing: no references
[1699.604s][debug][gc,phases      ] GC(150) Reference Processing 0.025ms
[1699.605s][debug][gc,phases      ] GC(150) Weak Processing 0.560ms
[1699.605s][debug][gc,age         ] GC(150) Desired survivor size 65536000 bytes, new threshold 15 (max threshold 15)
[1699.605s][info ][gc,heap        ] GC(150) PSYoungGen: 1972161K(2030592K)->8785K(2028544K) Eden: 1961984K(1961984K)->0K(1961984K) From: 10177K(68608K)->8785K(66560K)
[1699.605s][info ][gc,heap        ] GC(150) ParOldGen: 539845K(626176K)->541602K(626176K)
[1699.605s][info ][gc,metaspace   ] GC(150) Metaspace: 79655K(80448K)->79655K(80448K) NonClass: 68833K(69248K)->68833K(69248K) Class: 10821K(11200K)->10821K(11200K)
[1699.605s][info ][gc             ] GC(150) Pause Young (Allocation Failure) 2453M->537M(2592M) 4.090ms
[1699.605s][info ][gc,cpu         ] GC(150) User=0.02s Sys=0.00s Real=0.01s
[1699.605s][info ][safepoint      ] Safepoint "ParallelGCFailedAllocation", Time since last: 8793300474 ns, Reaching safepoint: 45301 ns, At safepoint: 4172172 ns, Total: 4217473 ns
[1704.606s][info ][safepoint      ] Safepoint "Cleanup", Time since last: 5000367993 ns, Reaching safepoint: 150902 ns, At safepoint: 10600 ns, Total: 161502 ns
[1727.607s][info ][safepoint      ] Safepoint "Cleanup", Time since last: 23001516428 ns, Reaching safepoint: 51801 ns, At safepoint: 3200 ns, Total: 55001 ns
[1729.607s][info ][safepoint      ] Safepoint "Cleanup", Time since last: 2000173738 ns, Reaching safepoint: 48901 ns, At safepoint: 2500 ns, Total: 51401 ns
[1734.601s][info ][gc,start       ] GC(151) Pause Young (Allocation Failure)
[1734.604s][debug][gc,phases      ] GC(151) Scavenge 3.037ms
[1734.604s][debug][gc,ref         ] GC(151) Skipped phase 1 of Reference Processing: no references
[1734.604s][debug][gc,ref         ] GC(151) Skipped phase 3 of Reference Processing: no references
[1734.604s][debug][gc,phases      ] GC(151) Reference Processing 0.022ms
[1734.604s][debug][gc,phases      ] GC(151) Weak Processing 0.527ms
[1734.604s][debug][gc,age         ] GC(151) Desired survivor size 62914560 bytes, new threshold 15 (max threshold 15)
[1734.604s][info ][gc,heap        ] GC(151) PSYoungGen: 1970769K(2028544K)->8641K(2035712K) Eden: 1961984K(1961984K)->0K(1971712K) From: 8785K(66560K)->8641K(64000K)
[1734.604s][info ][gc,heap        ] GC(151) ParOldGen: 541602K(626176K)->541658K(626176K)
[1734.604s][info ][gc,metaspace   ] GC(151) Metaspace: 79656K(80448K)->79656K(80448K) NonClass: 68835K(69248K)->68835K(69248K) Class: 10821K(11200K)->10821K(11200K)
[1734.604s][info ][gc             ] GC(151) Pause Young (Allocation Failure) 2453M->537M(2599M) 3.739ms
[1734.605s][info ][gc,cpu         ] GC(151) User=0.01s Sys=0.00s Real=0.01s
[1734.605s][info ][safepoint      ] Safepoint "ParallelGCFailedAllocation", Time since last: 4993332773 ns, Reaching safepoint: 82501 ns, At safepoint: 3816666 ns, Total: 3899167 ns
[1737.605s][info ][safepoint      ] Safepoint "Cleanup", Time since last: 3000230958 ns, Reaching safepoint: 118402 ns, At safepoint: 9200 ns, Total: 127602 ns
[1769.504s][info ][gc,start       ] GC(152) Pause Young (Allocation Failure)
[1769.507s][debug][gc,phases      ] GC(152) Scavenge 2.871ms
[1769.507s][debug][gc,ref         ] GC(152) Skipped phase 1 of Reference Processing: no references
[1769.507s][debug][gc,ref         ] GC(152) Skipped phase 3 of Reference Processing: no references
[1769.507s][debug][gc,phases      ] GC(152) Reference Processing 0.022ms
[1769.507s][debug][gc,phases      ] GC(152) Weak Processing 0.553ms
[1769.507s][debug][gc,age         ] GC(152) Desired survivor size 60817408 bytes, new threshold 15 (max threshold 15)
[1769.507s][info ][gc,heap        ] GC(152) PSYoungGen: 1980353K(2035712K)->6464K(2033152K) Eden: 1971712K(1971712K)->0K(1971712K) From: 8641K(64000K)->6464K(61440K)
[1769.507s][info ][gc,heap        ] GC(152) ParOldGen: 541658K(626176K)->543563K(626176K)
[1769.507s][info ][gc,metaspace   ] GC(152) Metaspace: 79656K(80448K)->79656K(80448K) NonClass: 68835K(69248K)->68835K(69248K) Class: 10821K(11200K)->10821K(11200K)
[1769.507s][info ][gc             ] GC(152) Pause Young (Allocation Failure) 2462M->537M(2597M) 3.599ms
[1769.507s][info ][gc,cpu         ] GC(152) User=0.01s Sys=0.00s Real=0.00s
[1769.507s][info ][safepoint      ] Safepoint "ParallelGCFailedAllocation", Time since last: 31898747823 ns, Reaching safepoint: 72801 ns, At safepoint: 3681064 ns, Total: 3753865 ns
[1771.508s][info ][safepoint      ] Safepoint "Cleanup", Time since last: 2000165940 ns, Reaching safepoint: 116502 ns, At safepoint: 11000 ns, Total: 127502 ns
[1772.508s][info ][safepoint      ] Safepoint "Cleanup", Time since last: 1000115820 ns, Reaching safepoint: 47201 ns, At safepoint: 6200 ns, Total: 53401 ns
[1776.407s][info ][safepoint      ] Safepoint "Cleanup", Time since last: 3898945023 ns, Reaching safepoint: 124602 ns, At safepoint: 10001 ns, Total: 134603 ns
[1781.407s][info ][safepoint      ] Safepoint "Cleanup", Time since last: 5000381398 ns, Reaching safepoint: 50201 ns, At safepoint: 5300 ns, Total: 55501 ns
[1804.807s][info ][gc,start       ] GC(153) Pause Young (Allocation Failure)
[1804.810s][debug][gc,phases      ] GC(153) Scavenge 2.798ms
[1804.810s][debug][gc,ref         ] GC(153) Skipped phase 1 of Reference Processing: no references
[1804.810s][debug][gc,ref         ] GC(153) Skipped phase 3 of Reference Processing: no references
[1804.810s][debug][gc,phases      ] GC(153) Reference Processing 0.028ms
[1804.811s][debug][gc,phases      ] GC(153) Weak Processing 0.736ms
[1804.811s][debug][gc,age         ] GC(153) Desired survivor size 58720256 bytes, new threshold 15 (max threshold 15)
[1804.811s][info ][gc,heap        ] GC(153) PSYoungGen: 1978176K(2033152K)->6768K(2039808K) Eden: 1971712K(1971712K)->0K(1980416K) From: 6464K(61440K)->6768K(59392K)
[1804.811s][info ][gc,heap        ] GC(153) ParOldGen: 543563K(626176K)->543659K(626176K)
[1804.811s][info ][gc,metaspace   ] GC(153) Metaspace: 79662K(80448K)->79662K(80448K) NonClass: 68840K(69248K)->68840K(69248K) Class: 10821K(11200K)->10821K(11200K)
[1804.811s][info ][gc             ] GC(153) Pause Young (Allocation Failure) 2462M->537M(2603M) 3.731ms
[1804.811s][info ][gc,cpu         ] GC(153) User=0.01s Sys=0.00s Real=0.00s
[1804.811s][info ][safepoint      ] Safepoint "ParallelGCFailedAllocation", Time since last: 23399642549 ns, Reaching safepoint: 75201 ns, At safepoint: 3827466 ns, Total: 3902667 ns
[1819.812s][info ][safepoint      ] Safepoint "Cleanup", Time since last: 15001035401 ns, Reaching safepoint: 54301 ns, At safepoint: 7800 ns, Total: 62101 ns
[1827.813s][info ][safepoint      ] Safepoint "Cleanup", Time since last: 8000580162 ns, Reaching safepoint: 78601 ns, At safepoint: 12401 ns, Total: 91002 ns
[1837.813s][info ][safepoint      ] Safepoint "Cleanup", Time since last: 10000615201 ns, Reaching safepoint: 58502 ns, At safepoint: 7400 ns, Total: 65902 ns
[1839.202s][info ][gc,start       ] GC(154) Pause Young (Allocation Failure)
[1839.205s][debug][gc,phases      ] GC(154) Scavenge 2.674ms
[1839.205s][debug][gc,ref         ] GC(154) Skipped phase 1 of Reference Processing: no references
[1839.205s][debug][gc,ref         ] GC(154) Skipped phase 3 of Reference Processing: no references
[1839.205s][debug][gc,phases      ] GC(154) Reference Processing 0.021ms
[1839.206s][debug][gc,phases      ] GC(154) Weak Processing 0.508ms
[1839.206s][debug][gc,age         ] GC(154) Desired survivor size 56098816 bytes, new threshold 15 (max threshold 15)
[1839.206s][info ][gc,heap        ] GC(154) PSYoungGen: 1987184K(2039808K)->6560K(2037760K) Eden: 1980416K(1980416K)->0K(1980416K) From: 6768K(59392K)->6560K(57344K)
[1839.206s][info ][gc,heap        ] GC(154) ParOldGen: 543659K(626176K)->543735K(626176K)
[1839.206s][info ][gc,metaspace   ] GC(154) Metaspace: 79664K(80448K)->79664K(80448K) NonClass: 68843K(69248K)->68843K(69248K) Class: 10821K(11200K)->10821K(11200K)
[1839.206s][info ][gc             ] GC(154) Pause Young (Allocation Failure) 2471M->537M(2601M) 3.336ms
[1839.206s][info ][gc,cpu         ] GC(154) User=0.01s Sys=0.00s Real=0.00s
[1839.206s][info ][safepoint      ] Safepoint "ParallelGCFailedAllocation", Time since last: 1388888054 ns, Reaching safepoint: 47201 ns, At safepoint: 3430859 ns, Total: 3478060 ns
[1853.207s][info ][safepoint      ] Safepoint "Cleanup", Time since last: 14000924886 ns, Reaching safepoint: 120302 ns, At safepoint: 8400 ns, Total: 128702 ns
[1854.207s][info ][safepoint      ] Safepoint "Cleanup", Time since last: 1000108822 ns, Reaching safepoint: 107302 ns, At safepoint: 7600 ns, Total: 114902 ns
[1861.208s][info ][safepoint      ] Safepoint "Cleanup", Time since last: 7000474444 ns, Reaching safepoint: 63001 ns, At safepoint: 2900 ns, Total: 65901 ns
[1868.208s][info ][safepoint      ] Safepoint "Cleanup", Time since last: 7000504845 ns, Reaching safepoint: 60801 ns, At safepoint: 6300 ns, Total: 67101 ns
[1874.453s][info ][gc,start       ] GC(155) Pause Young (Allocation Failure)
[1874.455s][debug][gc,phases      ] GC(155) Scavenge 2.906ms
[1874.456s][debug][gc,ref         ] GC(155) Skipped phase 1 of Reference Processing: no references
[1874.456s][debug][gc,ref         ] GC(155) Skipped phase 3 of Reference Processing: no references
[1874.456s][debug][gc,phases      ] GC(155) Reference Processing 0.022ms
[1874.456s][debug][gc,phases      ] GC(155) Weak Processing 0.532ms
[1874.456s][debug][gc,age         ] GC(155) Desired survivor size 54001664 bytes, new threshold 15 (max threshold 15)
[1874.456s][info ][gc,heap        ] GC(155) PSYoungGen: 1986976K(2037760K)->5248K(2044416K) Eden: 1980416K(1980416K)->0K(1989632K) From: 6560K(57344K)->5248K(54784K)
[1874.456s][info ][gc,heap        ] GC(155) ParOldGen: 543735K(626176K)->545315K(626176K)
[1874.456s][info ][gc,metaspace   ] GC(155) Metaspace: 79664K(80448K)->79664K(80448K) NonClass: 68843K(69248K)->68843K(69248K) Class: 10821K(11200K)->10821K(11200K)
[1874.456s][info ][gc             ] GC(155) Pause Young (Allocation Failure) 2471M->537M(2608M) 3.569ms
[1874.456s][info ][gc,cpu         ] GC(155) User=0.02s Sys=0.00s Real=0.01s
[1874.456s][info ][safepoint      ] Safepoint "ParallelGCFailedAllocation", Time since last: 6244337650 ns, Reaching safepoint: 43901 ns, At safepoint: 3639363 ns, Total: 3683264 ns
[1884.458s][info ][safepoint      ] Safepoint "Cleanup", Time since last: 10002208835 ns, Reaching safepoint: 71401 ns, At safepoint: 4200 ns, Total: 75601 ns
[1886.462s][info ][safepoint      ] Safepoint "Cleanup", Time since last: 2003319697 ns, Reaching safepoint: 75901 ns, At safepoint: 9400 ns, Total: 85301 ns
[1902.463s][info ][safepoint      ] Safepoint "Cleanup", Time since last: 16001102537 ns, Reaching safepoint: 57401 ns, At safepoint: 3000 ns, Total: 60401 ns
[1906.463s][info ][safepoint      ] Safepoint "Cleanup", Time since last: 4000322086 ns, Reaching safepoint: 64601 ns, At safepoint: 4300 ns, Total: 68901 ns
[1909.153s][info ][gc,start       ] GC(156) Pause Young (Allocation Failure)
[1909.156s][debug][gc,phases      ] GC(156) Scavenge 2.641ms
[1909.156s][debug][gc,ref         ] GC(156) Skipped phase 1 of Reference Processing: no references
[1909.156s][debug][gc,ref         ] GC(156) Skipped phase 3 of Reference Processing: no references
[1909.156s][debug][gc,phases      ] GC(156) Reference Processing 0.021ms
[1909.156s][debug][gc,phases      ] GC(156) Weak Processing 0.581ms
[1909.156s][debug][gc,age         ] GC(156) Desired survivor size 51904512 bytes, new threshold 15 (max threshold 15)
[1909.156s][info ][gc,heap        ] GC(156) PSYoungGen: 1994880K(2044416K)->5264K(2042368K) Eden: 1989632K(1989632K)->0K(1989632K) From: 5248K(54784K)->5264K(52736K)
[1909.156s][info ][gc,heap        ] GC(156) ParOldGen: 545315K(626176K)->545436K(626176K)
[1909.156s][info ][gc,metaspace   ] GC(156) Metaspace: 79681K(80448K)->79681K(80448K) NonClass: 68859K(69248K)->68859K(69248K) Class: 10821K(11200K)->10821K(11200K)
[1909.156s][info ][gc             ] GC(156) Pause Young (Allocation Failure) 2480M->537M(2606M) 3.385ms
[1909.156s][info ][gc,cpu         ] GC(156) User=0.01s Sys=0.00s Real=0.01s
[1909.156s][info ][safepoint      ] Safepoint "ParallelGCFailedAllocation", Time since last: 2689422881 ns, Reaching safepoint: 46400 ns, At safepoint: 3465261 ns, Total: 3511661 ns
[1911.157s][info ][safepoint      ] Safepoint "Cleanup", Time since last: 2000152042 ns, Reaching safepoint: 53901 ns, At safepoint: 6100 ns, Total: 60001 ns
[1917.157s][info ][safepoint      ] Safepoint "Cleanup", Time since last: 6000406428 ns, Reaching safepoint: 143802 ns, At safepoint: 7300 ns, Total: 151102 ns
[1918.157s][info ][safepoint      ] Safepoint "Cleanup", Time since last: 1000102222 ns, Reaching safepoint: 53601 ns, At safepoint: 7300 ns, Total: 60901 ns
[1934.158s][info ][safepoint      ] Safepoint "Cleanup", Time since last: 16001064342 ns, Reaching safepoint: 52401 ns, At safepoint: 5800 ns, Total: 58201 ns
[1943.478s][info ][gc,start       ] GC(157) Pause Young (Allocation Failure)
[1943.481s][debug][gc,phases      ] GC(157) Scavenge 2.652ms
[1943.481s][debug][gc,ref         ] GC(157) Skipped phase 1 of Reference Processing: no references
[1943.481s][debug][gc,ref         ] GC(157) Skipped phase 3 of Reference Processing: no references
[1943.481s][debug][gc,phases      ] GC(157) Reference Processing 0.024ms
[1943.482s][debug][gc,phases      ] GC(157) Weak Processing 0.511ms
[1943.482s][debug][gc,age         ] GC(157) Desired survivor size 49283072 bytes, new threshold 15 (max threshold 15)
[1943.482s][info ][gc,heap        ] GC(157) PSYoungGen: 1994896K(2042368K)->5472K(2049024K) Eden: 1989632K(1989632K)->0K(1998336K) From: 5264K(52736K)->5472K(50688K)
[1943.482s][info ][gc,heap        ] GC(157) ParOldGen: 545436K(626176K)->545536K(626176K)
[1943.482s][info ][gc,metaspace   ] GC(157) Metaspace: 79682K(80448K)->79682K(80448K) NonClass: 68860K(69248K)->68860K(69248K) Class: 10821K(11200K)->10821K(11200K)
[1943.482s][info ][gc             ] GC(157) Pause Young (Allocation Failure) 2480M->538M(2612M) 3.323ms
[1943.482s][info ][gc,cpu         ] GC(157) User=0.01s Sys=0.00s Real=0.00s
[1943.482s][info ][safepoint      ] Safepoint "ParallelGCFailedAllocation", Time since last: 9319845623 ns, Reaching safepoint: 42800 ns, At safepoint: 3406959 ns, Total: 3449759 ns
[1967.483s][info ][safepoint      ] Safepoint "Cleanup", Time since last: 24001475018 ns, Reaching safepoint: 77401 ns, At safepoint: 2600 ns, Total: 80001 ns
[1969.483s][info ][safepoint      ] Safepoint "Cleanup", Time since last: 2000158644 ns, Reaching safepoint: 46701 ns, At safepoint: 3200 ns, Total: 49901 ns
[1977.904s][info ][gc,start       ] GC(158) Pause Young (Allocation Failure)
[1977.906s][debug][gc,phases      ] GC(158) Scavenge 2.663ms
[1977.906s][debug][gc,ref         ] GC(158) Skipped phase 1 of Reference Processing: no references
[1977.906s][debug][gc,ref         ] GC(158) Skipped phase 3 of Reference Processing: no references
[1977.906s][debug][gc,phases      ] GC(158) Reference Processing 0.028ms
[1977.907s][debug][gc,phases      ] GC(158) Weak Processing 0.577ms
[1977.907s][debug][gc,age         ] GC(158) Desired survivor size 47185920 bytes, new threshold 15 (max threshold 15)
[1977.907s][info ][gc,heap        ] GC(158) PSYoungGen: 2003808K(2049024K)->5360K(2046464K) Eden: 1998336K(1998336K)->0K(1998336K) From: 5472K(50688K)->5360K(48128K)
[1977.907s][info ][gc,heap        ] GC(158) ParOldGen: 545536K(626176K)->545608K(626176K)
[1977.907s][info ][gc,metaspace   ] GC(158) Metaspace: 79685K(80448K)->79685K(80448K) NonClass: 68863K(69248K)->68863K(69248K) Class: 10821K(11200K)->10821K(11200K)
[1977.907s][info ][gc             ] GC(158) Pause Young (Allocation Failure) 2489M->538M(2610M) 3.408ms
[1977.907s][info ][gc,cpu         ] GC(158) User=0.01s Sys=0.00s Real=0.00s
[1977.907s][info ][safepoint      ] Safepoint "ParallelGCFailedAllocation", Time since last: 8420113242 ns, Reaching safepoint: 50901 ns, At safepoint: 3485261 ns, Total: 3536162 ns
[1995.908s][info ][safepoint      ] Safepoint "Cleanup", Time since last: 18001172894 ns, Reaching safepoint: 46701 ns, At safepoint: 7500 ns, Total: 54201 ns
[1997.909s][info ][safepoint      ] Safepoint "Cleanup", Time since last: 2000156545 ns, Reaching safepoint: 93402 ns, At safepoint: 21000 ns, Total: 114402 ns
[1998.909s][info ][safepoint      ] Safepoint "Cleanup", Time since last: 1000125623 ns, Reaching safepoint: 58901 ns, At safepoint: 5900 ns, Total: 64801 ns
[2012.700s][info ][gc,start       ] GC(159) Pause Young (Allocation Failure)
[2012.702s][debug][gc,phases      ] GC(159) Scavenge 2.541ms
[2012.702s][debug][gc,ref         ] GC(159) Skipped phase 1 of Reference Processing: no references
[2012.702s][debug][gc,ref         ] GC(159) Skipped phase 3 of Reference Processing: no references
[2012.702s][debug][gc,phases      ] GC(159) Reference Processing 0.023ms
[2012.703s][debug][gc,phases      ] GC(159) Weak Processing 0.595ms
[2012.703s][debug][gc,age         ] GC(159) Desired survivor size 44564480 bytes, new threshold 15 (max threshold 15)
[2012.703s][info ][gc,heap        ] GC(159) PSYoungGen: 2003696K(2046464K)->5248K(2053632K) Eden: 1998336K(1998336K)->0K(2007552K) From: 5360K(48128K)->5248K(46080K)
[2012.703s][info ][gc,heap        ] GC(159) ParOldGen: 545608K(626176K)->545720K(626176K)
[2012.703s][info ][gc,metaspace   ] GC(159) Metaspace: 79685K(80448K)->79685K(80448K) NonClass: 68863K(69248K)->68863K(69248K) Class: 10821K(11200K)->10821K(11200K)
[2012.703s][info ][gc             ] GC(159) Pause Young (Allocation Failure) 2489M->538M(2617M) 3.282ms
[2012.703s][info ][gc,cpu         ] GC(159) User=0.01s Sys=0.00s Real=0.01s
[2012.703s][info ][safepoint      ] Safepoint "ParallelGCFailedAllocation", Time since last: 13790829171 ns, Reaching safepoint: 141902 ns, At safepoint: 3363359 ns, Total: 3505261 ns
[2014.703s][info ][safepoint      ] Safepoint "Cleanup", Time since last: 2000148744 ns, Reaching safepoint: 116602 ns, At safepoint: 8400 ns, Total: 125002 ns
[2026.704s][info ][safepoint      ] Safepoint "Cleanup", Time since last: 12000776767 ns, Reaching safepoint: 117002 ns, At safepoint: 9300 ns, Total: 126302 ns
[2043.705s][info ][safepoint      ] Safepoint "Cleanup", Time since last: 17001119281 ns, Reaching safepoint: 68301 ns, At safepoint: 4400 ns, Total: 72701 ns
[2047.602s][info ][gc,start       ] GC(160) Pause Young (Allocation Failure)
[2047.604s][debug][gc,phases      ] GC(160) Scavenge 2.136ms
[2047.604s][debug][gc,ref         ] GC(160) Skipped phase 1 of Reference Processing: no references
[2047.604s][debug][gc,ref         ] GC(160) Skipped phase 3 of Reference Processing: no references
[2047.604s][debug][gc,phases      ] GC(160) Reference Processing 0.024ms
[2047.605s][debug][gc,phases      ] GC(160) Weak Processing 0.579ms
[2047.605s][debug][gc,age         ] GC(160) Desired survivor size 42467328 bytes, new threshold 15 (max threshold 15)
[2047.605s][info ][gc,heap        ] GC(160) PSYoungGen: 2012800K(2053632K)->5088K(2051072K) Eden: 2007552K(2007552K)->0K(2007552K) From: 5248K(46080K)->5088K(43520K)
[2047.605s][info ][gc,heap        ] GC(160) ParOldGen: 545720K(626176K)->545912K(626176K)
[2047.605s][info ][gc,metaspace   ] GC(160) Metaspace: 79690K(80448K)->79690K(80448K) NonClass: 68868K(69248K)->68868K(69248K) Class: 10821K(11200K)->10821K(11200K)
[2047.605s][info ][gc             ] GC(160) Pause Young (Allocation Failure) 2498M->538M(2614M) 2.880ms
[2047.605s][info ][gc,cpu         ] GC(160) User=0.01s Sys=0.00s Real=0.00s
[2047.605s][info ][safepoint      ] Safepoint "ParallelGCFailedAllocation", Time since last: 3896200887 ns, Reaching safepoint: 43101 ns, At safepoint: 2954751 ns, Total: 2997852 ns
[2050.605s][info ][safepoint      ] Safepoint "Cleanup", Time since last: 3000598075 ns, Reaching safepoint: 57501 ns, At safepoint: 4200 ns, Total: 61701 ns
[2082.454s][info ][gc,start       ] GC(161) Pause Young (Allocation Failure)
[2082.456s][debug][gc,phases      ] GC(161) Scavenge 2.185ms
[2082.456s][debug][gc,ref         ] GC(161) Skipped phase 1 of Reference Processing: no references
[2082.456s][debug][gc,ref         ] GC(161) Skipped phase 3 of Reference Processing: no references
[2082.456s][debug][gc,phases      ] GC(161) Reference Processing 0.022ms
[2082.457s][debug][gc,phases      ] GC(161) Weak Processing 0.528ms
[2082.457s][debug][gc,age         ] GC(161) Desired survivor size 40370176 bytes, new threshold 15 (max threshold 15)
[2082.457s][info ][gc,heap        ] GC(161) PSYoungGen: 2012640K(2051072K)->4768K(2057728K) Eden: 2007552K(2007552K)->0K(2016256K) From: 5088K(43520K)->4768K(41472K)
[2082.457s][info ][gc,heap        ] GC(161) ParOldGen: 545912K(626176K)->546072K(626176K)
[2082.457s][info ][gc,metaspace   ] GC(161) Metaspace: 79691K(80448K)->79691K(80448K) NonClass: 68869K(69248K)->68869K(69248K) Class: 10821K(11200K)->10821K(11200K)
[2082.457s][info ][gc             ] GC(161) Pause Young (Allocation Failure) 2498M->537M(2621M) 2.851ms
[2082.457s][info ][gc,cpu         ] GC(161) User=0.01s Sys=0.00s Real=0.00s
[2082.457s][info ][safepoint      ] Safepoint "ParallelGCFailedAllocation", Time since last: 31848331861 ns, Reaching safepoint: 59201 ns, At safepoint: 2922350 ns, Total: 2981551 ns
[2092.457s][info ][safepoint      ] Safepoint "Cleanup", Time since last: 10000631528 ns, Reaching safepoint: 47101 ns, At safepoint: 9200 ns, Total: 56301 ns
[2093.458s][info ][safepoint      ] Safepoint "Cleanup", Time since last: 1000107424 ns, Reaching safepoint: 48700 ns, At safepoint: 5801 ns, Total: 54501 ns
[2104.458s][info ][safepoint      ] Safepoint "Cleanup", Time since last: 11000729952 ns, Reaching safepoint: 78301 ns, At safepoint: 8100 ns, Total: 86401 ns
[2109.459s][info ][safepoint      ] Safepoint "Cleanup", Time since last: 5000365515 ns, Reaching safepoint: 45201 ns, At safepoint: 3900 ns, Total: 49101 ns
[2116.755s][info ][gc,start       ] GC(162) Pause Young (Allocation Failure)
[2116.757s][debug][gc,phases      ] GC(162) Scavenge 2.055ms
[2116.757s][debug][gc,ref         ] GC(162) Skipped phase 1 of Reference Processing: no references
[2116.757s][debug][gc,ref         ] GC(162) Skipped phase 3 of Reference Processing: no references
[2116.757s][debug][gc,ref         ] GC(162) Skipped phase 4 of Reference Processing: no references
[2116.757s][debug][gc,phases      ] GC(162) Reference Processing 0.023ms
[2116.757s][debug][gc,phases      ] GC(162) Weak Processing 0.514ms
[2116.757s][debug][gc,age         ] GC(162) Desired survivor size 38797312 bytes, new threshold 15 (max threshold 15)
[2116.757s][info ][gc,heap        ] GC(162) PSYoungGen: 2021024K(2057728K)->3200K(2055680K) Eden: 2016256K(2016256K)->0K(2016256K) From: 4768K(41472K)->3200K(39424K)
[2116.757s][info ][gc,heap        ] GC(162) ParOldGen: 546072K(626176K)->547794K(626176K)
[2116.757s][info ][gc,metaspace   ] GC(162) Metaspace: 79708K(80512K)->79708K(80512K) NonClass: 68886K(69312K)->68886K(69312K) Class: 10821K(11200K)->10821K(11200K)
[2116.757s][info ][gc             ] GC(162) Pause Young (Allocation Failure) 2506M->538M(2619M) 2.743ms
[2116.757s][info ][gc,cpu         ] GC(162) User=0.01s Sys=0.00s Real=0.00s
[2116.757s][info ][safepoint      ] Safepoint "ParallelGCFailedAllocation", Time since last: 7295880178 ns, Reaching safepoint: 49001 ns, At safepoint: 2830949 ns, Total: 2879950 ns
[2119.758s][info ][safepoint      ] Safepoint "Cleanup", Time since last: 3000176269 ns, Reaching safepoint: 65501 ns, At safepoint: 6300 ns, Total: 71801 ns
[2128.758s][info ][safepoint      ] Safepoint "Cleanup", Time since last: 9000606608 ns, Reaching safepoint: 50301 ns, At safepoint: 10000 ns, Total: 60301 ns
[2151.000s][info ][gc,start       ] GC(163) Pause Young (Allocation Failure)
[2151.002s][debug][gc,phases      ] GC(163) Scavenge 1.938ms
[2151.002s][debug][gc,ref         ] GC(163) Skipped phase 1 of Reference Processing: no references
[2151.002s][debug][gc,ref         ] GC(163) Skipped phase 3 of Reference Processing: no references
[2151.002s][debug][gc,phases      ] GC(163) Reference Processing 0.020ms
[2151.002s][debug][gc,phases      ] GC(163) Weak Processing 0.582ms
[2151.002s][debug][gc,age         ] GC(163) Desired survivor size 37224448 bytes, new threshold 15 (max threshold 15)
[2151.002s][info ][gc,heap        ] GC(163) PSYoungGen: 2019456K(2055680K)->2960K(2060800K) Eden: 2016256K(2016256K)->0K(2022912K) From: 3200K(39424K)->2960K(37888K)
[2151.002s][info ][gc,heap        ] GC(163) ParOldGen: 547794K(626176K)->548218K(626176K)
[2151.002s][info ][gc,metaspace   ] GC(163) Metaspace: 79710K(80512K)->79710K(80512K) NonClass: 68888K(69312K)->68888K(69312K) Class: 10821K(11200K)->10821K(11200K)
[2151.002s][info ][gc             ] GC(163) Pause Young (Allocation Failure) 2507M->538M(2624M) 2.650ms
[2151.002s][info ][gc,cpu         ] GC(163) User=0.00s Sys=0.01s Real=0.01s
[2151.002s][info ][safepoint      ] Safepoint "ParallelGCFailedAllocation", Time since last: 22241213464 ns, Reaching safepoint: 140102 ns, At safepoint: 2729248 ns, Total: 2869350 ns
[2153.003s][info ][safepoint      ] Safepoint "Cleanup", Time since last: 2000145546 ns, Reaching safepoint: 115402 ns, At safepoint: 8701 ns, Total: 124103 ns
[2172.004s][info ][safepoint      ] Safepoint "Cleanup", Time since last: 19001318444 ns, Reaching safepoint: 132503 ns, At safepoint: 10700 ns, Total: 143203 ns
[2180.005s][info ][safepoint      ] Safepoint "Cleanup", Time since last: 8000519687 ns, Reaching safepoint: 84602 ns, At safepoint: 6700 ns, Total: 91302 ns
[2185.304s][info ][gc,start       ] GC(164) Pause Young (Allocation Failure)
[2185.306s][debug][gc,phases      ] GC(164) Scavenge 1.868ms
[2185.306s][debug][gc,ref         ] GC(164) Skipped phase 1 of Reference Processing: no references
[2185.306s][debug][gc,ref         ] GC(164) Skipped phase 3 of Reference Processing: no references
[2185.306s][debug][gc,ref         ] GC(164) Skipped phase 4 of Reference Processing: no references
[2185.306s][debug][gc,phases      ] GC(164) Reference Processing 0.022ms
[2185.307s][debug][gc,phases      ] GC(164) Weak Processing 0.589ms
[2185.307s][debug][gc,age         ] GC(164) Desired survivor size 35127296 bytes, new threshold 15 (max threshold 15)
[2185.307s][info ][gc,heap        ] GC(164) PSYoungGen: 2025872K(2060800K)->2800K(2059264K) Eden: 2022912K(2022912K)->0K(2022912K) From: 2960K(37888K)->2800K(36352K)
[2185.307s][info ][gc,heap        ] GC(164) ParOldGen: 548218K(626176K)->548250K(626176K)
[2185.307s][info ][gc,metaspace   ] GC(164) Metaspace: 79712K(80512K)->79712K(80512K) NonClass: 68890K(69312K)->68890K(69312K) Class: 10821K(11200K)->10821K(11200K)
[2185.307s][info ][gc             ] GC(164) Pause Young (Allocation Failure) 2513M->538M(2622M) 2.602ms
[2185.307s][info ][gc,cpu         ] GC(164) User=0.01s Sys=0.00s Real=0.00s
[2185.307s][info ][safepoint      ] Safepoint "ParallelGCFailedAllocation", Time since last: 5299202294 ns, Reaching safepoint: 47701 ns, At safepoint: 2687147 ns, Total: 2734848 ns
[2188.307s][info ][safepoint      ] Safepoint "Cleanup", Time since last: 3000197270 ns, Reaching safepoint: 40101 ns, At safepoint: 3100 ns, Total: 43201 ns
[2189.307s][info ][safepoint      ] Safepoint "Cleanup", Time since last: 1000109024 ns, Reaching safepoint: 46201 ns, At safepoint: 3800 ns, Total: 50001 ns
[2193.308s][info ][safepoint      ] Safepoint "Cleanup", Time since last: 4000294495 ns, Reaching safepoint: 78201 ns, At safepoint: 8600 ns, Total: 86801 ns
[2210.309s][info ][safepoint      ] Safepoint "Cleanup", Time since last: 17001067701 ns, Reaching safepoint: 53100 ns, At safepoint: 6601 ns, Total: 59701 ns
[2215.309s][info ][safepoint      ] Safepoint "Cleanup", Time since last: 5000327418 ns, Reaching safepoint: 49401 ns, At safepoint: 3400 ns, Total: 52801 ns
[2217.309s][info ][safepoint      ] Safepoint "Cleanup", Time since last: 2000186648 ns, Reaching safepoint: 52301 ns, At safepoint: 11400 ns, Total: 63701 ns
[2220.850s][info ][gc,start       ] GC(165) Pause Young (Allocation Failure)
[2220.852s][debug][gc,phases      ] GC(165) Scavenge 1.842ms
[2220.852s][debug][gc,ref         ] GC(165) Skipped phase 1 of Reference Processing: no references
[2220.852s][debug][gc,ref         ] GC(165) Skipped phase 3 of Reference Processing: no references
[2220.852s][debug][gc,ref         ] GC(165) Skipped phase 4 of Reference Processing: no references
[2220.852s][debug][gc,phases      ] GC(165) Reference Processing 0.028ms
[2220.853s][debug][gc,phases      ] GC(165) Weak Processing 0.547ms
[2220.853s][debug][gc,age         ] GC(165) Desired survivor size 33554432 bytes, new threshold 15 (max threshold 15)
[2220.853s][info ][gc,heap        ] GC(165) PSYoungGen: 2025712K(2059264K)->2640K(2064384K) Eden: 2022912K(2022912K)->0K(2030080K) From: 2800K(36352K)->2640K(34304K)
[2220.853s][info ][gc,heap        ] GC(165) ParOldGen: 548250K(626176K)->548314K(626176K)
[2220.853s][info ][gc,metaspace   ] GC(165) Metaspace: 79712K(80512K)->79712K(80512K) NonClass: 68890K(69312K)->68890K(69312K) Class: 10821K(11200K)->10821K(11200K)
[2220.853s][info ][gc             ] GC(165) Pause Young (Allocation Failure) 2513M->538M(2627M) 2.538ms
[2220.853s][info ][gc,cpu         ] GC(165) User=0.00s Sys=0.00s Real=0.00s
[2220.853s][info ][safepoint      ] Safepoint "ParallelGCFailedAllocation", Time since last: 3540791136 ns, Reaching safepoint: 34100 ns, At safepoint: 2609046 ns, Total: 2643146 ns
[2252.855s][info ][safepoint      ] Safepoint "Cleanup", Time since last: 32002151862 ns, Reaching safepoint: 135003 ns, At safepoint: 5300 ns, Total: 140303 ns
[2254.855s][info ][safepoint      ] Safepoint "Cleanup", Time since last: 2000164548 ns, Reaching safepoint: 145203 ns, At safepoint: 13300 ns, Total: 158503 ns
[2255.999s][info ][gc,start       ] GC(166) Pause Young (Allocation Failure)
[2256.001s][debug][gc,phases      ] GC(166) Scavenge 1.822ms
[2256.001s][debug][gc,ref         ] GC(166) Skipped phase 1 of Reference Processing: no references
[2256.001s][debug][gc,ref         ] GC(166) Skipped phase 3 of Reference Processing: no references
[2256.001s][debug][gc,ref         ] GC(166) Skipped phase 4 of Reference Processing: no references
[2256.001s][debug][gc,phases      ] GC(166) Reference Processing 0.023ms
[2256.001s][debug][gc,phases      ] GC(166) Weak Processing 0.583ms
[2256.001s][debug][gc,age         ] GC(166) Desired survivor size 31981568 bytes, new threshold 15 (max threshold 15)
[2256.001s][info ][gc,heap        ] GC(166) PSYoungGen: 2032720K(2064384K)->2592K(2062848K) Eden: 2030080K(2030080K)->0K(2030080K) From: 2640K(34304K)->2592K(32768K)
[2256.001s][info ][gc,heap        ] GC(166) ParOldGen: 548314K(626176K)->548346K(626176K)
[2256.001s][info ][gc,metaspace   ] GC(166) Metaspace: 79713K(80512K)->79713K(80512K) NonClass: 68891K(69312K)->68891K(69312K) Class: 10821K(11200K)->10821K(11200K)
[2256.002s][info ][gc             ] GC(166) Pause Young (Allocation Failure) 2520M->538M(2626M) 2.560ms
[2256.002s][info ][gc,cpu         ] GC(166) User=0.01s Sys=0.00s Real=0.00s
[2256.002s][info ][safepoint      ] Safepoint "ParallelGCFailedAllocation", Time since last: 1143523209 ns, Reaching safepoint: 28600 ns, At safepoint: 2628246 ns, Total: 2656846 ns
[2262.002s][info ][safepoint      ] Safepoint "Cleanup", Time since last: 6000430044 ns, Reaching safepoint: 118902 ns, At safepoint: 7700 ns, Total: 126602 ns
[2278.003s][info ][safepoint      ] Safepoint "Cleanup", Time since last: 16000979983 ns, Reaching safepoint: 124502 ns, At safepoint: 15300 ns, Total: 139802 ns
[2279.003s][info ][safepoint      ] Safepoint "Cleanup", Time since last: 1000110425 ns, Reaching safepoint: 119602 ns, At safepoint: 9700 ns, Total: 129302 ns
[2290.004s][info ][safepoint      ] Safepoint "Cleanup", Time since last: 11000731965 ns, Reaching safepoint: 149203 ns, At safepoint: 8600 ns, Total: 157803 ns
[2290.903s][info ][gc,start       ] GC(167) Pause Young (Allocation Failure)
[2290.904s][debug][gc,phases      ] GC(167) Scavenge 1.654ms
[2290.904s][debug][gc,ref         ] GC(167) Skipped phase 1 of Reference Processing: no references
[2290.904s][debug][gc,ref         ] GC(167) Skipped phase 3 of Reference Processing: no references
[2290.904s][debug][gc,ref         ] GC(167) Skipped phase 4 of Reference Processing: no references
[2290.904s][debug][gc,phases      ] GC(167) Reference Processing 0.022ms
[2290.905s][debug][gc,phases      ] GC(167) Weak Processing 0.511ms
[2290.905s][debug][gc,age         ] GC(167) Desired survivor size 30408704 bytes, new threshold 15 (max threshold 15)
[2290.905s][info ][gc,heap        ] GC(167) PSYoungGen: 2032672K(2062848K)->2624K(2067456K) Eden: 2030080K(2030080K)->0K(2036224K) From: 2592K(32768K)->2624K(31232K)
[2290.905s][info ][gc,heap        ] GC(167) ParOldGen: 548346K(626176K)->548370K(626176K)
[2290.905s][info ][gc,metaspace   ] GC(167) Metaspace: 79715K(80512K)->79715K(80512K) NonClass: 68893K(69312K)->68893K(69312K) Class: 10821K(11200K)->10821K(11200K)
[2290.905s][info ][gc             ] GC(167) Pause Young (Allocation Failure) 2520M->538M(2630M) 2.303ms
[2290.905s][info ][gc,cpu         ] GC(167) User=0.00s Sys=0.00s Real=0.00s
[2290.905s][info ][safepoint      ] Safepoint "ParallelGCFailedAllocation", Time since last: 898319462 ns, Reaching safepoint: 30100 ns, At safepoint: 2380341 ns, Total: 2410441 ns
[2302.906s][info ][safepoint      ] Safepoint "Cleanup", Time since last: 12000749389 ns, Reaching safepoint: 42001 ns, At safepoint: 2500 ns, Total: 44501 ns
[2309.906s][info ][safepoint      ] Safepoint "Cleanup", Time since last: 7000450369 ns, Reaching safepoint: 45201 ns, At safepoint: 2400 ns, Total: 47601 ns
[2310.907s][info ][safepoint      ] Safepoint "Cleanup", Time since last: 1000104225 ns, Reaching safepoint: 30600 ns, At safepoint: 2900 ns, Total: 33500 ns
[2326.955s][info ][gc,start       ] GC(168) Pause Young (Allocation Failure)
[2326.957s][debug][gc,phases      ] GC(168) Scavenge 1.713ms
[2326.957s][debug][gc,ref         ] GC(168) Skipped phase 1 of Reference Processing: no references
[2326.957s][debug][gc,ref         ] GC(168) Skipped phase 3 of Reference Processing: no references
[2326.957s][debug][gc,ref         ] GC(168) Skipped phase 4 of Reference Processing: no references
[2326.957s][debug][gc,phases      ] GC(168) Reference Processing 0.022ms
[2326.957s][debug][gc,phases      ] GC(168) Weak Processing 0.590ms
[2326.957s][debug][gc,age         ] GC(168) Desired survivor size 28835840 bytes, new threshold 15 (max threshold 15)
[2326.957s][info ][gc,heap        ] GC(168) PSYoungGen: 2038848K(2067456K)->2352K(2065920K) Eden: 2036224K(2036224K)->0K(2036224K) From: 2624K(31232K)->2352K(29696K)
[2326.957s][info ][gc,heap        ] GC(168) ParOldGen: 548370K(626176K)->548446K(626176K)
[2326.957s][info ][gc,metaspace   ] GC(168) Metaspace: 79715K(80512K)->79715K(80512K) NonClass: 68893K(69312K)->68893K(69312K) Class: 10821K(11200K)->10821K(11200K)
[2326.957s][info ][gc             ] GC(168) Pause Young (Allocation Failure) 2526M->537M(2629M) 2.433ms
[2326.957s][info ][gc,cpu         ] GC(168) User=0.01s Sys=0.00s Real=0.00s
[2326.957s][info ][safepoint      ] Safepoint "ParallelGCFailedAllocation", Time since last: 16048250106 ns, Reaching safepoint: 51701 ns, At safepoint: 2498843 ns, Total: 2550544 ns
[2354.960s][info ][safepoint      ] Safepoint "Cleanup", Time since last: 28003048903 ns, Reaching safepoint: 77501 ns, At safepoint: 8100 ns, Total: 85601 ns
[2363.103s][info ][gc,start       ] GC(169) Pause Young (Allocation Failure)
[2363.105s][debug][gc,phases      ] GC(169) Scavenge 1.642ms
[2363.105s][debug][gc,ref         ] GC(169) Skipped phase 1 of Reference Processing: no references
[2363.105s][debug][gc,ref         ] GC(169) Skipped phase 3 of Reference Processing: no references
[2363.105s][debug][gc,ref         ] GC(169) Skipped phase 4 of Reference Processing: no references
[2363.105s][debug][gc,phases      ] GC(169) Reference Processing 0.023ms
[2363.105s][debug][gc,phases      ] GC(169) Weak Processing 0.540ms
[2363.105s][debug][gc,age         ] GC(169) Desired survivor size 27262976 bytes, new threshold 15 (max threshold 15)
[2363.105s][info ][gc,heap        ] GC(169) PSYoungGen: 2038576K(2065920K)->2560K(2070528K) Eden: 2036224K(2036224K)->0K(2042368K) From: 2352K(29696K)->2560K(28160K)
[2363.105s][info ][gc,heap        ] GC(169) ParOldGen: 548446K(626176K)->548486K(626176K)
[2363.105s][info ][gc,metaspace   ] GC(169) Metaspace: 79715K(80512K)->79715K(80512K) NonClass: 68893K(69312K)->68893K(69312K) Class: 10821K(11200K)->10821K(11200K)
[2363.105s][info ][gc             ] GC(169) Pause Young (Allocation Failure) 2526M->538M(2633M) 2.322ms
[2363.105s][info ][gc,cpu         ] GC(169) User=0.00s Sys=0.00s Real=0.00s
[2363.105s][info ][safepoint      ] Safepoint "ParallelGCFailedAllocation", Time since last: 8142582457 ns, Reaching safepoint: 29700 ns, At safepoint: 2389242 ns, Total: 2418942 ns
[2399.449s][info ][gc,start       ] GC(170) Pause Young (Allocation Failure)
[2399.451s][debug][gc,phases      ] GC(170) Scavenge 1.717ms
[2399.451s][debug][gc,ref         ] GC(170) Skipped phase 1 of Reference Processing: no references
[2399.451s][debug][gc,ref         ] GC(170) Skipped phase 3 of Reference Processing: no references
[2399.451s][debug][gc,ref         ] GC(170) Skipped phase 4 of Reference Processing: no references
[2399.451s][debug][gc,phases      ] GC(170) Reference Processing 0.021ms
[2399.452s][debug][gc,phases      ] GC(170) Weak Processing 0.560ms
[2399.452s][debug][gc,age         ] GC(170) Desired survivor size 25690112 bytes, new threshold 15 (max threshold 15)
[2399.452s][info ][gc,heap        ] GC(170) PSYoungGen: 2044928K(2070528K)->2464K(2068992K) Eden: 2042368K(2042368K)->0K(2042368K) From: 2560K(28160K)->2464K(26624K)
[2399.452s][info ][gc,heap        ] GC(170) ParOldGen: 548486K(626176K)->548530K(626176K)
[2399.452s][info ][gc,metaspace   ] GC(170) Metaspace: 79715K(80512K)->79715K(80512K) NonClass: 68893K(69312K)->68893K(69312K) Class: 10821K(11200K)->10821K(11200K)
[2399.452s][info ][gc             ] GC(170) Pause Young (Allocation Failure) 2532M->538M(2632M) 2.410ms
[2399.452s][info ][gc,cpu         ] GC(170) User=0.01s Sys=0.00s Real=0.00s
[2399.452s][info ][safepoint      ] Safepoint "ParallelGCFailedAllocation", Time since last: 36343675096 ns, Reaching safepoint: 57301 ns, At safepoint: 2482543 ns, Total: 2539844 ns
[2409.452s][info ][safepoint      ] Safepoint "Cleanup", Time since last: 10000598127 ns, Reaching safepoint: 150204 ns, At safepoint: 12500 ns, Total: 162704 ns
[2419.453s][info ][safepoint      ] Safepoint "Cleanup", Time since last: 10000703188 ns, Reaching safepoint: 120602 ns, At safepoint: 9101 ns, Total: 129703 ns
[2434.152s][info ][gc,start       ] GC(171) Pause Young (Allocation Failure)
[2434.154s][debug][gc,phases      ] GC(171) Scavenge 1.878ms
[2434.154s][debug][gc,ref         ] GC(171) Skipped phase 1 of Reference Processing: no references
[2434.154s][debug][gc,ref         ] GC(171) Skipped phase 3 of Reference Processing: no references
[2434.154s][debug][gc,phases      ] GC(171) Reference Processing 0.020ms
[2434.155s][debug][gc,phases      ] GC(171) Weak Processing 0.515ms
[2434.155s][debug][gc,age         ] GC(171) Desired survivor size 24117248 bytes, new threshold 15 (max threshold 15)
[2434.155s][info ][gc,heap        ] GC(171) PSYoungGen: 2044832K(2068992K)->2752K(2073600K) Eden: 2042368K(2042368K)->0K(2048512K) From: 2464K(26624K)->2752K(25088K)
[2434.155s][info ][gc,heap        ] GC(171) ParOldGen: 548530K(626176K)->548594K(626176K)
[2434.155s][info ][gc,metaspace   ] GC(171) Metaspace: 79721K(80512K)->79721K(80512K) NonClass: 68899K(69312K)->68899K(69312K) Class: 10821K(11200K)->10821K(11200K)
[2434.155s][info ][gc             ] GC(171) Pause Young (Allocation Failure) 2532M->538M(2636M) 2.554ms
[2434.155s][info ][gc,cpu         ] GC(171) User=0.01s Sys=0.00s Real=0.01s
[2434.155s][info ][safepoint      ] Safepoint "ParallelGCFailedAllocation", Time since last: 14698746073 ns, Reaching safepoint: 55501 ns, At safepoint: 2633254 ns, Total: 2688755 ns
[2436.155s][info ][safepoint      ] Safepoint "Cleanup", Time since last: 2000152317 ns, Reaching safepoint: 124703 ns, At safepoint: 11300 ns, Total: 136003 ns
[2449.156s][info ][safepoint      ] Safepoint "Cleanup", Time since last: 13000796302 ns, Reaching safepoint: 49201 ns, At safepoint: 6100 ns, Total: 55301 ns
[2450.156s][info ][safepoint      ] Safepoint "Cleanup", Time since last: 1000112135 ns, Reaching safepoint: 52501 ns, At safepoint: 5300 ns, Total: 57801 ns
[2453.156s][info ][safepoint      ] Safepoint "Cleanup", Time since last: 3000230371 ns, Reaching safepoint: 53102 ns, At safepoint: 8400 ns, Total: 61502 ns
[2455.157s][info ][safepoint      ] Safepoint "Cleanup", Time since last: 2000187123 ns, Reaching safepoint: 133102 ns, At safepoint: 13501 ns, Total: 146603 ns
[2456.157s][info ][safepoint      ] Safepoint "Cleanup", Time since last: 1000113204 ns, Reaching safepoint: 52901 ns, At safepoint: 8400 ns, Total: 61301 ns
[2457.157s][info ][safepoint      ] Safepoint "Cleanup", Time since last: 1000124600 ns, Reaching safepoint: 136003 ns, At safepoint: 8600 ns, Total: 144603 ns
[2459.157s][info ][safepoint      ] Safepoint "Cleanup", Time since last: 2000178783 ns, Reaching safepoint: 50801 ns, At safepoint: 8400 ns, Total: 59201 ns
[2461.158s][info ][safepoint      ] Safepoint "Cleanup", Time since last: 2000187163 ns, Reaching safepoint: 117102 ns, At safepoint: 8800 ns, Total: 125902 ns
[2463.158s][info ][safepoint      ] Safepoint "Cleanup", Time since last: 2000195544 ns, Reaching safepoint: 132503 ns, At safepoint: 10600 ns, Total: 143103 ns
[2465.158s][info ][safepoint      ] Safepoint "Cleanup", Time since last: 2000176123 ns, Reaching safepoint: 49101 ns, At safepoint: 2800 ns, Total: 51901 ns
[2466.471s][info ][gc,start       ] GC(172) Pause Young (Allocation Failure)
[2466.478s][debug][gc,phases      ] GC(172) Scavenge 6.975ms
[2466.478s][debug][gc,ref         ] GC(172) Skipped phase 1 of Reference Processing: no references
[2466.478s][debug][gc,ref         ] GC(172) Skipped phase 3 of Reference Processing: no references
[2466.478s][debug][gc,phases      ] GC(172) Reference Processing 0.031ms
[2466.479s][debug][gc,phases      ] GC(172) Weak Processing 0.775ms
[2466.479s][debug][gc,age         ] GC(172) Desired survivor size 22544384 bytes, new threshold 15 (max threshold 15)
[2466.479s][info ][gc,heap        ] GC(172) PSYoungGen: 2051264K(2073600K)->3072K(2072064K) Eden: 2048512K(2048512K)->0K(2048512K) From: 2752K(25088K)->3072K(23552K)
[2466.479s][info ][gc,heap        ] GC(172) ParOldGen: 548594K(626176K)->548626K(626176K)
[2466.479s][info ][gc,metaspace   ] GC(172) Metaspace: 79750K(80512K)->79750K(80512K) NonClass: 68928K(69312K)->68928K(69312K) Class: 10822K(11200K)->10822K(11200K)
[2466.479s][info ][gc             ] GC(172) Pause Young (Allocation Failure) 2538M->538M(2635M) 7.982ms
[2466.479s][info ][gc,cpu         ] GC(172) User=0.01s Sys=0.00s Real=0.01s
[2466.479s][info ][safepoint      ] Safepoint "ParallelGCFailedAllocation", Time since last: 1312438510 ns, Reaching safepoint: 51001 ns, At safepoint: 8100365 ns, Total: 8151366 ns
[2469.479s][info ][safepoint      ] Safepoint "Cleanup", Time since last: 3000244328 ns, Reaching safepoint: 60101 ns, At safepoint: 7200 ns, Total: 67301 ns
[2477.480s][info ][safepoint      ] Safepoint "Cleanup", Time since last: 8000675828 ns, Reaching safepoint: 90502 ns, At safepoint: 4100 ns, Total: 94602 ns
[2482.480s][info ][safepoint      ] Safepoint "Cleanup", Time since last: 5000380223 ns, Reaching safepoint: 68201 ns, At safepoint: 8401 ns, Total: 76602 ns
[2483.481s][info ][safepoint      ] Safepoint "Cleanup", Time since last: 1000122271 ns, Reaching safepoint: 73501 ns, At safepoint: 8000 ns, Total: 81501 ns
[2486.481s][info ][safepoint      ] Safepoint "Cleanup", Time since last: 3000262083 ns, Reaching safepoint: 64302 ns, At safepoint: 8900 ns, Total: 73202 ns
[2490.481s][info ][safepoint      ] Safepoint "Cleanup", Time since last: 4000350778 ns, Reaching safepoint: 61001 ns, At safepoint: 2900 ns, Total: 63901 ns
[2496.895s][info ][safepoint      ] Safepoint "Cleanup", Time since last: 6413583373 ns, Reaching safepoint: 48401 ns, At safepoint: 7700 ns, Total: 56101 ns
[2497.895s][info ][safepoint      ] Safepoint "Cleanup", Time since last: 1000113103 ns, Reaching safepoint: 53101 ns, At safepoint: 12001 ns, Total: 65102 ns
[2499.406s][info ][gc,start       ] GC(173) Pause Young (Allocation Failure)
[2499.408s][debug][gc,phases      ] GC(173) Scavenge 2.014ms
[2499.408s][debug][gc,ref         ] GC(173) Skipped phase 1 of Reference Processing: no references
[2499.408s][debug][gc,ref         ] GC(173) Skipped phase 3 of Reference Processing: no references
[2499.409s][debug][gc,phases      ] GC(173) Reference Processing 0.021ms
[2499.409s][debug][gc,phases      ] GC(173) Weak Processing 0.589ms
[2499.409s][debug][gc,age         ] GC(173) Desired survivor size 21495808 bytes, new threshold 15 (max threshold 15)
[2499.409s][info ][gc,heap        ] GC(173) PSYoungGen: 2051584K(2072064K)->3120K(2076160K) Eden: 2048512K(2048512K)->0K(2054144K) From: 3072K(23552K)->3120K(22016K)
[2499.409s][info ][gc,heap        ] GC(173) ParOldGen: 548626K(626176K)->548666K(626176K)
[2499.409s][info ][gc,metaspace   ] GC(173) Metaspace: 79756K(80576K)->79756K(80576K) NonClass: 68934K(69376K)->68934K(69376K) Class: 10822K(11200K)->10822K(11200K)
[2499.409s][info ][gc             ] GC(173) Pause Young (Allocation Failure) 2539M->538M(2639M) 2.770ms
[2499.409s][info ][gc,cpu         ] GC(173) User=0.01s Sys=0.00s Real=0.00s
[2499.409s][info ][safepoint      ] Safepoint "ParallelGCFailedAllocation", Time since last: 1511238019 ns, Reaching safepoint: 28001 ns, At safepoint: 2854557 ns, Total: 2882558 ns
[2501.409s][info ][safepoint      ] Safepoint "Cleanup", Time since last: 2000169578 ns, Reaching safepoint: 73902 ns, At safepoint: 7500 ns, Total: 81402 ns
[2504.410s][info ][safepoint      ] Safepoint "Cleanup", Time since last: 3000232232 ns, Reaching safepoint: 140503 ns, At safepoint: 8800 ns, Total: 149303 ns
[2506.410s][info ][safepoint      ] Safepoint "Cleanup", Time since last: 2000169132 ns, Reaching safepoint: 48601 ns, At safepoint: 2800 ns, Total: 51401 ns
[2508.410s][info ][safepoint      ] Safepoint "Cleanup", Time since last: 2000181214 ns, Reaching safepoint: 57902 ns, At safepoint: 2700 ns, Total: 60602 ns
[2509.410s][info ][safepoint      ] Safepoint "Cleanup", Time since last: 1000107750 ns, Reaching safepoint: 47401 ns, At safepoint: 2200 ns, Total: 49601 ns
[2512.411s][info ][safepoint      ] Safepoint "Cleanup", Time since last: 3000271424 ns, Reaching safepoint: 48401 ns, At safepoint: 2200 ns, Total: 50601 ns
[2525.412s][info ][safepoint      ] Safepoint "Cleanup", Time since last: 13000861968 ns, Reaching safepoint: 58201 ns, At safepoint: 7100 ns, Total: 65301 ns
[2526.840s][info ][safepoint      ] Safepoint "Cleanup", Time since last: 1427973163 ns, Reaching safepoint: 66501 ns, At safepoint: 5000 ns, Total: 71501 ns
[2527.840s][info ][safepoint      ] Safepoint "Cleanup", Time since last: 1000054468 ns, Reaching safepoint: 45501 ns, At safepoint: 4000 ns, Total: 49501 ns
[2529.840s][info ][safepoint      ] Safepoint "Cleanup", Time since last: 2000175524 ns, Reaching safepoint: 62502 ns, At safepoint: 7300 ns, Total: 69802 ns
[2530.801s][info ][gc,start       ] GC(174) Pause Young (Allocation Failure)
[2530.804s][debug][gc,phases      ] GC(174) Scavenge 2.864ms
[2530.804s][debug][gc,ref         ] GC(174) Skipped phase 1 of Reference Processing: no references
[2530.804s][debug][gc,ref         ] GC(174) Skipped phase 3 of Reference Processing: no references
[2530.804s][debug][gc,phases      ] GC(174) Reference Processing 0.021ms
[2530.804s][debug][gc,phases      ] GC(174) Weak Processing 0.615ms
[2530.804s][debug][gc,age         ] GC(174) Desired survivor size 19922944 bytes, new threshold 15 (max threshold 15)
[2530.804s][info ][gc,heap        ] GC(174) PSYoungGen: 2057264K(2076160K)->3840K(2075136K) Eden: 2054144K(2054144K)->0K(2054144K) From: 3120K(22016K)->3840K(20992K)
[2530.804s][info ][gc,heap        ] GC(174) ParOldGen: 548666K(626176K)->548706K(626176K)
[2530.804s][info ][gc,metaspace   ] GC(174) Metaspace: 79769K(80576K)->79769K(80576K) NonClass: 68947K(69376K)->68947K(69376K) Class: 10822K(11200K)->10822K(11200K)
[2530.804s][info ][gc             ] GC(174) Pause Young (Allocation Failure) 2544M->539M(2638M) 3.636ms
[2530.804s][info ][gc,cpu         ] GC(174) User=0.01s Sys=0.00s Real=0.01s
[2530.804s][info ][safepoint      ] Safepoint "ParallelGCFailedAllocation", Time since last: 960531662 ns, Reaching safepoint: 34701 ns, At safepoint: 3710274 ns, Total: 3744975 ns
[2546.985s][info ][safepoint      ] Safepoint "Cleanup", Time since last: 16180691390 ns, Reaching safepoint: 76302 ns, At safepoint: 2400 ns, Total: 78702 ns
[2547.985s][info ][safepoint      ] Safepoint "Cleanup", Time since last: 1000109083 ns, Reaching safepoint: 53301 ns, At safepoint: 2400 ns, Total: 55701 ns
[2552.986s][info ][safepoint      ] Safepoint "Cleanup", Time since last: 5000346248 ns, Reaching safepoint: 56001 ns, At safepoint: 15600 ns, Total: 71601 ns
[2554.986s][info ][safepoint      ] Safepoint "Cleanup", Time since last: 2000171111 ns, Reaching safepoint: 53301 ns, At safepoint: 2500 ns, Total: 55801 ns
[2558.986s][info ][safepoint      ] Safepoint "Cleanup", Time since last: 4000276370 ns, Reaching safepoint: 50301 ns, At safepoint: 4500 ns, Total: 54801 ns
[2560.987s][info ][safepoint      ] Safepoint "Cleanup", Time since last: 2000183662 ns, Reaching safepoint: 50101 ns, At safepoint: 7100 ns, Total: 57201 ns
[2561.006s][info ][gc,start       ] GC(175) Pause Young (Allocation Failure)
[2561.010s][debug][gc,phases      ] GC(175) Scavenge 3.088ms
[2561.010s][debug][gc,ref         ] GC(175) Skipped phase 1 of Reference Processing: no references
[2561.010s][debug][gc,ref         ] GC(175) Skipped phase 3 of Reference Processing: no references
[2561.010s][debug][gc,phases      ] GC(175) Reference Processing 0.021ms
[2561.010s][debug][gc,phases      ] GC(175) Weak Processing 0.570ms
[2561.010s][debug][gc,age         ] GC(175) Desired survivor size 18350080 bytes, new threshold 15 (max threshold 15)
[2561.010s][info ][gc,heap        ] GC(175) PSYoungGen: 2057984K(2075136K)->4640K(2079232K) Eden: 2054144K(2054144K)->0K(2059776K) From: 3840K(20992K)->4640K(19456K)
[2561.010s][info ][gc,heap        ] GC(175) ParOldGen: 548706K(626176K)->548730K(626176K)
[2561.010s][info ][gc,metaspace   ] GC(175) Metaspace: 79777K(80576K)->79777K(80576K) NonClass: 68955K(69376K)->68955K(69376K) Class: 10822K(11200K)->10822K(11200K)
[2561.010s][info ][gc             ] GC(175) Pause Young (Allocation Failure) 2545M->540M(2642M) 3.816ms
[2561.010s][info ][gc,cpu         ] GC(175) User=0.01s Sys=0.00s Real=0.00s
[2561.010s][info ][safepoint      ] Safepoint "ParallelGCFailedAllocation", Time since last: 19852296 ns, Reaching safepoint: 35200 ns, At safepoint: 3898678 ns, Total: 3933878 ns
[2565.011s][info ][safepoint      ] Safepoint "Cleanup", Time since last: 4000287472 ns, Reaching safepoint: 67902 ns, At safepoint: 2500 ns, Total: 70402 ns
[2567.011s][info ][safepoint      ] Safepoint "Cleanup", Time since last: 2000166312 ns, Reaching safepoint: 49701 ns, At safepoint: 3400 ns, Total: 53101 ns
[2571.011s][info ][safepoint      ] Safepoint "Cleanup", Time since last: 4000312876 ns, Reaching safepoint: 58201 ns, At safepoint: 6600 ns, Total: 64801 ns
[2572.011s][info ][safepoint      ] Safepoint "Cleanup", Time since last: 1000137085 ns, Reaching safepoint: 47601 ns, At safepoint: 5400 ns, Total: 53001 ns
[2587.013s][info ][safepoint      ] Safepoint "Cleanup", Time since last: 15000979680 ns, Reaching safepoint: 61002 ns, At safepoint: 8700 ns, Total: 69702 ns
[2590.013s][info ][safepoint      ] Safepoint "Cleanup", Time since last: 3000237651 ns, Reaching safepoint: 46201 ns, At safepoint: 8200 ns, Total: 54401 ns
[2591.013s][info ][safepoint      ] Safepoint "Cleanup", Time since last: 1000103210 ns, Reaching safepoint: 52401 ns, At safepoint: 8100 ns, Total: 60501 ns
[2592.958s][info ][gc,start       ] GC(176) Pause Young (Allocation Failure)
[2592.961s][debug][gc,phases      ] GC(176) Scavenge 2.951ms
[2592.961s][debug][gc,ref         ] GC(176) Skipped phase 1 of Reference Processing: no references
[2592.961s][debug][gc,ref         ] GC(176) Skipped phase 3 of Reference Processing: no references
[2592.961s][debug][gc,phases      ] GC(176) Reference Processing 0.021ms
[2592.961s][debug][gc,phases      ] GC(176) Weak Processing 0.546ms
[2592.962s][debug][gc,age         ] GC(176) Desired survivor size 17301504 bytes, new threshold 15 (max threshold 15)
[2592.962s][info ][gc,heap        ] GC(176) PSYoungGen: 2064416K(2079232K)->4336K(2077696K) Eden: 2059776K(2059776K)->0K(2059776K) From: 4640K(19456K)->4336K(17920K)
[2592.962s][info ][gc,heap        ] GC(176) ParOldGen: 548730K(626176K)->548762K(626176K)
[2592.962s][info ][gc,metaspace   ] GC(176) Metaspace: 79782K(80576K)->79782K(80576K) NonClass: 68959K(69376K)->68959K(69376K) Class: 10822K(11200K)->10822K(11200K)
[2592.962s][info ][gc             ] GC(176) Pause Young (Allocation Failure) 2551M->540M(2640M) 3.650ms
[2592.962s][info ][gc,cpu         ] GC(176) User=0.01s Sys=0.00s Real=0.00s
[2592.962s][info ][safepoint      ] Safepoint "ParallelGCFailedAllocation", Time since last: 1944818612 ns, Reaching safepoint: 69901 ns, At safepoint: 3736174 ns, Total: 3806075 ns
[2593.962s][info ][safepoint      ] Safepoint "Cleanup", Time since last: 1000086298 ns, Reaching safepoint: 63802 ns, At safepoint: 5600 ns, Total: 69402 ns
[2596.962s][info ][safepoint      ] Safepoint "Cleanup", Time since last: 3000185070 ns, Reaching safepoint: 53601 ns, At safepoint: 8000 ns, Total: 61601 ns
[2599.967s][info ][safepoint      ] Safepoint "Cleanup", Time since last: 3005261437 ns, Reaching safepoint: 51401 ns, At safepoint: 2800 ns, Total: 54201 ns
[2600.967s][info ][safepoint      ] Safepoint "Cleanup", Time since last: 1000107772 ns, Reaching safepoint: 51001 ns, At safepoint: 12800 ns, Total: 63801 ns
[2601.968s][info ][safepoint      ] Safepoint "Cleanup", Time since last: 1000112168 ns, Reaching safepoint: 48701 ns, At safepoint: 3700 ns, Total: 52401 ns
[2603.968s][info ][safepoint      ] Safepoint "Cleanup", Time since last: 2000165624 ns, Reaching safepoint: 49801 ns, At safepoint: 2700 ns, Total: 52501 ns
[2604.968s][info ][safepoint      ] Safepoint "Cleanup", Time since last: 1000082757 ns, Reaching safepoint: 59801 ns, At safepoint: 7000 ns, Total: 66801 ns
[2605.968s][info ][safepoint      ] Safepoint "Cleanup", Time since last: 1000107353 ns, Reaching safepoint: 53601 ns, At safepoint: 6600 ns, Total: 60201 ns
[2607.968s][info ][safepoint      ] Safepoint "Cleanup", Time since last: 2000135294 ns, Reaching safepoint: 53101 ns, At safepoint: 7000 ns, Total: 60101 ns
[2608.969s][info ][safepoint      ] Safepoint "Cleanup", Time since last: 1000106742 ns, Reaching safepoint: 51801 ns, At safepoint: 2400 ns, Total: 54201 ns
[2611.969s][info ][safepoint      ] Safepoint "Cleanup", Time since last: 3000219102 ns, Reaching safepoint: 50701 ns, At safepoint: 2400 ns, Total: 53101 ns
[2612.969s][info ][safepoint      ] Safepoint "Cleanup", Time since last: 1000106827 ns, Reaching safepoint: 64401 ns, At safepoint: 10601 ns, Total: 75002 ns
[2613.969s][info ][safepoint      ] Safepoint "Cleanup", Time since last: 1000110423 ns, Reaching safepoint: 65101 ns, At safepoint: 9901 ns, Total: 75002 ns
[2619.970s][info ][safepoint      ] Safepoint "Cleanup", Time since last: 6000766166 ns, Reaching safepoint: 48001 ns, At safepoint: 9600 ns, Total: 57601 ns
[2620.970s][info ][safepoint      ] Safepoint "Cleanup", Time since last: 1000120298 ns, Reaching safepoint: 59301 ns, At safepoint: 3200 ns, Total: 62501 ns
[2624.971s][info ][safepoint      ] Safepoint "Cleanup", Time since last: 4000281753 ns, Reaching safepoint: 74201 ns, At safepoint: 5500 ns, Total: 79701 ns
[2626.101s][info ][gc,start       ] GC(177) Pause Young (Allocation Failure)
[2626.104s][debug][gc,phases      ] GC(177) Scavenge 2.748ms
[2626.104s][debug][gc,ref         ] GC(177) Skipped phase 1 of Reference Processing: no references
[2626.104s][debug][gc,ref         ] GC(177) Skipped phase 3 of Reference Processing: no references
[2626.104s][debug][gc,phases      ] GC(177) Reference Processing 0.024ms
[2626.105s][debug][gc,phases      ] GC(177) Weak Processing 0.562ms
[2626.105s][debug][gc,age         ] GC(177) Desired survivor size 16252928 bytes, new threshold 15 (max threshold 15)
[2626.105s][info ][gc,heap        ] GC(177) PSYoungGen: 2064112K(2077696K)->4448K(2081280K) Eden: 2059776K(2059776K)->0K(2064384K) From: 4336K(17920K)->4448K(16896K)
[2626.105s][info ][gc,heap        ] GC(177) ParOldGen: 548762K(626176K)->548770K(626176K)
[2626.105s][info ][gc,metaspace   ] GC(177) Metaspace: 79810K(80576K)->79810K(80576K) NonClass: 68986K(69376K)->68986K(69376K) Class: 10824K(11200K)->10824K(11200K)
[2626.105s][info ][gc             ] GC(177) Pause Young (Allocation Failure) 2551M->540M(2644M) 3.480ms
[2626.105s][info ][gc,cpu         ] GC(177) User=0.01s Sys=0.00s Real=0.01s
[2626.105s][info ][safepoint      ] Safepoint "ParallelGCFailedAllocation", Time since last: 1130762751 ns, Reaching safepoint: 42000 ns, At safepoint: 3560171 ns, Total: 3602171 ns
[2631.105s][info ][safepoint      ] Safepoint "Cleanup", Time since last: 5000345439 ns, Reaching safepoint: 138502 ns, At safepoint: 16701 ns, Total: 155203 ns
[2632.106s][info ][safepoint      ] Safepoint "Cleanup", Time since last: 1000106957 ns, Reaching safepoint: 103803 ns, At safepoint: 9300 ns, Total: 113103 ns
[2633.106s][info ][safepoint      ] Safepoint "Cleanup", Time since last: 1000111754 ns, Reaching safepoint: 60001 ns, At safepoint: 6400 ns, Total: 66401 ns
[2635.106s][info ][safepoint      ] Safepoint "Cleanup", Time since last: 2000181698 ns, Reaching safepoint: 48901 ns, At safepoint: 2800 ns, Total: 51701 ns
[2636.106s][info ][safepoint      ] Safepoint "Cleanup", Time since last: 1000111544 ns, Reaching safepoint: 46100 ns, At safepoint: 9101 ns, Total: 55201 ns
[2637.106s][info ][safepoint      ] Safepoint "Cleanup", Time since last: 1000109540 ns, Reaching safepoint: 120302 ns, At safepoint: 5800 ns, Total: 126102 ns
[2638.107s][info ][safepoint      ] Safepoint "Cleanup", Time since last: 1000107437 ns, Reaching safepoint: 45001 ns, At safepoint: 3000 ns, Total: 48001 ns
[2639.107s][info ][safepoint      ] Safepoint "Cleanup", Time since last: 1000084733 ns, Reaching safepoint: 48701 ns, At safepoint: 7200 ns, Total: 55901 ns
[2640.107s][info ][safepoint      ] Safepoint "Cleanup", Time since last: 1000103129 ns, Reaching safepoint: 111902 ns, At safepoint: 7701 ns, Total: 119603 ns
[2641.107s][info ][safepoint      ] Safepoint "Cleanup", Time since last: 1000064525 ns, Reaching safepoint: 36901 ns, At safepoint: 9100 ns, Total: 46001 ns
[2644.107s][info ][safepoint      ] Safepoint "Cleanup", Time since last: 3000220755 ns, Reaching safepoint: 49401 ns, At safepoint: 4800 ns, Total: 54201 ns
[2648.108s][info ][safepoint      ] Safepoint "Cleanup", Time since last: 4000301926 ns, Reaching safepoint: 43801 ns, At safepoint: 2700 ns, Total: 46501 ns
[2650.108s][info ][safepoint      ] Safepoint "Cleanup", Time since last: 2000178893 ns, Reaching safepoint: 56501 ns, At safepoint: 3200 ns, Total: 59701 ns
[2651.108s][info ][safepoint      ] Safepoint "Cleanup", Time since last: 1000065691 ns, Reaching safepoint: 52301 ns, At safepoint: 8700 ns, Total: 61001 ns
[2652.108s][info ][safepoint      ] Safepoint "Cleanup", Time since last: 1000137489 ns, Reaching safepoint: 59401 ns, At safepoint: 5300 ns, Total: 64701 ns
[2658.109s][info ][safepoint      ] Safepoint "Cleanup", Time since last: 6000424053 ns, Reaching safepoint: 55601 ns, At safepoint: 32001 ns, Total: 87602 ns
[2659.156s][info ][gc,start       ] GC(178) Pause Young (Allocation Failure)
[2659.159s][debug][gc,phases      ] GC(178) Scavenge 2.728ms
[2659.159s][debug][gc,ref         ] GC(178) Skipped phase 1 of Reference Processing: no references
[2659.159s][debug][gc,ref         ] GC(178) Skipped phase 3 of Reference Processing: no references
[2659.159s][debug][gc,phases      ] GC(178) Reference Processing 0.022ms
[2659.160s][debug][gc,phases      ] GC(178) Weak Processing 0.543ms
[2659.160s][debug][gc,age         ] GC(178) Desired survivor size 15204352 bytes, new threshold 15 (max threshold 15)
[2659.160s][info ][gc,heap        ] GC(178) PSYoungGen: 2068832K(2081280K)->5056K(2080256K) Eden: 2064384K(2064384K)->0K(2064384K) From: 4448K(16896K)->5056K(15872K)
[2659.160s][info ][gc,heap        ] GC(178) ParOldGen: 548770K(626176K)->548810K(626176K)
[2659.160s][info ][gc,metaspace   ] GC(178) Metaspace: 79836K(80640K)->79836K(80640K) NonClass: 69009K(69440K)->69009K(69440K) Class: 10827K(11200K)->10827K(11200K)
[2659.160s][info ][gc             ] GC(178) Pause Young (Allocation Failure) 2556M->540M(2643M) 3.416ms
[2659.160s][info ][gc,cpu         ] GC(178) User=0.01s Sys=0.00s Real=0.00s
[2659.160s][info ][safepoint      ] Safepoint "ParallelGCFailedAllocation", Time since last: 1047407889 ns, Reaching safepoint: 94102 ns, At safepoint: 3493768 ns, Total: 3587870 ns
[2660.160s][info ][safepoint      ] Safepoint "Cleanup", Time since last: 1000085561 ns, Reaching safepoint: 50701 ns, At safepoint: 2500 ns, Total: 53201 ns
[2666.160s][info ][safepoint      ] Safepoint "Cleanup", Time since last: 6000444791 ns, Reaching safepoint: 71901 ns, At safepoint: 7100 ns, Total: 79001 ns
[2667.161s][info ][safepoint      ] Safepoint "Cleanup", Time since last: 1000118138 ns, Reaching safepoint: 58201 ns, At safepoint: 8000 ns, Total: 66201 ns
[2668.161s][info ][safepoint      ] Safepoint "Cleanup", Time since last: 1000108734 ns, Reaching safepoint: 58301 ns, At safepoint: 8800 ns, Total: 67101 ns
[2671.161s][info ][safepoint      ] Safepoint "Cleanup", Time since last: 3000241181 ns, Reaching safepoint: 47501 ns, At safepoint: 6000 ns, Total: 53501 ns
[2674.161s][info ][safepoint      ] Safepoint "Cleanup", Time since last: 3000243852 ns, Reaching safepoint: 49401 ns, At safepoint: 7000 ns, Total: 56401 ns
[2677.162s][info ][safepoint      ] Safepoint "Cleanup", Time since last: 3000256222 ns, Reaching safepoint: 49101 ns, At safepoint: 6200 ns, Total: 55301 ns
[2682.162s][info ][safepoint      ] Safepoint "Cleanup", Time since last: 5000387572 ns, Reaching safepoint: 49401 ns, At safepoint: 2700 ns, Total: 52101 ns
[2684.162s][info ][safepoint      ] Safepoint "Cleanup", Time since last: 2000190166 ns, Reaching safepoint: 49601 ns, At safepoint: 6800 ns, Total: 56401 ns
[2685.163s][info ][safepoint      ] Safepoint "Cleanup", Time since last: 1000106279 ns, Reaching safepoint: 79702 ns, At safepoint: 7800 ns, Total: 87502 ns
[2686.163s][info ][safepoint      ] Safepoint "Cleanup", Time since last: 1000099175 ns, Reaching safepoint: 51201 ns, At safepoint: 3900 ns, Total: 55101 ns
[2687.163s][info ][safepoint      ] Safepoint "Cleanup", Time since last: 1000111973 ns, Reaching safepoint: 47601 ns, At safepoint: 8700 ns, Total: 56301 ns
[2693.204s][info ][gc,start       ] GC(179) Pause Young (Allocation Failure)
[2693.207s][debug][gc,phases      ] GC(179) Scavenge 2.615ms
[2693.207s][debug][gc,ref         ] GC(179) Skipped phase 1 of Reference Processing: no references
[2693.207s][debug][gc,ref         ] GC(179) Skipped phase 3 of Reference Processing: no references
[2693.207s][debug][gc,phases      ] GC(179) Reference Processing 0.021ms
[2693.207s][debug][gc,phases      ] GC(179) Weak Processing 0.513ms
[2693.208s][debug][gc,age         ] GC(179) Desired survivor size 14155776 bytes, new threshold 15 (max threshold 15)
[2693.208s][info ][gc,heap        ] GC(179) PSYoungGen: 2069440K(2080256K)->5216K(2083328K) Eden: 2064384K(2064384K)->0K(2068480K) From: 5056K(15872K)->5216K(14848K)
[2693.208s][info ][gc,heap        ] GC(179) ParOldGen: 548810K(626176K)->548842K(626176K)
[2693.208s][info ][gc,metaspace   ] GC(179) Metaspace: 79855K(80640K)->79855K(80640K) NonClass: 69028K(69440K)->69028K(69440K) Class: 10827K(11200K)->10827K(11200K)
[2693.208s][info ][gc             ] GC(179) Pause Young (Allocation Failure) 2556M->541M(2646M) 3.302ms
[2693.208s][info ][gc,cpu         ] GC(179) User=0.01s Sys=0.00s Real=0.00s
[2693.208s][info ][safepoint      ] Safepoint "ParallelGCFailedAllocation", Time since last: 6041264357 ns, Reaching safepoint: 53701 ns, At safepoint: 3380366 ns, Total: 3434067 ns
[2697.208s][info ][safepoint      ] Safepoint "Cleanup", Time since last: 4000279978 ns, Reaching safepoint: 45701 ns, At safepoint: 3600 ns, Total: 49301 ns
[2703.208s][info ][safepoint      ] Safepoint "Cleanup", Time since last: 6000455974 ns, Reaching safepoint: 49301 ns, At safepoint: 5901 ns, Total: 55202 ns
[2707.209s][info ][safepoint      ] Safepoint "Cleanup", Time since last: 4000330354 ns, Reaching safepoint: 50401 ns, At safepoint: 2700 ns, Total: 53101 ns
[2710.209s][info ][safepoint      ] Safepoint "Cleanup", Time since last: 3000243309 ns, Reaching safepoint: 54901 ns, At safepoint: 10001 ns, Total: 64902 ns
[2711.209s][info ][safepoint      ] Safepoint "Cleanup", Time since last: 1000110997 ns, Reaching safepoint: 49101 ns, At safepoint: 3300 ns, Total: 52401 ns
[2717.210s][info ][safepoint      ] Safepoint "Cleanup", Time since last: 6000451617 ns, Reaching safepoint: 73101 ns, At safepoint: 4100 ns, Total: 77201 ns
[2718.210s][info ][safepoint      ] Safepoint "Cleanup", Time since last: 1000103977 ns, Reaching safepoint: 47500 ns, At safepoint: 3600 ns, Total: 51100 ns
[2720.210s][info ][safepoint      ] Safepoint "Cleanup", Time since last: 2000134242 ns, Reaching safepoint: 62002 ns, At safepoint: 10100 ns, Total: 72102 ns
[2727.002s][info ][gc,start       ] GC(180) Pause Young (Allocation Failure)
[2727.005s][debug][gc,phases      ] GC(180) Scavenge 2.936ms
[2727.005s][debug][gc,ref         ] GC(180) Skipped phase 1 of Reference Processing: no references
[2727.005s][debug][gc,ref         ] GC(180) Skipped phase 3 of Reference Processing: no references
[2727.005s][debug][gc,phases      ] GC(180) Reference Processing 0.023ms
[2727.005s][debug][gc,phases      ] GC(180) Weak Processing 0.526ms
[2727.005s][debug][gc,age         ] GC(180) Desired survivor size 13631488 bytes, new threshold 15 (max threshold 15)
[2727.005s][info ][gc,heap        ] GC(180) PSYoungGen: 2073696K(2083328K)->5040K(2082304K) Eden: 2068480K(2068480K)->0K(2068480K) From: 5216K(14848K)->5040K(13824K)
[2727.005s][info ][gc,heap        ] GC(180) ParOldGen: 548842K(626176K)->548874K(626176K)
[2727.005s][info ][gc,metaspace   ] GC(180) Metaspace: 79860K(80640K)->79860K(80640K) NonClass: 69033K(69440K)->69033K(69440K) Class: 10827K(11200K)->10827K(11200K)
[2727.005s][info ][gc             ] GC(180) Pause Young (Allocation Failure) 2561M->540M(2645M) 3.651ms
[2727.005s][info ][gc,cpu         ] GC(180) User=0.02s Sys=0.00s Real=0.01s
[2727.005s][info ][safepoint      ] Safepoint "ParallelGCFailedAllocation", Time since last: 6791275255 ns, Reaching safepoint: 56601 ns, At safepoint: 3734973 ns, Total: 3791574 ns
[2730.006s][info ][safepoint      ] Safepoint "Cleanup", Time since last: 3000231630 ns, Reaching safepoint: 121103 ns, At safepoint: 9700 ns, Total: 130803 ns
[2732.006s][info ][safepoint      ] Safepoint "Cleanup", Time since last: 2000130472 ns, Reaching safepoint: 48301 ns, At safepoint: 2500 ns, Total: 50801 ns
[2743.007s][info ][safepoint      ] Safepoint "Cleanup", Time since last: 11000735988 ns, Reaching safepoint: 43701 ns, At safepoint: 9200 ns, Total: 52901 ns
[2760.507s][info ][gc,start       ] GC(181) Pause Young (Allocation Failure)
[2760.509s][debug][gc,phases      ] GC(181) Scavenge 2.464ms
[2760.509s][debug][gc,ref         ] GC(181) Skipped phase 1 of Reference Processing: no references
[2760.509s][debug][gc,ref         ] GC(181) Skipped phase 3 of Reference Processing: no references
[2760.509s][debug][gc,phases      ] GC(181) Reference Processing 0.029ms
[2760.510s][debug][gc,phases      ] GC(181) Weak Processing 0.680ms
[2760.510s][debug][gc,age         ] GC(181) Desired survivor size 12582912 bytes, new threshold 15 (max threshold 15)
[2760.510s][info ][gc,heap        ] GC(181) PSYoungGen: 2073520K(2082304K)->4800K(2084864K) Eden: 2068480K(2068480K)->0K(2071552K) From: 5040K(13824K)->4800K(13312K)
[2760.510s][info ][gc,heap        ] GC(181) ParOldGen: 548874K(626176K)->548906K(626176K)
[2760.510s][info ][gc,metaspace   ] GC(181) Metaspace: 79864K(80640K)->79864K(80640K) NonClass: 69036K(69440K)->69036K(69440K) Class: 10827K(11200K)->10827K(11200K)
[2760.510s][info ][gc             ] GC(181) Pause Young (Allocation Failure) 2560M->540M(2647M) 3.355ms
[2760.510s][info ][gc,cpu         ] GC(181) User=0.01s Sys=0.00s Real=0.00s
[2760.510s][info ][safepoint      ] Safepoint "ParallelGCFailedAllocation", Time since last: 17500097819 ns, Reaching safepoint: 54701 ns, At safepoint: 3458166 ns, Total: 3512867 ns
[2777.511s][info ][safepoint      ] Safepoint "Cleanup", Time since last: 17001127991 ns, Reaching safepoint: 74402 ns, At safepoint: 12000 ns, Total: 86402 ns
[2779.512s][info ][safepoint      ] Safepoint "Cleanup", Time since last: 2000159307 ns, Reaching safepoint: 47701 ns, At safepoint: 5600 ns, Total: 53301 ns
[2782.512s][info ][safepoint      ] Safepoint "Cleanup", Time since last: 3000247290 ns, Reaching safepoint: 47301 ns, At safepoint: 7200 ns, Total: 54501 ns
[2790.513s][info ][safepoint      ] Safepoint "Cleanup", Time since last: 8000557557 ns, Reaching safepoint: 43801 ns, At safepoint: 14001 ns, Total: 57802 ns
[2796.306s][info ][gc,start       ] GC(182) Pause Young (Allocation Failure)
[2796.309s][debug][gc,phases      ] GC(182) Scavenge 2.683ms
[2796.309s][debug][gc,ref         ] GC(182) Skipped phase 1 of Reference Processing: no references
[2796.309s][debug][gc,ref         ] GC(182) Skipped phase 3 of Reference Processing: no references
[2796.309s][debug][gc,phases      ] GC(182) Reference Processing 0.021ms
[2796.309s][debug][gc,phases      ] GC(182) Weak Processing 0.546ms
[2796.309s][debug][gc,age         ] GC(182) Desired survivor size 12058624 bytes, new threshold 15 (max threshold 15)
[2796.310s][info ][gc,heap        ] GC(182) PSYoungGen: 2076352K(2084864K)->5008K(2083840K) Eden: 2071552K(2071552K)->0K(2071552K) From: 4800K(13312K)->5008K(12288K)
[2796.310s][info ][gc,heap        ] GC(182) ParOldGen: 548906K(626176K)->548938K(626176K)
[2796.310s][info ][gc,metaspace   ] GC(182) Metaspace: 79864K(80640K)->79864K(80640K) NonClass: 69037K(69440K)->69037K(69440K) Class: 10827K(11200K)->10827K(11200K)
[2796.310s][info ][gc             ] GC(182) Pause Young (Allocation Failure) 2563M->540M(2646M) 3.398ms
[2796.310s][info ][gc,cpu         ] GC(182) User=0.01s Sys=0.00s Real=0.00s
[2796.310s][info ][safepoint      ] Safepoint "ParallelGCFailedAllocation", Time since last: 5793520620 ns, Reaching safepoint: 45000 ns, At safepoint: 3477567 ns, Total: 3522567 ns
[2808.310s][info ][safepoint      ] Safepoint "Cleanup", Time since last: 12000781295 ns, Reaching safepoint: 88901 ns, At safepoint: 5400 ns, Total: 94301 ns
[2814.311s][info ][safepoint      ] Safepoint "Cleanup", Time since last: 6000431912 ns, Reaching safepoint: 49101 ns, At safepoint: 10200 ns, Total: 59301 ns
[2815.311s][info ][safepoint      ] Safepoint "Cleanup", Time since last: 1000103011 ns, Reaching safepoint: 47801 ns, At safepoint: 5400 ns, Total: 53201 ns
[2817.311s][info ][safepoint      ] Safepoint "Cleanup", Time since last: 2000182613 ns, Reaching safepoint: 46401 ns, At safepoint: 3200 ns, Total: 49601 ns
[2821.312s][info ][safepoint      ] Safepoint "Cleanup", Time since last: 4000297495 ns, Reaching safepoint: 52001 ns, At safepoint: 10300 ns, Total: 62301 ns
[2827.312s][info ][safepoint      ] Safepoint "Cleanup", Time since last: 6000449619 ns, Reaching safepoint: 65302 ns, At safepoint: 4200 ns, Total: 69502 ns
[2828.312s][info ][safepoint      ] Safepoint "Cleanup", Time since last: 1000111879 ns, Reaching safepoint: 48500 ns, At safepoint: 2501 ns, Total: 51001 ns
[2829.313s][info ][safepoint      ] Safepoint "Cleanup", Time since last: 1000084875 ns, Reaching safepoint: 53501 ns, At safepoint: 10301 ns, Total: 63802 ns
[2829.356s][info ][gc,start       ] GC(183) Pause Young (Allocation Failure)
[2829.359s][debug][gc,phases      ] GC(183) Scavenge 2.648ms
[2829.359s][debug][gc,ref         ] GC(183) Skipped phase 1 of Reference Processing: no references
[2829.359s][debug][gc,ref         ] GC(183) Skipped phase 3 of Reference Processing: no references
[2829.359s][debug][gc,phases      ] GC(183) Reference Processing 0.022ms
[2829.359s][debug][gc,phases      ] GC(183) Weak Processing 0.516ms
[2829.359s][debug][gc,age         ] GC(183) Desired survivor size 11534336 bytes, new threshold 15 (max threshold 15)
[2829.359s][info ][gc,heap        ] GC(183) PSYoungGen: 2076560K(2083840K)->5040K(2085888K) Eden: 2071552K(2071552K)->0K(2074112K) From: 5008K(12288K)->5040K(11776K)
[2829.359s][info ][gc,heap        ] GC(183) ParOldGen: 548938K(626176K)->548970K(626176K)
[2829.359s][info ][gc,metaspace   ] GC(183) Metaspace: 79870K(80640K)->79870K(80640K) NonClass: 69043K(69440K)->69043K(69440K) Class: 10827K(11200K)->10827K(11200K)
[2829.359s][info ][gc             ] GC(183) Pause Young (Allocation Failure) 2563M->541M(2648M) 3.317ms
[2829.359s][info ][gc,cpu         ] GC(183) User=0.01s Sys=0.00s Real=0.00s
[2829.359s][info ][safepoint      ] Safepoint "ParallelGCFailedAllocation", Time since last: 43244024 ns, Reaching safepoint: 30701 ns, At safepoint: 3401665 ns, Total: 3432366 ns
[2830.359s][info ][safepoint      ] Safepoint "Cleanup", Time since last: 1000085473 ns, Reaching safepoint: 82702 ns, At safepoint: 7400 ns, Total: 90102 ns
[2831.360s][info ][safepoint      ] Safepoint "Cleanup", Time since last: 1000112471 ns, Reaching safepoint: 57001 ns, At safepoint: 6300 ns, Total: 63301 ns
[2833.360s][info ][safepoint      ] Safepoint "Cleanup", Time since last: 2000180635 ns, Reaching safepoint: 49101 ns, At safepoint: 3100 ns, Total: 52201 ns
[2835.360s][info ][safepoint      ] Safepoint "Cleanup", Time since last: 2000134024 ns, Reaching safepoint: 48901 ns, At safepoint: 12101 ns, Total: 61002 ns
[2836.360s][info ][safepoint      ] Safepoint "Cleanup", Time since last: 1000116959 ns, Reaching safepoint: 58101 ns, At safepoint: 10700 ns, Total: 68801 ns
[2838.360s][info ][safepoint      ] Safepoint "Cleanup", Time since last: 2000171111 ns, Reaching safepoint: 46901 ns, At safepoint: 2300 ns, Total: 49201 ns
[2840.361s][info ][safepoint      ] Safepoint "Cleanup", Time since last: 2000151601 ns, Reaching safepoint: 65301 ns, At safepoint: 2800 ns, Total: 68101 ns
[2843.361s][info ][safepoint      ] Safepoint "Cleanup", Time since last: 3000251734 ns, Reaching safepoint: 47101 ns, At safepoint: 2600 ns, Total: 49701 ns
[2844.361s][info ][safepoint      ] Safepoint "Cleanup", Time since last: 1000094340 ns, Reaching safepoint: 57401 ns, At safepoint: 15201 ns, Total: 72602 ns
[2846.361s][info ][safepoint      ] Safepoint "Cleanup", Time since last: 2000138972 ns, Reaching safepoint: 56201 ns, At safepoint: 6100 ns, Total: 62301 ns
[2847.361s][info ][safepoint      ] Safepoint "Cleanup", Time since last: 1000100533 ns, Reaching safepoint: 43001 ns, At safepoint: 2600 ns, Total: 45601 ns
[2854.362s][info ][safepoint      ] Safepoint "Cleanup", Time since last: 7000497264 ns, Reaching safepoint: 47301 ns, At safepoint: 6700 ns, Total: 54001 ns
[2859.362s][info ][safepoint      ] Safepoint "Cleanup", Time since last: 5000375648 ns, Reaching safepoint: 43401 ns, At safepoint: 2500 ns, Total: 45901 ns
[2860.363s][info ][safepoint      ] Safepoint "Cleanup", Time since last: 1000105304 ns, Reaching safepoint: 45000 ns, At safepoint: 6501 ns, Total: 51501 ns
[2861.363s][info ][safepoint      ] Safepoint "Cleanup", Time since last: 1000112701 ns, Reaching safepoint: 42501 ns, At safepoint: 2500 ns, Total: 45001 ns
[2862.757s][info ][gc,start       ] GC(184) Pause Young (Allocation Failure)
[2862.759s][debug][gc,phases      ] GC(184) Scavenge 2.749ms
[2862.760s][debug][gc,ref         ] GC(184) Skipped phase 1 of Reference Processing: no references
[2862.760s][debug][gc,ref         ] GC(184) Skipped phase 3 of Reference Processing: no references
[2862.760s][debug][gc,phases      ] GC(184) Reference Processing 0.023ms
[2862.760s][debug][gc,phases      ] GC(184) Weak Processing 0.517ms
[2862.760s][debug][gc,age         ] GC(184) Desired survivor size 11010048 bytes, new threshold 15 (max threshold 15)
[2862.760s][info ][gc,heap        ] GC(184) PSYoungGen: 2079152K(2085888K)->5408K(2085376K) Eden: 2074112K(2074112K)->0K(2074112K) From: 5040K(11776K)->5408K(11264K)
[2862.760s][info ][gc,heap        ] GC(184) ParOldGen: 548970K(626176K)->549010K(626176K)
[2862.760s][info ][gc,metaspace   ] GC(184) Metaspace: 79919K(80704K)->79919K(80704K) NonClass: 69086K(69504K)->69086K(69504K) Class: 10832K(11200K)->10832K(11200K)
[2862.760s][info ][gc             ] GC(184) Pause Young (Allocation Failure) 2566M->541M(2648M) 3.430ms
[2862.760s][info ][gc,cpu         ] GC(184) User=0.01s Sys=0.00s Real=0.00s
[2862.760s][info ][safepoint      ] Safepoint "ParallelGCFailedAllocation", Time since last: 1393890379 ns, Reaching safepoint: 32100 ns, At safepoint: 3508267 ns, Total: 3540367 ns
[2864.760s][info ][safepoint      ] Safepoint "Cleanup", Time since last: 2000134088 ns, Reaching safepoint: 52601 ns, At safepoint: 12500 ns, Total: 65101 ns
[2865.761s][info ][safepoint      ] Safepoint "Cleanup", Time since last: 1000115291 ns, Reaching safepoint: 62901 ns, At safepoint: 11401 ns, Total: 74302 ns
[2873.761s][info ][safepoint      ] Safepoint "Cleanup", Time since last: 8000555843 ns, Reaching safepoint: 78301 ns, At safepoint: 8801 ns, Total: 87102 ns
[2875.761s][info ][safepoint      ] Safepoint "Cleanup", Time since last: 2000186939 ns, Reaching safepoint: 45401 ns, At safepoint: 7400 ns, Total: 52801 ns
[2890.763s][info ][safepoint      ] Safepoint "Cleanup", Time since last: 15000986960 ns, Reaching safepoint: 118802 ns, At safepoint: 9300 ns, Total: 128102 ns
[2894.763s][info ][safepoint      ] Safepoint "Cleanup", Time since last: 4000286121 ns, Reaching safepoint: 40701 ns, At safepoint: 5200 ns, Total: 45901 ns
[2896.452s][info ][gc,start       ] GC(185) Pause Young (Allocation Failure)
[2896.454s][debug][gc,phases      ] GC(185) Scavenge 2.721ms
[2896.455s][debug][gc,ref         ] GC(185) Skipped phase 1 of Reference Processing: no references
[2896.455s][debug][gc,ref         ] GC(185) Skipped phase 3 of Reference Processing: no references
[2896.455s][debug][gc,phases      ] GC(185) Reference Processing 0.023ms
[2896.455s][debug][gc,phases      ] GC(185) Weak Processing 0.580ms
[2896.455s][debug][gc,age         ] GC(185) Desired survivor size 10485760 bytes, new threshold 15 (max threshold 15)
[2896.455s][info ][gc,heap        ] GC(185) PSYoungGen: 2079520K(2085376K)->5472K(2086912K) Eden: 2074112K(2074112K)->0K(2076160K) From: 5408K(11264K)->5472K(10752K)
[2896.455s][info ][gc,heap        ] GC(185) ParOldGen: 549010K(626176K)->549042K(626176K)
[2896.455s][info ][gc,metaspace   ] GC(185) Metaspace: 79936K(80704K)->79936K(80704K) NonClass: 69103K(69504K)->69103K(69504K) Class: 10832K(11200K)->10832K(11200K)
[2896.455s][info ][gc             ] GC(185) Pause Young (Allocation Failure) 2566M->541M(2649M) 3.472ms
[2896.455s][info ][gc,cpu         ] GC(185) User=0.01s Sys=0.00s Real=0.01s
[2896.455s][info ][safepoint      ] Safepoint "ParallelGCFailedAllocation", Time since last: 1688748356 ns, Reaching safepoint: 37901 ns, At safepoint: 3548667 ns, Total: 3586568 ns
[2898.455s][info ][safepoint      ] Safepoint "Cleanup", Time since last: 2000157341 ns, Reaching safepoint: 123202 ns, At safepoint: 6900 ns, Total: 130102 ns
[2904.456s][info ][safepoint      ] Safepoint "Cleanup", Time since last: 6000424571 ns, Reaching safepoint: 70602 ns, At safepoint: 3700 ns, Total: 74302 ns
[2906.456s][info ][safepoint      ] Safepoint "Cleanup", Time since last: 2000157107 ns, Reaching safepoint: 50501 ns, At safepoint: 3300 ns, Total: 53801 ns
[2908.456s][info ][safepoint      ] Safepoint "Cleanup", Time since last: 2000181799 ns, Reaching safepoint: 52601 ns, At safepoint: 9201 ns, Total: 61802 ns
[2910.457s][info ][safepoint      ] Safepoint "Cleanup", Time since last: 2000178491 ns, Reaching safepoint: 50301 ns, At safepoint: 7100 ns, Total: 57401 ns
[2918.457s][info ][safepoint      ] Safepoint "Cleanup", Time since last: 8000581480 ns, Reaching safepoint: 46501 ns, At safepoint: 3000 ns, Total: 49501 ns
[2924.458s][info ][safepoint      ] Safepoint "Cleanup", Time since last: 6000456825 ns, Reaching safepoint: 52801 ns, At safepoint: 7000 ns, Total: 59801 ns
[2930.004s][info ][gc,start       ] GC(186) Pause Young (Allocation Failure)
[2930.007s][debug][gc,phases      ] GC(186) Scavenge 2.838ms
[2930.007s][debug][gc,ref         ] GC(186) Skipped phase 1 of Reference Processing: no references
[2930.007s][debug][gc,ref         ] GC(186) Skipped phase 3 of Reference Processing: no references
[2930.007s][debug][gc,phases      ] GC(186) Reference Processing 0.027ms
[2930.008s][debug][gc,phases      ] GC(186) Weak Processing 0.629ms
[2930.008s][debug][gc,age         ] GC(186) Desired survivor size 9961472 bytes, new threshold 15 (max threshold 15)
[2930.008s][info ][gc,heap        ] GC(186) PSYoungGen: 2081632K(2086912K)->5152K(2086400K) Eden: 2076160K(2076160K)->0K(2076160K) From: 5472K(10752K)->5152K(10240K)
[2930.008s][info ][gc,heap        ] GC(186) ParOldGen: 549042K(626176K)->549154K(626176K)
[2930.008s][info ][gc,metaspace   ] GC(186) Metaspace: 79967K(80704K)->79967K(80704K) NonClass: 69131K(69504K)->69131K(69504K) Class: 10836K(11200K)->10836K(11200K)
[2930.008s][info ][gc             ] GC(186) Pause Young (Allocation Failure) 2569M->541M(2649M) 3.642ms
[2930.008s][info ][gc,cpu         ] GC(186) User=0.02s Sys=0.00s Real=0.00s
[2930.008s][info ][safepoint      ] Safepoint "ParallelGCFailedAllocation", Time since last: 5546339792 ns, Reaching safepoint: 47501 ns, At safepoint: 3724270 ns, Total: 3771771 ns
[2931.008s][info ][safepoint      ] Safepoint "Cleanup", Time since last: 1000089353 ns, Reaching safepoint: 68701 ns, At safepoint: 4100 ns, Total: 72801 ns
[2933.008s][info ][safepoint      ] Safepoint "Cleanup", Time since last: 2000165400 ns, Reaching safepoint: 131203 ns, At safepoint: 12800 ns, Total: 144003 ns
[2934.009s][info ][safepoint      ] Safepoint "Cleanup", Time since last: 1000111447 ns, Reaching safepoint: 50201 ns, At safepoint: 3300 ns, Total: 53501 ns
[2935.009s][info ][safepoint      ] Safepoint "Cleanup", Time since last: 1000109546 ns, Reaching safepoint: 37900 ns, At safepoint: 6501 ns, Total: 44401 ns
[2936.009s][info ][safepoint      ] Safepoint "Cleanup", Time since last: 1000122043 ns, Reaching safepoint: 101902 ns, At safepoint: 7500 ns, Total: 109402 ns
[2939.009s][info ][safepoint      ] Safepoint "Cleanup", Time since last: 3000254518 ns, Reaching safepoint: 56501 ns, At safepoint: 7700 ns, Total: 64201 ns
[2941.010s][info ][safepoint      ] Safepoint "Cleanup", Time since last: 2000174168 ns, Reaching safepoint: 65002 ns, At safepoint: 6300 ns, Total: 71302 ns
[2945.010s][info ][safepoint      ] Safepoint "Cleanup", Time since last: 4000336413 ns, Reaching safepoint: 123203 ns, At safepoint: 9400 ns, Total: 132603 ns
[2946.010s][info ][safepoint      ] Safepoint "Cleanup", Time since last: 1000124824 ns, Reaching safepoint: 48601 ns, At safepoint: 3100 ns, Total: 51701 ns
[2947.010s][info ][safepoint      ] Safepoint "Cleanup", Time since last: 1000113723 ns, Reaching safepoint: 47300 ns, At safepoint: 8801 ns, Total: 56101 ns
[2948.010s][info ][safepoint      ] Safepoint "Cleanup", Time since last: 1000097920 ns, Reaching safepoint: 56301 ns, At safepoint: 6400 ns, Total: 62701 ns
[2951.011s][info ][safepoint      ] Safepoint "Cleanup", Time since last: 3000220247 ns, Reaching safepoint: 40801 ns, At safepoint: 3100 ns, Total: 43901 ns
[2955.011s][info ][safepoint      ] Safepoint "Cleanup", Time since last: 4000340037 ns, Reaching safepoint: 40101 ns, At safepoint: 2900 ns, Total: 43001 ns
[2959.012s][info ][safepoint      ] Safepoint "Cleanup", Time since last: 4000327506 ns, Reaching safepoint: 51601 ns, At safepoint: 3300 ns, Total: 54901 ns
[2960.012s][info ][safepoint      ] Safepoint "Cleanup", Time since last: 1000109798 ns, Reaching safepoint: 57801 ns, At safepoint: 2400 ns, Total: 60201 ns
[2962.012s][info ][safepoint      ] Safepoint "Cleanup", Time since last: 2000132488 ns, Reaching safepoint: 51601 ns, At safepoint: 6900 ns, Total: 58501 ns
[2963.150s][info ][safepoint      ] Safepoint "Cleanup", Time since last: 1138338589 ns, Reaching safepoint: 192403 ns, At safepoint: 14501 ns, Total: 206904 ns
[2963.350s][info ][gc,start       ] GC(187) Pause Young (Allocation Failure)
[2963.355s][debug][gc,phases      ] GC(187) Scavenge 4.823ms
[2963.355s][debug][gc,ref         ] GC(187) Skipped phase 1 of Reference Processing: no references
[2963.355s][debug][gc,ref         ] GC(187) Skipped phase 3 of Reference Processing: no references
[2963.355s][debug][gc,phases      ] GC(187) Reference Processing 0.029ms
[2963.356s][debug][gc,phases      ] GC(187) Weak Processing 0.590ms
[2963.356s][debug][gc,age         ] GC(187) Desired survivor size 9437184 bytes, new threshold 15 (max threshold 15)
[2963.356s][info ][gc,heap        ] GC(187) PSYoungGen: 2081312K(2086400K)->4944K(2087936K) Eden: 2076160K(2076160K)->0K(2078208K) From: 5152K(10240K)->4944K(9728K)
[2963.356s][info ][gc,heap        ] GC(187) ParOldGen: 549154K(626176K)->549326K(626176K)
[2963.356s][info ][gc,metaspace   ] GC(187) Metaspace: 79994K(80768K)->79994K(80768K) NonClass: 69154K(69568K)->69154K(69568K) Class: 10839K(11200K)->10839K(11200K)
[2963.356s][info ][gc             ] GC(187) Pause Young (Allocation Failure) 2568M->541M(2650M) 5.584ms
[2963.356s][info ][gc,cpu         ] GC(187) User=0.02s Sys=0.00s Real=0.01s
[2963.356s][info ][safepoint      ] Safepoint "ParallelGCFailedAllocation", Time since last: 199437647 ns, Reaching safepoint: 105702 ns, At safepoint: 5667106 ns, Total: 5772808 ns
[2964.356s][info ][safepoint      ] Safepoint "Cleanup", Time since last: 1000093389 ns, Reaching safepoint: 58001 ns, At safepoint: 4301 ns, Total: 62302 ns
[2967.356s][info ][safepoint      ] Safepoint "Cleanup", Time since last: 3000242755 ns, Reaching safepoint: 46601 ns, At safepoint: 7900 ns, Total: 54501 ns
[2968.356s][info ][safepoint      ] Safepoint "Cleanup", Time since last: 1000107182 ns, Reaching safepoint: 49801 ns, At safepoint: 7900 ns, Total: 57701 ns
[2969.356s][info ][safepoint      ] Safepoint "Cleanup", Time since last: 1000114880 ns, Reaching safepoint: 109002 ns, At safepoint: 7801 ns, Total: 116803 ns
[2971.357s][info ][safepoint      ] Safepoint "Cleanup", Time since last: 2000175954 ns, Reaching safepoint: 114202 ns, At safepoint: 9000 ns, Total: 123202 ns
[2975.357s][info ][safepoint      ] Safepoint "Cleanup", Time since last: 4000247484 ns, Reaching safepoint: 48501 ns, At safepoint: 2600 ns, Total: 51101 ns
[2976.357s][info ][safepoint      ] Safepoint "Cleanup", Time since last: 1000115667 ns, Reaching safepoint: 52901 ns, At safepoint: 3300 ns, Total: 56201 ns
[2981.358s][info ][safepoint      ] Safepoint "Cleanup", Time since last: 5000375607 ns, Reaching safepoint: 44401 ns, At safepoint: 2700 ns, Total: 47101 ns
[2990.358s][info ][safepoint      ] Safepoint "Cleanup", Time since last: 9000638438 ns, Reaching safepoint: 52101 ns, At safepoint: 3200 ns, Total: 55301 ns
[2997.100s][info ][gc,start       ] GC(188) Pause Young (Allocation Failure)
[2997.103s][debug][gc,phases      ] GC(188) Scavenge 2.787ms
[2997.103s][debug][gc,ref         ] GC(188) Skipped phase 1 of Reference Processing: no references
[2997.103s][debug][gc,ref         ] GC(188) Skipped phase 3 of Reference Processing: no references
[2997.103s][debug][gc,phases      ] GC(188) Reference Processing 0.022ms
[2997.104s][debug][gc,phases      ] GC(188) Weak Processing 0.573ms
[2997.104s][debug][gc,age         ] GC(188) Desired survivor size 9437184 bytes, new threshold 15 (max threshold 15)
[2997.104s][info ][gc,heap        ] GC(188) PSYoungGen: 2083152K(2087936K)->4656K(2087424K) Eden: 2078208K(2078208K)->0K(2078208K) From: 4944K(9728K)->4656K(9216K)
[2997.104s][info ][gc,heap        ] GC(188) ParOldGen: 549326K(626176K)->549550K(626176K)
[2997.104s][info ][gc,metaspace   ] GC(188) Metaspace: 80013K(80768K)->80013K(80768K) NonClass: 69173K(69568K)->69173K(69568K) Class: 10839K(11200K)->10839K(11200K)
[2997.104s][info ][gc             ] GC(188) Pause Young (Allocation Failure) 2570M->541M(2650M) 3.529ms
[2997.104s][info ][gc,cpu         ] GC(188) User=0.02s Sys=0.00s Real=0.01s
[2997.104s][info ][safepoint      ] Safepoint "ParallelGCFailedAllocation", Time since last: 6741842399 ns, Reaching safepoint: 59901 ns, At safepoint: 3614167 ns, Total: 3674068 ns
[2999.104s][info ][safepoint      ] Safepoint "Cleanup", Time since last: 2000156855 ns, Reaching safepoint: 114802 ns, At safepoint: 5300 ns, Total: 120102 ns
[3000.104s][info ][safepoint      ] Safepoint "Cleanup", Time since last: 1000109526 ns, Reaching safepoint: 117902 ns, At safepoint: 6900 ns, Total: 124802 ns
[3004.105s][info ][safepoint      ] Safepoint "Cleanup", Time since last: 4000310182 ns, Reaching safepoint: 117802 ns, At safepoint: 10300 ns, Total: 128102 ns
[3009.105s][info ][safepoint      ] Safepoint "Cleanup", Time since last: 5000372163 ns, Reaching safepoint: 121702 ns, At safepoint: 7900 ns, Total: 129602 ns
[3016.106s][info ][safepoint      ] Safepoint "Cleanup", Time since last: 7000460916 ns, Reaching safepoint: 49001 ns, At safepoint: 5800 ns, Total: 54801 ns
[3020.106s][info ][safepoint      ] Safepoint "Cleanup", Time since last: 4000258272 ns, Reaching safepoint: 50601 ns, At safepoint: 5300 ns, Total: 55901 ns
[3024.107s][info ][safepoint      ] Safepoint "Cleanup", Time since last: 4000325147 ns, Reaching safepoint: 74601 ns, At safepoint: 10901 ns, Total: 85502 ns
[3031.701s][info ][gc,start       ] GC(189) Pause Young (Allocation Failure)
[3031.704s][debug][gc,phases      ] GC(189) Scavenge 2.403ms
[3031.704s][debug][gc,ref         ] GC(189) Skipped phase 1 of Reference Processing: no references
[3031.704s][debug][gc,ref         ] GC(189) Skipped phase 3 of Reference Processing: no references
[3031.704s][debug][gc,phases      ] GC(189) Reference Processing 0.032ms
[3031.704s][debug][gc,phases      ] GC(189) Weak Processing 0.603ms
[3031.704s][debug][gc,age         ] GC(189) Desired survivor size 8912896 bytes, new threshold 15 (max threshold 15)
[3031.704s][info ][gc,heap        ] GC(189) PSYoungGen: 2082864K(2087424K)->4336K(2088448K) Eden: 2078208K(2078208K)->0K(2079232K) From: 4656K(9216K)->4336K(9216K)
[3031.704s][info ][gc,heap        ] GC(189) ParOldGen: 549550K(626176K)->549650K(626176K)
[3031.704s][info ][gc,metaspace   ] GC(189) Metaspace: 80030K(80768K)->80030K(80768K) NonClass: 69190K(69568K)->69190K(69568K) Class: 10839K(11200K)->10839K(11200K)
[3031.704s][info ][gc             ] GC(189) Pause Young (Allocation Failure) 2570M->541M(2651M) 3.195ms
[3031.704s][info ][gc,cpu         ] GC(189) User=0.01s Sys=0.00s Real=0.01s
[3031.704s][info ][safepoint      ] Safepoint "ParallelGCFailedAllocation", Time since last: 7594495431 ns, Reaching safepoint: 50801 ns, At safepoint: 3277062 ns, Total: 3327863 ns
[3070.299s][info ][gc,start       ] GC(190) Pause Young (Allocation Failure)
[3070.302s][debug][gc,phases      ] GC(190) Scavenge 2.408ms
[3070.302s][debug][gc,ref         ] GC(190) Skipped phase 1 of Reference Processing: no references
[3070.302s][debug][gc,ref         ] GC(190) Skipped phase 3 of Reference Processing: no references
[3070.302s][debug][gc,phases      ] GC(190) Reference Processing 0.022ms
[3070.302s][debug][gc,phases      ] GC(190) Weak Processing 0.493ms
[3070.302s][debug][gc,age         ] GC(190) Desired survivor size 8912896 bytes, new threshold 15 (max threshold 15)
[3070.302s][info ][gc,heap        ] GC(190) PSYoungGen: 2083568K(2088448K)->3936K(2087936K) Eden: 2079232K(2079232K)->0K(2079232K) From: 4336K(9216K)->3936K(8704K)
[3070.302s][info ][gc,heap        ] GC(190) ParOldGen: 549650K(626176K)->550094K(626176K)
[3070.302s][info ][gc,metaspace   ] GC(190) Metaspace: 80041K(80768K)->80041K(80768K) NonClass: 69201K(69568K)->69201K(69568K) Class: 10839K(11200K)->10839K(11200K)
[3070.302s][info ][gc             ] GC(190) Pause Young (Allocation Failure) 2571M->541M(2650M) 3.059ms
[3070.302s][info ][gc,cpu         ] GC(190) User=0.01s Sys=0.00s Real=0.01s
[3070.302s][info ][safepoint      ] Safepoint "ParallelGCFailedAllocation", Time since last: 38594769760 ns, Reaching safepoint: 130702 ns, At safepoint: 3157359 ns, Total: 3288061 ns
[3091.305s][info ][safepoint      ] Safepoint "Cleanup", Time since last: 21002177201 ns, Reaching safepoint: 121202 ns, At safepoint: 10500 ns, Total: 131702 ns
[3092.305s][info ][safepoint      ] Safepoint "Cleanup", Time since last: 1000086179 ns, Reaching safepoint: 45501 ns, At safepoint: 8200 ns, Total: 53701 ns
[3108.803s][info ][gc,start       ] GC(191) Pause Young (Allocation Failure)
[3108.805s][debug][gc,phases      ] GC(191) Scavenge 2.139ms
[3108.805s][debug][gc,ref         ] GC(191) Skipped phase 1 of Reference Processing: no references
[3108.805s][debug][gc,ref         ] GC(191) Skipped phase 3 of Reference Processing: no references
[3108.805s][debug][gc,ref         ] GC(191) Skipped phase 4 of Reference Processing: no references
[3108.805s][debug][gc,phases      ] GC(191) Reference Processing 0.026ms
[3108.806s][debug][gc,phases      ] GC(191) Weak Processing 0.533ms
[3108.806s][debug][gc,age         ] GC(191) Desired survivor size 8388608 bytes, new threshold 15 (max threshold 15)
[3108.806s][info ][gc,heap        ] GC(191) PSYoungGen: 2083168K(2087936K)->3808K(2088960K) Eden: 2079232K(2079232K)->0K(2080256K) From: 3936K(8704K)->3808K(8704K)
[3108.806s][info ][gc,heap        ] GC(191) ParOldGen: 550094K(626176K)->550254K(626176K)
[3108.806s][info ][gc,metaspace   ] GC(191) Metaspace: 80041K(80768K)->80041K(80768K) NonClass: 69201K(69568K)->69201K(69568K) Class: 10839K(11200K)->10839K(11200K)
[3108.806s][info ][gc             ] GC(191) Pause Young (Allocation Failure) 2571M->541M(2651M) 2.852ms
[3108.806s][info ][gc,cpu         ] GC(191) User=0.01s Sys=0.00s Real=0.00s
[3108.806s][info ][safepoint      ] Safepoint "ParallelGCFailedAllocation", Time since last: 16497804577 ns, Reaching safepoint: 46901 ns, At safepoint: 2926355 ns, Total: 2973256 ns
[3147.749s][info ][gc,start       ] GC(192) Pause Young (Allocation Failure)
[3147.751s][debug][gc,phases      ] GC(192) Scavenge 2.312ms
[3147.752s][debug][gc,ref         ] GC(192) Skipped phase 1 of Reference Processing: no references
[3147.752s][debug][gc,ref         ] GC(192) Skipped phase 3 of Reference Processing: no references
[3147.752s][debug][gc,ref         ] GC(192) Skipped phase 4 of Reference Processing: no references
[3147.752s][debug][gc,phases      ] GC(192) Reference Processing 0.023ms
[3147.752s][debug][gc,phases      ] GC(192) Weak Processing 0.492ms
[3147.752s][debug][gc,age         ] GC(192) Desired survivor size 8388608 bytes, new threshold 15 (max threshold 15)
[3147.752s][info ][gc,heap        ] GC(192) PSYoungGen: 2084064K(2088960K)->3744K(2088448K) Eden: 2080256K(2080256K)->0K(2080256K) From: 3808K(8704K)->3744K(8192K)
[3147.752s][info ][gc,heap        ] GC(192) ParOldGen: 550254K(626176K)->550310K(626176K)
[3147.752s][info ][gc,metaspace   ] GC(192) Metaspace: 80044K(80768K)->80044K(80768K) NonClass: 69204K(69568K)->69204K(69568K) Class: 10839K(11200K)->10839K(11200K)
[3147.752s][info ][gc             ] GC(192) Pause Young (Allocation Failure) 2572M->541M(2651M) 2.948ms
[3147.752s][info ][gc,cpu         ] GC(192) User=0.00s Sys=0.00s Real=0.00s
[3147.752s][info ][safepoint      ] Safepoint "ParallelGCFailedAllocation", Time since last: 38943317683 ns, Reaching safepoint: 59002 ns, At safepoint: 3023855 ns, Total: 3082857 ns
[3154.753s][info ][safepoint      ] Safepoint "Cleanup", Time since last: 7000549683 ns, Reaching safepoint: 131503 ns, At safepoint: 7900 ns, Total: 139403 ns
[3186.908s][info ][gc,start       ] GC(193) Pause Young (Allocation Failure)
[3186.910s][debug][gc,phases      ] GC(193) Scavenge 2.270ms
[3186.910s][debug][gc,ref         ] GC(193) Skipped phase 1 of Reference Processing: no references
[3186.910s][debug][gc,ref         ] GC(193) Skipped phase 3 of Reference Processing: no references
[3186.910s][debug][gc,ref         ] GC(193) Skipped phase 4 of Reference Processing: no references
[3186.910s][debug][gc,phases      ] GC(193) Reference Processing 0.023ms
[3186.911s][debug][gc,phases      ] GC(193) Weak Processing 0.552ms
[3186.911s][debug][gc,age         ] GC(193) Desired survivor size 8388608 bytes, new threshold 15 (max threshold 15)
[3186.911s][info ][gc,heap        ] GC(193) PSYoungGen: 2084000K(2088448K)->3200K(2088960K) Eden: 2080256K(2080256K)->0K(2080768K) From: 3744K(8192K)->3200K(8192K)
[3186.911s][info ][gc,heap        ] GC(193) ParOldGen: 550310K(626176K)->550822K(626176K)
[3186.911s][info ][gc,metaspace   ] GC(193) Metaspace: 80044K(80768K)->80044K(80768K) NonClass: 69204K(69568K)->69204K(69568K) Class: 10839K(11200K)->10839K(11200K)
[3186.911s][info ][gc             ] GC(193) Pause Young (Allocation Failure) 2572M->541M(2651M) 2.962ms
[3186.911s][info ][gc,cpu         ] GC(193) User=0.01s Sys=0.00s Real=0.00s
[3186.911s][info ][safepoint      ] Safepoint "ParallelGCFailedAllocation", Time since last: 32155124453 ns, Reaching safepoint: 76302 ns, At safepoint: 3038456 ns, Total: 3114758 ns
[3226.218s][info ][gc,start       ] GC(194) Pause Young (Allocation Failure)
[3226.220s][debug][gc,phases      ] GC(194) Scavenge 1.903ms
[3226.220s][debug][gc,ref         ] GC(194) Skipped phase 1 of Reference Processing: no references
[3226.220s][debug][gc,ref         ] GC(194) Skipped phase 3 of Reference Processing: no references
[3226.220s][debug][gc,ref         ] GC(194) Skipped phase 4 of Reference Processing: no references
[3226.220s][debug][gc,phases      ] GC(194) Reference Processing 0.025ms
[3226.221s][debug][gc,phases      ] GC(194) Weak Processing 0.550ms
[3226.221s][debug][gc,age         ] GC(194) Desired survivor size 8388608 bytes, new threshold 15 (max threshold 15)
[3226.221s][info ][gc,heap        ] GC(194) PSYoungGen: 2083968K(2088960K)->3184K(2088960K) Eden: 2080768K(2080768K)->0K(2080768K) From: 3200K(8192K)->3184K(8192K)
[3226.221s][info ][gc,heap        ] GC(194) ParOldGen: 550822K(626176K)->550886K(626176K)
[3226.221s][info ][gc,metaspace   ] GC(194) Metaspace: 80044K(80768K)->80044K(80768K) NonClass: 69204K(69568K)->69204K(69568K) Class: 10839K(11200K)->10839K(11200K)
[3226.221s][info ][gc             ] GC(194) Pause Young (Allocation Failure) 2573M->541M(2651M) 2.580ms
[3226.221s][info ][gc,cpu         ] GC(194) User=0.00s Sys=0.00s Real=0.00s
[3226.221s][info ][safepoint      ] Safepoint "ParallelGCFailedAllocation", Time since last: 39307220284 ns, Reaching safepoint: 124303 ns, At safepoint: 2660449 ns, Total: 2784752 ns
[3227.221s][info ][safepoint      ] Safepoint "Cleanup", Time since last: 1000091807 ns, Reaching safepoint: 74902 ns, At safepoint: 5100 ns, Total: 80002 ns
[3452.240s][info ][safepoint      ] Safepoint "Cleanup", Time since last: 225018637350 ns, Reaching safepoint: 64802 ns, At safepoint: 2500 ns, Total: 67302 ns
[3557.677s][info ][gc,heap,exit   ] Heap
[3557.677s][info ][gc,heap,exit   ]  PSYoungGen      total 2088960K, used 1083293K [0x0000000780000000, 0x0000000800000000, 0x0000000800000000)
[3557.677s][info ][gc,heap,exit   ]   eden space 2080768K, 51% used [0x0000000780000000,0x00000007c1ecb3d8,0x00000007ff000000)
[3557.677s][info ][gc,heap,exit   ]   from space 8192K, 38% used [0x00000007ff000000,0x00000007ff31c108,0x00000007ff800000)
[3557.677s][info ][gc,heap,exit   ]   to   space 8192K, 0% used [0x00000007ff800000,0x00000007ff800000,0x0000000800000000)
[3557.677s][info ][gc,heap,exit   ]  ParOldGen       total 626176K, used 550886K [0x0000000740000000, 0x0000000766380000, 0x0000000780000000)
[3557.677s][info ][gc,heap,exit   ]   object space 626176K, 87% used [0x0000000740000000,0x00000007619f9af0,0x0000000766380000)
[3557.677s][info ][gc,heap,exit   ]  Metaspace       used 80109K, committed 80832K, reserved 1122304K
[3557.677s][info ][gc,heap,exit   ]   class space    used 10844K, committed 11200K, reserved 1048576K
