[0.003s][info][gc] Using Parallel
[0.004s][info][gc,init] Version: 16.0.1+9 (release)
[0.004s][info][gc,init] CPUs: 8 total, 8 available
[0.004s][info][gc,init] Memory: 32117M
[0.004s][info][gc,init] Large Page Support: Disabled
[0.004s][info][gc,init] NUMA Support: Disabled
[0.004s][info][gc,init] Compressed Oops: Enabled (Zero based)
[0.004s][info][gc,init] Alignments: Space 512K, Generation 512K, Heap 2M
[0.004s][info][gc,init] Heap Min Capacity: 2054M
[0.004s][info][gc,init] Heap Initial Capacity: 2054M
[0.004s][info][gc,init] Heap Max Capacity: 3G
[0.004s][info][gc,init] Pre-touch: Disabled
[0.004s][info][gc,init] Parallel Workers: 4
[0.004s][info][gc,metaspace] CDS disabled.
[0.004s][info][gc,metaspace] Compressed class space mapped at: 0x0000000800000000-0x0000000840000000, reserved size: 1073741824
[0.004s][info][gc,metaspace] Narrow klass base: 0x0000000800000000, Narrow klass shift: 0, Narrow klass range: 0x40000000
[0.524s][info][safepoint   ] Safepoint "ICBufferFull", Time since last: 497998989 ns, Reaching safepoint: 156003 ns, At safepoint: 8500 ns, Total: 164503 ns
[0.793s][info][gc,start    ] GC(0) Pause Young (Metadata GC Threshold)
[0.799s][debug][gc,phases   ] GC(0) Scavenge 5.053ms
[0.799s][debug][gc,ref      ] GC(0) Skipped phase 1 of Reference Processing: no references
[0.799s][debug][gc,ref      ] GC(0) Skipped phase 3 of Reference Processing: no references
[0.799s][debug][gc,phases   ] GC(0) Reference Processing 0.309ms
[0.800s][debug][gc,phases   ] GC(0) Weak Processing 0.410ms
[0.800s][debug][gc,age      ] GC(0) Desired survivor size 536870912 bytes, new threshold 7 (max threshold 15)
[0.800s][info ][gc,heap     ] GC(0) PSYoungGen: 167792K(1572864K)->7845K(1572864K) Eden: 167792K(1048576K)->0K(1048576K) From: 0K(524288K)->7845K(524288K)
[0.800s][info ][gc,heap     ] GC(0) ParOldGen: 0K(6144K)->88K(6144K)
[0.800s][info ][gc,metaspace] GC(0) Metaspace: 21008K(21248K)->21008K(21248K) NonClass: 18642K(18752K)->18642K(18752K) Class: 2365K(2496K)->2365K(2496K)
[0.800s][info ][gc          ] GC(0) Pause Young (Metadata GC Threshold) 163M->7M(1542M) 6.218ms
[0.800s][info ][gc,cpu      ] GC(0) User=0.02s Sys=0.00s Real=0.00s
[0.800s][debug][gc,phases   ] GC(1) Pre Compact 0.014ms
[0.800s][info ][gc,start    ] GC(1) Pause Full (Metadata GC Threshold)
[0.800s][info ][gc,phases,start] GC(1) Marking Phase
[0.803s][debug][gc,phases      ] GC(1) Par Mark 3.373ms
[0.803s][debug][gc,ref         ] GC(1) Skipped phase 1 of Reference Processing: no references
[0.803s][debug][gc,ref         ] GC(1) Skipped phase 3 of Reference Processing: no references
[0.803s][debug][gc,phases      ] GC(1) Reference Processing 0.051ms
[0.803s][debug][gc,phases      ] GC(1) Weak Processing 0.124ms
[0.803s][debug][gc,phases      ] GC(1) ClassLoaderData 0.016ms
[0.803s][debug][gc,phases      ] GC(1) Trigger cleanups 0.000ms
[0.805s][debug][gc,phases      ] GC(1) Class Unloading 2.111ms
[0.805s][info ][gc,phases      ] GC(1) Marking Phase 5.778ms
[0.805s][info ][gc,phases,start] GC(1) Summary Phase
[0.805s][info ][gc,phases      ] GC(1) Summary Phase 0.007ms
[0.805s][info ][gc,phases,start] GC(1) Adjust Roots
[0.809s][info ][gc,phases      ] GC(1) Adjust Roots 3.409ms
[0.809s][info ][gc,phases,start] GC(1) Compaction Phase
[0.814s][info ][gc,phases      ] GC(1) Compaction Phase 5.521ms
[0.814s][info ][gc,phases,start] GC(1) Post Compact
[0.815s][info ][gc,phases      ] GC(1) Post Compact 0.308ms
[0.815s][info ][gc,heap        ] GC(1) PSYoungGen: 7845K(1572864K)->2137K(1572864K) Eden: 0K(1048576K)->0K(1048576K) From: 7845K(524288K)->2137K(524288K)
[0.815s][info ][gc,heap        ] GC(1) ParOldGen: 88K(6144K)->5698K(6144K)
[0.815s][info ][gc,metaspace   ] GC(1) Metaspace: 21008K(21248K)->21008K(21248K) NonClass: 18642K(18752K)->18642K(18752K) Class: 2365K(2496K)->2365K(2496K)
[0.815s][info ][gc             ] GC(1) Pause Full (Metadata GC Threshold) 7M->7M(1542M) 15.159ms
[0.815s][info ][gc,cpu         ] GC(1) User=0.04s Sys=0.01s Real=0.02s
[0.815s][info ][safepoint      ] Safepoint "CollectForMetadataAllocation", Time since last: 269540431 ns, Reaching safepoint: 130703 ns, At safepoint: 21499357 ns, Total: 21630060 ns
[1.001s][info ][safepoint      ] Safepoint "ICBufferFull", Time since last: 186551067 ns, Reaching safepoint: 77001 ns, At safepoint: 8801 ns, Total: 85802 ns
[1.013s][info ][safepoint      ] Safepoint "ICBufferFull", Time since last: 11105336 ns, Reaching safepoint: 70701 ns, At safepoint: 6400 ns, Total: 77101 ns
[1.021s][info ][safepoint      ] Safepoint "ICBufferFull", Time since last: 8019271 ns, Reaching safepoint: 50301 ns, At safepoint: 5800 ns, Total: 56101 ns
[1.033s][info ][safepoint      ] Safepoint "ICBufferFull", Time since last: 11699849 ns, Reaching safepoint: 54201 ns, At safepoint: 7800 ns, Total: 62001 ns
[1.036s][info ][safepoint      ] Safepoint "ICBufferFull", Time since last: 3484574 ns, Reaching safepoint: 31401 ns, At safepoint: 5500 ns, Total: 36901 ns
[1.041s][info ][safepoint      ] Safepoint "ICBufferFull", Time since last: 4586898 ns, Reaching safepoint: 35900 ns, At safepoint: 5501 ns, Total: 41401 ns
[1.044s][info ][safepoint      ] Safepoint "ICBufferFull", Time since last: 3535975 ns, Reaching safepoint: 55501 ns, At safepoint: 5800 ns, Total: 61301 ns
[1.048s][info ][safepoint      ] Safepoint "ICBufferFull", Time since last: 3202068 ns, Reaching safepoint: 108102 ns, At safepoint: 7401 ns, Total: 115503 ns
[1.050s][info ][safepoint      ] Safepoint "ICBufferFull", Time since last: 2633156 ns, Reaching safepoint: 42600 ns, At safepoint: 73402 ns, Total: 116002 ns
[1.057s][info ][safepoint      ] Safepoint "ICBufferFull", Time since last: 6114230 ns, Reaching safepoint: 117402 ns, At safepoint: 4701 ns, Total: 122103 ns
[1.057s][info ][safepoint      ] Safepoint "ICBufferFull", Time since last: 561412 ns, Reaching safepoint: 29500 ns, At safepoint: 1500 ns, Total: 31000 ns
[1.058s][info ][safepoint      ] Safepoint "ICBufferFull", Time since last: 548812 ns, Reaching safepoint: 26900 ns, At safepoint: 3901 ns, Total: 30801 ns
[1.137s][info ][safepoint      ] Safepoint "ICBufferFull", Time since last: 79601692 ns, Reaching safepoint: 103702 ns, At safepoint: 2000 ns, Total: 105702 ns
[1.139s][info ][safepoint      ] Safepoint "ICBufferFull", Time since last: 1258027 ns, Reaching safepoint: 35201 ns, At safepoint: 1500 ns, Total: 36701 ns
[1.140s][info ][safepoint      ] Safepoint "ICBufferFull", Time since last: 1313328 ns, Reaching safepoint: 32500 ns, At safepoint: 1000 ns, Total: 33500 ns
[1.141s][info ][safepoint      ] Safepoint "ICBufferFull", Time since last: 922520 ns, Reaching safepoint: 93602 ns, At safepoint: 9900 ns, Total: 103502 ns
[1.142s][info ][safepoint      ] Safepoint "ICBufferFull", Time since last: 1323928 ns, Reaching safepoint: 30801 ns, At safepoint: 3500 ns, Total: 34301 ns
[1.143s][info ][safepoint      ] Safepoint "ICBufferFull", Time since last: 1000421 ns, Reaching safepoint: 28701 ns, At safepoint: 4000 ns, Total: 32701 ns
[1.145s][info ][safepoint      ] Safepoint "ICBufferFull", Time since last: 1197826 ns, Reaching safepoint: 15800 ns, At safepoint: 14400 ns, Total: 30200 ns
[1.146s][info ][safepoint      ] Safepoint "ICBufferFull", Time since last: 906419 ns, Reaching safepoint: 33201 ns, At safepoint: 4200 ns, Total: 37401 ns
[1.147s][info ][safepoint      ] Safepoint "ICBufferFull", Time since last: 1123724 ns, Reaching safepoint: 15000 ns, At safepoint: 1201 ns, Total: 16201 ns
[1.148s][info ][safepoint      ] Safepoint "ICBufferFull", Time since last: 870018 ns, Reaching safepoint: 21600 ns, At safepoint: 1400 ns, Total: 23000 ns
[1.149s][info ][safepoint      ] Safepoint "ICBufferFull", Time since last: 1134625 ns, Reaching safepoint: 29600 ns, At safepoint: 1200 ns, Total: 30800 ns
[1.150s][info ][safepoint      ] Safepoint "ICBufferFull", Time since last: 1206526 ns, Reaching safepoint: 29101 ns, At safepoint: 4000 ns, Total: 33101 ns
[1.151s][info ][safepoint      ] Safepoint "ICBufferFull", Time since last: 582912 ns, Reaching safepoint: 25201 ns, At safepoint: 3400 ns, Total: 28601 ns
[1.152s][info ][safepoint      ] Safepoint "ICBufferFull", Time since last: 1323728 ns, Reaching safepoint: 29900 ns, At safepoint: 1400 ns, Total: 31300 ns
[1.154s][info ][safepoint      ] Safepoint "ICBufferFull", Time since last: 1779738 ns, Reaching safepoint: 38101 ns, At safepoint: 2000 ns, Total: 40101 ns
[1.156s][info ][safepoint      ] Safepoint "ICBufferFull", Time since last: 1944041 ns, Reaching safepoint: 45501 ns, At safepoint: 5001 ns, Total: 50502 ns
[1.166s][info ][safepoint      ] Safepoint "ICBufferFull", Time since last: 9791708 ns, Reaching safepoint: 43101 ns, At safepoint: 2100 ns, Total: 45201 ns
[1.186s][info ][safepoint      ] Safepoint "ICBufferFull", Time since last: 20563337 ns, Reaching safepoint: 71001 ns, At safepoint: 2200 ns, Total: 73201 ns
[1.189s][info ][safepoint      ] Safepoint "ICBufferFull", Time since last: 3018465 ns, Reaching safepoint: 32200 ns, At safepoint: 900 ns, Total: 33100 ns
[1.232s][info ][safepoint      ] Safepoint "ICBufferFull", Time since last: 42864812 ns, Reaching safepoint: 74201 ns, At safepoint: 5900 ns, Total: 80101 ns
[1.233s][info ][safepoint      ] Safepoint "ICBufferFull", Time since last: 751916 ns, Reaching safepoint: 94402 ns, At safepoint: 4001 ns, Total: 98403 ns
[1.238s][info ][safepoint      ] Safepoint "ICBufferFull", Time since last: 4504495 ns, Reaching safepoint: 38901 ns, At safepoint: 900 ns, Total: 39801 ns
[1.238s][info ][safepoint      ] Safepoint "ICBufferFull", Time since last: 618213 ns, Reaching safepoint: 27201 ns, At safepoint: 1300 ns, Total: 28501 ns
[1.284s][info ][safepoint      ] Safepoint "ICBufferFull", Time since last: 45592569 ns, Reaching safepoint: 49501 ns, At safepoint: 2400 ns, Total: 51901 ns
[1.285s][info ][safepoint      ] Safepoint "ICBufferFull", Time since last: 1174325 ns, Reaching safepoint: 29301 ns, At safepoint: 2000 ns, Total: 31301 ns
[1.287s][info ][safepoint      ] Safepoint "ICBufferFull", Time since last: 1885040 ns, Reaching safepoint: 17901 ns, At safepoint: 1100 ns, Total: 19001 ns
[1.288s][info ][safepoint      ] Safepoint "ICBufferFull", Time since last: 1151124 ns, Reaching safepoint: 17200 ns, At safepoint: 1000 ns, Total: 18200 ns
[1.290s][info ][safepoint      ] Safepoint "ICBufferFull", Time since last: 1893541 ns, Reaching safepoint: 84401 ns, At safepoint: 6801 ns, Total: 91202 ns
[1.292s][info ][safepoint      ] Safepoint "ICBufferFull", Time since last: 1574233 ns, Reaching safepoint: 31101 ns, At safepoint: 1200 ns, Total: 32301 ns
[1.293s][info ][safepoint      ] Safepoint "ICBufferFull", Time since last: 863618 ns, Reaching safepoint: 23601 ns, At safepoint: 1500 ns, Total: 25101 ns
[1.293s][info ][safepoint      ] Safepoint "ICBufferFull", Time since last: 514211 ns, Reaching safepoint: 18100 ns, At safepoint: 1100 ns, Total: 19200 ns
[1.294s][info ][safepoint      ] Safepoint "ICBufferFull", Time since last: 946120 ns, Reaching safepoint: 20101 ns, At safepoint: 1300 ns, Total: 21401 ns
[1.296s][info ][safepoint      ] Safepoint "ICBufferFull", Time since last: 2073044 ns, Reaching safepoint: 22800 ns, At safepoint: 1700 ns, Total: 24500 ns
[1.297s][info ][safepoint      ] Safepoint "ICBufferFull", Time since last: 766516 ns, Reaching safepoint: 20701 ns, At safepoint: 1500 ns, Total: 22201 ns
[1.298s][info ][safepoint      ] Safepoint "ICBufferFull", Time since last: 794417 ns, Reaching safepoint: 17700 ns, At safepoint: 1500 ns, Total: 19200 ns
[1.299s][info ][safepoint      ] Safepoint "ICBufferFull", Time since last: 973921 ns, Reaching safepoint: 16700 ns, At safepoint: 1400 ns, Total: 18100 ns
[1.301s][info ][safepoint      ] Safepoint "ICBufferFull", Time since last: 1781538 ns, Reaching safepoint: 35401 ns, At safepoint: 2000 ns, Total: 37401 ns
[1.302s][info ][safepoint      ] Safepoint "ICBufferFull", Time since last: 1552133 ns, Reaching safepoint: 18100 ns, At safepoint: 1500 ns, Total: 19600 ns
[1.304s][info ][safepoint      ] Safepoint "ICBufferFull", Time since last: 1092324 ns, Reaching safepoint: 22600 ns, At safepoint: 1600 ns, Total: 24200 ns
[1.305s][info ][safepoint      ] Safepoint "ICBufferFull", Time since last: 1183925 ns, Reaching safepoint: 22301 ns, At safepoint: 2400 ns, Total: 24701 ns
[1.307s][info ][safepoint      ] Safepoint "ICBufferFull", Time since last: 2179846 ns, Reaching safepoint: 24201 ns, At safepoint: 2400 ns, Total: 26601 ns
[1.309s][info ][safepoint      ] Safepoint "ICBufferFull", Time since last: 2053543 ns, Reaching safepoint: 23601 ns, At safepoint: 1800 ns, Total: 25401 ns
[1.315s][info ][safepoint      ] Safepoint "ICBufferFull", Time since last: 6360135 ns, Reaching safepoint: 58201 ns, At safepoint: 2701 ns, Total: 60902 ns
[1.320s][info ][safepoint      ] Safepoint "ICBufferFull", Time since last: 4522696 ns, Reaching safepoint: 24800 ns, At safepoint: 2000 ns, Total: 26800 ns
[1.323s][info ][safepoint      ] Safepoint "ICBufferFull", Time since last: 2652057 ns, Reaching safepoint: 42201 ns, At safepoint: 1900 ns, Total: 44101 ns
[1.325s][info ][safepoint      ] Safepoint "ICBufferFull", Time since last: 1879440 ns, Reaching safepoint: 25100 ns, At safepoint: 4800 ns, Total: 29900 ns
[1.327s][info ][safepoint      ] Safepoint "ICBufferFull", Time since last: 1903541 ns, Reaching safepoint: 35000 ns, At safepoint: 1800 ns, Total: 36800 ns
[1.327s][info ][safepoint      ] Safepoint "ICBufferFull", Time since last: 548212 ns, Reaching safepoint: 33201 ns, At safepoint: 1100 ns, Total: 34301 ns
[1.329s][info ][safepoint      ] Safepoint "ICBufferFull", Time since last: 1894940 ns, Reaching safepoint: 45001 ns, At safepoint: 2800 ns, Total: 47801 ns
[1.331s][info ][safepoint      ] Safepoint "ICBufferFull", Time since last: 1836339 ns, Reaching safepoint: 40401 ns, At safepoint: 2000 ns, Total: 42401 ns
[1.333s][info ][safepoint      ] Safepoint "ICBufferFull", Time since last: 1856540 ns, Reaching safepoint: 28100 ns, At safepoint: 4400 ns, Total: 32500 ns
[1.336s][info ][safepoint      ] Safepoint "ICBufferFull", Time since last: 2671557 ns, Reaching safepoint: 33001 ns, At safepoint: 1600 ns, Total: 34601 ns
[1.337s][info ][safepoint      ] Safepoint "ICBufferFull", Time since last: 1529332 ns, Reaching safepoint: 27501 ns, At safepoint: 1600 ns, Total: 29101 ns
[1.339s][info ][safepoint      ] Safepoint "ICBufferFull", Time since last: 1665335 ns, Reaching safepoint: 25901 ns, At safepoint: 1200 ns, Total: 27101 ns
[1.341s][info ][safepoint      ] Safepoint "ICBufferFull", Time since last: 1731537 ns, Reaching safepoint: 101802 ns, At safepoint: 9900 ns, Total: 111702 ns
[1.343s][info ][safepoint      ] Safepoint "ICBufferFull", Time since last: 2198347 ns, Reaching safepoint: 40801 ns, At safepoint: 8700 ns, Total: 49501 ns
[1.346s][info ][safepoint      ] Safepoint "ICBufferFull", Time since last: 3020164 ns, Reaching safepoint: 38701 ns, At safepoint: 4600 ns, Total: 43301 ns
[1.348s][info ][safepoint      ] Safepoint "ICBufferFull", Time since last: 2468653 ns, Reaching safepoint: 23000 ns, At safepoint: 1900 ns, Total: 24900 ns
[1.352s][info ][safepoint      ] Safepoint "ICBufferFull", Time since last: 3818981 ns, Reaching safepoint: 36801 ns, At safepoint: 2000 ns, Total: 38801 ns
[1.363s][info ][safepoint      ] Safepoint "ICBufferFull", Time since last: 10803130 ns, Reaching safepoint: 51501 ns, At safepoint: 1900 ns, Total: 53401 ns
[1.364s][info ][safepoint      ] Safepoint "ICBufferFull", Time since last: 1127024 ns, Reaching safepoint: 29801 ns, At safepoint: 1000 ns, Total: 30801 ns
[1.366s][info ][safepoint      ] Safepoint "ICBufferFull", Time since last: 1839139 ns, Reaching safepoint: 25300 ns, At safepoint: 900 ns, Total: 26200 ns
[1.367s][info ][safepoint      ] Safepoint "ICBufferFull", Time since last: 509711 ns, Reaching safepoint: 12800 ns, At safepoint: 700 ns, Total: 13500 ns
[1.369s][info ][safepoint      ] Safepoint "ICBufferFull", Time since last: 2063044 ns, Reaching safepoint: 17301 ns, At safepoint: 5500 ns, Total: 22801 ns
[1.374s][info ][safepoint      ] Safepoint "ICBufferFull", Time since last: 5272412 ns, Reaching safepoint: 38101 ns, At safepoint: 2300 ns, Total: 40401 ns
[1.379s][info ][safepoint      ] Safepoint "ICBufferFull", Time since last: 4650299 ns, Reaching safepoint: 31300 ns, At safepoint: 1900 ns, Total: 33200 ns
[1.386s][info ][safepoint      ] Safepoint "ICBufferFull", Time since last: 7605362 ns, Reaching safepoint: 44001 ns, At safepoint: 1700 ns, Total: 45701 ns
[1.388s][info ][safepoint      ] Safepoint "ICBufferFull", Time since last: 1645235 ns, Reaching safepoint: 20000 ns, At safepoint: 1500 ns, Total: 21500 ns
[1.389s][info ][safepoint      ] Safepoint "ICBufferFull", Time since last: 531512 ns, Reaching safepoint: 157103 ns, At safepoint: 1800 ns, Total: 158903 ns
[1.392s][info ][safepoint      ] Safepoint "ICBufferFull", Time since last: 2986464 ns, Reaching safepoint: 16900 ns, At safepoint: 1200 ns, Total: 18100 ns
[1.393s][info ][safepoint      ] Safepoint "ICBufferFull", Time since last: 992221 ns, Reaching safepoint: 18400 ns, At safepoint: 12501 ns, Total: 30901 ns
[1.396s][info ][safepoint      ] Safepoint "ICBufferFull", Time since last: 2952662 ns, Reaching safepoint: 21401 ns, At safepoint: 1500 ns, Total: 22901 ns
[1.396s][info ][safepoint      ] Safepoint "ICBufferFull", Time since last: 524611 ns, Reaching safepoint: 18000 ns, At safepoint: 1100 ns, Total: 19100 ns
[1.398s][info ][safepoint      ] Safepoint "ICBufferFull", Time since last: 2064944 ns, Reaching safepoint: 31801 ns, At safepoint: 2000 ns, Total: 33801 ns
[1.400s][info ][safepoint      ] Safepoint "ICBufferFull", Time since last: 1835539 ns, Reaching safepoint: 18001 ns, At safepoint: 1600 ns, Total: 19601 ns
[1.403s][info ][safepoint      ] Safepoint "ICBufferFull", Time since last: 2514653 ns, Reaching safepoint: 41001 ns, At safepoint: 1400 ns, Total: 42401 ns
[1.405s][info ][safepoint      ] Safepoint "ICBufferFull", Time since last: 2170046 ns, Reaching safepoint: 29301 ns, At safepoint: 1800 ns, Total: 31101 ns
[1.423s][info ][safepoint      ] Safepoint "ICBufferFull", Time since last: 17712276 ns, Reaching safepoint: 55802 ns, At safepoint: 2700 ns, Total: 58502 ns
[1.441s][info ][safepoint      ] Safepoint "ICBufferFull", Time since last: 18191986 ns, Reaching safepoint: 95402 ns, At safepoint: 5501 ns, Total: 100903 ns
[1.442s][info ][safepoint      ] Safepoint "ICBufferFull", Time since last: 1351128 ns, Reaching safepoint: 30901 ns, At safepoint: 1000 ns, Total: 31901 ns
[1.443s][info ][safepoint      ] Safepoint "ICBufferFull", Time since last: 911319 ns, Reaching safepoint: 34801 ns, At safepoint: 1300 ns, Total: 36101 ns
[1.444s][info ][safepoint      ] Safepoint "ICBufferFull", Time since last: 916520 ns, Reaching safepoint: 23800 ns, At safepoint: 1200 ns, Total: 25000 ns
[1.446s][info ][safepoint      ] Safepoint "ICBufferFull", Time since last: 1257427 ns, Reaching safepoint: 15700 ns, At safepoint: 1000 ns, Total: 16700 ns
[1.447s][info ][safepoint      ] Safepoint "ICBufferFull", Time since last: 1539733 ns, Reaching safepoint: 23900 ns, At safepoint: 1400 ns, Total: 25300 ns
[1.450s][info ][safepoint      ] Safepoint "ICBufferFull", Time since last: 2356751 ns, Reaching safepoint: 20300 ns, At safepoint: 1700 ns, Total: 22000 ns
[1.451s][info ][safepoint      ] Safepoint "ICBufferFull", Time since last: 978821 ns, Reaching safepoint: 34401 ns, At safepoint: 2200 ns, Total: 36601 ns
[1.452s][info ][safepoint      ] Safepoint "ICBufferFull", Time since last: 1226526 ns, Reaching safepoint: 19900 ns, At safepoint: 1300 ns, Total: 21200 ns
[1.455s][info ][safepoint      ] Safepoint "ICBufferFull", Time since last: 2979064 ns, Reaching safepoint: 56001 ns, At safepoint: 2200 ns, Total: 58201 ns
[1.457s][info ][safepoint      ] Safepoint "ICBufferFull", Time since last: 1822839 ns, Reaching safepoint: 22600 ns, At safepoint: 1600 ns, Total: 24200 ns
[1.458s][info ][safepoint      ] Safepoint "ICBufferFull", Time since last: 1719737 ns, Reaching safepoint: 17800 ns, At safepoint: 1300 ns, Total: 19100 ns
[1.461s][info ][safepoint      ] Safepoint "ICBufferFull", Time since last: 2042443 ns, Reaching safepoint: 45701 ns, At safepoint: 1000 ns, Total: 46701 ns
[1.465s][info ][safepoint      ] Safepoint "ICBufferFull", Time since last: 4093887 ns, Reaching safepoint: 30301 ns, At safepoint: 1700 ns, Total: 32001 ns
[1.465s][info ][safepoint      ] Safepoint "ICBufferFull", Time since last: 618813 ns, Reaching safepoint: 30001 ns, At safepoint: 2000 ns, Total: 32001 ns
[1.467s][info ][safepoint      ] Safepoint "ICBufferFull", Time since last: 1792838 ns, Reaching safepoint: 16500 ns, At safepoint: 900 ns, Total: 17400 ns
[1.468s][info ][safepoint      ] Safepoint "ICBufferFull", Time since last: 1170625 ns, Reaching safepoint: 23701 ns, At safepoint: 900 ns, Total: 24601 ns
[1.469s][info ][safepoint      ] Safepoint "ICBufferFull", Time since last: 955120 ns, Reaching safepoint: 16601 ns, At safepoint: 1000 ns, Total: 17601 ns
[1.471s][info ][safepoint      ] Safepoint "ICBufferFull", Time since last: 1557433 ns, Reaching safepoint: 31900 ns, At safepoint: 1100 ns, Total: 33000 ns
[1.473s][info ][safepoint      ] Safepoint "ICBufferFull", Time since last: 1647735 ns, Reaching safepoint: 13101 ns, At safepoint: 800 ns, Total: 13901 ns
[1.474s][info ][safepoint      ] Safepoint "ICBufferFull", Time since last: 1897440 ns, Reaching safepoint: 34601 ns, At safepoint: 1400 ns, Total: 36001 ns
[1.477s][info ][safepoint      ] Safepoint "ICBufferFull", Time since last: 2115445 ns, Reaching safepoint: 56101 ns, At safepoint: 3200 ns, Total: 59301 ns
[1.479s][info ][safepoint      ] Safepoint "ICBufferFull", Time since last: 2122945 ns, Reaching safepoint: 43401 ns, At safepoint: 1700 ns, Total: 45101 ns
[1.481s][info ][safepoint      ] Safepoint "ICBufferFull", Time since last: 2139146 ns, Reaching safepoint: 27300 ns, At safepoint: 1300 ns, Total: 28600 ns
[1.485s][info ][safepoint      ] Safepoint "ICBufferFull", Time since last: 3837482 ns, Reaching safepoint: 30901 ns, At safepoint: 4800 ns, Total: 35701 ns
[1.487s][info ][safepoint      ] Safepoint "ICBufferFull", Time since last: 2151145 ns, Reaching safepoint: 35301 ns, At safepoint: 1600 ns, Total: 36901 ns
[1.489s][info ][safepoint      ] Safepoint "ICBufferFull", Time since last: 1473932 ns, Reaching safepoint: 31200 ns, At safepoint: 900 ns, Total: 32100 ns
[1.490s][info ][safepoint      ] Safepoint "ICBufferFull", Time since last: 1442031 ns, Reaching safepoint: 27900 ns, At safepoint: 1300 ns, Total: 29200 ns
[1.492s][info ][safepoint      ] Safepoint "ICBufferFull", Time since last: 1470532 ns, Reaching safepoint: 91902 ns, At safepoint: 5000 ns, Total: 96902 ns
[1.494s][info ][safepoint      ] Safepoint "ICBufferFull", Time since last: 1936741 ns, Reaching safepoint: 25201 ns, At safepoint: 2200 ns, Total: 27401 ns
[1.495s][info ][safepoint      ] Safepoint "ICBufferFull", Time since last: 1552733 ns, Reaching safepoint: 22900 ns, At safepoint: 1900 ns, Total: 24800 ns
[1.497s][info ][safepoint      ] Safepoint "ICBufferFull", Time since last: 1512532 ns, Reaching safepoint: 98302 ns, At safepoint: 5500 ns, Total: 103802 ns
[1.498s][info ][safepoint      ] Safepoint "ICBufferFull", Time since last: 1565534 ns, Reaching safepoint: 23500 ns, At safepoint: 1800 ns, Total: 25300 ns
[1.501s][info ][safepoint      ] Safepoint "ICBufferFull", Time since last: 2134046 ns, Reaching safepoint: 42501 ns, At safepoint: 1500 ns, Total: 44001 ns
[1.501s][info ][safepoint      ] Safepoint "ICBufferFull", Time since last: 554311 ns, Reaching safepoint: 27401 ns, At safepoint: 1300 ns, Total: 28701 ns
[1.505s][info ][safepoint      ] Safepoint "ICBufferFull", Time since last: 3760980 ns, Reaching safepoint: 45701 ns, At safepoint: 2900 ns, Total: 48601 ns
[1.507s][info ][safepoint      ] Safepoint "ICBufferFull", Time since last: 1851039 ns, Reaching safepoint: 21601 ns, At safepoint: 1900 ns, Total: 23501 ns
[1.508s][info ][safepoint      ] Safepoint "ICBufferFull", Time since last: 684414 ns, Reaching safepoint: 24901 ns, At safepoint: 1200 ns, Total: 26101 ns
[1.510s][info ][safepoint      ] Safepoint "ICBufferFull", Time since last: 2138145 ns, Reaching safepoint: 19101 ns, At safepoint: 1600 ns, Total: 20701 ns
[1.511s][info ][safepoint      ] Safepoint "ICBufferFull", Time since last: 1754937 ns, Reaching safepoint: 20301 ns, At safepoint: 1600 ns, Total: 21901 ns
[1.512s][info ][safepoint      ] Safepoint "ICBufferFull", Time since last: 561912 ns, Reaching safepoint: 21100 ns, At safepoint: 1200 ns, Total: 22300 ns
[1.514s][info ][safepoint      ] Safepoint "ICBufferFull", Time since last: 2063544 ns, Reaching safepoint: 22200 ns, At safepoint: 1500 ns, Total: 23700 ns
[1.516s][info ][safepoint      ] Safepoint "ICBufferFull", Time since last: 1887241 ns, Reaching safepoint: 33600 ns, At safepoint: 1300 ns, Total: 34900 ns
[1.517s][info ][safepoint      ] Safepoint "ICBufferFull", Time since last: 1177525 ns, Reaching safepoint: 29801 ns, At safepoint: 900 ns, Total: 30701 ns
[1.519s][info ][safepoint      ] Safepoint "ICBufferFull", Time since last: 1345029 ns, Reaching safepoint: 44601 ns, At safepoint: 1000 ns, Total: 45601 ns
[1.520s][info ][safepoint      ] Safepoint "ICBufferFull", Time since last: 1245926 ns, Reaching safepoint: 29201 ns, At safepoint: 1100 ns, Total: 30301 ns
[1.521s][info ][safepoint      ] Safepoint "ICBufferFull", Time since last: 1079823 ns, Reaching safepoint: 23600 ns, At safepoint: 900 ns, Total: 24500 ns
[1.522s][info ][safepoint      ] Safepoint "ICBufferFull", Time since last: 1238227 ns, Reaching safepoint: 20800 ns, At safepoint: 1600 ns, Total: 22400 ns
[1.524s][info ][safepoint      ] Safepoint "ICBufferFull", Time since last: 1425930 ns, Reaching safepoint: 38501 ns, At safepoint: 1800 ns, Total: 40301 ns
[1.525s][info ][safepoint      ] Safepoint "ICBufferFull", Time since last: 1427331 ns, Reaching safepoint: 100802 ns, At safepoint: 5500 ns, Total: 106302 ns
[1.526s][info ][safepoint      ] Safepoint "ICBufferFull", Time since last: 785116 ns, Reaching safepoint: 38701 ns, At safepoint: 1300 ns, Total: 40001 ns
[1.527s][info ][safepoint      ] Safepoint "ICBufferFull", Time since last: 762917 ns, Reaching safepoint: 16200 ns, At safepoint: 900 ns, Total: 17100 ns
[1.528s][info ][safepoint      ] Safepoint "ICBufferFull", Time since last: 839318 ns, Reaching safepoint: 92302 ns, At safepoint: 6100 ns, Total: 98402 ns
[1.529s][info ][safepoint      ] Safepoint "ICBufferFull", Time since last: 942820 ns, Reaching safepoint: 23100 ns, At safepoint: 1400 ns, Total: 24500 ns
[1.529s][info ][safepoint      ] Safepoint "ICBufferFull", Time since last: 680815 ns, Reaching safepoint: 19100 ns, At safepoint: 1400 ns, Total: 20500 ns
[1.531s][info ][safepoint      ] Safepoint "ICBufferFull", Time since last: 1763638 ns, Reaching safepoint: 20400 ns, At safepoint: 1300 ns, Total: 21700 ns
[1.532s][info ][safepoint      ] Safepoint "ICBufferFull", Time since last: 848518 ns, Reaching safepoint: 28201 ns, At safepoint: 4500 ns, Total: 32701 ns
[1.533s][info ][safepoint      ] Safepoint "ICBufferFull", Time since last: 706315 ns, Reaching safepoint: 20501 ns, At safepoint: 1300 ns, Total: 21801 ns
[1.534s][info ][safepoint      ] Safepoint "ICBufferFull", Time since last: 772916 ns, Reaching safepoint: 18400 ns, At safepoint: 1400 ns, Total: 19800 ns
[1.534s][info ][safepoint      ] Safepoint "ICBufferFull", Time since last: 662714 ns, Reaching safepoint: 17801 ns, At safepoint: 1000 ns, Total: 18801 ns
[1.535s][info ][safepoint      ] Safepoint "ICBufferFull", Time since last: 694215 ns, Reaching safepoint: 19000 ns, At safepoint: 1300 ns, Total: 20300 ns
[1.536s][info ][safepoint      ] Safepoint "ICBufferFull", Time since last: 897419 ns, Reaching safepoint: 32501 ns, At safepoint: 1500 ns, Total: 34001 ns
[1.537s][info ][safepoint      ] Safepoint "ICBufferFull", Time since last: 727415 ns, Reaching safepoint: 16301 ns, At safepoint: 1800 ns, Total: 18101 ns
[1.538s][info ][safepoint      ] Safepoint "ICBufferFull", Time since last: 726115 ns, Reaching safepoint: 25201 ns, At safepoint: 800 ns, Total: 26001 ns
[1.538s][info ][safepoint      ] Safepoint "ICBufferFull", Time since last: 647313 ns, Reaching safepoint: 13101 ns, At safepoint: 800 ns, Total: 13901 ns
[1.539s][info ][safepoint      ] Safepoint "ICBufferFull", Time since last: 679114 ns, Reaching safepoint: 16901 ns, At safepoint: 6300 ns, Total: 23201 ns
[1.541s][info ][safepoint      ] Safepoint "ICBufferFull", Time since last: 2022043 ns, Reaching safepoint: 21500 ns, At safepoint: 9900 ns, Total: 31400 ns
[1.542s][info ][safepoint      ] Safepoint "ICBufferFull", Time since last: 1033622 ns, Reaching safepoint: 23501 ns, At safepoint: 1200 ns, Total: 24701 ns
[1.543s][info ][safepoint      ] Safepoint "ICBufferFull", Time since last: 964720 ns, Reaching safepoint: 29001 ns, At safepoint: 1500 ns, Total: 30501 ns
[1.544s][info ][safepoint      ] Safepoint "ICBufferFull", Time since last: 1110124 ns, Reaching safepoint: 117302 ns, At safepoint: 6400 ns, Total: 123702 ns
[1.549s][info ][safepoint      ] Safepoint "ICBufferFull", Time since last: 4771102 ns, Reaching safepoint: 117402 ns, At safepoint: 7300 ns, Total: 124702 ns
[1.554s][info ][safepoint      ] Safepoint "ICBufferFull", Time since last: 4601498 ns, Reaching safepoint: 35701 ns, At safepoint: 2000 ns, Total: 37701 ns
[1.559s][info ][safepoint      ] Safepoint "ICBufferFull", Time since last: 4808702 ns, Reaching safepoint: 39901 ns, At safepoint: 2700 ns, Total: 42601 ns
[1.563s][info ][safepoint      ] Safepoint "ICBufferFull", Time since last: 4505196 ns, Reaching safepoint: 23300 ns, At safepoint: 2101 ns, Total: 25401 ns
[1.568s][info ][safepoint      ] Safepoint "ICBufferFull", Time since last: 4538596 ns, Reaching safepoint: 37301 ns, At safepoint: 2200 ns, Total: 39501 ns
[1.569s][info ][safepoint      ] Safepoint "ICBufferFull", Time since last: 1709936 ns, Reaching safepoint: 38401 ns, At safepoint: 1300 ns, Total: 39701 ns
[1.571s][info ][safepoint      ] Safepoint "ICBufferFull", Time since last: 1456531 ns, Reaching safepoint: 18200 ns, At safepoint: 1300 ns, Total: 19500 ns
[1.573s][info ][safepoint      ] Safepoint "ICBufferFull", Time since last: 1730137 ns, Reaching safepoint: 17601 ns, At safepoint: 1000 ns, Total: 18601 ns
[1.575s][info ][safepoint      ] Safepoint "ICBufferFull", Time since last: 2056643 ns, Reaching safepoint: 27101 ns, At safepoint: 1600 ns, Total: 28701 ns
[1.578s][info ][safepoint      ] Safepoint "ICBufferFull", Time since last: 2841460 ns, Reaching safepoint: 27401 ns, At safepoint: 1500 ns, Total: 28901 ns
[1.583s][info ][safepoint      ] Safepoint "ICBufferFull", Time since last: 5492617 ns, Reaching safepoint: 26600 ns, At safepoint: 1800 ns, Total: 28400 ns
[1.584s][info ][safepoint      ] Safepoint "ICBufferFull", Time since last: 684415 ns, Reaching safepoint: 35301 ns, At safepoint: 2100 ns, Total: 37401 ns
[1.588s][info ][safepoint      ] Safepoint "ICBufferFull", Time since last: 4251190 ns, Reaching safepoint: 25801 ns, At safepoint: 4400 ns, Total: 30201 ns
[1.590s][info ][safepoint      ] Safepoint "ICBufferFull", Time since last: 1782038 ns, Reaching safepoint: 20300 ns, At safepoint: 3500 ns, Total: 23800 ns
[1.591s][info ][safepoint      ] Safepoint "ICBufferFull", Time since last: 1398930 ns, Reaching safepoint: 17400 ns, At safepoint: 5600 ns, Total: 23000 ns
[1.592s][info ][safepoint      ] Safepoint "ICBufferFull", Time since last: 768717 ns, Reaching safepoint: 27600 ns, At safepoint: 4900 ns, Total: 32500 ns
[1.593s][info ][safepoint      ] Safepoint "ICBufferFull", Time since last: 914020 ns, Reaching safepoint: 101602 ns, At safepoint: 8300 ns, Total: 109902 ns
[1.594s][info ][safepoint      ] Safepoint "ICBufferFull", Time since last: 653414 ns, Reaching safepoint: 36501 ns, At safepoint: 1200 ns, Total: 37701 ns
[1.595s][info ][safepoint      ] Safepoint "ICBufferFull", Time since last: 737716 ns, Reaching safepoint: 27800 ns, At safepoint: 800 ns, Total: 28600 ns
[1.595s][info ][safepoint      ] Safepoint "ICBufferFull", Time since last: 759416 ns, Reaching safepoint: 27101 ns, At safepoint: 800 ns, Total: 27901 ns
[1.596s][info ][safepoint      ] Safepoint "ICBufferFull", Time since last: 798117 ns, Reaching safepoint: 17100 ns, At safepoint: 700 ns, Total: 17800 ns
[1.597s][info ][safepoint      ] Safepoint "ICBufferFull", Time since last: 722616 ns, Reaching safepoint: 25200 ns, At safepoint: 700 ns, Total: 25900 ns
[1.598s][info ][safepoint      ] Safepoint "ICBufferFull", Time since last: 979121 ns, Reaching safepoint: 31401 ns, At safepoint: 1100 ns, Total: 32501 ns
[1.599s][info ][safepoint      ] Safepoint "ICBufferFull", Time since last: 991621 ns, Reaching safepoint: 28500 ns, At safepoint: 900 ns, Total: 29400 ns
[1.600s][info ][safepoint      ] Safepoint "ICBufferFull", Time since last: 974021 ns, Reaching safepoint: 26001 ns, At safepoint: 900 ns, Total: 26901 ns
[1.602s][info ][safepoint      ] Safepoint "ICBufferFull", Time since last: 1691436 ns, Reaching safepoint: 16600 ns, At safepoint: 1300 ns, Total: 17900 ns
[1.605s][info ][safepoint      ] Safepoint "ICBufferFull", Time since last: 3301570 ns, Reaching safepoint: 31801 ns, At safepoint: 2800 ns, Total: 34601 ns
[1.606s][info ][safepoint      ] Safepoint "ICBufferFull", Time since last: 794817 ns, Reaching safepoint: 21300 ns, At safepoint: 1800 ns, Total: 23100 ns
[1.607s][info ][safepoint      ] Safepoint "ICBufferFull", Time since last: 728916 ns, Reaching safepoint: 27200 ns, At safepoint: 1100 ns, Total: 28300 ns
[1.608s][info ][safepoint      ] Safepoint "ICBufferFull", Time since last: 897720 ns, Reaching safepoint: 32300 ns, At safepoint: 1900 ns, Total: 34200 ns
[1.609s][info ][safepoint      ] Safepoint "ICBufferFull", Time since last: 883019 ns, Reaching safepoint: 20701 ns, At safepoint: 5400 ns, Total: 26101 ns
[1.609s][info ][safepoint      ] Safepoint "ICBufferFull", Time since last: 920819 ns, Reaching safepoint: 31701 ns, At safepoint: 1600 ns, Total: 33301 ns
[1.610s][info ][safepoint      ] Safepoint "ICBufferFull", Time since last: 753916 ns, Reaching safepoint: 20700 ns, At safepoint: 1300 ns, Total: 22000 ns
[1.611s][info ][safepoint      ] Safepoint "ICBufferFull", Time since last: 794417 ns, Reaching safepoint: 18701 ns, At safepoint: 1700 ns, Total: 20401 ns
[1.612s][info ][safepoint      ] Safepoint "ICBufferFull", Time since last: 639413 ns, Reaching safepoint: 36701 ns, At safepoint: 900 ns, Total: 37601 ns
[1.613s][info ][safepoint      ] Safepoint "ICBufferFull", Time since last: 759316 ns, Reaching safepoint: 17401 ns, At safepoint: 1400 ns, Total: 18801 ns
[1.614s][info ][safepoint      ] Safepoint "ICBufferFull", Time since last: 1507532 ns, Reaching safepoint: 39901 ns, At safepoint: 4100 ns, Total: 44001 ns
[1.617s][info ][safepoint      ] Safepoint "ICBufferFull", Time since last: 2591855 ns, Reaching safepoint: 18200 ns, At safepoint: 1100 ns, Total: 19300 ns
[1.617s][info ][safepoint      ] Safepoint "ICBufferFull", Time since last: 708315 ns, Reaching safepoint: 14901 ns, At safepoint: 900 ns, Total: 15801 ns
[1.620s][info ][safepoint      ] Safepoint "ICBufferFull", Time since last: 2562054 ns, Reaching safepoint: 15300 ns, At safepoint: 1000 ns, Total: 16300 ns
[1.622s][info ][safepoint      ] Safepoint "ICBufferFull", Time since last: 2294949 ns, Reaching safepoint: 16201 ns, At safepoint: 1100 ns, Total: 17301 ns
[1.623s][info ][safepoint      ] Safepoint "ICBufferFull", Time since last: 676914 ns, Reaching safepoint: 15300 ns, At safepoint: 900 ns, Total: 16200 ns
[1.625s][info ][safepoint      ] Safepoint "ICBufferFull", Time since last: 1686936 ns, Reaching safepoint: 19501 ns, At safepoint: 1700 ns, Total: 21201 ns
[1.627s][info ][safepoint      ] Safepoint "ICBufferFull", Time since last: 1815438 ns, Reaching safepoint: 17301 ns, At safepoint: 1000 ns, Total: 18301 ns
[1.628s][info ][safepoint      ] Safepoint "ICBufferFull", Time since last: 1574633 ns, Reaching safepoint: 15300 ns, At safepoint: 1200 ns, Total: 16500 ns
[1.629s][info ][safepoint      ] Safepoint "ICBufferFull", Time since last: 531112 ns, Reaching safepoint: 17300 ns, At safepoint: 1100 ns, Total: 18400 ns
[1.630s][info ][safepoint      ] Safepoint "ICBufferFull", Time since last: 1607034 ns, Reaching safepoint: 17801 ns, At safepoint: 1600 ns, Total: 19401 ns
[1.632s][info ][safepoint      ] Safepoint "ICBufferFull", Time since last: 1955741 ns, Reaching safepoint: 22401 ns, At safepoint: 1700 ns, Total: 24101 ns
[1.633s][info ][safepoint      ] Safepoint "ICBufferFull", Time since last: 560812 ns, Reaching safepoint: 24600 ns, At safepoint: 1000 ns, Total: 25600 ns
[1.635s][info ][safepoint      ] Safepoint "ICBufferFull", Time since last: 1759938 ns, Reaching safepoint: 23800 ns, At safepoint: 1100 ns, Total: 24900 ns
[1.637s][info ][safepoint      ] Safepoint "ICBufferFull", Time since last: 1880540 ns, Reaching safepoint: 27301 ns, At safepoint: 900 ns, Total: 28201 ns
[1.638s][info ][safepoint      ] Safepoint "ICBufferFull", Time since last: 1680336 ns, Reaching safepoint: 23900 ns, At safepoint: 600 ns, Total: 24500 ns
[1.639s][info ][safepoint      ] Safepoint "ICBufferFull", Time since last: 516011 ns, Reaching safepoint: 22601 ns, At safepoint: 600 ns, Total: 23201 ns
[1.640s][info ][safepoint      ] Safepoint "ICBufferFull", Time since last: 1668735 ns, Reaching safepoint: 22500 ns, At safepoint: 601 ns, Total: 23101 ns
[1.642s][info ][safepoint      ] Safepoint "ICBufferFull", Time since last: 1893940 ns, Reaching safepoint: 30200 ns, At safepoint: 1200 ns, Total: 31400 ns
[1.643s][info ][safepoint      ] Safepoint "ICBufferFull", Time since last: 530112 ns, Reaching safepoint: 13900 ns, At safepoint: 800 ns, Total: 14700 ns
[1.645s][info ][safepoint      ] Safepoint "ICBufferFull", Time since last: 1702436 ns, Reaching safepoint: 26001 ns, At safepoint: 900 ns, Total: 26901 ns
[1.647s][info ][safepoint      ] Safepoint "ICBufferFull", Time since last: 1783738 ns, Reaching safepoint: 27800 ns, At safepoint: 1000 ns, Total: 28800 ns
[1.647s][info ][safepoint      ] Safepoint "ICBufferFull", Time since last: 701915 ns, Reaching safepoint: 13301 ns, At safepoint: 900 ns, Total: 14201 ns
[1.648s][info ][safepoint      ] Safepoint "ICBufferFull", Time since last: 766316 ns, Reaching safepoint: 18000 ns, At safepoint: 1600 ns, Total: 19600 ns
[1.649s][info ][safepoint      ] Safepoint "ICBufferFull", Time since last: 749516 ns, Reaching safepoint: 39401 ns, At safepoint: 6700 ns, Total: 46101 ns
[1.650s][info ][safepoint      ] Safepoint "ICBufferFull", Time since last: 719616 ns, Reaching safepoint: 17400 ns, At safepoint: 1200 ns, Total: 18600 ns
[1.651s][info ][safepoint      ] Safepoint "ICBufferFull", Time since last: 1011321 ns, Reaching safepoint: 18401 ns, At safepoint: 1300 ns, Total: 19701 ns
[1.651s][info ][safepoint      ] Safepoint "ICBufferFull", Time since last: 732915 ns, Reaching safepoint: 16801 ns, At safepoint: 1200 ns, Total: 18001 ns
[1.652s][info ][safepoint      ] Safepoint "ICBufferFull", Time since last: 517611 ns, Reaching safepoint: 27400 ns, At safepoint: 900 ns, Total: 28300 ns
[1.668s][info ][safepoint      ] Safepoint "ICBufferFull", Time since last: 15966840 ns, Reaching safepoint: 41601 ns, At safepoint: 2300 ns, Total: 43901 ns
[1.683s][info ][safepoint      ] Safepoint "ICBufferFull", Time since last: 15440928 ns, Reaching safepoint: 45501 ns, At safepoint: 3500 ns, Total: 49001 ns
[1.699s][info ][safepoint      ] Safepoint "ICBufferFull", Time since last: 15466629 ns, Reaching safepoint: 34301 ns, At safepoint: 2800 ns, Total: 37101 ns
[1.715s][info ][safepoint      ] Safepoint "ICBufferFull", Time since last: 15657333 ns, Reaching safepoint: 42101 ns, At safepoint: 4900 ns, Total: 47001 ns
[1.730s][info ][safepoint      ] Safepoint "ICBufferFull", Time since last: 15240324 ns, Reaching safepoint: 45101 ns, At safepoint: 2900 ns, Total: 48001 ns
[1.745s][info ][safepoint      ] Safepoint "ICBufferFull", Time since last: 14958618 ns, Reaching safepoint: 36501 ns, At safepoint: 2600 ns, Total: 39101 ns
[1.745s][info ][safepoint      ] Safepoint "ICBufferFull", Time since last: 546911 ns, Reaching safepoint: 30401 ns, At safepoint: 1100 ns, Total: 31501 ns
[1.761s][info ][safepoint      ] Safepoint "ICBufferFull", Time since last: 15122722 ns, Reaching safepoint: 46801 ns, At safepoint: 8100 ns, Total: 54901 ns
[1.774s][info ][safepoint      ] Safepoint "ICBufferFull", Time since last: 13325883 ns, Reaching safepoint: 31101 ns, At safepoint: 2300 ns, Total: 33401 ns
[1.786s][info ][safepoint      ] Safepoint "ICBufferFull", Time since last: 12266561 ns, Reaching safepoint: 37400 ns, At safepoint: 2100 ns, Total: 39500 ns
[1.798s][info ][safepoint      ] Safepoint "ICBufferFull", Time since last: 12161759 ns, Reaching safepoint: 48001 ns, At safepoint: 2300 ns, Total: 50301 ns
[1.811s][info ][safepoint      ] Safepoint "ICBufferFull", Time since last: 11990655 ns, Reaching safepoint: 42301 ns, At safepoint: 4600 ns, Total: 46901 ns
[1.811s][info ][safepoint      ] Safepoint "ICBufferFull", Time since last: 537312 ns, Reaching safepoint: 16900 ns, At safepoint: 3500 ns, Total: 20400 ns
[2.081s][info ][safepoint      ] Safepoint "ICBufferFull", Time since last: 270227546 ns, Reaching safepoint: 153303 ns, At safepoint: 6700 ns, Total: 160003 ns
[2.333s][info ][safepoint      ] Safepoint "ICBufferFull", Time since last: 251101539 ns, Reaching safepoint: 151004 ns, At safepoint: 6400 ns, Total: 157404 ns
[2.415s][info ][gc,start       ] GC(2) Pause Young (Metadata GC Threshold)
[2.450s][debug][gc,phases      ] GC(2) Scavenge 34.927ms
[2.450s][debug][gc,ref         ] GC(2) Skipped phase 1 of Reference Processing: no references
[2.450s][debug][gc,ref         ] GC(2) Skipped phase 3 of Reference Processing: no references
[2.450s][debug][gc,phases      ] GC(2) Reference Processing 0.294ms
[2.451s][debug][gc,phases      ] GC(2) Weak Processing 1.419ms
[2.451s][debug][gc,age         ] GC(2) Desired survivor size 536870912 bytes, new threshold 7 (max threshold 15)
[2.451s][info ][gc,heap        ] GC(2) PSYoungGen: 470726K(1572864K)->53893K(1572864K) Eden: 468588K(1048576K)->0K(1048576K) From: 2137K(524288K)->53893K(524288K)
[2.451s][info ][gc,heap        ] GC(2) ParOldGen: 5698K(6144K)->5706K(6144K)
[2.451s][info ][gc,metaspace   ] GC(2) Metaspace: 35135K(35456K)->35135K(35456K) NonClass: 30711K(30912K)->30711K(30912K) Class: 4424K(4544K)->4424K(4544K)
[2.451s][info ][gc             ] GC(2) Pause Young (Metadata GC Threshold) 465M->58M(1542M) 36.796ms
[2.451s][info ][gc,cpu         ] GC(2) User=0.12s Sys=0.02s Real=0.03s
[2.451s][debug][gc,phases      ] GC(3) Pre Compact 0.012ms
[2.451s][info ][gc,start       ] GC(3) Pause Full (Metadata GC Threshold)
[2.451s][info ][gc,phases,start] GC(3) Marking Phase
[2.475s][debug][gc,phases      ] GC(3) Par Mark 23.741ms
[2.475s][debug][gc,ref         ] GC(3) Skipped phase 1 of Reference Processing: no references
[2.475s][debug][gc,ref         ] GC(3) Skipped phase 3 of Reference Processing: no references
[2.475s][debug][gc,phases      ] GC(3) Reference Processing 0.070ms
[2.476s][debug][gc,phases      ] GC(3) Weak Processing 0.270ms
[2.476s][debug][gc,phases      ] GC(3) ClassLoaderData 0.153ms
[2.476s][debug][gc,phases      ] GC(3) Trigger cleanups 0.001ms
[2.482s][debug][gc,phases      ] GC(3) Class Unloading 6.796ms
[2.482s][info ][gc,phases      ] GC(3) Marking Phase 31.021ms
[2.482s][info ][gc,phases,start] GC(3) Summary Phase
[2.482s][info ][gc,phases      ] GC(3) Summary Phase 0.006ms
[2.482s][info ][gc,phases,start] GC(3) Adjust Roots
[2.492s][info ][gc,phases      ] GC(3) Adjust Roots 9.547ms
[2.492s][info ][gc,phases,start] GC(3) Compaction Phase
[2.782s][info ][gc,phases      ] GC(3) Compaction Phase 289.633ms
[2.782s][info ][gc,phases,start] GC(3) Post Compact
[2.782s][info ][gc,phases      ] GC(3) Post Compact 0.595ms
[2.782s][info ][gc,heap        ] GC(3) PSYoungGen: 53893K(1572864K)->53230K(1572864K) Eden: 0K(1048576K)->0K(1048576K) From: 53893K(524288K)->53230K(524288K)
[2.782s][info ][gc,heap        ] GC(3) ParOldGen: 5706K(6144K)->6118K(6144K)
[2.782s][info ][gc,metaspace   ] GC(3) Metaspace: 35135K(35456K)->35110K(35456K) NonClass: 30711K(30912K)->30693K(30912K) Class: 4424K(4544K)->4417K(4544K)
[2.782s][info ][gc             ] GC(3) Pause Full (Metadata GC Threshold) 58M->57M(1542M) 330.925ms
[2.782s][info ][gc,cpu         ] GC(3) User=0.69s Sys=0.01s Real=0.34s
[2.782s][info ][safepoint      ] Safepoint "CollectForMetadataAllocation", Time since last: 81627335 ns, Reaching safepoint: 183904 ns, At safepoint: 367894323 ns, Total: 368078227 ns
[2.963s][info ][safepoint      ] Safepoint "ICBufferFull", Time since last: 180473838 ns, Reaching safepoint: 236605 ns, At safepoint: 8800 ns, Total: 245405 ns
[3.041s][info ][safepoint      ] Safepoint "ICBufferFull", Time since last: 77393445 ns, Reaching safepoint: 219505 ns, At safepoint: 27601 ns, Total: 247106 ns
[3.041s][info ][safepoint      ] Safepoint "ICBufferFull", Time since last: 468010 ns, Reaching safepoint: 175503 ns, At safepoint: 26501 ns, Total: 202004 ns
[3.167s][info ][safepoint      ] Safepoint "ICBufferFull", Time since last: 125330565 ns, Reaching safepoint: 238805 ns, At safepoint: 21500 ns, Total: 260305 ns
[3.471s][info ][safepoint      ] Safepoint "ICBufferFull", Time since last: 303817061 ns, Reaching safepoint: 294806 ns, At safepoint: 25301 ns, Total: 320107 ns
[3.471s][info ][safepoint      ] Safepoint "ICBufferFull", Time since last: 72801 ns, Reaching safepoint: 105502 ns, At safepoint: 20901 ns, Total: 126403 ns
[3.472s][info ][safepoint      ] Safepoint "ICBufferFull", Time since last: 52601 ns, Reaching safepoint: 162603 ns, At safepoint: 22501 ns, Total: 185104 ns
[3.593s][info ][safepoint      ] Safepoint "ICBufferFull", Time since last: 121495583 ns, Reaching safepoint: 225505 ns, At safepoint: 21501 ns, Total: 247006 ns
[3.651s][info ][safepoint      ] Safepoint "ICBufferFull", Time since last: 57566724 ns, Reaching safepoint: 205704 ns, At safepoint: 24901 ns, Total: 230605 ns
[3.663s][info ][safepoint      ] Safepoint "ICBufferFull", Time since last: 11438243 ns, Reaching safepoint: 219904 ns, At safepoint: 23601 ns, Total: 243505 ns
[3.665s][info ][safepoint      ] Safepoint "ICBufferFull", Time since last: 2044943 ns, Reaching safepoint: 120503 ns, At safepoint: 21100 ns, Total: 141603 ns
[3.667s][info ][safepoint      ] Safepoint "ICBufferFull", Time since last: 1984043 ns, Reaching safepoint: 122802 ns, At safepoint: 25701 ns, Total: 148503 ns
[3.669s][info ][safepoint      ] Safepoint "ICBufferFull", Time since last: 1771637 ns, Reaching safepoint: 117503 ns, At safepoint: 20900 ns, Total: 138403 ns
[3.671s][info ][safepoint      ] Safepoint "ICBufferFull", Time since last: 1733437 ns, Reaching safepoint: 108603 ns, At safepoint: 23600 ns, Total: 132203 ns
[3.681s][info ][safepoint      ] Safepoint "ICBufferFull", Time since last: 9468601 ns, Reaching safepoint: 126103 ns, At safepoint: 22401 ns, Total: 148504 ns
[3.694s][info ][safepoint      ] Safepoint "ICBufferFull", Time since last: 13096078 ns, Reaching safepoint: 125403 ns, At safepoint: 21800 ns, Total: 147203 ns
[3.699s][info ][safepoint      ] Safepoint "ICBufferFull", Time since last: 5510017 ns, Reaching safepoint: 112403 ns, At safepoint: 18100 ns, Total: 130503 ns
[3.706s][info ][safepoint      ] Safepoint "ICBufferFull", Time since last: 6253533 ns, Reaching safepoint: 120003 ns, At safepoint: 22900 ns, Total: 142903 ns
[3.713s][info ][safepoint      ] Safepoint "ICBufferFull", Time since last: 7381857 ns, Reaching safepoint: 106802 ns, At safepoint: 14201 ns, Total: 121003 ns
[3.715s][info ][safepoint      ] Safepoint "ICBufferFull", Time since last: 1974142 ns, Reaching safepoint: 107902 ns, At safepoint: 21700 ns, Total: 129602 ns
[3.720s][info ][safepoint      ] Safepoint "ICBufferFull", Time since last: 4243791 ns, Reaching safepoint: 115302 ns, At safepoint: 17001 ns, Total: 132303 ns
[3.724s][info ][safepoint      ] Safepoint "ICBufferFull", Time since last: 4467695 ns, Reaching safepoint: 109402 ns, At safepoint: 29800 ns, Total: 139202 ns
[3.730s][info ][safepoint      ] Safepoint "ICBufferFull", Time since last: 5207311 ns, Reaching safepoint: 114703 ns, At safepoint: 24200 ns, Total: 138903 ns
[3.730s][info ][safepoint      ] Safepoint "ICBufferFull", Time since last: 73402 ns, Reaching safepoint: 83901 ns, At safepoint: 22501 ns, Total: 106402 ns
[3.730s][info ][safepoint      ] Safepoint "ICBufferFull", Time since last: 40701 ns, Reaching safepoint: 87402 ns, At safepoint: 21500 ns, Total: 108902 ns
[3.730s][info ][safepoint      ] Safepoint "ICBufferFull", Time since last: 43401 ns, Reaching safepoint: 85402 ns, At safepoint: 15600 ns, Total: 101002 ns
[3.732s][info ][safepoint      ] Safepoint "ICBufferFull", Time since last: 1690636 ns, Reaching safepoint: 95702 ns, At safepoint: 20301 ns, Total: 116003 ns
[3.786s][info ][safepoint      ] Safepoint "ICBufferFull", Time since last: 53569039 ns, Reaching safepoint: 200704 ns, At safepoint: 18300 ns, Total: 219004 ns
[3.884s][info ][safepoint      ] Safepoint "ICBufferFull", Time since last: 97802680 ns, Reaching safepoint: 208105 ns, At safepoint: 25000 ns, Total: 233105 ns
[3.892s][info ][safepoint      ] Safepoint "ICBufferFull", Time since last: 7750265 ns, Reaching safepoint: 144203 ns, At safepoint: 23800 ns, Total: 168003 ns
[3.899s][info ][safepoint      ] Safepoint "ICBufferFull", Time since last: 7159553 ns, Reaching safepoint: 126302 ns, At safepoint: 28301 ns, Total: 154603 ns
[3.904s][info ][safepoint      ] Safepoint "ICBufferFull", Time since last: 4907504 ns, Reaching safepoint: 127903 ns, At safepoint: 20100 ns, Total: 148003 ns
[3.911s][info ][safepoint      ] Safepoint "ICBufferFull", Time since last: 6679642 ns, Reaching safepoint: 108903 ns, At safepoint: 19800 ns, Total: 128703 ns
[3.922s][info ][safepoint      ] Safepoint "ICBufferFull", Time since last: 10638326 ns, Reaching safepoint: 121803 ns, At safepoint: 28401 ns, Total: 150204 ns
[3.943s][info ][safepoint      ] Safepoint "ICBufferFull", Time since last: 21491657 ns, Reaching safepoint: 134102 ns, At safepoint: 20301 ns, Total: 154403 ns
[3.953s][info ][safepoint      ] Safepoint "ICBufferFull", Time since last: 9877610 ns, Reaching safepoint: 121703 ns, At safepoint: 24900 ns, Total: 146603 ns
[3.963s][info ][safepoint      ] Safepoint "ICBufferFull", Time since last: 9781308 ns, Reaching safepoint: 139103 ns, At safepoint: 24001 ns, Total: 163104 ns
[3.994s][info ][safepoint      ] Safepoint "ICBufferFull", Time since last: 30952658 ns, Reaching safepoint: 105002 ns, At safepoint: 26401 ns, Total: 131403 ns
[4.011s][info ][safepoint      ] Safepoint "ICBufferFull", Time since last: 16228945 ns, Reaching safepoint: 266205 ns, At safepoint: 19201 ns, Total: 285406 ns
[4.029s][info ][safepoint      ] Safepoint "ICBufferFull", Time since last: 17884980 ns, Reaching safepoint: 130103 ns, At safepoint: 17700 ns, Total: 147803 ns
[4.033s][info ][safepoint      ] Safepoint "ICBufferFull", Time since last: 4106187 ns, Reaching safepoint: 119703 ns, At safepoint: 22100 ns, Total: 141803 ns
[4.049s][info ][safepoint      ] Safepoint "ICBufferFull", Time since last: 14463908 ns, Reaching safepoint: 1031122 ns, At safepoint: 24300 ns, Total: 1055422 ns
[4.098s][info ][safepoint      ] Safepoint "ICBufferFull", Time since last: 48704436 ns, Reaching safepoint: 269706 ns, At safepoint: 24900 ns, Total: 294606 ns
[4.110s][info ][safepoint      ] Safepoint "ICBufferFull", Time since last: 11573947 ns, Reaching safepoint: 117202 ns, At safepoint: 21700 ns, Total: 138902 ns
[4.117s][debug][gc,phases      ] GC(4) Pre Compact 0.022ms
[4.117s][info ][gc,start       ] GC(4) Pause Full (Ergonomics)
[4.117s][info ][gc,phases,start] GC(4) Marking Phase
[4.218s][debug][gc,phases      ] GC(4) Par Mark 100.996ms
[4.218s][debug][gc,ref         ] GC(4) Skipped phase 1 of Reference Processing: no references
[4.218s][debug][gc,ref         ] GC(4) Skipped phase 3 of Reference Processing: no references
[4.218s][debug][gc,phases      ] GC(4) Reference Processing 0.649ms
[4.219s][debug][gc,phases      ] GC(4) Weak Processing 0.430ms
[4.219s][debug][gc,phases      ] GC(4) ClassLoaderData 0.042ms
[4.219s][debug][gc,phases      ] GC(4) Trigger cleanups 0.001ms
[4.224s][debug][gc,phases      ] GC(4) Class Unloading 5.370ms
[4.224s][info ][gc,phases      ] GC(4) Marking Phase 107.580ms
[4.224s][info ][gc,phases,start] GC(4) Summary Phase
[4.224s][info ][gc,phases      ] GC(4) Summary Phase 0.024ms
[4.224s][info ][gc,phases,start] GC(4) Adjust Roots
[4.237s][info ][gc,phases      ] GC(4) Adjust Roots 12.721ms
[4.237s][info ][gc,phases,start] GC(4) Compaction Phase
[4.452s][info ][gc,phases      ] GC(4) Compaction Phase 215.254ms
[4.452s][info ][gc,phases,start] GC(4) Post Compact
[4.456s][info ][gc,phases      ] GC(4) Post Compact 3.636ms
[4.456s][info ][gc,heap        ] GC(4) PSYoungGen: 1101806K(1572864K)->143074K(1572864K) Eden: 1048576K(1048576K)->143074K(1048576K) From: 53230K(524288K)->0K(524288K)
[4.456s][info ][gc,heap        ] GC(4) ParOldGen: 6118K(6144K)->6143K(18944K)
[4.456s][info ][gc,metaspace   ] GC(4) Metaspace: 47487K(47936K)->47487K(47936K) NonClass: 40600K(40832K)->40600K(40832K) Class: 6886K(7104K)->6886K(7104K)
[4.456s][info ][gc             ] GC(4) Pause Full (Ergonomics) 1081M->145M(1554M) 339.457ms
[4.456s][info ][gc,cpu         ] GC(4) User=1.20s Sys=0.00s Real=0.34s
[4.456s][info ][safepoint      ] Safepoint "ParallelGCFailedAllocation", Time since last: 6953248 ns, Reaching safepoint: 119203 ns, At safepoint: 339628222 ns, Total: 339747425 ns
[4.470s][info ][safepoint      ] Safepoint "ICBufferFull", Time since last: 12031656 ns, Reaching safepoint: 2112445 ns, At safepoint: 24400 ns, Total: 2136845 ns
[4.481s][info ][safepoint      ] Safepoint "ICBufferFull", Time since last: 10376721 ns, Reaching safepoint: 134103 ns, At safepoint: 20200 ns, Total: 154303 ns
[4.485s][info ][safepoint      ] Safepoint "ICBufferFull", Time since last: 3803781 ns, Reaching safepoint: 91702 ns, At safepoint: 23700 ns, Total: 115402 ns
[4.487s][info ][safepoint      ] Safepoint "ICBufferFull", Time since last: 2495453 ns, Reaching safepoint: 77702 ns, At safepoint: 27401 ns, Total: 105103 ns
[4.494s][info ][safepoint      ] Safepoint "ICBufferFull", Time since last: 4146488 ns, Reaching safepoint: 2168746 ns, At safepoint: 28201 ns, Total: 2196947 ns
[4.509s][info ][safepoint      ] Safepoint "ICBufferFull", Time since last: 12790472 ns, Reaching safepoint: 2154245 ns, At safepoint: 27301 ns, Total: 2181546 ns
[4.519s][info ][safepoint      ] Safepoint "ICBufferFull", Time since last: 10367020 ns, Reaching safepoint: 91402 ns, At safepoint: 25201 ns, Total: 116603 ns
[4.524s][info ][safepoint      ] Safepoint "ICBufferFull", Time since last: 4452195 ns, Reaching safepoint: 120002 ns, At safepoint: 25901 ns, Total: 145903 ns
[4.530s][info ][safepoint      ] Safepoint "ICBufferFull", Time since last: 5801023 ns, Reaching safepoint: 119003 ns, At safepoint: 26000 ns, Total: 145003 ns
[4.535s][info ][safepoint      ] Safepoint "ICBufferFull", Time since last: 5447016 ns, Reaching safepoint: 121603 ns, At safepoint: 28300 ns, Total: 149903 ns
[4.549s][info ][safepoint      ] Safepoint "ICBufferFull", Time since last: 13886195 ns, Reaching safepoint: 197005 ns, At safepoint: 29000 ns, Total: 226005 ns
[4.558s][info ][safepoint      ] Safepoint "ICBufferFull", Time since last: 3797281 ns, Reaching safepoint: 4203589 ns, At safepoint: 30401 ns, Total: 4233990 ns
[4.564s][info ][safepoint      ] Safepoint "ICBufferFull", Time since last: 6054329 ns, Reaching safepoint: 124602 ns, At safepoint: 25101 ns, Total: 149703 ns
[4.573s][info ][safepoint      ] Safepoint "ICBufferFull", Time since last: 7431158 ns, Reaching safepoint: 2133445 ns, At safepoint: 26301 ns, Total: 2159746 ns
[4.588s][info ][safepoint      ] Safepoint "ICBufferFull", Time since last: 14216802 ns, Reaching safepoint: 191104 ns, At safepoint: 22901 ns, Total: 214005 ns
[4.601s][info ][safepoint      ] Safepoint "ICBufferFull", Time since last: 12766871 ns, Reaching safepoint: 260006 ns, At safepoint: 23300 ns, Total: 283306 ns
[4.608s][info ][safepoint      ] Safepoint "ICBufferFull", Time since last: 4066087 ns, Reaching safepoint: 3219968 ns, At safepoint: 29301 ns, Total: 3249269 ns
[4.613s][info ][safepoint      ] Safepoint "ICBufferFull", Time since last: 4282991 ns, Reaching safepoint: 116002 ns, At safepoint: 21101 ns, Total: 137103 ns
[4.619s][info ][safepoint      ] Safepoint "ICBufferFull", Time since last: 6720943 ns, Reaching safepoint: 127402 ns, At safepoint: 24901 ns, Total: 152303 ns
[4.639s][info ][safepoint      ] Safepoint "ICBufferFull", Time since last: 19628117 ns, Reaching safepoint: 294507 ns, At safepoint: 24700 ns, Total: 319207 ns
[4.655s][info ][gc,start       ] GC(5) Pause Young (Allocation Failure)
[4.765s][debug][gc,phases      ] GC(5) Scavenge 109.379ms
[4.765s][debug][gc,ref         ] GC(5) Skipped phase 1 of Reference Processing: no references
[4.765s][debug][gc,ref         ] GC(5) Skipped phase 3 of Reference Processing: no references
[4.765s][debug][gc,ref         ] GC(5) Skipped phase 4 of Reference Processing: no references
[4.765s][debug][gc,phases      ] GC(5) Reference Processing 0.438ms
[4.767s][debug][gc,phases      ] GC(5) Weak Processing 1.735ms
[4.767s][debug][gc,age         ] GC(5) Desired survivor size 536870912 bytes, new threshold 7 (max threshold 15)
[4.767s][info ][gc,heap        ] GC(5) PSYoungGen: 1048576K(1572864K)->148256K(1572864K) Eden: 1048576K(1048576K)->0K(1048576K) From: 0K(524288K)->148256K(524288K)
[4.767s][info ][gc,heap        ] GC(5) ParOldGen: 6143K(18944K)->6151K(18944K)
[4.767s][info ][gc,metaspace   ] GC(5) Metaspace: 47515K(48000K)->47515K(48000K) NonClass: 40628K(40896K)->40628K(40896K) Class: 6886K(7104K)->6886K(7104K)
[4.767s][info ][gc             ] GC(5) Pause Young (Allocation Failure) 1029M->150M(1554M) 111.754ms
[4.767s][info ][gc,cpu         ] GC(5) User=0.51s Sys=0.04s Real=0.11s
[4.767s][info ][safepoint      ] Safepoint "ParallelGCFailedAllocation", Time since last: 13679891 ns, Reaching safepoint: 2116745 ns, At safepoint: 111872479 ns, Total: 113989224 ns
[4.773s][info ][safepoint      ] Safepoint "ICBufferFull", Time since last: 6149931 ns, Reaching safepoint: 123502 ns, At safepoint: 19701 ns, Total: 143203 ns
[4.776s][info ][safepoint      ] Safepoint "ICBufferFull", Time since last: 2540354 ns, Reaching safepoint: 112302 ns, At safepoint: 19701 ns, Total: 132003 ns
[4.789s][info ][safepoint      ] Safepoint "ICBufferFull", Time since last: 12701370 ns, Reaching safepoint: 121602 ns, At safepoint: 25001 ns, Total: 146603 ns
[4.793s][info ][safepoint      ] Safepoint "ICBufferFull", Time since last: 3371472 ns, Reaching safepoint: 550411 ns, At safepoint: 21501 ns, Total: 571912 ns
[4.796s][info ][safepoint      ] Safepoint "ICBufferFull", Time since last: 2863661 ns, Reaching safepoint: 112802 ns, At safepoint: 19700 ns, Total: 132502 ns
[4.811s][info ][safepoint      ] Safepoint "ICBufferFull", Time since last: 15339127 ns, Reaching safepoint: 105602 ns, At safepoint: 22600 ns, Total: 128202 ns
[4.814s][info ][safepoint      ] Safepoint "ICBufferFull", Time since last: 2553555 ns, Reaching safepoint: 113002 ns, At safepoint: 28501 ns, Total: 141503 ns
[4.817s][info ][safepoint      ] Safepoint "ICBufferFull", Time since last: 2615055 ns, Reaching safepoint: 122603 ns, At safepoint: 24600 ns, Total: 147203 ns
[4.825s][info ][safepoint      ] Safepoint "ICBufferFull", Time since last: 5971927 ns, Reaching safepoint: 2137346 ns, At safepoint: 30900 ns, Total: 2168246 ns
[4.830s][info ][safepoint      ] Safepoint "ICBufferFull", Time since last: 5200711 ns, Reaching safepoint: 112402 ns, At safepoint: 25601 ns, Total: 138003 ns
[4.844s][info ][safepoint      ] Safepoint "ICBufferFull", Time since last: 13775893 ns, Reaching safepoint: 144203 ns, At safepoint: 27501 ns, Total: 171704 ns
[5.083s][info ][gc,start       ] GC(6) Pause Young (Allocation Failure)
[5.161s][debug][gc,phases      ] GC(6) Scavenge 78.676ms
[5.161s][debug][gc,ref         ] GC(6) Skipped phase 1 of Reference Processing: no references
[5.162s][debug][gc,ref         ] GC(6) Skipped phase 3 of Reference Processing: no references
[5.162s][debug][gc,phases      ] GC(6) Reference Processing 0.450ms
[5.164s][debug][gc,phases      ] GC(6) Weak Processing 1.782ms
[5.164s][debug][gc,age         ] GC(6) Desired survivor size 536870912 bytes, new threshold 7 (max threshold 15)
[5.164s][info ][gc,heap        ] GC(6) PSYoungGen: 1196832K(1572864K)->153894K(1572864K) Eden: 1048576K(1048576K)->0K(1048576K) From: 148256K(524288K)->153894K(524288K)
[5.164s][info ][gc,heap        ] GC(6) ParOldGen: 6151K(18944K)->6159K(18944K)
[5.164s][info ][gc,metaspace   ] GC(6) Metaspace: 49023K(49472K)->49023K(49472K) NonClass: 41927K(42176K)->41927K(42176K) Class: 7095K(7296K)->7095K(7296K)
[5.164s][info ][gc             ] GC(6) Pause Young (Allocation Failure) 1174M->156M(1554M) 81.066ms
[5.164s][info ][gc,cpu         ] GC(6) User=0.26s Sys=0.10s Real=0.08s
[5.164s][info ][safepoint      ] Safepoint "ParallelGCFailedAllocation", Time since last: 237728355 ns, Reaching safepoint: 719515 ns, At safepoint: 81213827 ns, Total: 81933342 ns
[5.524s][info ][gc,start       ] GC(7) Pause Young (Allocation Failure)
[5.587s][debug][gc,phases      ] GC(7) Scavenge 63.355ms
[5.587s][debug][gc,ref         ] GC(7) Skipped phase 1 of Reference Processing: no references
[5.588s][debug][gc,ref         ] GC(7) Skipped phase 3 of Reference Processing: no references
[5.588s][debug][gc,phases      ] GC(7) Reference Processing 0.355ms
[5.589s][debug][gc,phases      ] GC(7) Weak Processing 1.748ms
[5.589s][debug][gc,age         ] GC(7) Desired survivor size 241172480 bytes, new threshold 8 (max threshold 15)
[5.589s][info ][gc,heap        ] GC(7) PSYoungGen: 1202470K(1572864K)->158246K(1861632K) Eden: 1048576K(1048576K)->0K(1337344K) From: 153894K(524288K)->158246K(524288K)
[5.589s][info ][gc,heap        ] GC(7) ParOldGen: 6159K(18944K)->6167K(18944K)
[5.589s][info ][gc,metaspace   ] GC(7) Metaspace: 51272K(51776K)->51272K(51776K) NonClass: 43726K(43968K)->43726K(43968K) Class: 7546K(7808K)->7546K(7808K)
[5.589s][info ][gc             ] GC(7) Pause Young (Allocation Failure) 1180M->160M(1836M) 65.623ms
[5.589s][info ][gc,cpu         ] GC(7) User=0.25s Sys=0.00s Real=0.06s
[5.589s][info ][safepoint      ] Safepoint "ParallelGCFailedAllocation", Time since last: 359038335 ns, Reaching safepoint: 913319 ns, At safepoint: 65732598 ns, Total: 66645917 ns
[6.080s][info ][gc,start       ] GC(8) Pause Young (Allocation Failure)
[6.168s][debug][gc,phases      ] GC(8) Scavenge 87.817ms
[6.168s][debug][gc,ref         ] GC(8) Skipped phase 1 of Reference Processing: no references
[6.169s][debug][gc,ref         ] GC(8) Skipped phase 3 of Reference Processing: no references
[6.169s][debug][gc,phases      ] GC(8) Reference Processing 0.421ms
[6.170s][debug][gc,phases      ] GC(8) Weak Processing 1.280ms
[6.170s][debug][gc,age         ] GC(8) Desired survivor size 253755392 bytes, new threshold 9 (max threshold 15)
[6.170s][info ][gc,heap        ] GC(8) PSYoungGen: 1495590K(1861632K)->163434K(1572864K) Eden: 1337344K(1337344K)->0K(1337344K) From: 158246K(524288K)->163434K(235520K)
[6.170s][info ][gc,heap        ] GC(8) ParOldGen: 6167K(18944K)->6175K(18944K)
[6.170s][info ][gc,metaspace   ] GC(8) Metaspace: 52219K(52672K)->52219K(52672K) NonClass: 44573K(44800K)->44573K(44800K) Class: 7645K(7872K)->7645K(7872K)
[6.170s][info ][gc             ] GC(8) Pause Young (Allocation Failure) 1466M->165M(1554M) 89.665ms
[6.170s][info ][gc,cpu         ] GC(8) User=0.29s Sys=0.07s Real=0.09s
[6.172s][info ][safepoint      ] Safepoint "ParallelGCFailedAllocation", Time since last: 490576233 ns, Reaching safepoint: 271105 ns, At safepoint: 91356143 ns, Total: 91627248 ns
[6.421s][info ][gc,start       ] GC(9) Pause Young (Allocation Failure)
[6.508s][debug][gc,phases      ] GC(9) Scavenge 87.087ms
[6.508s][debug][gc,ref         ] GC(9) Skipped phase 1 of Reference Processing: no references
[6.508s][debug][gc,ref         ] GC(9) Skipped phase 3 of Reference Processing: no references
[6.508s][debug][gc,phases      ] GC(9) Reference Processing 0.293ms
[6.510s][debug][gc,phases      ] GC(9) Weak Processing 1.447ms
[6.510s][debug][gc,age         ] GC(9) Desired survivor size 262668288 bytes, new threshold 10 (max threshold 15)
[6.510s][info ][gc,heap        ] GC(9) PSYoungGen: 1500778K(1572864K)->168446K(1831936K) Eden: 1337344K(1337344K)->0K(1584128K) From: 163434K(235520K)->168446K(247808K)
[6.510s][info ][gc,heap        ] GC(9) ParOldGen: 6175K(18944K)->6175K(18944K)
[6.510s][info ][gc,metaspace   ] GC(9) Metaspace: 52224K(52672K)->52224K(52672K) NonClass: 44579K(44800K)->44579K(44800K) Class: 7645K(7872K)->7645K(7872K)
[6.510s][info ][gc             ] GC(9) Pause Young (Allocation Failure) 1471M->170M(1807M) 88.972ms
[6.510s][info ][gc,cpu         ] GC(9) User=0.29s Sys=0.06s Real=0.08s
[6.510s][info ][safepoint      ] Safepoint "ParallelGCFailedAllocation", Time since last: 248546786 ns, Reaching safepoint: 557711 ns, At safepoint: 89090095 ns, Total: 89647806 ns
[6.827s][info ][gc,start       ] GC(10) Pause Young (Allocation Failure)
[6.905s][debug][gc,phases      ] GC(10) Scavenge 77.924ms
[6.905s][debug][gc,ref         ] GC(10) Skipped phase 1 of Reference Processing: no references
[6.905s][debug][gc,ref         ] GC(10) Skipped phase 3 of Reference Processing: no references
[6.905s][debug][gc,phases      ] GC(10) Reference Processing 0.311ms
[6.906s][debug][gc,phases      ] GC(10) Weak Processing 1.472ms
[6.906s][debug][gc,age         ] GC(10) Desired survivor size 269484032 bytes, new threshold 11 (max threshold 15)
[6.906s][info ][gc,heap        ] GC(10) PSYoungGen: 1752574K(1831936K)->173747K(1758208K) Eden: 1584128K(1584128K)->0K(1584128K) From: 168446K(247808K)->173747K(174080K)
[6.906s][info ][gc,heap        ] GC(10) ParOldGen: 6175K(18944K)->6183K(18944K)
[6.906s][info ][gc,metaspace   ] GC(10) Metaspace: 52623K(53056K)->52623K(53056K) NonClass: 44906K(45120K)->44906K(45120K) Class: 7716K(7936K)->7716K(7936K)
[6.906s][info ][gc             ] GC(10) Pause Young (Allocation Failure) 1717M->175M(1735M) 79.850ms
[6.906s][info ][gc,cpu         ] GC(10) User=0.34s Sys=0.02s Real=0.08s
[6.906s][info ][safepoint      ] Safepoint "ParallelGCFailedAllocation", Time since last: 316451930 ns, Reaching safepoint: 186304 ns, At safepoint: 79959100 ns, Total: 80145404 ns
[7.320s][info ][safepoint      ] Safepoint "ICBufferFull", Time since last: 411186544 ns, Reaching safepoint: 2276049 ns, At safepoint: 26900 ns, Total: 2302949 ns
[7.331s][info ][gc,start       ] GC(11) Pause Young (Allocation Failure)
[7.401s][debug][gc,phases      ] GC(11) Scavenge 70.172ms
[7.401s][debug][gc,ref         ] GC(11) Skipped phase 1 of Reference Processing: no references
[7.402s][debug][gc,ref         ] GC(11) Skipped phase 3 of Reference Processing: no references
[7.402s][debug][gc,phases      ] GC(11) Reference Processing 0.330ms
[7.403s][debug][gc,phases      ] GC(11) Weak Processing 1.633ms
[7.403s][debug][gc,age         ] GC(11) Desired survivor size 270532608 bytes, new threshold 12 (max threshold 15)
[7.403s][info ][gc,heap        ] GC(11) PSYoungGen: 1757875K(1758208K)->166366K(1831936K) Eden: 1584128K(1584128K)->0K(1568768K) From: 173747K(174080K)->166366K(263168K)
[7.403s][info ][gc,heap        ] GC(11) ParOldGen: 6183K(18944K)->6191K(18944K)
[7.403s][info ][gc,metaspace   ] GC(11) Metaspace: 54088K(54592K)->54088K(54592K) NonClass: 46194K(46464K)->46194K(46464K) Class: 7893K(8128K)->7893K(8128K)
[7.403s][info ][gc             ] GC(11) Pause Young (Allocation Failure) 1722M->168M(1807M) 72.288ms
[7.403s][info ][gc,cpu         ] GC(11) User=0.36s Sys=0.00s Real=0.08s
[7.403s][info ][safepoint      ] Safepoint "ParallelGCFailedAllocation", Time since last: 10942933 ns, Reaching safepoint: 128003 ns, At safepoint: 72397239 ns, Total: 72525242 ns
[7.793s][info ][gc,start       ] GC(12) Pause Young (Allocation Failure)
[7.863s][debug][gc,phases      ] GC(12) Scavenge 69.763ms
[7.863s][debug][gc,ref         ] GC(12) Skipped phase 1 of Reference Processing: no references
[7.863s][debug][gc,ref         ] GC(12) Skipped phase 3 of Reference Processing: no references
[7.863s][debug][gc,phases      ] GC(12) Reference Processing 0.312ms
[7.865s][debug][gc,phases      ] GC(12) Weak Processing 1.485ms
[7.865s][debug][gc,age         ] GC(12) Desired survivor size 270008320 bytes, new threshold 13 (max threshold 15)
[7.865s][info ][gc,heap        ] GC(12) PSYoungGen: 1735134K(1831936K)->166995K(1832960K) Eden: 1568768K(1568768K)->0K(1568768K) From: 166366K(263168K)->166995K(264192K)
[7.865s][info ][gc,heap        ] GC(12) ParOldGen: 6191K(18944K)->6199K(18944K)
[7.865s][info ][gc,metaspace   ] GC(12) Metaspace: 54427K(54912K)->54427K(54912K) NonClass: 46498K(46784K)->46498K(46784K) Class: 7928K(8128K)->7928K(8128K)
[7.865s][info ][gc             ] GC(12) Pause Young (Allocation Failure) 1700M->169M(1808M) 71.690ms
[7.865s][info ][gc,cpu         ] GC(12) User=0.28s Sys=0.00s Real=0.07s
[7.865s][info ][safepoint      ] Safepoint "ParallelGCFailedAllocation", Time since last: 387487141 ns, Reaching safepoint: 2249248 ns, At safepoint: 71814827 ns, Total: 74064075 ns
[8.105s][info ][safepoint      ] Safepoint "ICBufferFull", Time since last: 239721098 ns, Reaching safepoint: 251905 ns, At safepoint: 25701 ns, Total: 277606 ns
[8.158s][info ][gc,start       ] GC(13) Pause Young (Allocation Failure)
[8.229s][debug][gc,phases      ] GC(13) Scavenge 70.664ms
[8.229s][debug][gc,ref         ] GC(13) Skipped phase 1 of Reference Processing: no references
[8.229s][debug][gc,ref         ] GC(13) Skipped phase 3 of Reference Processing: no references
[8.229s][debug][gc,phases      ] GC(13) Reference Processing 0.312ms
[8.231s][debug][gc,phases      ] GC(13) Weak Processing 1.434ms
[8.231s][debug][gc,age         ] GC(13) Desired survivor size 269484032 bytes, new threshold 14 (max threshold 15)
[8.231s][info ][gc,heap        ] GC(13) PSYoungGen: 1735763K(1832960K)->168318K(1833984K) Eden: 1568768K(1568768K)->0K(1570304K) From: 166995K(264192K)->168318K(263680K)
[8.231s][info ][gc,heap        ] GC(13) ParOldGen: 6199K(18944K)->6207K(18944K)
[8.231s][info ][gc,metaspace   ] GC(13) Metaspace: 54466K(54912K)->54466K(54912K) NonClass: 46535K(46784K)->46535K(46784K) Class: 7931K(8128K)->7931K(8128K)
[8.231s][info ][gc             ] GC(13) Pause Young (Allocation Failure) 1701M->170M(1809M) 72.564ms
[8.231s][info ][gc,cpu         ] GC(13) User=0.29s Sys=0.00s Real=0.07s
[8.231s][info ][safepoint      ] Safepoint "ParallelGCFailedAllocation", Time since last: 51863103 ns, Reaching safepoint: 1138924 ns, At safepoint: 72670146 ns, Total: 73809070 ns
[8.597s][info ][gc,start       ] GC(14) Pause Young (Allocation Failure)
[8.662s][debug][gc,phases      ] GC(14) Scavenge 65.878ms
[8.662s][debug][gc,ref         ] GC(14) Skipped phase 1 of Reference Processing: no references
[8.663s][debug][gc,ref         ] GC(14) Skipped phase 3 of Reference Processing: no references
[8.663s][debug][gc,phases      ] GC(14) Reference Processing 0.303ms
[8.664s][debug][gc,phases      ] GC(14) Weak Processing 1.465ms
[8.664s][debug][gc,age         ] GC(14) Desired survivor size 268959744 bytes, new threshold 15 (max threshold 15)
[8.664s][info ][gc,heap        ] GC(14) PSYoungGen: 1738622K(1833984K)->170366K(1833472K) Eden: 1570304K(1570304K)->0K(1570304K) From: 168318K(263680K)->170366K(263168K)
[8.664s][info ][gc,heap        ] GC(14) ParOldGen: 6207K(18944K)->6215K(18944K)
[8.664s][info ][gc,metaspace   ] GC(14) Metaspace: 54481K(54912K)->54481K(54912K) NonClass: 46549K(46784K)->46549K(46784K) Class: 7932K(8128K)->7932K(8128K)
[8.664s][info ][gc             ] GC(14) Pause Young (Allocation Failure) 1703M->172M(1809M) 67.786ms
[8.664s][info ][gc,cpu         ] GC(14) User=0.26s Sys=0.00s Real=0.07s
[8.664s][info ][safepoint      ] Safepoint "ParallelGCFailedAllocation", Time since last: 365605175 ns, Reaching safepoint: 252305 ns, At safepoint: 67897744 ns, Total: 68150049 ns
[9.068s][info ][gc,start       ] GC(15) Pause Young (Allocation Failure)
[9.143s][debug][gc,phases      ] GC(15) Scavenge 75.423ms
[9.143s][debug][gc,ref         ] GC(15) Skipped phase 1 of Reference Processing: no references
[9.144s][debug][gc,ref         ] GC(15) Skipped phase 3 of Reference Processing: no references
[9.144s][debug][gc,phases      ] GC(15) Reference Processing 0.321ms
[9.145s][debug][gc,phases      ] GC(15) Weak Processing 1.545ms
[9.145s][debug][gc,age         ] GC(15) Desired survivor size 268435456 bytes, new threshold 15 (max threshold 15)
[9.145s][info ][gc,heap        ] GC(15) PSYoungGen: 1740670K(1833472K)->173662K(1835008K) Eden: 1570304K(1570304K)->0K(1572352K) From: 170366K(263168K)->173662K(262656K)
[9.145s][info ][gc,heap        ] GC(15) ParOldGen: 6215K(18944K)->6215K(18944K)
[9.145s][info ][gc,metaspace   ] GC(15) Metaspace: 54490K(54912K)->54490K(54912K) NonClass: 46557K(46784K)->46557K(46784K) Class: 7933K(8128K)->7933K(8128K)
[9.145s][info ][gc             ] GC(15) Pause Young (Allocation Failure) 1705M->175M(1810M) 77.416ms
[9.145s][info ][gc,cpu         ] GC(15) User=0.30s Sys=0.00s Real=0.08s
[9.145s][info ][safepoint      ] Safepoint "ParallelGCFailedAllocation", Time since last: 403254276 ns, Reaching safepoint: 214105 ns, At safepoint: 77528549 ns, Total: 77742654 ns
[9.433s][info ][gc,start       ] GC(16) Pause Young (Allocation Failure)
[9.506s][debug][gc,phases      ] GC(16) Scavenge 72.080ms
[9.506s][debug][gc,ref         ] GC(16) Skipped phase 1 of Reference Processing: no references
[9.506s][debug][gc,ref         ] GC(16) Skipped phase 3 of Reference Processing: no references
[9.506s][debug][gc,phases      ] GC(16) Reference Processing 0.296ms
[9.507s][debug][gc,phases      ] GC(16) Weak Processing 1.414ms
[9.507s][debug][gc,age         ] GC(16) Desired survivor size 267911168 bytes, new threshold 15 (max threshold 15)
[9.507s][info ][gc,heap        ] GC(16) PSYoungGen: 1746014K(1835008K)->175246K(1834496K) Eden: 1572352K(1572352K)->0K(1572352K) From: 173662K(262656K)->175246K(262144K)
[9.507s][info ][gc,heap        ] GC(16) ParOldGen: 6215K(18944K)->6215K(18944K)
[9.507s][info ][gc,metaspace   ] GC(16) Metaspace: 54501K(54976K)->54501K(54976K) NonClass: 46567K(46848K)->46567K(46848K) Class: 7934K(8128K)->7934K(8128K)
[9.507s][info ][gc             ] GC(16) Pause Young (Allocation Failure) 1711M->177M(1810M) 73.923ms
[9.507s][info ][gc,cpu         ] GC(16) User=0.29s Sys=0.00s Real=0.07s
[9.507s][info ][safepoint      ] Safepoint "ParallelGCFailedAllocation", Time since last: 283722634 ns, Reaching safepoint: 4263790 ns, At safepoint: 74028675 ns, Total: 78292465 ns
[9.855s][info ][gc,start       ] GC(17) Pause Young (Allocation Failure)
[9.929s][debug][gc,phases      ] GC(17) Scavenge 73.203ms
[9.929s][debug][gc,ref         ] GC(17) Skipped phase 1 of Reference Processing: no references
[9.929s][debug][gc,ref         ] GC(17) Skipped phase 3 of Reference Processing: no references
[9.929s][debug][gc,phases      ] GC(17) Reference Processing 0.355ms
[9.931s][debug][gc,phases      ] GC(17) Weak Processing 1.606ms
[9.931s][debug][gc,age         ] GC(17) Desired survivor size 267386880 bytes, new threshold 15 (max threshold 15)
[9.931s][info ][gc,heap        ] GC(17) PSYoungGen: 1747598K(1834496K)->177027K(1836032K) Eden: 1572352K(1572352K)->0K(1574400K) From: 175246K(262144K)->177027K(261632K)
[9.931s][info ][gc,heap        ] GC(17) ParOldGen: 6215K(18944K)->6223K(18944K)
[9.931s][info ][gc,metaspace   ] GC(17) Metaspace: 55836K(56384K)->55836K(56384K) NonClass: 47689K(48000K)->47689K(48000K) Class: 8147K(8384K)->8147K(8384K)
[9.931s][info ][gc             ] GC(17) Pause Young (Allocation Failure) 1712M->178M(1811M) 75.314ms
[9.931s][info ][gc,cpu         ] GC(17) User=0.29s Sys=0.01s Real=0.07s
[9.931s][info ][safepoint      ] Safepoint "ParallelGCFailedAllocation", Time since last: 347215484 ns, Reaching safepoint: 844418 ns, At safepoint: 75439605 ns, Total: 76284023 ns
[10.281s][info ][safepoint      ] Safepoint "ParallelGCFailedAllocation", Time since last: 348974722 ns, Reaching safepoint: 944220 ns, At safepoint: 29900 ns, Total: 974120 ns
[10.281s][info ][gc,start       ] GC(18) Pause Young (Allocation Failure)
[10.355s][debug][gc,phases      ] GC(18) Scavenge 74.366ms
[10.355s][debug][gc,ref         ] GC(18) Skipped phase 1 of Reference Processing: no references
[10.356s][debug][gc,ref         ] GC(18) Skipped phase 3 of Reference Processing: no references
[10.356s][debug][gc,phases      ] GC(18) Reference Processing 0.298ms
[10.357s][debug][gc,phases      ] GC(18) Weak Processing 1.501ms
[10.357s][debug][gc,age         ] GC(18) Desired survivor size 265289728 bytes, new threshold 15 (max threshold 15)
[10.357s][info ][gc,heap        ] GC(18) PSYoungGen: 1751427K(1836032K)->175642K(1835520K) Eden: 1574400K(1574400K)->0K(1574400K) From: 177027K(261632K)->175642K(261120K)
[10.357s][info ][gc,heap        ] GC(18) ParOldGen: 6224K(18944K)->8127K(18944K)
[10.357s][info ][gc,metaspace   ] GC(18) Metaspace: 57158K(57664K)->57158K(57664K) NonClass: 48820K(49088K)->48820K(49088K) Class: 8337K(8576K)->8337K(8576K)
[10.357s][info ][gc             ] GC(18) Pause Young (Allocation Failure) 1716M->179M(1811M) 76.274ms
[10.357s][info ][gc,cpu         ] GC(18) User=0.30s Sys=0.00s Real=0.07s
[10.357s][info ][safepoint      ] Safepoint "ParallelGCFailedAllocation", Time since last: 94002 ns, Reaching safepoint: 89602 ns, At safepoint: 76381325 ns, Total: 76470927 ns
[10.665s][info ][gc,start       ] GC(19) Pause Young (Allocation Failure)
[10.751s][debug][gc,phases      ] GC(19) Scavenge 85.807ms
[10.751s][debug][gc,ref         ] GC(19) Skipped phase 1 of Reference Processing: no references
[10.751s][debug][gc,ref         ] GC(19) Skipped phase 3 of Reference Processing: no references
[10.751s][debug][gc,phases      ] GC(19) Reference Processing 0.156ms
[10.753s][debug][gc,phases      ] GC(19) Weak Processing 1.317ms
[10.753s][debug][gc,age         ] GC(19) Desired survivor size 259522560 bytes, new threshold 15 (max threshold 15)
[10.753s][info ][gc,heap        ] GC(19) PSYoungGen: 1750042K(1835520K)->126529K(1843712K) Eden: 1574400K(1574400K)->0K(1584640K) From: 175642K(261120K)->126529K(259072K)
[10.753s][info ][gc,heap        ] GC(19) ParOldGen: 8127K(18944K)->59415K(59904K)
[10.753s][info ][gc,metaspace   ] GC(19) Metaspace: 59881K(60416K)->59881K(60416K) NonClass: 51231K(51520K)->51231K(51520K) Class: 8649K(8896K)->8649K(8896K)
[10.753s][info ][gc             ] GC(19) Pause Young (Allocation Failure) 1716M->181M(1859M) 87.423ms
[10.753s][info ][gc,cpu         ] GC(19) User=0.32s Sys=0.03s Real=0.09s
[10.753s][debug][gc,phases      ] GC(20) Pre Compact 0.010ms
[10.753s][info ][gc,start       ] GC(20) Pause Full (Ergonomics)
[10.753s][info ][gc,phases,start] GC(20) Marking Phase
[10.832s][debug][gc,phases      ] GC(20) Par Mark 78.834ms
[10.832s][debug][gc,ref         ] GC(20) Skipped phase 1 of Reference Processing: no references
[10.832s][debug][gc,ref         ] GC(20) Skipped phase 3 of Reference Processing: no references
[10.832s][debug][gc,phases      ] GC(20) Reference Processing 0.146ms
[10.832s][debug][gc,phases      ] GC(20) Weak Processing 0.501ms
[10.832s][debug][gc,phases      ] GC(20) ClassLoaderData 0.048ms
[10.833s][debug][gc,phases      ] GC(20) Trigger cleanups 0.000ms
[10.839s][debug][gc,phases      ] GC(20) Class Unloading 6.752ms
[10.839s][info ][gc,phases      ] GC(20) Marking Phase 86.367ms
[10.839s][info ][gc,phases,start] GC(20) Summary Phase
[10.839s][info ][gc,phases      ] GC(20) Summary Phase 0.007ms
[10.839s][info ][gc,phases,start] GC(20) Adjust Roots
[10.859s][info ][gc,phases      ] GC(20) Adjust Roots 20.111ms
[10.859s][info ][gc,phases,start] GC(20) Compaction Phase
[11.620s][info ][gc,phases      ] GC(20) Compaction Phase 760.997ms
[11.620s][info ][gc,phases,start] GC(20) Post Compact
[11.621s][info ][gc,phases      ] GC(20) Post Compact 0.882ms
[11.621s][info ][gc,heap        ] GC(20) PSYoungGen: 126529K(1843712K)->126098K(1843712K) Eden: 0K(1584640K)->0K(1584640K) From: 126529K(259072K)->126098K(259072K)
[11.621s][info ][gc,heap        ] GC(20) ParOldGen: 59415K(59904K)->59002K(97280K)
[11.621s][info ][gc,metaspace   ] GC(20) Metaspace: 59881K(60416K)->59881K(60416K) NonClass: 51231K(51520K)->51231K(51520K) Class: 8649K(8896K)->8649K(8896K)
[11.621s][info ][gc             ] GC(20) Pause Full (Ergonomics) 181M->180M(1895M) 868.586ms
[11.621s][info ][gc,cpu         ] GC(20) User=2.07s Sys=0.02s Real=0.87s
[11.622s][info ][safepoint      ] Safepoint "ParallelGCFailedAllocation", Time since last: 307739945 ns, Reaching safepoint: 189904 ns, At safepoint: 956193137 ns, Total: 956383041 ns
[11.985s][info ][gc,start       ] GC(21) Pause Young (Allocation Failure)
[12.100s][debug][gc,phases      ] GC(21) Scavenge 115.166ms
[12.100s][debug][gc,ref         ] GC(21) Skipped phase 1 of Reference Processing: no references
[12.100s][debug][gc,ref         ] GC(21) Skipped phase 3 of Reference Processing: no references
[12.100s][debug][gc,phases      ] GC(21) Reference Processing 0.087ms
[12.101s][debug][gc,phases      ] GC(21) Weak Processing 0.956ms
[12.101s][debug][gc,age         ] GC(21) Desired survivor size 259522560 bytes, new threshold 15 (max threshold 15)
[12.101s][info ][gc,heap        ] GC(21) PSYoungGen: 1710738K(1843712K)->90838K(1838080K) Eden: 1584640K(1584640K)->0K(1584640K) From: 126098K(259072K)->90838K(253440K)
[12.101s][info ][gc,heap        ] GC(21) ParOldGen: 59002K(97280K)->150904K(151552K)
[12.101s][info ][gc,metaspace   ] GC(21) Metaspace: 60193K(60736K)->60193K(60736K) NonClass: 51492K(51776K)->51492K(51776K) Class: 8700K(8960K)->8700K(8960K)
[12.101s][info ][gc             ] GC(21) Pause Young (Allocation Failure) 1728M->236M(1943M) 116.363ms
[12.101s][info ][gc,cpu         ] GC(21) User=0.43s Sys=0.03s Real=0.12s
[12.101s][debug][gc,phases      ] GC(22) Pre Compact 0.010ms
[12.101s][info ][gc,start       ] GC(22) Pause Full (Ergonomics)
[12.101s][info ][gc,phases,start] GC(22) Marking Phase
[12.205s][debug][gc,phases      ] GC(22) Par Mark 103.576ms
[12.205s][debug][gc,ref         ] GC(22) Skipped phase 1 of Reference Processing: no references
[12.205s][debug][gc,ref         ] GC(22) Skipped phase 3 of Reference Processing: no references
[12.205s][debug][gc,phases      ] GC(22) Reference Processing 0.175ms
[12.206s][debug][gc,phases      ] GC(22) Weak Processing 0.458ms
[12.206s][debug][gc,phases      ] GC(22) ClassLoaderData 0.052ms
[12.206s][debug][gc,phases      ] GC(22) Trigger cleanups 0.000ms
[12.212s][debug][gc,phases      ] GC(22) Class Unloading 6.636ms
[12.212s][info ][gc,phases      ] GC(22) Marking Phase 110.980ms
[12.212s][info ][gc,phases,start] GC(22) Summary Phase
[12.212s][info ][gc,phases      ] GC(22) Summary Phase 0.008ms
[12.212s][info ][gc,phases,start] GC(22) Adjust Roots
[12.225s][info ][gc,phases      ] GC(22) Adjust Roots 13.074ms
[12.225s][info ][gc,phases,start] GC(22) Compaction Phase
[12.788s][info ][gc,phases      ] GC(22) Compaction Phase 562.465ms
[12.788s][info ][gc,phases,start] GC(22) Post Compact
[12.789s][info ][gc,phases      ] GC(22) Post Compact 0.720ms
[12.789s][info ][gc,heap        ] GC(22) PSYoungGen: 90838K(1838080K)->90069K(1838080K) Eden: 0K(1584640K)->0K(1584640K) From: 90838K(253440K)->90069K(253440K)
[12.789s][info ][gc,heap        ] GC(22) ParOldGen: 150904K(151552K)->151107K(227840K)
[12.789s][info ][gc,metaspace   ] GC(22) Metaspace: 60193K(60736K)->60193K(60736K) NonClass: 51492K(51776K)->51492K(51776K) Class: 8700K(8960K)->8700K(8960K)
[12.789s][info ][gc             ] GC(22) Pause Full (Ergonomics) 236M->235M(2017M) 687.514ms
[12.789s][info ][gc,cpu         ] GC(22) User=1.85s Sys=0.01s Real=0.68s
[12.789s][info ][safepoint      ] Safepoint "ParallelGCFailedAllocation", Time since last: 363205325 ns, Reaching safepoint: 158803 ns, At safepoint: 804040601 ns, Total: 804199404 ns
[13.149s][info ][gc,start       ] GC(23) Pause Young (Allocation Failure)
[13.223s][debug][gc,phases      ] GC(23) Scavenge 74.021ms
[13.223s][debug][gc,ref         ] GC(23) Skipped phase 1 of Reference Processing: no references
[13.223s][debug][gc,ref         ] GC(23) Skipped phase 3 of Reference Processing: no references
[13.223s][debug][gc,phases      ] GC(23) Reference Processing 0.125ms
[13.224s][debug][gc,phases      ] GC(23) Weak Processing 0.667ms
[13.224s][debug][gc,age         ] GC(23) Desired survivor size 257949696 bytes, new threshold 15 (max threshold 15)
[13.224s][info ][gc,heap        ] GC(23) PSYoungGen: 1674709K(1838080K)->87312K(1845248K) Eden: 1584640K(1584640K)->0K(1591808K) From: 90069K(253440K)->87312K(253440K)
[13.224s][info ][gc,heap        ] GC(23) ParOldGen: 151107K(227840K)->159911K(227840K)
[13.224s][info ][gc,metaspace   ] GC(23) Metaspace: 60934K(61440K)->60934K(61440K) NonClass: 52139K(52416K)->52139K(52416K) Class: 8795K(9024K)->8795K(9024K)
[13.224s][info ][gc             ] GC(23) Pause Young (Allocation Failure) 1783M->241M(2024M) 74.946ms
[13.224s][info ][gc,cpu         ] GC(23) User=0.27s Sys=0.01s Real=0.08s
[13.224s][info ][safepoint      ] Safepoint "ParallelGCFailedAllocation", Time since last: 359956456 ns, Reaching safepoint: 177304 ns, At safepoint: 75062797 ns, Total: 75240101 ns
[13.557s][info ][gc,start       ] GC(24) Pause Young (Allocation Failure)
[13.604s][debug][gc,phases      ] GC(24) Scavenge 46.954ms
[13.604s][debug][gc,ref         ] GC(24) Skipped phase 1 of Reference Processing: no references
[13.604s][debug][gc,ref         ] GC(24) Skipped phase 3 of Reference Processing: no references
[13.604s][debug][gc,phases      ] GC(24) Reference Processing 0.108ms
[13.605s][debug][gc,phases      ] GC(24) Weak Processing 0.683ms
[13.605s][debug][gc,age         ] GC(24) Desired survivor size 255328256 bytes, new threshold 15 (max threshold 15)
[13.605s][info ][gc,heap        ] GC(24) PSYoungGen: 1679120K(1845248K)->88960K(1843712K) Eden: 1591808K(1591808K)->0K(1591808K) From: 87312K(253440K)->88960K(251904K)
[13.605s][info ][gc,heap        ] GC(24) ParOldGen: 159911K(227840K)->164295K(227840K)
[13.605s][info ][gc,metaspace   ] GC(24) Metaspace: 61220K(61760K)->61220K(61760K) NonClass: 52397K(52672K)->52397K(52672K) Class: 8822K(9088K)->8822K(9088K)
[13.605s][info ][gc             ] GC(24) Pause Young (Allocation Failure) 1795M->247M(2023M) 47.903ms
[13.605s][info ][gc,cpu         ] GC(24) User=0.18s Sys=0.00s Real=0.05s
[13.605s][info ][safepoint      ] Safepoint "ParallelGCFailedAllocation", Time since last: 332548273 ns, Reaching safepoint: 237005 ns, At safepoint: 48018721 ns, Total: 48255726 ns
[13.953s][info ][safepoint      ] Safepoint "ICBufferFull", Time since last: 347962502 ns, Reaching safepoint: 431609 ns, At safepoint: 25800 ns, Total: 457409 ns
[13.957s][info ][safepoint      ] Safepoint "ICBufferFull", Time since last: 3750980 ns, Reaching safepoint: 129703 ns, At safepoint: 21200 ns, Total: 150903 ns
[13.961s][info ][safepoint      ] Safepoint "ICBufferFull", Time since last: 4063987 ns, Reaching safepoint: 112402 ns, At safepoint: 56601 ns, Total: 169003 ns
[13.977s][info ][safepoint      ] Safepoint "ICBufferFull", Time since last: 15245025 ns, Reaching safepoint: 118602 ns, At safepoint: 21501 ns, Total: 140103 ns
[13.981s][info ][safepoint      ] Safepoint "ICBufferFull", Time since last: 711115 ns, Reaching safepoint: 3162667 ns, At safepoint: 20300 ns, Total: 3182967 ns
[13.982s][info ][safepoint      ] Safepoint "ICBufferFull", Time since last: 675515 ns, Reaching safepoint: 100602 ns, At safepoint: 23400 ns, Total: 124002 ns
[13.982s][info ][safepoint      ] Safepoint "ICBufferFull", Time since last: 607913 ns, Reaching safepoint: 87302 ns, At safepoint: 21001 ns, Total: 108303 ns
[13.983s][info ][safepoint      ] Safepoint "ICBufferFull", Time since last: 533111 ns, Reaching safepoint: 84802 ns, At safepoint: 21600 ns, Total: 106402 ns
[13.998s][info ][gc,start       ] GC(25) Pause Young (Allocation Failure)
[14.044s][debug][gc,phases      ] GC(25) Scavenge 46.531ms
[14.044s][debug][gc,ref         ] GC(25) Skipped phase 1 of Reference Processing: no references
[14.044s][debug][gc,ref         ] GC(25) Skipped phase 3 of Reference Processing: no references
[14.044s][debug][gc,phases      ] GC(25) Reference Processing 0.106ms
[14.045s][debug][gc,phases      ] GC(25) Weak Processing 0.639ms
[14.045s][debug][gc,age         ] GC(25) Desired survivor size 249561088 bytes, new threshold 15 (max threshold 15)
[14.045s][info ][gc,heap        ] GC(25) PSYoungGen: 1680768K(1843712K)->99392K(1853440K) Eden: 1591808K(1591808K)->0K(1604096K) From: 88960K(251904K)->99392K(249344K)
[14.045s][info ][gc,heap        ] GC(25) ParOldGen: 164295K(227840K)->167391K(227840K)
[14.045s][info ][gc,metaspace   ] GC(25) Metaspace: 61542K(62080K)->61542K(62080K) NonClass: 52693K(52992K)->52693K(52992K) Class: 8849K(9088K)->8849K(9088K)
[14.045s][info ][gc             ] GC(25) Pause Young (Allocation Failure) 1801M->260M(2032M) 47.425ms
[14.045s][info ][gc,cpu         ] GC(25) User=0.17s Sys=0.01s Real=0.05s
[14.045s][info ][safepoint      ] Safepoint "ParallelGCFailedAllocation", Time since last: 10400921 ns, Reaching safepoint: 4227990 ns, At safepoint: 47531811 ns, Total: 51759801 ns
[14.433s][info ][gc,start       ] GC(26) Pause Young (Allocation Failure)
[14.480s][debug][gc,phases      ] GC(26) Scavenge 46.581ms
[14.480s][debug][gc,ref         ] GC(26) Skipped phase 1 of Reference Processing: no references
[14.480s][debug][gc,ref         ] GC(26) Skipped phase 3 of Reference Processing: no references
[14.480s][debug][gc,phases      ] GC(26) Reference Processing 0.101ms
[14.481s][debug][gc,phases      ] GC(26) Weak Processing 0.582ms
[14.481s][debug][gc,age         ] GC(26) Desired survivor size 241172480 bytes, new threshold 15 (max threshold 15)
[14.481s][info ][gc,heap        ] GC(26) PSYoungGen: 1703488K(1853440K)->111776K(1847808K) Eden: 1604096K(1604096K)->0K(1604096K) From: 99392K(249344K)->111776K(243712K)
[14.481s][info ][gc,heap        ] GC(26) ParOldGen: 167391K(227840K)->168359K(227840K)
[14.481s][info ][gc,metaspace   ] GC(26) Metaspace: 61670K(62208K)->61670K(62208K) NonClass: 52819K(53120K)->52819K(53120K) Class: 8851K(9088K)->8851K(9088K)
[14.481s][info ][gc             ] GC(26) Pause Young (Allocation Failure) 1827M->273M(2027M) 47.403ms
[14.481s][info ][gc,cpu         ] GC(26) User=0.18s Sys=0.00s Real=0.05s
[14.481s][info ][safepoint      ] Safepoint "ParallelGCFailedAllocation", Time since last: 388113356 ns, Reaching safepoint: 192104 ns, At safepoint: 47507210 ns, Total: 47699314 ns
[14.799s][info ][gc,start       ] GC(27) Pause Young (Allocation Failure)
[14.846s][debug][gc,phases      ] GC(27) Scavenge 46.959ms
[14.846s][debug][gc,ref         ] GC(27) Skipped phase 1 of Reference Processing: no references
[14.846s][debug][gc,ref         ] GC(27) Skipped phase 3 of Reference Processing: no references
[14.846s][debug][gc,phases      ] GC(27) Reference Processing 0.088ms
[14.847s][debug][gc,phases      ] GC(27) Weak Processing 0.541ms
[14.847s][debug][gc,age         ] GC(27) Desired survivor size 231735296 bytes, new threshold 15 (max threshold 15)
[14.847s][info ][gc,heap        ] GC(27) PSYoungGen: 1715872K(1847808K)->119872K(1870848K) Eden: 1604096K(1604096K)->0K(1635328K) From: 111776K(243712K)->119872K(235520K)
[14.847s][info ][gc,heap        ] GC(27) ParOldGen: 168359K(227840K)->169871K(227840K)
[14.847s][info ][gc,metaspace   ] GC(27) Metaspace: 61780K(62336K)->61780K(62336K) NonClass: 52918K(53248K)->52918K(53248K) Class: 8861K(9088K)->8861K(9088K)
[14.847s][info ][gc             ] GC(27) Pause Young (Allocation Failure) 1840M->282M(2049M) 47.721ms
[14.847s][info ][gc,cpu         ] GC(27) User=0.19s Sys=0.00s Real=0.05s
[14.847s][info ][safepoint      ] Safepoint "ParallelGCFailedAllocation", Time since last: 317579955 ns, Reaching safepoint: 512211 ns, At safepoint: 47840118 ns, Total: 48352329 ns
[15.073s][info ][safepoint      ] Safepoint "ICBufferFull", Time since last: 221970521 ns, Reaching safepoint: 4307792 ns, At safepoint: 31501 ns, Total: 4339293 ns
[15.075s][info ][safepoint      ] Safepoint "ICBufferFull", Time since last: 1276427 ns, Reaching safepoint: 102902 ns, At safepoint: 22100 ns, Total: 125002 ns
[15.078s][info ][safepoint      ] Safepoint "ICBufferFull", Time since last: 3334771 ns, Reaching safepoint: 98403 ns, At safepoint: 20100 ns, Total: 118503 ns
[15.085s][info ][safepoint      ] Safepoint "ICBufferFull", Time since last: 6541439 ns, Reaching safepoint: 111102 ns, At safepoint: 24601 ns, Total: 135703 ns
[15.085s][info ][safepoint      ] Safepoint "ICBufferFull", Time since last: 688615 ns, Reaching safepoint: 101702 ns, At safepoint: 18600 ns, Total: 120302 ns
[15.086s][info ][safepoint      ] Safepoint "ICBufferFull", Time since last: 671314 ns, Reaching safepoint: 96703 ns, At safepoint: 19100 ns, Total: 115803 ns
[15.087s][info ][safepoint      ] Safepoint "ICBufferFull", Time since last: 671714 ns, Reaching safepoint: 86102 ns, At safepoint: 24201 ns, Total: 110303 ns
[15.120s][info ][safepoint      ] Safepoint "ICBufferFull", Time since last: 33124504 ns, Reaching safepoint: 137603 ns, At safepoint: 21801 ns, Total: 159404 ns
[15.121s][info ][safepoint      ] Safepoint "ICBufferFull", Time since last: 821617 ns, Reaching safepoint: 86902 ns, At safepoint: 19100 ns, Total: 106002 ns
[15.139s][info ][safepoint      ] Safepoint "ICBufferFull", Time since last: 17492072 ns, Reaching safepoint: 110803 ns, At safepoint: 22400 ns, Total: 133203 ns
[15.140s][info ][safepoint      ] Safepoint "ICBufferFull", Time since last: 710415 ns, Reaching safepoint: 89002 ns, At safepoint: 22301 ns, Total: 111303 ns
[15.145s][info ][safepoint      ] Safepoint "ICBufferFull", Time since last: 3159467 ns, Reaching safepoint: 2112845 ns, At safepoint: 29800 ns, Total: 2142645 ns
[15.148s][info ][safepoint      ] Safepoint "ICBufferFull", Time since last: 2766359 ns, Reaching safepoint: 109603 ns, At safepoint: 26300 ns, Total: 135903 ns
[15.149s][info ][safepoint      ] Safepoint "ICBufferFull", Time since last: 664514 ns, Reaching safepoint: 90402 ns, At safepoint: 24701 ns, Total: 115103 ns
[15.161s][info ][safepoint      ] Safepoint "ICBufferFull", Time since last: 11975154 ns, Reaching safepoint: 123403 ns, At safepoint: 24701 ns, Total: 148104 ns
[15.162s][info ][safepoint      ] Safepoint "ICBufferFull", Time since last: 682014 ns, Reaching safepoint: 90502 ns, At safepoint: 21800 ns, Total: 112302 ns
[15.162s][info ][safepoint      ] Safepoint "ICBufferFull", Time since last: 647714 ns, Reaching safepoint: 90402 ns, At safepoint: 21201 ns, Total: 111603 ns
[15.181s][info ][safepoint      ] Safepoint "ICBufferFull", Time since last: 16251945 ns, Reaching safepoint: 2104945 ns, At safepoint: 26101 ns, Total: 2131046 ns
[15.181s][info ][gc,start       ] GC(28) Pause Young (Allocation Failure)
[15.227s][debug][gc,phases      ] GC(28) Scavenge 45.849ms
[15.227s][debug][gc,ref         ] GC(28) Skipped phase 1 of Reference Processing: no references
[15.227s][debug][gc,ref         ] GC(28) Skipped phase 3 of Reference Processing: no references
[15.227s][debug][gc,phases      ] GC(28) Reference Processing 0.102ms
[15.228s][debug][gc,phases      ] GC(28) Weak Processing 0.638ms
[15.228s][debug][gc,age         ] GC(28) Desired survivor size 222822400 bytes, new threshold 15 (max threshold 15)
[15.228s][info ][gc,heap        ] GC(28) PSYoungGen: 1755200K(1870848K)->121744K(1861632K) Eden: 1635328K(1635328K)->0K(1635328K) From: 119872K(235520K)->121744K(226304K)
[15.228s][info ][gc,heap        ] GC(28) ParOldGen: 169871K(227840K)->172399K(227840K)
[15.228s][info ][gc,metaspace   ] GC(28) Metaspace: 61882K(62400K)->61882K(62400K) NonClass: 53005K(53312K)->53005K(53312K) Class: 8876K(9088K)->8876K(9088K)
[15.228s][info ][gc             ] GC(28) Pause Young (Allocation Failure) 1879M->287M(2040M) 46.713ms
[15.228s][info ][gc,cpu         ] GC(28) User=0.18s Sys=0.01s Real=0.04s
[15.228s][info ][safepoint      ] Safepoint "ParallelGCFailedAllocation", Time since last: 539211 ns, Reaching safepoint: 100102 ns, At safepoint: 46823596 ns, Total: 46923698 ns
[15.229s][info ][safepoint      ] Safepoint "ICBufferFull", Time since last: 686815 ns, Reaching safepoint: 114602 ns, At safepoint: 26701 ns, Total: 141303 ns
[15.230s][info ][safepoint      ] Safepoint "ICBufferFull", Time since last: 668314 ns, Reaching safepoint: 108102 ns, At safepoint: 27601 ns, Total: 135703 ns
[15.233s][info ][safepoint      ] Safepoint "ICBufferFull", Time since last: 2774759 ns, Reaching safepoint: 122003 ns, At safepoint: 23700 ns, Total: 145703 ns
[15.234s][info ][safepoint      ] Safepoint "ICBufferFull", Time since last: 662814 ns, Reaching safepoint: 104902 ns, At safepoint: 22901 ns, Total: 127803 ns
[15.234s][info ][safepoint      ] Safepoint "ICBufferFull", Time since last: 692515 ns, Reaching safepoint: 105802 ns, At safepoint: 23700 ns, Total: 129502 ns
[15.235s][info ][safepoint      ] Safepoint "ICBufferFull", Time since last: 660214 ns, Reaching safepoint: 166304 ns, At safepoint: 23400 ns, Total: 189704 ns
[15.237s][info ][safepoint      ] Safepoint "ICBufferFull", Time since last: 1569334 ns, Reaching safepoint: 109202 ns, At safepoint: 26401 ns, Total: 135603 ns
[15.240s][info ][safepoint      ] Safepoint "ICBufferFull", Time since last: 2833560 ns, Reaching safepoint: 94202 ns, At safepoint: 23901 ns, Total: 118103 ns
[15.241s][info ][safepoint      ] Safepoint "ICBufferFull", Time since last: 791016 ns, Reaching safepoint: 88602 ns, At safepoint: 22801 ns, Total: 111403 ns
[15.242s][info ][safepoint      ] Safepoint "ICBufferFull", Time since last: 771016 ns, Reaching safepoint: 86302 ns, At safepoint: 21500 ns, Total: 107802 ns
[15.248s][info ][safepoint      ] Safepoint "ICBufferFull", Time since last: 6626541 ns, Reaching safepoint: 116303 ns, At safepoint: 25200 ns, Total: 141503 ns
[15.257s][info ][safepoint      ] Safepoint "ICBufferFull", Time since last: 6275734 ns, Reaching safepoint: 2151246 ns, At safepoint: 29300 ns, Total: 2180546 ns
[15.258s][info ][safepoint      ] Safepoint "ICBufferFull", Time since last: 768517 ns, Reaching safepoint: 93602 ns, At safepoint: 20100 ns, Total: 113702 ns
[15.259s][info ][safepoint      ] Safepoint "ICBufferFull", Time since last: 894919 ns, Reaching safepoint: 88702 ns, At safepoint: 26000 ns, Total: 114702 ns
[15.260s][info ][safepoint      ] Safepoint "ICBufferFull", Time since last: 655814 ns, Reaching safepoint: 89202 ns, At safepoint: 20001 ns, Total: 109203 ns
[15.264s][info ][safepoint      ] Safepoint "ICBufferFull", Time since last: 3965984 ns, Reaching safepoint: 666014 ns, At safepoint: 29001 ns, Total: 695015 ns
[15.269s][info ][safepoint      ] Safepoint "ICBufferFull", Time since last: 4380393 ns, Reaching safepoint: 106102 ns, At safepoint: 23201 ns, Total: 129303 ns
[15.625s][info ][gc,start       ] GC(29) Pause Young (Allocation Failure)
[15.670s][debug][gc,phases      ] GC(29) Scavenge 44.804ms
[15.670s][debug][gc,ref         ] GC(29) Skipped phase 1 of Reference Processing: no references
[15.670s][debug][gc,ref         ] GC(29) Skipped phase 3 of Reference Processing: no references
[15.670s][debug][gc,phases      ] GC(29) Reference Processing 0.103ms
[15.671s][debug][gc,phases      ] GC(29) Weak Processing 0.580ms
[15.671s][debug][gc,age         ] GC(29) Desired survivor size 214958080 bytes, new threshold 15 (max threshold 15)
[15.671s][info ][gc,heap        ] GC(29) PSYoungGen: 1757072K(1861632K)->130880K(1887232K) Eden: 1635328K(1635328K)->0K(1669632K) From: 121744K(226304K)->130880K(217600K)
[15.671s][info ][gc,heap        ] GC(29) ParOldGen: 172399K(227840K)->173047K(227840K)
[15.671s][info ][gc,metaspace   ] GC(29) Metaspace: 61938K(62464K)->61938K(62464K) NonClass: 53061K(53376K)->53061K(53376K) Class: 8876K(9088K)->8876K(9088K)
[15.671s][info ][gc             ] GC(29) Pause Young (Allocation Failure) 1884M->296M(2065M) 45.637ms
[15.671s][info ][gc,cpu         ] GC(29) User=0.18s Sys=0.00s Real=0.04s
[15.671s][info ][safepoint      ] Safepoint "ParallelGCFailedAllocation", Time since last: 352967808 ns, Reaching safepoint: 3247969 ns, At safepoint: 45762073 ns, Total: 49010042 ns
[16.021s][info ][gc,start       ] GC(30) Pause Young (Allocation Failure)
[16.082s][debug][gc,phases      ] GC(30) Scavenge 60.681ms
[16.082s][debug][gc,ref         ] GC(30) Skipped phase 1 of Reference Processing: no references
[16.082s][debug][gc,ref         ] GC(30) Skipped phase 3 of Reference Processing: no references
[16.082s][debug][gc,phases      ] GC(30) Reference Processing 0.085ms
[16.082s][debug][gc,phases      ] GC(30) Weak Processing 0.569ms
[16.082s][debug][gc,age         ] GC(30) Desired survivor size 212336640 bytes, new threshold 15 (max threshold 15)
[16.082s][info ][gc,heap        ] GC(30) PSYoungGen: 1800512K(1887232K)->143104K(1879552K) Eden: 1669632K(1669632K)->0K(1669632K) From: 130880K(217600K)->143104K(209920K)
[16.082s][info ][gc,heap        ] GC(30) ParOldGen: 173047K(227840K)->174391K(227840K)
[16.082s][info ][gc,metaspace   ] GC(30) Metaspace: 61943K(62464K)->61943K(62464K) NonClass: 53066K(53376K)->53066K(53376K) Class: 8876K(9088K)->8876K(9088K)
[16.082s][info ][gc             ] GC(30) Pause Young (Allocation Failure) 1927M->310M(2058M) 61.484ms
[16.082s][info ][gc,cpu         ] GC(30) User=0.20s Sys=0.05s Real=0.06s
[16.082s][info ][safepoint      ] Safepoint "ParallelGCFailedAllocation", Time since last: 347943102 ns, Reaching safepoint: 2172346 ns, At safepoint: 61601410 ns, Total: 63773756 ns
[16.477s][info ][gc,start       ] GC(31) Pause Young (Allocation Failure)
[16.530s][debug][gc,phases      ] GC(31) Scavenge 53.462ms
[16.531s][debug][gc,ref         ] GC(31) Skipped phase 1 of Reference Processing: no references
[16.531s][debug][gc,ref         ] GC(31) Skipped phase 3 of Reference Processing: no references
[16.531s][debug][gc,phases      ] GC(31) Reference Processing 0.095ms
[16.531s][debug][gc,phases      ] GC(31) Weak Processing 0.592ms
[16.531s][debug][gc,age         ] GC(31) Desired survivor size 215482368 bytes, new threshold 15 (max threshold 15)
[16.531s][info ][gc,heap        ] GC(31) PSYoungGen: 1812736K(1879552K)->158736K(1883648K) Eden: 1669632K(1669632K)->0K(1676288K) From: 143104K(209920K)->158736K(207360K)
[16.531s][info ][gc,heap        ] GC(31) ParOldGen: 174391K(227840K)->176455K(227840K)
[16.531s][info ][gc,metaspace   ] GC(31) Metaspace: 61949K(62464K)->61949K(62464K) NonClass: 53072K(53376K)->53072K(53376K) Class: 8876K(9088K)->8876K(9088K)
[16.531s][info ][gc             ] GC(31) Pause Young (Allocation Failure) 1940M->327M(2062M) 54.310ms
[16.531s][info ][gc,cpu         ] GC(31) User=0.19s Sys=0.02s Real=0.05s
[16.531s][info ][safepoint      ] Safepoint "ParallelGCFailedAllocation", Time since last: 394004181 ns, Reaching safepoint: 490611 ns, At safepoint: 54429057 ns, Total: 54919668 ns
[16.841s][info ][gc,start       ] GC(32) Pause Young (Allocation Failure)
[16.890s][debug][gc,phases      ] GC(32) Scavenge 48.476ms
[16.890s][debug][gc,ref         ] GC(32) Skipped phase 1 of Reference Processing: no references
[16.890s][debug][gc,ref         ] GC(32) Skipped phase 3 of Reference Processing: no references
[16.890s][debug][gc,phases      ] GC(32) Reference Processing 0.090ms
[16.890s][debug][gc,phases      ] GC(32) Weak Processing 0.534ms
[16.890s][debug][gc,age         ] GC(32) Desired survivor size 217579520 bytes, new threshold 15 (max threshold 15)
[16.890s][info ][gc,heap        ] GC(32) PSYoungGen: 1835024K(1883648K)->157904K(1834496K) Eden: 1676288K(1676288K)->0K(1676288K) From: 158736K(207360K)->157904K(158208K)
[16.890s][info ][gc,heap        ] GC(32) ParOldGen: 176455K(227840K)->179759K(227840K)
[16.890s][info ][gc,metaspace   ] GC(32) Metaspace: 61955K(62464K)->61955K(62464K) NonClass: 53078K(53376K)->53078K(53376K) Class: 8876K(9088K)->8876K(9088K)
[16.890s][info ][gc             ] GC(32) Pause Young (Allocation Failure) 1964M->329M(2014M) 49.231ms
[16.890s][info ][gc,cpu         ] GC(32) User=0.19s Sys=0.01s Real=0.04s
[16.890s][info ][safepoint      ] Safepoint "ParallelGCFailedAllocation", Time since last: 309496984 ns, Reaching safepoint: 138203 ns, At safepoint: 49341149 ns, Total: 49479352 ns
[17.222s][info ][gc,start       ] GC(33) Pause Young (Allocation Failure)
[17.265s][debug][gc,phases      ] GC(33) Scavenge 43.420ms
[17.265s][debug][gc,ref         ] GC(33) Skipped phase 1 of Reference Processing: no references
[17.265s][debug][gc,ref         ] GC(33) Skipped phase 3 of Reference Processing: no references
[17.265s][debug][gc,phases      ] GC(33) Reference Processing 0.085ms
[17.266s][debug][gc,phases      ] GC(33) Weak Processing 0.521ms
[17.266s][debug][gc,age         ] GC(33) Desired survivor size 220200960 bytes, new threshold 15 (max threshold 15)
[17.266s][info ][gc,heap        ] GC(33) PSYoungGen: 1834192K(1834496K)->163296K(1879552K) Eden: 1676288K(1676288K)->0K(1667072K) From: 157904K(158208K)->163296K(212480K)
[17.266s][info ][gc,heap        ] GC(33) ParOldGen: 179759K(227840K)->181399K(227840K)
[17.266s][info ][gc,metaspace   ] GC(33) Metaspace: 61960K(62464K)->61960K(62464K) NonClass: 53083K(53376K)->53083K(53376K) Class: 8876K(9088K)->8876K(9088K)
[17.266s][info ][gc             ] GC(33) Pause Young (Allocation Failure) 1966M->336M(2058M) 44.177ms
[17.266s][info ][gc,cpu         ] GC(33) User=0.18s Sys=0.00s Real=0.04s
[17.266s][info ][safepoint      ] Safepoint "ParallelGCFailedAllocation", Time since last: 331122344 ns, Reaching safepoint: 166904 ns, At safepoint: 44290742 ns, Total: 44457646 ns
[17.620s][info ][gc,start       ] GC(34) Pause Young (Allocation Failure)
[17.662s][debug][gc,phases      ] GC(34) Scavenge 41.367ms
[17.662s][debug][gc,ref         ] GC(34) Skipped phase 1 of Reference Processing: no references
[17.662s][debug][gc,ref         ] GC(34) Skipped phase 3 of Reference Processing: no references
[17.662s][debug][gc,phases      ] GC(34) Reference Processing 0.129ms
[17.662s][debug][gc,phases      ] GC(34) Weak Processing 0.720ms
[17.662s][debug][gc,age         ] GC(34) Desired survivor size 221773824 bytes, new threshold 15 (max threshold 15)
[17.662s][info ][gc,heap        ] GC(34) PSYoungGen: 1830368K(1879552K)->161952K(1829376K) Eden: 1667072K(1667072K)->0K(1667072K) From: 163296K(212480K)->161952K(162304K)
[17.662s][info ][gc,heap        ] GC(34) ParOldGen: 181399K(227840K)->183183K(227840K)
[17.662s][info ][gc,metaspace   ] GC(34) Metaspace: 61991K(62464K)->61991K(62464K) NonClass: 53114K(53376K)->53114K(53376K) Class: 8876K(9088K)->8876K(9088K)
[17.662s][info ][gc             ] GC(34) Pause Young (Allocation Failure) 1964M->337M(2009M) 42.375ms
[17.662s][info ][gc,cpu         ] GC(34) User=0.21s Sys=0.00s Real=0.05s
[17.663s][info ][safepoint      ] Safepoint "ParallelGCFailedAllocation", Time since last: 354006330 ns, Reaching safepoint: 147003 ns, At safepoint: 42486704 ns, Total: 42633707 ns
[18.068s][info ][gc,start       ] GC(35) Pause Young (Allocation Failure)
[18.110s][debug][gc,phases      ] GC(35) Scavenge 42.499ms
[18.110s][debug][gc,ref         ] GC(35) Skipped phase 1 of Reference Processing: no references
[18.110s][debug][gc,ref         ] GC(35) Skipped phase 3 of Reference Processing: no references
[18.110s][debug][gc,phases      ] GC(35) Reference Processing 0.061ms
[18.111s][debug][gc,phases      ] GC(35) Weak Processing 0.545ms
[18.111s][debug][gc,age         ] GC(35) Desired survivor size 224919552 bytes, new threshold 15 (max threshold 15)
[18.111s][info ][gc,heap        ] GC(35) PSYoungGen: 1829024K(1829376K)->168896K(1874432K) Eden: 1667072K(1667072K)->0K(1657856K) From: 161952K(162304K)->168896K(216576K)
[18.111s][info ][gc,heap        ] GC(35) ParOldGen: 183183K(227840K)->183675K(227840K)
[18.111s][info ][gc,metaspace   ] GC(35) Metaspace: 62000K(62528K)->62000K(62528K) NonClass: 53123K(53440K)->53123K(53440K) Class: 8876K(9088K)->8876K(9088K)
[18.111s][info ][gc             ] GC(35) Pause Young (Allocation Failure) 1965M->344M(2053M) 43.253ms
[18.111s][info ][gc,cpu         ] GC(35) User=0.17s Sys=0.00s Real=0.04s
[18.111s][info ][safepoint      ] Safepoint "ParallelGCFailedAllocation", Time since last: 404834412 ns, Reaching safepoint: 121103 ns, At safepoint: 43366122 ns, Total: 43487225 ns
[18.429s][info ][gc,start       ] GC(36) Pause Young (Allocation Failure)
[18.466s][debug][gc,phases      ] GC(36) Scavenge 36.475ms
[18.466s][debug][gc,ref         ] GC(36) Skipped phase 1 of Reference Processing: no references
[18.466s][debug][gc,ref         ] GC(36) Skipped phase 3 of Reference Processing: no references
[18.466s][debug][gc,phases      ] GC(36) Reference Processing 0.063ms
[18.466s][debug][gc,phases      ] GC(36) Weak Processing 0.572ms
[18.466s][debug][gc,age         ] GC(36) Desired survivor size 228065280 bytes, new threshold 15 (max threshold 15)
[18.466s][info ][gc,heap        ] GC(36) PSYoungGen: 1826752K(1874432K)->172304K(1830400K) Eden: 1657856K(1657856K)->0K(1657856K) From: 168896K(216576K)->172304K(172544K)
[18.466s][info ][gc,heap        ] GC(36) ParOldGen: 183675K(227840K)->185310K(227840K)
[18.466s][info ][gc,metaspace   ] GC(36) Metaspace: 62016K(62528K)->62016K(62528K) NonClass: 53139K(53440K)->53139K(53440K) Class: 8876K(9088K)->8876K(9088K)
[18.466s][info ][gc             ] GC(36) Pause Young (Allocation Failure) 1963M->349M(2010M) 37.260ms
[18.466s][info ][gc,cpu         ] GC(36) User=0.15s Sys=0.00s Real=0.04s
[18.467s][info ][safepoint      ] Safepoint "ParallelGCFailedAllocation", Time since last: 318061966 ns, Reaching safepoint: 268006 ns, At safepoint: 37358995 ns, Total: 37627001 ns
[18.872s][info ][gc,start       ] GC(37) Pause Young (Allocation Failure)
[18.914s][debug][gc,phases      ] GC(37) Scavenge 42.355ms
[18.914s][debug][gc,ref         ] GC(37) Skipped phase 1 of Reference Processing: no references
[18.914s][debug][gc,ref         ] GC(37) Skipped phase 3 of Reference Processing: no references
[18.914s][debug][gc,phases      ] GC(37) Reference Processing 0.075ms
[18.915s][debug][gc,phases      ] GC(37) Weak Processing 0.534ms
[18.915s][debug][gc,age         ] GC(37) Desired survivor size 231211008 bytes, new threshold 15 (max threshold 15)
[18.915s][info ][gc,heap        ] GC(37) PSYoungGen: 1830160K(1830400K)->174000K(1868288K) Eden: 1657856K(1657856K)->0K(1645568K) From: 172304K(172544K)->174000K(222720K)
[18.915s][info ][gc,heap        ] GC(37) ParOldGen: 185310K(227840K)->188155K(227840K)
[18.915s][info ][gc,metaspace   ] GC(37) Metaspace: 62022K(62592K)->62022K(62592K) NonClass: 53144K(53440K)->53144K(53440K) Class: 8878K(9152K)->8878K(9152K)
[18.915s][info ][gc             ] GC(37) Pause Young (Allocation Failure) 1968M->353M(2047M) 43.115ms
[18.915s][info ][gc,cpu         ] GC(37) User=0.21s Sys=0.01s Real=0.05s
[18.915s][info ][safepoint      ] Safepoint "ParallelGCFailedAllocation", Time since last: 405091317 ns, Reaching safepoint: 132303 ns, At safepoint: 43231820 ns, Total: 43364123 ns
[19.103s][info ][safepoint      ] Safepoint "ICBufferFull", Time since last: 187475788 ns, Reaching safepoint: 186304 ns, At safepoint: 24000 ns, Total: 210304 ns
[19.169s][info ][safepoint      ] Safepoint "ICBufferFull", Time since last: 65706298 ns, Reaching safepoint: 147103 ns, At safepoint: 27001 ns, Total: 174104 ns
[19.249s][info ][safepoint      ] Safepoint "ICBufferFull", Time since last: 79381188 ns, Reaching safepoint: 849419 ns, At safepoint: 24300 ns, Total: 873719 ns
[19.379s][info ][gc,start       ] GC(38) Pause Young (Allocation Failure)
[19.409s][debug][gc,phases      ] GC(38) Scavenge 29.571ms
[19.409s][debug][gc,ref         ] GC(38) Skipped phase 1 of Reference Processing: no references
[19.409s][debug][gc,ref         ] GC(38) Skipped phase 3 of Reference Processing: no references
[19.409s][debug][gc,phases      ] GC(38) Reference Processing 0.074ms
[19.410s][debug][gc,phases      ] GC(38) Weak Processing 0.540ms
[19.410s][debug][gc,age         ] GC(38) Desired survivor size 224395264 bytes, new threshold 15 (max threshold 15)
[19.410s][info ][gc,heap        ] GC(38) PSYoungGen: 1819568K(1868288K)->142224K(1871360K) Eden: 1645568K(1645568K)->0K(1645568K) From: 174000K(222720K)->142224K(225792K)
[19.410s][info ][gc,heap        ] GC(38) ParOldGen: 188155K(227840K)->188976K(227840K)
[19.410s][info ][gc,metaspace   ] GC(38) Metaspace: 62886K(63424K)->62886K(63424K) NonClass: 53895K(54208K)->53895K(54208K) Class: 8991K(9216K)->8991K(9216K)
[19.410s][info ][gc             ] GC(38) Pause Young (Allocation Failure) 1960M->323M(2050M) 30.336ms
[19.410s][info ][gc,cpu         ] GC(38) User=0.12s Sys=0.00s Real=0.03s
[19.410s][info ][safepoint      ] Safepoint "ParallelGCFailedAllocation", Time since last: 130453375 ns, Reaching safepoint: 134603 ns, At safepoint: 30435448 ns, Total: 30570051 ns
[19.722s][info ][gc,start       ] GC(39) Pause Young (Allocation Failure)
[19.753s][debug][gc,phases      ] GC(39) Scavenge 30.289ms
[19.753s][debug][gc,ref         ] GC(39) Skipped phase 1 of Reference Processing: no references
[19.753s][debug][gc,ref         ] GC(39) Skipped phase 3 of Reference Processing: no references
[19.753s][debug][gc,phases      ] GC(39) Reference Processing 0.064ms
[19.753s][debug][gc,phases      ] GC(39) Weak Processing 0.555ms
[19.753s][debug][gc,age         ] GC(39) Desired survivor size 218628096 bytes, new threshold 15 (max threshold 15)
[19.753s][info ][gc,heap        ] GC(39) PSYoungGen: 1787792K(1871360K)->139424K(1883648K) Eden: 1645568K(1645568K)->0K(1664512K) From: 142224K(225792K)->139424K(219136K)
[19.753s][info ][gc,heap        ] GC(39) ParOldGen: 188976K(227840K)->192368K(227840K)
[19.753s][info ][gc,metaspace   ] GC(39) Metaspace: 63455K(64064K)->63455K(64064K) NonClass: 54381K(54720K)->54381K(54720K) Class: 9073K(9344K)->9073K(9344K)
[19.753s][info ][gc             ] GC(39) Pause Young (Allocation Failure) 1930M->324M(2062M) 31.069ms
[19.753s][info ][gc,cpu         ] GC(39) User=0.12s Sys=0.00s Real=0.03s
[19.753s][info ][safepoint      ] Safepoint "ParallelGCFailedAllocation", Time since last: 311350023 ns, Reaching safepoint: 1042922 ns, At safepoint: 31203964 ns, Total: 32246886 ns
[20.038s][info ][safepoint      ] Safepoint "ICBufferFull", Time since last: 284190746 ns, Reaching safepoint: 210504 ns, At safepoint: 23401 ns, Total: 233905 ns
[20.112s][info ][gc,start       ] GC(40) Pause Young (Allocation Failure)
[20.141s][debug][gc,phases      ] GC(40) Scavenge 28.966ms
[20.141s][debug][gc,ref         ] GC(40) Skipped phase 1 of Reference Processing: no references
[20.141s][debug][gc,ref         ] GC(40) Skipped phase 3 of Reference Processing: no references
[20.141s][debug][gc,phases      ] GC(40) Reference Processing 0.057ms
[20.142s][debug][gc,phases      ] GC(40) Weak Processing 0.511ms
[20.142s][debug][gc,age         ] GC(40) Desired survivor size 214433792 bytes, new threshold 15 (max threshold 15)
[20.142s][info ][gc,heap        ] GC(40) PSYoungGen: 1803936K(1883648K)->133264K(1878016K) Eden: 1664512K(1664512K)->0K(1664512K) From: 139424K(219136K)->133264K(213504K)
[20.142s][info ][gc,heap        ] GC(40) ParOldGen: 192368K(227840K)->199606K(227840K)
[20.142s][info ][gc,metaspace   ] GC(40) Metaspace: 63654K(64192K)->63654K(64192K) NonClass: 54572K(54848K)->54572K(54848K) Class: 9081K(9344K)->9081K(9344K)
[20.142s][info ][gc             ] GC(40) Pause Young (Allocation Failure) 1949M->325M(2056M) 29.680ms
[20.142s][info ][gc,cpu         ] GC(40) User=0.12s Sys=0.00s Real=0.04s
[20.142s][info ][safepoint      ] Safepoint "ParallelGCFailedAllocation", Time since last: 72121234 ns, Reaching safepoint: 2201847 ns, At safepoint: 29797634 ns, Total: 31999481 ns
[20.393s][info ][safepoint      ] Safepoint "ICBufferFull", Time since last: 250940738 ns, Reaching safepoint: 253606 ns, At safepoint: 31600 ns, Total: 285206 ns
[20.545s][info ][gc,start       ] GC(41) Pause Young (Allocation Failure)
[20.579s][debug][gc,phases      ] GC(41) Scavenge 33.077ms
[20.579s][debug][gc,ref         ] GC(41) Skipped phase 1 of Reference Processing: no references
[20.579s][debug][gc,ref         ] GC(41) Skipped phase 3 of Reference Processing: no references
[20.579s][debug][gc,phases      ] GC(41) Reference Processing 0.052ms
[20.579s][debug][gc,phases      ] GC(41) Weak Processing 0.508ms
[20.579s][debug][gc,age         ] GC(41) Desired survivor size 211812352 bytes, new threshold 15 (max threshold 15)
[20.579s][info ][gc,heap        ] GC(41) PSYoungGen: 1797776K(1878016K)->122480K(1890304K) Eden: 1664512K(1664512K)->0K(1680896K) From: 133264K(213504K)->122480K(209408K)
[20.579s][info ][gc,heap        ] GC(41) ParOldGen: 199606K(227840K)->211220K(227840K)
[20.579s][info ][gc,metaspace   ] GC(41) Metaspace: 63958K(64512K)->63958K(64512K) NonClass: 54871K(55168K)->54871K(55168K) Class: 9086K(9344K)->9086K(9344K)
[20.579s][info ][gc             ] GC(41) Pause Young (Allocation Failure) 1950M->325M(2068M) 33.780ms
[20.579s][info ][gc,cpu         ] GC(41) User=0.14s Sys=0.00s Real=0.03s
[20.579s][debug][gc,phases      ] GC(42) Pre Compact 0.011ms
[20.579s][info ][gc,start       ] GC(42) Pause Full (Ergonomics)
[20.579s][info ][gc,phases,start] GC(42) Marking Phase
[20.676s][debug][gc,phases      ] GC(42) Par Mark 97.095ms
[20.676s][debug][gc,ref         ] GC(42) Skipped phase 1 of Reference Processing: no references
[20.677s][debug][gc,ref         ] GC(42) Skipped phase 3 of Reference Processing: no references
[20.677s][debug][gc,phases      ] GC(42) Reference Processing 0.266ms
[20.677s][debug][gc,phases      ] GC(42) Weak Processing 0.476ms
[20.677s][debug][gc,phases      ] GC(42) ClassLoaderData 0.057ms
[20.677s][debug][gc,phases      ] GC(42) Trigger cleanups 0.000ms
[20.686s][debug][gc,phases      ] GC(42) Class Unloading 8.461ms
[20.686s][info ][gc,phases      ] GC(42) Marking Phase 106.441ms
[20.686s][info ][gc,phases,start] GC(42) Summary Phase
[20.686s][info ][gc,phases      ] GC(42) Summary Phase 0.010ms
[20.686s][info ][gc,phases,start] GC(42) Adjust Roots
[20.699s][info ][gc,phases      ] GC(42) Adjust Roots 12.807ms
[20.699s][info ][gc,phases,start] GC(42) Compaction Phase
[20.844s][info ][gc,phases      ] GC(42) Compaction Phase 145.624ms
[20.844s][info ][gc,phases,start] GC(42) Post Compact
[20.845s][info ][gc,phases      ] GC(42) Post Compact 1.018ms
[20.845s][info ][gc,heap        ] GC(42) PSYoungGen: 122480K(1890304K)->100275K(1890304K) Eden: 0K(1680896K)->0K(1680896K) From: 122480K(209408K)->100275K(209408K)
[20.845s][info ][gc,heap        ] GC(42) ParOldGen: 211220K(227840K)->227679K(287232K)
[20.845s][info ][gc,metaspace   ] GC(42) Metaspace: 63958K(64512K)->63958K(64512K) NonClass: 54871K(55168K)->54871K(55168K) Class: 9086K(9344K)->9086K(9344K)
[20.845s][info ][gc             ] GC(42) Pause Full (Ergonomics) 325M->320M(2126M) 266.141ms
[20.845s][info ][gc,cpu         ] GC(42) User=0.97s Sys=0.00s Real=0.27s
[20.861s][info ][safepoint      ] Safepoint "ParallelGCFailedAllocation", Time since last: 149921890 ns, Reaching safepoint: 2241047 ns, At safepoint: 315265108 ns, Total: 317506155 ns
[21.021s][info ][safepoint      ] Safepoint "ICBufferFull", Time since last: 159932202 ns, Reaching safepoint: 232005 ns, At safepoint: 30401 ns, Total: 262406 ns
[21.125s][info ][safepoint      ] Safepoint "ICBufferFull", Time since last: 103691806 ns, Reaching safepoint: 256605 ns, At safepoint: 30201 ns, Total: 286806 ns
[21.200s][info ][safepoint      ] Safepoint "ICBufferFull", Time since last: 72863150 ns, Reaching safepoint: 2147845 ns, At safepoint: 31301 ns, Total: 2179146 ns
[21.216s][info ][gc,start       ] GC(43) Pause Young (Allocation Failure)
[21.260s][debug][gc,phases      ] GC(43) Scavenge 43.493ms
[21.260s][debug][gc,ref         ] GC(43) Skipped phase 1 of Reference Processing: no references
[21.260s][debug][gc,ref         ] GC(43) Skipped phase 3 of Reference Processing: no references
[21.260s][debug][gc,phases      ] GC(43) Reference Processing 0.048ms
[21.260s][debug][gc,phases      ] GC(43) Weak Processing 0.485ms
[21.260s][debug][gc,age         ] GC(43) Desired survivor size 213909504 bytes, new threshold 15 (max threshold 15)
[21.260s][info ][gc,heap        ] GC(43) PSYoungGen: 1781171K(1890304K)->94880K(1887744K) Eden: 1680896K(1680896K)->0K(1680896K) From: 100275K(209408K)->94880K(206848K)
[21.260s][info ][gc,heap        ] GC(43) ParOldGen: 227679K(287232K)->236458K(287232K)
[21.260s][info ][gc,metaspace   ] GC(43) Metaspace: 65951K(66496K)->65951K(66496K) NonClass: 56527K(56832K)->56527K(56832K) Class: 9424K(9664K)->9424K(9664K)
[21.261s][info ][gc             ] GC(43) Pause Young (Allocation Failure) 1961M->323M(2124M) 44.157ms
[21.261s][info ][gc,cpu         ] GC(43) User=0.17s Sys=0.00s Real=0.04s
[21.261s][info ][safepoint      ] Safepoint "ParallelGCFailedAllocation", Time since last: 16323647 ns, Reaching safepoint: 126103 ns, At safepoint: 44262842 ns, Total: 44388945 ns
[21.401s][info ][safepoint      ] Safepoint "ICBufferFull", Time since last: 140461088 ns, Reaching safepoint: 138503 ns, At safepoint: 24700 ns, Total: 163203 ns
[21.597s][info ][safepoint      ] Safepoint "ICBufferFull", Time since last: 194563540 ns, Reaching safepoint: 981121 ns, At safepoint: 36900 ns, Total: 1018021 ns
[21.625s][info ][gc,start       ] GC(44) Pause Young (Allocation Failure)
[21.646s][debug][gc,phases      ] GC(44) Scavenge 21.332ms
[21.646s][debug][gc,ref         ] GC(44) Skipped phase 1 of Reference Processing: no references
[21.647s][debug][gc,ref         ] GC(44) Skipped phase 3 of Reference Processing: no references
[21.647s][debug][gc,phases      ] GC(44) Reference Processing 0.052ms
[21.647s][debug][gc,phases      ] GC(44) Weak Processing 0.525ms
[21.647s][debug][gc,age         ] GC(44) Desired survivor size 214958080 bytes, new threshold 15 (max threshold 15)
[21.647s][info ][gc,heap        ] GC(44) PSYoungGen: 1775776K(1887744K)->91168K(1886208K) Eden: 1680896K(1680896K)->0K(1677312K) From: 94880K(206848K)->91168K(208896K)
[21.647s][info ][gc,heap        ] GC(44) ParOldGen: 236458K(287232K)->240958K(287232K)
[21.647s][info ][gc,metaspace   ] GC(44) Metaspace: 66458K(67008K)->66458K(67008K) NonClass: 56980K(57280K)->56980K(57280K) Class: 9477K(9728K)->9477K(9728K)
[21.647s][info ][gc             ] GC(44) Pause Young (Allocation Failure) 1965M->324M(2122M) 22.063ms
[21.647s][info ][gc,cpu         ] GC(44) User=0.09s Sys=0.00s Real=0.02s
[21.647s][info ][safepoint      ] Safepoint "ParallelGCFailedAllocation", Time since last: 27300481 ns, Reaching safepoint: 932320 ns, At safepoint: 22173472 ns, Total: 23105792 ns
[21.799s][info ][safepoint      ] Safepoint "ICBufferFull", Time since last: 151164816 ns, Reaching safepoint: 854618 ns, At safepoint: 26700 ns, Total: 881318 ns
[21.945s][info ][safepoint      ] Safepoint "ICBufferFull", Time since last: 143843161 ns, Reaching safepoint: 2138145 ns, At safepoint: 26601 ns, Total: 2164746 ns
[21.983s][info ][safepoint      ] Safepoint "ICBufferFull", Time since last: 37532098 ns, Reaching safepoint: 150703 ns, At safepoint: 26001 ns, Total: 176704 ns
[22.046s][info ][gc,start       ] GC(45) Pause Young (Allocation Failure)
[22.069s][debug][gc,phases      ] GC(45) Scavenge 22.602ms
[22.069s][debug][gc,ref         ] GC(45) Skipped phase 1 of Reference Processing: no references
[22.069s][debug][gc,ref         ] GC(45) Skipped phase 3 of Reference Processing: no references
[22.069s][debug][gc,phases      ] GC(45) Reference Processing 0.045ms
[22.069s][debug][gc,phases      ] GC(45) Weak Processing 0.587ms
[22.069s][debug][gc,age         ] GC(45) Desired survivor size 215482368 bytes, new threshold 15 (max threshold 15)
[22.069s][info ][gc,heap        ] GC(45) PSYoungGen: 1768480K(1886208K)->84832K(1762304K) Eden: 1677312K(1677312K)->0K(1677312K) From: 91168K(208896K)->84832K(84992K)
[22.069s][info ][gc,heap        ] GC(45) ParOldGen: 240958K(287232K)->249104K(287232K)
[22.069s][info ][gc,metaspace   ] GC(45) Metaspace: 69210K(69760K)->69210K(69760K) NonClass: 59433K(59712K)->59433K(59712K) Class: 9776K(10048K)->9776K(10048K)
[22.069s][info ][gc             ] GC(45) Pause Young (Allocation Failure) 1962M->326M(2001M) 23.369ms
[22.070s][info ][gc,cpu         ] GC(45) User=0.11s Sys=0.01s Real=0.02s
[22.070s][info ][safepoint      ] Safepoint "ParallelGCFailedAllocation", Time since last: 62938239 ns, Reaching safepoint: 204004 ns, At safepoint: 23472100 ns, Total: 23676104 ns
[22.167s][info ][safepoint      ] Safepoint "ICBufferFull", Time since last: 97008364 ns, Reaching safepoint: 150403 ns, At safepoint: 22100 ns, Total: 172503 ns
[22.226s][info ][safepoint      ] Safepoint "ICBufferFull", Time since last: 56837509 ns, Reaching safepoint: 2215248 ns, At safepoint: 29900 ns, Total: 2245148 ns
[22.292s][info ][safepoint      ] Safepoint "ICBufferFull", Time since last: 65719798 ns, Reaching safepoint: 340408 ns, At safepoint: 33100 ns, Total: 373508 ns
[22.353s][info ][safepoint      ] Safepoint "ICBufferFull", Time since last: 61391906 ns, Reaching safepoint: 152804 ns, At safepoint: 24700 ns, Total: 177504 ns
[22.385s][info ][safepoint      ] Safepoint "ICBufferFull", Time since last: 23979210 ns, Reaching safepoint: 7558061 ns, At safepoint: 27401 ns, Total: 7585462 ns
[22.432s][info ][safepoint      ] Safepoint "ICBufferFull", Time since last: 46727494 ns, Reaching safepoint: 59601 ns, At safepoint: 23001 ns, Total: 82602 ns
[22.457s][info ][safepoint      ] Safepoint "ICBufferFull", Time since last: 25231536 ns, Reaching safepoint: 51002 ns, At safepoint: 23600 ns, Total: 74602 ns
[22.515s][info ][gc,start       ] GC(46) Pause Young (Allocation Failure)
[22.537s][debug][gc,phases      ] GC(46) Scavenge 22.002ms
[22.537s][debug][gc,ref         ] GC(46) Skipped phase 1 of Reference Processing: no references
[22.537s][debug][gc,ref         ] GC(46) Skipped phase 3 of Reference Processing: no references
[22.537s][debug][gc,phases      ] GC(46) Reference Processing 0.050ms
[22.538s][debug][gc,phases      ] GC(46) Weak Processing 0.591ms
[22.538s][debug][gc,age         ] GC(46) Desired survivor size 216530944 bytes, new threshold 15 (max threshold 15)
[22.538s][info ][gc,heap        ] GC(46) PSYoungGen: 1762144K(1762304K)->74966K(1884672K) Eden: 1677312K(1677312K)->0K(1674240K) From: 84832K(84992K)->74966K(210432K)
[22.538s][info ][gc,heap        ] GC(46) ParOldGen: 249104K(287232K)->260255K(287232K)
[22.538s][info ][gc,metaspace   ] GC(46) Metaspace: 71399K(72000K)->71399K(72000K) NonClass: 61322K(61632K)->61322K(61632K) Class: 10077K(10368K)->10077K(10368K)
[22.538s][info ][gc             ] GC(46) Pause Young (Allocation Failure) 1964M->327M(2121M) 22.806ms
[22.538s][info ][gc,cpu         ] GC(46) User=0.10s Sys=0.01s Real=0.02s
[22.538s][info ][safepoint      ] Safepoint "ParallelGCFailedAllocation", Time since last: 57874031 ns, Reaching safepoint: 157204 ns, At safepoint: 22910687 ns, Total: 23067891 ns
[22.917s][info ][gc,start       ] GC(47) Pause Young (Allocation Failure)
[22.937s][debug][gc,phases      ] GC(47) Scavenge 19.684ms
[22.937s][debug][gc,ref         ] GC(47) Skipped phase 1 of Reference Processing: no references
[22.937s][debug][gc,ref         ] GC(47) Skipped phase 3 of Reference Processing: no references
[22.937s][debug][gc,phases      ] GC(47) Reference Processing 0.050ms
[22.938s][debug][gc,phases      ] GC(47) Weak Processing 0.610ms
[22.938s][debug][gc,age         ] GC(47) Desired survivor size 218103808 bytes, new threshold 15 (max threshold 15)
[22.938s][info ][gc,heap        ] GC(47) PSYoungGen: 1749206K(1884672K)->64399K(1738752K) Eden: 1674240K(1674240K)->0K(1674240K) From: 74966K(210432K)->64399K(64512K)
[22.938s][info ][gc,heap        ] GC(47) ParOldGen: 260255K(287232K)->272478K(287232K)
[22.938s][info ][gc,metaspace   ] GC(47) Metaspace: 71918K(72512K)->71918K(72512K) NonClass: 61797K(62144K)->61797K(62144K) Class: 10120K(10368K)->10120K(10368K)
[22.938s][info ][gc             ] GC(47) Pause Young (Allocation Failure) 1962M->328M(1978M) 20.484ms
[22.938s][info ][gc,cpu         ] GC(47) User=0.08s Sys=0.02s Real=0.02s
[22.938s][debug][gc,phases      ] GC(48) Pre Compact 0.011ms
[22.938s][info ][gc,start       ] GC(48) Pause Full (Ergonomics)
[22.938s][info ][gc,phases,start] GC(48) Marking Phase
[23.049s][debug][gc,phases      ] GC(48) Par Mark 111.179ms
[23.049s][debug][gc,ref         ] GC(48) Skipped phase 1 of Reference Processing: no references
[23.050s][debug][gc,ref         ] GC(48) Skipped phase 3 of Reference Processing: no references
[23.050s][debug][gc,phases      ] GC(48) Reference Processing 0.333ms
[23.050s][debug][gc,phases      ] GC(48) Weak Processing 0.546ms
[23.050s][debug][gc,phases      ] GC(48) ClassLoaderData 0.058ms
[23.050s][debug][gc,phases      ] GC(48) Trigger cleanups 0.000ms
[23.060s][debug][gc,phases      ] GC(48) Class Unloading 10.386ms
[23.061s][info ][gc,phases      ] GC(48) Marking Phase 122.622ms
[23.061s][info ][gc,phases,start] GC(48) Summary Phase
[23.061s][info ][gc,phases      ] GC(48) Summary Phase 0.010ms
[23.061s][info ][gc,phases,start] GC(48) Adjust Roots
[23.077s][info ][gc,phases      ] GC(48) Adjust Roots 16.632ms
[23.077s][info ][gc,phases,start] GC(48) Compaction Phase
[23.262s][info ][gc,phases      ] GC(48) Compaction Phase 185.239ms
[23.263s][info ][gc,phases,start] GC(48) Post Compact
[23.264s][info ][gc,phases      ] GC(48) Post Compact 1.147ms
[23.264s][info ][gc,heap        ] GC(48) PSYoungGen: 64399K(1738752K)->45628K(1738752K) Eden: 0K(1674240K)->0K(1674240K) From: 64399K(64512K)->45628K(64512K)
[23.264s][info ][gc,heap        ] GC(48) ParOldGen: 272478K(287232K)->286988K(357888K)
[23.264s][info ][gc,metaspace   ] GC(48) Metaspace: 71918K(72512K)->71918K(72512K) NonClass: 61797K(62144K)->61797K(62144K) Class: 10120K(10368K)->10120K(10368K)
[23.264s][info ][gc             ] GC(48) Pause Full (Ergonomics) 328M->324M(2047M) 325.924ms
[23.264s][info ][gc,cpu         ] GC(48) User=1.34s Sys=0.00s Real=0.33s
[23.264s][info ][safepoint      ] Safepoint "ParallelGCFailedAllocation", Time since last: 370682087 ns, Reaching safepoint: 8540981 ns, At safepoint: 346577474 ns, Total: 355118455 ns
[23.600s][info ][safepoint      ] Safepoint "ICBufferFull", Time since last: 335606640 ns, Reaching safepoint: 268806 ns, At safepoint: 23900 ns, Total: 292706 ns
[23.656s][info ][gc,start       ] GC(49) Pause Young (Allocation Failure)
[23.701s][debug][gc,phases      ] GC(49) Scavenge 45.255ms
[23.701s][debug][gc,ref         ] GC(49) Skipped phase 1 of Reference Processing: no references
[23.701s][debug][gc,ref         ] GC(49) Skipped phase 3 of Reference Processing: no references
[23.701s][debug][gc,phases      ] GC(49) Reference Processing 0.061ms
[23.702s][debug][gc,phases      ] GC(49) Weak Processing 0.610ms
[23.702s][debug][gc,age         ] GC(49) Desired survivor size 218628096 bytes, new threshold 15 (max threshold 15)
[23.702s][info ][gc,heap        ] GC(49) PSYoungGen: 1719868K(1738752K)->59237K(1883136K) Eden: 1674240K(1674240K)->0K(1670144K) From: 45628K(64512K)->59237K(212992K)
[23.702s][info ][gc,heap        ] GC(49) ParOldGen: 286988K(357888K)->292189K(357888K)
[23.702s][info ][gc,metaspace   ] GC(49) Metaspace: 72396K(72960K)->72396K(72960K) NonClass: 62208K(62528K)->62208K(62528K) Class: 10188K(10432K)->10188K(10432K)
[23.702s][info ][gc             ] GC(49) Pause Young (Allocation Failure) 1959M->343M(2188M) 46.085ms
[23.702s][info ][gc,cpu         ] GC(49) User=0.18s Sys=0.00s Real=0.05s
[23.702s][info ][safepoint      ] Safepoint "ParallelGCFailedAllocation", Time since last: 55507681 ns, Reaching safepoint: 151604 ns, At safepoint: 46190682 ns, Total: 46342286 ns
[24.074s][info ][gc,start       ] GC(50) Pause Young (Allocation Failure)
[24.093s][debug][gc,phases      ] GC(50) Scavenge 19.016ms
[24.093s][debug][gc,ref         ] GC(50) Skipped phase 1 of Reference Processing: no references
[24.093s][debug][gc,ref         ] GC(50) Skipped phase 3 of Reference Processing: no references
[24.093s][debug][gc,phases      ] GC(50) Reference Processing 0.031ms
[24.094s][debug][gc,phases      ] GC(50) Weak Processing 0.564ms
[24.094s][debug][gc,age         ] GC(50) Desired survivor size 214958080 bytes, new threshold 15 (max threshold 15)
[24.094s][info ][gc,heap        ] GC(50) PSYoungGen: 1729381K(1883136K)->72735K(1883648K) Eden: 1670144K(1670144K)->0K(1670144K) From: 59237K(212992K)->72735K(213504K)
[24.094s][info ][gc,heap        ] GC(50) ParOldGen: 292189K(357888K)->298171K(357888K)
[24.094s][info ][gc,metaspace   ] GC(50) Metaspace: 72422K(73024K)->72422K(73024K) NonClass: 62230K(62592K)->62230K(62592K) Class: 10192K(10432K)->10192K(10432K)
[24.094s][info ][gc             ] GC(50) Pause Young (Allocation Failure) 1974M->362M(2189M) 19.753ms
[24.094s][info ][gc,cpu         ] GC(50) User=0.08s Sys=0.01s Real=0.02s
[24.094s][info ][safepoint      ] Safepoint "ParallelGCFailedAllocation", Time since last: 371945314 ns, Reaching safepoint: 273206 ns, At safepoint: 19865922 ns, Total: 20139128 ns
[24.491s][info ][gc,start       ] GC(51) Pause Young (Allocation Failure)
[24.512s][debug][gc,phases      ] GC(51) Scavenge 20.547ms
[24.512s][debug][gc,ref         ] GC(51) Skipped phase 1 of Reference Processing: no references
[24.512s][debug][gc,ref         ] GC(51) Skipped phase 3 of Reference Processing: no references
[24.512s][debug][gc,phases      ] GC(51) Reference Processing 0.032ms
[24.513s][debug][gc,phases      ] GC(51) Weak Processing 0.550ms
[24.513s][debug][gc,age         ] GC(51) Desired survivor size 209190912 bytes, new threshold 15 (max threshold 15)
[24.513s][info ][gc,heap        ] GC(51) PSYoungGen: 1742879K(1883648K)->80437K(1892864K) Eden: 1670144K(1670144K)->0K(1682944K) From: 72735K(213504K)->80437K(209920K)
[24.513s][info ][gc,heap        ] GC(51) ParOldGen: 298171K(357888K)->305837K(357888K)
[24.513s][info ][gc,metaspace   ] GC(51) Metaspace: 72449K(73024K)->72449K(73024K) NonClass: 62256K(62592K)->62256K(62592K) Class: 10192K(10432K)->10192K(10432K)
[24.513s][info ][gc             ] GC(51) Pause Young (Allocation Failure) 1993M->377M(2198M) 21.262ms
[24.513s][info ][gc,cpu         ] GC(51) User=0.10s Sys=0.00s Real=0.02s
[24.513s][info ][safepoint      ] Safepoint "ParallelGCFailedAllocation", Time since last: 397410856 ns, Reaching safepoint: 149803 ns, At safepoint: 21395955 ns, Total: 21545758 ns
[24.833s][info ][gc,start       ] GC(52) Pause Young (Allocation Failure)
[24.853s][debug][gc,phases      ] GC(52) Scavenge 20.198ms
[24.853s][debug][gc,ref         ] GC(52) Skipped phase 1 of Reference Processing: no references
[24.853s][debug][gc,ref         ] GC(52) Skipped phase 3 of Reference Processing: no references
[24.853s][debug][gc,phases      ] GC(52) Reference Processing 0.033ms
[24.854s][debug][gc,phases      ] GC(52) Weak Processing 0.576ms
[24.854s][debug][gc,age         ] GC(52) Desired survivor size 203423744 bytes, new threshold 15 (max threshold 15)
[24.854s][info ][gc,heap        ] GC(52) PSYoungGen: 1763381K(1892864K)->79605K(1887232K) Eden: 1682944K(1682944K)->0K(1682944K) From: 80437K(209920K)->79605K(204288K)
[24.854s][info ][gc,heap        ] GC(52) ParOldGen: 305837K(357888K)->313328K(357888K)
[24.854s][info ][gc,metaspace   ] GC(52) Metaspace: 72463K(73024K)->72463K(73024K) NonClass: 62271K(62592K)->62271K(62592K) Class: 10192K(10432K)->10192K(10432K)
[24.854s][info ][gc             ] GC(52) Pause Young (Allocation Failure) 2020M->383M(2192M) 20.951ms
[24.854s][info ][gc,cpu         ] GC(52) User=0.07s Sys=0.00s Real=0.02s
[24.854s][info ][safepoint      ] Safepoint "ParallelGCFailedAllocation", Time since last: 316113526 ns, Reaching safepoint: 4267191 ns, At safepoint: 21067148 ns, Total: 25334339 ns
[25.029s][info ][safepoint      ] Safepoint "ICBufferFull", Time since last: 174256707 ns, Reaching safepoint: 237206 ns, At safepoint: 32600 ns, Total: 269806 ns
[25.189s][info ][safepoint      ] Safepoint "ICBufferFull", Time since last: 159809100 ns, Reaching safepoint: 196305 ns, At safepoint: 28800 ns, Total: 225105 ns
[25.243s][info ][gc,start       ] GC(53) Pause Young (Allocation Failure)
[25.261s][debug][gc,phases      ] GC(53) Scavenge 18.019ms
[25.261s][debug][gc,ref         ] GC(53) Skipped phase 1 of Reference Processing: no references
[25.262s][debug][gc,ref         ] GC(53) Skipped phase 3 of Reference Processing: no references
[25.262s][debug][gc,phases      ] GC(53) Reference Processing 0.054ms
[25.262s][debug][gc,phases      ] GC(53) Weak Processing 0.624ms
[25.262s][debug][gc,age         ] GC(53) Desired survivor size 198705152 bytes, new threshold 15 (max threshold 15)
[25.262s][info ][gc,heap        ] GC(53) PSYoungGen: 1762549K(1887232K)->74127K(1903104K) Eden: 1682944K(1682944K)->0K(1704448K) From: 79605K(204288K)->74127K(198656K)
[25.262s][info ][gc,heap        ] GC(53) ParOldGen: 313328K(357888K)->320594K(357888K)
[25.262s][info ][gc,metaspace   ] GC(53) Metaspace: 72759K(73344K)->72759K(73344K) NonClass: 62530K(62848K)->62530K(62848K) Class: 10229K(10496K)->10229K(10496K)
[25.262s][info ][gc             ] GC(53) Pause Young (Allocation Failure) 2027M->385M(2208M) 18.837ms
[25.262s][info ][gc,cpu         ] GC(53) User=0.07s Sys=0.01s Real=0.02s
[25.262s][info ][safepoint      ] Safepoint "ParallelGCFailedAllocation", Time since last: 54485459 ns, Reaching safepoint: 144404 ns, At safepoint: 18956803 ns, Total: 19101207 ns
[25.382s][info ][safepoint      ] Safepoint "ICBufferFull", Time since last: 116163571 ns, Reaching safepoint: 3190668 ns, At safepoint: 22801 ns, Total: 3213469 ns
[25.611s][info ][safepoint      ] Safepoint "ICBufferFull", Time since last: 228857469 ns, Reaching safepoint: 147503 ns, At safepoint: 29301 ns, Total: 176804 ns
[25.682s][info ][gc,start       ] GC(54) Pause Young (Allocation Failure)
[25.699s][debug][gc,phases      ] GC(54) Scavenge 16.321ms
[25.699s][debug][gc,ref         ] GC(54) Skipped phase 1 of Reference Processing: no references
[25.699s][debug][gc,ref         ] GC(54) Skipped phase 3 of Reference Processing: no references
[25.699s][debug][gc,phases      ] GC(54) Reference Processing 0.048ms
[25.699s][debug][gc,phases      ] GC(54) Weak Processing 0.642ms
[25.699s][debug][gc,age         ] GC(54) Desired survivor size 195559424 bytes, new threshold 15 (max threshold 15)
[25.699s][info ][gc,heap        ] GC(54) PSYoungGen: 1778575K(1903104K)->61992K(1898496K) Eden: 1704448K(1704448K)->0K(1704448K) From: 74127K(198656K)->61992K(194048K)
[25.700s][info ][gc,heap        ] GC(54) ParOldGen: 320594K(357888K)->330112K(357888K)
[25.700s][info ][gc,metaspace   ] GC(54) Metaspace: 73029K(73600K)->73029K(73600K) NonClass: 62756K(63040K)->62756K(63040K) Class: 10272K(10560K)->10272K(10560K)
[25.700s][info ][gc             ] GC(54) Pause Young (Allocation Failure) 2049M->382M(2203M) 17.182ms
[25.700s][info ][gc,cpu         ] GC(54) User=0.06s Sys=0.02s Real=0.01s
[25.700s][info ][safepoint      ] Safepoint "ParallelGCFailedAllocation", Time since last: 71473621 ns, Reaching safepoint: 137103 ns, At safepoint: 17292668 ns, Total: 17429771 ns
[25.781s][info ][safepoint      ] Safepoint "ICBufferFull", Time since last: 80920521 ns, Reaching safepoint: 208905 ns, At safepoint: 22800 ns, Total: 231705 ns
[25.875s][info ][safepoint      ] Safepoint "ICBufferFull", Time since last: 94504711 ns, Reaching safepoint: 131203 ns, At safepoint: 19700 ns, Total: 150903 ns
[25.994s][info ][safepoint      ] Safepoint "ICBufferFull", Time since last: 118688226 ns, Reaching safepoint: 139503 ns, At safepoint: 26100 ns, Total: 165603 ns
[26.078s][info ][gc,start       ] GC(55) Pause Young (Allocation Failure)
[26.092s][debug][gc,phases      ] GC(55) Scavenge 13.914ms
[26.092s][debug][gc,ref         ] GC(55) Skipped phase 1 of Reference Processing: no references
[26.092s][debug][gc,ref         ] GC(55) Skipped phase 3 of Reference Processing: no references
[26.092s][debug][gc,phases      ] GC(55) Reference Processing 0.059ms
[26.093s][debug][gc,phases      ] GC(55) Weak Processing 0.646ms
[26.093s][debug][gc,age         ] GC(55) Desired survivor size 192413696 bytes, new threshold 15 (max threshold 15)
[26.093s][info ][gc,heap        ] GC(55) PSYoungGen: 1766440K(1898496K)->58159K(1909248K) Eden: 1704448K(1704448K)->0K(1718272K) From: 61992K(194048K)->58159K(190976K)
[26.093s][info ][gc,heap        ] GC(55) ParOldGen: 330112K(357888K)->331501K(357888K)
[26.093s][info ][gc,metaspace   ] GC(55) Metaspace: 73137K(73728K)->73137K(73728K) NonClass: 62863K(63168K)->62863K(63168K) Class: 10273K(10560K)->10273K(10560K)
[26.093s][info ][gc             ] GC(55) Pause Young (Allocation Failure) 2047M->380M(2214M) 14.769ms
[26.093s][info ][gc,cpu         ] GC(55) User=0.07s Sys=0.00s Real=0.02s
[26.093s][info ][safepoint      ] Safepoint "ParallelGCFailedAllocation", Time since last: 83610279 ns, Reaching safepoint: 132603 ns, At safepoint: 14875716 ns, Total: 15008319 ns
[26.229s][info ][safepoint      ] Safepoint "ICBufferFull", Time since last: 136043395 ns, Reaching safepoint: 232705 ns, At safepoint: 21501 ns, Total: 254206 ns
[26.317s][info ][safepoint      ] Safepoint "ICBufferFull", Time since last: 87004151 ns, Reaching safepoint: 351307 ns, At safepoint: 26001 ns, Total: 377308 ns
[26.405s][info ][safepoint      ] Safepoint "ICBufferFull", Time since last: 85599821 ns, Reaching safepoint: 3210468 ns, At safepoint: 39601 ns, Total: 3250069 ns
[26.526s][info ][safepoint      ] Safepoint "ICBufferFull", Time since last: 120791170 ns, Reaching safepoint: 151904 ns, At safepoint: 18000 ns, Total: 169904 ns
[26.559s][info ][safepoint      ] Safepoint "ParallelGCFailedAllocation", Time since last: 32842299 ns, Reaching safepoint: 141303 ns, At safepoint: 37201 ns, Total: 178504 ns
[26.560s][info ][gc,start       ] GC(56) Pause Young (Allocation Failure)
[26.571s][debug][gc,phases      ] GC(56) Scavenge 11.774ms
[26.571s][debug][gc,ref         ] GC(56) Skipped phase 1 of Reference Processing: no references
[26.571s][debug][gc,ref         ] GC(56) Skipped phase 3 of Reference Processing: no references
[26.571s][debug][gc,phases      ] GC(56) Reference Processing 0.037ms
[26.572s][debug][gc,phases      ] GC(56) Weak Processing 0.613ms
[26.572s][debug][gc,age         ] GC(56) Desired survivor size 189792256 bytes, new threshold 15 (max threshold 15)
[26.572s][info ][gc,heap        ] GC(56) PSYoungGen: 1776431K(1909248K)->52542K(1906176K) Eden: 1718272K(1718272K)->0K(1718272K) From: 58159K(190976K)->52542K(187904K)
[26.572s][info ][gc,heap        ] GC(56) ParOldGen: 331502K(357888K)->331558K(357888K)
[26.572s][info ][gc,metaspace   ] GC(56) Metaspace: 73232K(73856K)->73232K(73856K) NonClass: 62957K(63296K)->62957K(63296K) Class: 10274K(10560K)->10274K(10560K)
[26.572s][info ][gc             ] GC(56) Pause Young (Allocation Failure) 2058M->375M(2211M) 12.551ms
[26.572s][info ][gc,cpu         ] GC(56) User=0.05s Sys=0.00s Real=0.01s
[26.572s][info ][safepoint      ] Safepoint "ParallelGCFailedAllocation", Time since last: 73301 ns, Reaching safepoint: 92702 ns, At safepoint: 12655569 ns, Total: 12748271 ns
[26.624s][info ][safepoint      ] Safepoint "ICBufferFull", Time since last: 51377294 ns, Reaching safepoint: 175803 ns, At safepoint: 20901 ns, Total: 196704 ns
[26.830s][info ][safepoint      ] Safepoint "ICBufferFull", Time since last: 206397091 ns, Reaching safepoint: 159404 ns, At safepoint: 22300 ns, Total: 181704 ns
[27.002s][info ][safepoint      ] Safepoint "ICBufferFull", Time since last: 171425948 ns, Reaching safepoint: 141803 ns, At safepoint: 22400 ns, Total: 164203 ns
[27.030s][info ][gc,start       ] GC(57) Pause Young (Allocation Failure)
[27.044s][debug][gc,phases      ] GC(57) Scavenge 13.252ms
[27.044s][debug][gc,ref         ] GC(57) Skipped phase 1 of Reference Processing: no references
[27.044s][debug][gc,ref         ] GC(57) Skipped phase 3 of Reference Processing: no references
[27.044s][debug][gc,phases      ] GC(57) Reference Processing 0.054ms
[27.044s][debug][gc,phases      ] GC(57) Weak Processing 0.627ms
[27.044s][debug][gc,age         ] GC(57) Desired survivor size 184549376 bytes, new threshold 15 (max threshold 15)
[27.044s][info ][gc,heap        ] GC(57) PSYoungGen: 1770814K(1906176K)->58824K(1916928K) Eden: 1718272K(1718272K)->0K(1731584K) From: 52542K(187904K)->58824K(185344K)
[27.044s][info ][gc,heap        ] GC(57) ParOldGen: 331558K(357888K)->331590K(357888K)
[27.044s][info ][gc,metaspace   ] GC(57) Metaspace: 73293K(73920K)->73293K(73920K) NonClass: 63016K(63360K)->63016K(63360K) Class: 10277K(10560K)->10277K(10560K)
[27.044s][info ][gc             ] GC(57) Pause Young (Allocation Failure) 2053M->381M(2221M) 14.075ms
[27.044s][info ][gc,cpu         ] GC(57) User=0.06s Sys=0.00s Real=0.02s
[27.044s][info ][safepoint      ] Safepoint "ParallelGCFailedAllocation", Time since last: 28084298 ns, Reaching safepoint: 103102 ns, At safepoint: 14189402 ns, Total: 14292504 ns
[27.187s][info ][safepoint      ] Safepoint "ICBufferFull", Time since last: 142584434 ns, Reaching safepoint: 142903 ns, At safepoint: 22800 ns, Total: 165703 ns
[27.388s][info ][gc,start       ] GC(58) Pause Young (Allocation Failure)
[27.402s][debug][gc,phases      ] GC(58) Scavenge 14.058ms
[27.402s][debug][gc,ref         ] GC(58) Skipped phase 1 of Reference Processing: no references
[27.402s][debug][gc,ref         ] GC(58) Skipped phase 3 of Reference Processing: no references
[27.402s][debug][gc,phases      ] GC(58) Reference Processing 0.037ms
[27.403s][debug][gc,phases      ] GC(58) Weak Processing 0.580ms
[27.403s][debug][gc,age         ] GC(58) Desired survivor size 178782208 bytes, new threshold 15 (max threshold 15)
[27.403s][info ][gc,heap        ] GC(58) PSYoungGen: 1790408K(1916928K)->63144K(1911808K) Eden: 1731584K(1731584K)->0K(1731584K) From: 58824K(185344K)->63144K(180224K)
[27.403s][info ][gc,heap        ] GC(58) ParOldGen: 331590K(357888K)->331606K(357888K)
[27.403s][info ][gc,metaspace   ] GC(58) Metaspace: 73308K(73920K)->73308K(73920K) NonClass: 63031K(63360K)->63031K(63360K) Class: 10277K(10560K)->10277K(10560K)
[27.403s][info ][gc             ] GC(58) Pause Young (Allocation Failure) 2072M->385M(2216M) 14.823ms
[27.403s][info ][gc,cpu         ] GC(58) User=0.07s Sys=0.00s Real=0.02s
[27.403s][info ][safepoint      ] Safepoint "ParallelGCFailedAllocation", Time since last: 200739472 ns, Reaching safepoint: 153003 ns, At safepoint: 14938118 ns, Total: 15091121 ns
[27.578s][info ][safepoint      ] Safepoint "ICBufferFull", Time since last: 174423811 ns, Reaching safepoint: 155004 ns, At safepoint: 29100 ns, Total: 184104 ns
[27.782s][info ][safepoint      ] Safepoint "ICBufferFull", Time since last: 204109243 ns, Reaching safepoint: 164004 ns, At safepoint: 24600 ns, Total: 188604 ns
[27.815s][info ][gc,start       ] GC(59) Pause Young (Allocation Failure)
[27.831s][debug][gc,phases      ] GC(59) Scavenge 16.235ms
[27.831s][debug][gc,ref         ] GC(59) Skipped phase 1 of Reference Processing: no references
[27.831s][debug][gc,ref         ] GC(59) Skipped phase 3 of Reference Processing: no references
[27.831s][debug][gc,phases      ] GC(59) Reference Processing 0.052ms
[27.832s][debug][gc,phases      ] GC(59) Weak Processing 0.626ms
[27.832s][debug][gc,age         ] GC(59) Desired survivor size 171442176 bytes, new threshold 15 (max threshold 15)
[27.832s][info ][gc,heap        ] GC(59) PSYoungGen: 1794728K(1911808K)->71016K(1929728K) Eden: 1731584K(1731584K)->0K(1755136K) From: 63144K(180224K)->71016K(174592K)
[27.832s][info ][gc,heap        ] GC(59) ParOldGen: 331606K(357888K)->331826K(357888K)
[27.832s][info ][gc,metaspace   ] GC(59) Metaspace: 73314K(73920K)->73314K(73920K) NonClass: 63036K(63360K)->63036K(63360K) Class: 10277K(10560K)->10277K(10560K)
[27.832s][info ][gc             ] GC(59) Pause Young (Allocation Failure) 2076M->393M(2234M) 17.057ms
[27.832s][info ][gc,cpu         ] GC(59) User=0.07s Sys=0.00s Real=0.01s
[27.832s][info ][safepoint      ] Safepoint "ParallelGCFailedAllocation", Time since last: 32853799 ns, Reaching safepoint: 111803 ns, At safepoint: 17179365 ns, Total: 17291168 ns
[27.945s][info ][safepoint      ] Safepoint "ICBufferFull", Time since last: 113205709 ns, Reaching safepoint: 133103 ns, At safepoint: 25001 ns, Total: 158104 ns
[28.132s][info ][safepoint      ] Safepoint "ICBufferFull", Time since last: 186534769 ns, Reaching safepoint: 149203 ns, At safepoint: 17100 ns, Total: 166303 ns
[28.133s][info ][safepoint      ] Safepoint "ICBufferFull", Time since last: 744116 ns, Reaching safepoint: 456210 ns, At safepoint: 16000 ns, Total: 472210 ns
[28.134s][info ][safepoint      ] Safepoint "ICBufferFull", Time since last: 656914 ns, Reaching safepoint: 87302 ns, At safepoint: 15700 ns, Total: 103002 ns
[28.135s][info ][safepoint      ] Safepoint "ICBufferFull", Time since last: 675915 ns, Reaching safepoint: 100402 ns, At safepoint: 14300 ns, Total: 114702 ns
[28.136s][info ][safepoint      ] Safepoint "ICBufferFull", Time since last: 660314 ns, Reaching safepoint: 54701 ns, At safepoint: 14201 ns, Total: 68902 ns
[28.136s][info ][safepoint      ] Safepoint "ICBufferFull", Time since last: 525711 ns, Reaching safepoint: 93902 ns, At safepoint: 11400 ns, Total: 105302 ns
[28.137s][info ][safepoint      ] Safepoint "ICBufferFull", Time since last: 530111 ns, Reaching safepoint: 93202 ns, At safepoint: 11801 ns, Total: 105003 ns
[28.137s][info ][safepoint      ] Safepoint "ICBufferFull", Time since last: 525011 ns, Reaching safepoint: 89402 ns, At safepoint: 11200 ns, Total: 100602 ns
[28.138s][info ][safepoint      ] Safepoint "ICBufferFull", Time since last: 539511 ns, Reaching safepoint: 90002 ns, At safepoint: 9000 ns, Total: 99002 ns
[28.139s][info ][safepoint      ] Safepoint "ICBufferFull", Time since last: 518211 ns, Reaching safepoint: 89802 ns, At safepoint: 10301 ns, Total: 100103 ns
[28.139s][info ][safepoint      ] Safepoint "ICBufferFull", Time since last: 517011 ns, Reaching safepoint: 109002 ns, At safepoint: 14100 ns, Total: 123102 ns
[28.140s][info ][safepoint      ] Safepoint "ICBufferFull", Time since last: 532812 ns, Reaching safepoint: 96502 ns, At safepoint: 15800 ns, Total: 112302 ns
[28.141s][info ][safepoint      ] Safepoint "ICBufferFull", Time since last: 1256527 ns, Reaching safepoint: 109702 ns, At safepoint: 13400 ns, Total: 123102 ns
[28.142s][info ][safepoint      ] Safepoint "ICBufferFull", Time since last: 645814 ns, Reaching safepoint: 91602 ns, At safepoint: 12600 ns, Total: 104202 ns
[28.149s][info ][safepoint      ] Safepoint "ICBufferFull", Time since last: 7270055 ns, Reaching safepoint: 45901 ns, At safepoint: 14200 ns, Total: 60101 ns
[28.150s][info ][safepoint      ] Safepoint "ICBufferFull", Time since last: 691115 ns, Reaching safepoint: 97202 ns, At safepoint: 10500 ns, Total: 107702 ns
[28.151s][info ][safepoint      ] Safepoint "ICBufferFull", Time since last: 653014 ns, Reaching safepoint: 96702 ns, At safepoint: 16200 ns, Total: 112902 ns
[28.152s][info ][safepoint      ] Safepoint "ICBufferFull", Time since last: 561812 ns, Reaching safepoint: 92402 ns, At safepoint: 10801 ns, Total: 103203 ns
[28.152s][info ][safepoint      ] Safepoint "ICBufferFull", Time since last: 532511 ns, Reaching safepoint: 102702 ns, At safepoint: 13400 ns, Total: 116102 ns
[28.153s][info ][safepoint      ] Safepoint "ICBufferFull", Time since last: 597913 ns, Reaching safepoint: 98202 ns, At safepoint: 10900 ns, Total: 109102 ns
[28.154s][info ][safepoint      ] Safepoint "ICBufferFull", Time since last: 604613 ns, Reaching safepoint: 90902 ns, At safepoint: 13401 ns, Total: 104303 ns
[28.155s][info ][safepoint      ] Safepoint "ICBufferFull", Time since last: 686814 ns, Reaching safepoint: 88302 ns, At safepoint: 10400 ns, Total: 98702 ns
[28.155s][info ][safepoint      ] Safepoint "ICBufferFull", Time since last: 686615 ns, Reaching safepoint: 88302 ns, At safepoint: 9600 ns, Total: 97902 ns
[28.156s][info ][safepoint      ] Safepoint "ICBufferFull", Time since last: 703115 ns, Reaching safepoint: 97902 ns, At safepoint: 15200 ns, Total: 113102 ns
[28.157s][info ][safepoint      ] Safepoint "ICBufferFull", Time since last: 1034522 ns, Reaching safepoint: 103203 ns, At safepoint: 10100 ns, Total: 113303 ns
[28.160s][info ][safepoint      ] Safepoint "ICBufferFull", Time since last: 2179946 ns, Reaching safepoint: 102402 ns, At safepoint: 11001 ns, Total: 113403 ns
[28.160s][info ][safepoint      ] Safepoint "ICBufferFull", Time since last: 775116 ns, Reaching safepoint: 91702 ns, At safepoint: 9000 ns, Total: 100702 ns
[28.161s][info ][safepoint      ] Safepoint "ICBufferFull", Time since last: 820618 ns, Reaching safepoint: 92002 ns, At safepoint: 12100 ns, Total: 104102 ns
[28.162s][info ][safepoint      ] Safepoint "ICBufferFull", Time since last: 656514 ns, Reaching safepoint: 80302 ns, At safepoint: 17000 ns, Total: 97302 ns
[28.163s][info ][safepoint      ] Safepoint "ICBufferFull", Time since last: 749616 ns, Reaching safepoint: 88202 ns, At safepoint: 8300 ns, Total: 96502 ns
[28.164s][info ][safepoint      ] Safepoint "ICBufferFull", Time since last: 654914 ns, Reaching safepoint: 67801 ns, At safepoint: 12001 ns, Total: 79802 ns
[28.165s][info ][safepoint      ] Safepoint "ICBufferFull", Time since last: 1608834 ns, Reaching safepoint: 113602 ns, At safepoint: 14001 ns, Total: 127603 ns
[28.166s][info ][safepoint      ] Safepoint "ICBufferFull", Time since last: 646113 ns, Reaching safepoint: 87602 ns, At safepoint: 14400 ns, Total: 102002 ns
[28.167s][info ][safepoint      ] Safepoint "ICBufferFull", Time since last: 640814 ns, Reaching safepoint: 96302 ns, At safepoint: 15900 ns, Total: 112202 ns
[28.169s][info ][safepoint      ] Safepoint "ICBufferFull", Time since last: 1753038 ns, Reaching safepoint: 61601 ns, At safepoint: 12900 ns, Total: 74501 ns
[28.170s][info ][safepoint      ] Safepoint "ICBufferFull", Time since last: 684215 ns, Reaching safepoint: 95702 ns, At safepoint: 9200 ns, Total: 104902 ns
[28.170s][info ][safepoint      ] Safepoint "ICBufferFull", Time since last: 701515 ns, Reaching safepoint: 103802 ns, At safepoint: 10000 ns, Total: 113802 ns
[28.171s][info ][safepoint      ] Safepoint "ICBufferFull", Time since last: 633414 ns, Reaching safepoint: 95302 ns, At safepoint: 9800 ns, Total: 105102 ns
[28.172s][info ][safepoint      ] Safepoint "ICBufferFull", Time since last: 512111 ns, Reaching safepoint: 70402 ns, At safepoint: 10700 ns, Total: 81102 ns
[28.172s][info ][safepoint      ] Safepoint "ICBufferFull", Time since last: 506411 ns, Reaching safepoint: 88701 ns, At safepoint: 10801 ns, Total: 99502 ns
[28.173s][info ][safepoint      ] Safepoint "ICBufferFull", Time since last: 716715 ns, Reaching safepoint: 86902 ns, At safepoint: 11600 ns, Total: 98502 ns
[28.174s][info ][safepoint      ] Safepoint "ICBufferFull", Time since last: 696815 ns, Reaching safepoint: 94702 ns, At safepoint: 12800 ns, Total: 107502 ns
[28.175s][info ][safepoint      ] Safepoint "ICBufferFull", Time since last: 611313 ns, Reaching safepoint: 744416 ns, At safepoint: 13700 ns, Total: 758116 ns
[28.176s][info ][safepoint      ] Safepoint "ICBufferFull", Time since last: 793917 ns, Reaching safepoint: 96602 ns, At safepoint: 12701 ns, Total: 109303 ns
[28.177s][info ][safepoint      ] Safepoint "ICBufferFull", Time since last: 656313 ns, Reaching safepoint: 93402 ns, At safepoint: 9601 ns, Total: 103003 ns
[28.178s][info ][safepoint      ] Safepoint "ICBufferFull", Time since last: 626613 ns, Reaching safepoint: 94402 ns, At safepoint: 11300 ns, Total: 105702 ns
[28.178s][info ][safepoint      ] Safepoint "ICBufferFull", Time since last: 655114 ns, Reaching safepoint: 108303 ns, At safepoint: 14000 ns, Total: 122303 ns
[28.179s][info ][safepoint      ] Safepoint "ICBufferFull", Time since last: 669814 ns, Reaching safepoint: 104202 ns, At safepoint: 32601 ns, Total: 136803 ns
[28.180s][info ][safepoint      ] Safepoint "ICBufferFull", Time since last: 678714 ns, Reaching safepoint: 100603 ns, At safepoint: 9700 ns, Total: 110303 ns
[28.181s][info ][safepoint      ] Safepoint "ICBufferFull", Time since last: 673114 ns, Reaching safepoint: 53401 ns, At safepoint: 8500 ns, Total: 61901 ns
[28.182s][info ][safepoint      ] Safepoint "ICBufferFull", Time since last: 692915 ns, Reaching safepoint: 98002 ns, At safepoint: 11600 ns, Total: 109602 ns
[28.182s][info ][safepoint      ] Safepoint "ICBufferFull", Time since last: 646714 ns, Reaching safepoint: 96902 ns, At safepoint: 15601 ns, Total: 112503 ns
[28.183s][info ][safepoint      ] Safepoint "ICBufferFull", Time since last: 644513 ns, Reaching safepoint: 96502 ns, At safepoint: 13301 ns, Total: 109803 ns
[28.184s][info ][safepoint      ] Safepoint "ICBufferFull", Time since last: 642313 ns, Reaching safepoint: 90102 ns, At safepoint: 10100 ns, Total: 100202 ns
[28.185s][info ][safepoint      ] Safepoint "ICBufferFull", Time since last: 640414 ns, Reaching safepoint: 86802 ns, At safepoint: 10300 ns, Total: 97102 ns
[28.185s][info ][safepoint      ] Safepoint "ICBufferFull", Time since last: 653114 ns, Reaching safepoint: 87202 ns, At safepoint: 11900 ns, Total: 99102 ns
[28.186s][info ][safepoint      ] Safepoint "ICBufferFull", Time since last: 647014 ns, Reaching safepoint: 85902 ns, At safepoint: 10400 ns, Total: 96302 ns
[28.187s][info ][safepoint      ] Safepoint "ICBufferFull", Time since last: 645414 ns, Reaching safepoint: 86202 ns, At safepoint: 10100 ns, Total: 96302 ns
[28.189s][info ][safepoint      ] Safepoint "ICBufferFull", Time since last: 2489353 ns, Reaching safepoint: 24700 ns, At safepoint: 12701 ns, Total: 37401 ns
[28.190s][info ][safepoint      ] Safepoint "ICBufferFull", Time since last: 677914 ns, Reaching safepoint: 92702 ns, At safepoint: 12400 ns, Total: 105102 ns
[28.191s][info ][safepoint      ] Safepoint "ICBufferFull", Time since last: 671314 ns, Reaching safepoint: 104703 ns, At safepoint: 14800 ns, Total: 119503 ns
[28.205s][info ][safepoint      ] Safepoint "ICBufferFull", Time since last: 14427407 ns, Reaching safepoint: 43501 ns, At safepoint: 21600 ns, Total: 65101 ns
[28.206s][info ][safepoint      ] Safepoint "ICBufferFull", Time since last: 682415 ns, Reaching safepoint: 63401 ns, At safepoint: 14901 ns, Total: 78302 ns
[28.207s][info ][safepoint      ] Safepoint "ICBufferFull", Time since last: 690214 ns, Reaching safepoint: 91602 ns, At safepoint: 12300 ns, Total: 103902 ns
[28.208s][info ][safepoint      ] Safepoint "ICBufferFull", Time since last: 719216 ns, Reaching safepoint: 88102 ns, At safepoint: 9600 ns, Total: 97702 ns
[28.209s][info ][safepoint      ] Safepoint "ICBufferFull", Time since last: 689315 ns, Reaching safepoint: 88601 ns, At safepoint: 10901 ns, Total: 99502 ns
[28.209s][info ][safepoint      ] Safepoint "ICBufferFull", Time since last: 699815 ns, Reaching safepoint: 87601 ns, At safepoint: 12501 ns, Total: 100102 ns
[28.210s][info ][safepoint      ] Safepoint "ICBufferFull", Time since last: 643613 ns, Reaching safepoint: 84502 ns, At safepoint: 12700 ns, Total: 97202 ns
[28.211s][info ][safepoint      ] Safepoint "ICBufferFull", Time since last: 623714 ns, Reaching safepoint: 105102 ns, At safepoint: 11200 ns, Total: 116302 ns
[28.212s][info ][safepoint      ] Safepoint "ICBufferFull", Time since last: 623813 ns, Reaching safepoint: 91902 ns, At safepoint: 8601 ns, Total: 100503 ns
[28.212s][info ][safepoint      ] Safepoint "ICBufferFull", Time since last: 624113 ns, Reaching safepoint: 96402 ns, At safepoint: 9000 ns, Total: 105402 ns
[28.213s][info ][safepoint      ] Safepoint "ICBufferFull", Time since last: 646414 ns, Reaching safepoint: 94102 ns, At safepoint: 11500 ns, Total: 105602 ns
[28.214s][info ][safepoint      ] Safepoint "ICBufferFull", Time since last: 617813 ns, Reaching safepoint: 102002 ns, At safepoint: 12401 ns, Total: 114403 ns
[28.215s][info ][safepoint      ] Safepoint "ICBufferFull", Time since last: 652614 ns, Reaching safepoint: 83201 ns, At safepoint: 11701 ns, Total: 94902 ns
[28.215s][info ][safepoint      ] Safepoint "ICBufferFull", Time since last: 706215 ns, Reaching safepoint: 85701 ns, At safepoint: 10201 ns, Total: 95902 ns
[28.216s][info ][safepoint      ] Safepoint "ICBufferFull", Time since last: 631113 ns, Reaching safepoint: 54501 ns, At safepoint: 13201 ns, Total: 67702 ns
[28.217s][info ][safepoint      ] Safepoint "ICBufferFull", Time since last: 657614 ns, Reaching safepoint: 89201 ns, At safepoint: 10101 ns, Total: 99302 ns
[28.218s][info ][safepoint      ] Safepoint "ICBufferFull", Time since last: 643813 ns, Reaching safepoint: 86102 ns, At safepoint: 10200 ns, Total: 96302 ns
[28.218s][info ][safepoint      ] Safepoint "ICBufferFull", Time since last: 632914 ns, Reaching safepoint: 90302 ns, At safepoint: 9100 ns, Total: 99402 ns
[28.219s][info ][safepoint      ] Safepoint "ICBufferFull", Time since last: 713615 ns, Reaching safepoint: 97302 ns, At safepoint: 11000 ns, Total: 108302 ns
[28.220s][info ][safepoint      ] Safepoint "ICBufferFull", Time since last: 745016 ns, Reaching safepoint: 89302 ns, At safepoint: 11900 ns, Total: 101202 ns
[28.221s][info ][safepoint      ] Safepoint "ICBufferFull", Time since last: 634914 ns, Reaching safepoint: 93602 ns, At safepoint: 11700 ns, Total: 105302 ns
[28.222s][info ][safepoint      ] Safepoint "ICBufferFull", Time since last: 732416 ns, Reaching safepoint: 96402 ns, At safepoint: 10700 ns, Total: 107102 ns
[28.222s][info ][safepoint      ] Safepoint "ICBufferFull", Time since last: 638614 ns, Reaching safepoint: 86002 ns, At safepoint: 10200 ns, Total: 96202 ns
[28.223s][info ][safepoint      ] Safepoint "ICBufferFull", Time since last: 637913 ns, Reaching safepoint: 84702 ns, At safepoint: 9700 ns, Total: 94402 ns
[28.224s][info ][safepoint      ] Safepoint "ICBufferFull", Time since last: 614413 ns, Reaching safepoint: 90402 ns, At safepoint: 10201 ns, Total: 100603 ns
[28.224s][info ][safepoint      ] Safepoint "ICBufferFull", Time since last: 673714 ns, Reaching safepoint: 90402 ns, At safepoint: 13200 ns, Total: 103602 ns
[28.225s][info ][safepoint      ] Safepoint "ICBufferFull", Time since last: 662414 ns, Reaching safepoint: 84002 ns, At safepoint: 10100 ns, Total: 94102 ns
[28.226s][info ][safepoint      ] Safepoint "ICBufferFull", Time since last: 651914 ns, Reaching safepoint: 85402 ns, At safepoint: 9600 ns, Total: 95002 ns
[28.227s][info ][safepoint      ] Safepoint "ICBufferFull", Time since last: 645814 ns, Reaching safepoint: 87902 ns, At safepoint: 12400 ns, Total: 100302 ns
[28.228s][info ][safepoint      ] Safepoint "ICBufferFull", Time since last: 676014 ns, Reaching safepoint: 96102 ns, At safepoint: 10101 ns, Total: 106203 ns
[28.228s][info ][safepoint      ] Safepoint "ICBufferFull", Time since last: 666414 ns, Reaching safepoint: 93402 ns, At safepoint: 11400 ns, Total: 104802 ns
[28.229s][info ][safepoint      ] Safepoint "ICBufferFull", Time since last: 680514 ns, Reaching safepoint: 95603 ns, At safepoint: 11500 ns, Total: 107103 ns
[28.230s][info ][safepoint      ] Safepoint "ICBufferFull", Time since last: 669314 ns, Reaching safepoint: 87502 ns, At safepoint: 13600 ns, Total: 101102 ns
[28.231s][info ][safepoint      ] Safepoint "ICBufferFull", Time since last: 699815 ns, Reaching safepoint: 98602 ns, At safepoint: 11400 ns, Total: 110002 ns
[28.231s][info ][safepoint      ] Safepoint "ICBufferFull", Time since last: 662414 ns, Reaching safepoint: 86102 ns, At safepoint: 12701 ns, Total: 98803 ns
[28.232s][info ][safepoint      ] Safepoint "ICBufferFull", Time since last: 537811 ns, Reaching safepoint: 87302 ns, At safepoint: 12200 ns, Total: 99502 ns
[28.233s][info ][safepoint      ] Safepoint "ICBufferFull", Time since last: 680715 ns, Reaching safepoint: 93002 ns, At safepoint: 14600 ns, Total: 107602 ns
[28.234s][info ][safepoint      ] Safepoint "ICBufferFull", Time since last: 680114 ns, Reaching safepoint: 61902 ns, At safepoint: 14700 ns, Total: 76602 ns
[28.234s][info ][safepoint      ] Safepoint "ICBufferFull", Time since last: 656214 ns, Reaching safepoint: 91802 ns, At safepoint: 10800 ns, Total: 102602 ns
[28.235s][info ][safepoint      ] Safepoint "ICBufferFull", Time since last: 718415 ns, Reaching safepoint: 93102 ns, At safepoint: 9101 ns, Total: 102203 ns
[28.236s][info ][safepoint      ] Safepoint "ICBufferFull", Time since last: 532111 ns, Reaching safepoint: 88902 ns, At safepoint: 11100 ns, Total: 100002 ns
[28.236s][info ][safepoint      ] Safepoint "ICBufferFull", Time since last: 507711 ns, Reaching safepoint: 86102 ns, At safepoint: 9200 ns, Total: 95302 ns
[28.237s][info ][safepoint      ] Safepoint "ICBufferFull", Time since last: 523511 ns, Reaching safepoint: 87602 ns, At safepoint: 10600 ns, Total: 98202 ns
[28.238s][info ][safepoint      ] Safepoint "ICBufferFull", Time since last: 500711 ns, Reaching safepoint: 85202 ns, At safepoint: 7800 ns, Total: 93002 ns
[28.238s][info ][safepoint      ] Safepoint "ICBufferFull", Time since last: 497010 ns, Reaching safepoint: 62602 ns, At safepoint: 13800 ns, Total: 76402 ns
[28.239s][info ][safepoint      ] Safepoint "ICBufferFull", Time since last: 504611 ns, Reaching safepoint: 105302 ns, At safepoint: 13000 ns, Total: 118302 ns
[28.239s][info ][safepoint      ] Safepoint "ICBufferFull", Time since last: 499111 ns, Reaching safepoint: 89702 ns, At safepoint: 11600 ns, Total: 101302 ns
[28.240s][info ][safepoint      ] Safepoint "ICBufferFull", Time since last: 492710 ns, Reaching safepoint: 85202 ns, At safepoint: 11601 ns, Total: 96803 ns
[28.241s][info ][safepoint      ] Safepoint "ICBufferFull", Time since last: 500110 ns, Reaching safepoint: 52501 ns, At safepoint: 11601 ns, Total: 64102 ns
[28.241s][info ][safepoint      ] Safepoint "ICBufferFull", Time since last: 527811 ns, Reaching safepoint: 95702 ns, At safepoint: 9300 ns, Total: 105002 ns
[28.242s][info ][safepoint      ] Safepoint "ICBufferFull", Time since last: 496811 ns, Reaching safepoint: 93902 ns, At safepoint: 8500 ns, Total: 102402 ns
[28.243s][info ][safepoint      ] Safepoint "ICBufferFull", Time since last: 495310 ns, Reaching safepoint: 981921 ns, At safepoint: 21901 ns, Total: 1003822 ns
[28.244s][info ][safepoint      ] Safepoint "ICBufferFull", Time since last: 604813 ns, Reaching safepoint: 105902 ns, At safepoint: 11600 ns, Total: 117502 ns
[28.245s][info ][safepoint      ] Safepoint "ICBufferFull", Time since last: 581612 ns, Reaching safepoint: 98903 ns, At safepoint: 13600 ns, Total: 112503 ns
[28.246s][info ][safepoint      ] Safepoint "ICBufferFull", Time since last: 671614 ns, Reaching safepoint: 102002 ns, At safepoint: 13101 ns, Total: 115103 ns
[28.246s][info ][safepoint      ] Safepoint "ICBufferFull", Time since last: 607812 ns, Reaching safepoint: 55102 ns, At safepoint: 13100 ns, Total: 68202 ns
[28.247s][info ][safepoint      ] Safepoint "ICBufferFull", Time since last: 634813 ns, Reaching safepoint: 97803 ns, At safepoint: 11700 ns, Total: 109503 ns
[28.248s][info ][safepoint      ] Safepoint "ICBufferFull", Time since last: 642213 ns, Reaching safepoint: 94402 ns, At safepoint: 10601 ns, Total: 105003 ns
[28.248s][info ][safepoint      ] Safepoint "ICBufferFull", Time since last: 737015 ns, Reaching safepoint: 54001 ns, At safepoint: 10001 ns, Total: 64002 ns
[28.249s][info ][safepoint      ] Safepoint "ICBufferFull", Time since last: 683114 ns, Reaching safepoint: 87502 ns, At safepoint: 12300 ns, Total: 99802 ns
[28.250s][info ][safepoint      ] Safepoint "ICBufferFull", Time since last: 636314 ns, Reaching safepoint: 86402 ns, At safepoint: 11500 ns, Total: 97902 ns
[28.251s][info ][safepoint      ] Safepoint "ICBufferFull", Time since last: 635214 ns, Reaching safepoint: 86901 ns, At safepoint: 10601 ns, Total: 97502 ns
[28.265s][info ][safepoint      ] Safepoint "ICBufferFull", Time since last: 14600410 ns, Reaching safepoint: 94902 ns, At safepoint: 18401 ns, Total: 113303 ns
[28.266s][info ][safepoint      ] Safepoint "ICBufferFull", Time since last: 675014 ns, Reaching safepoint: 88502 ns, At safepoint: 16800 ns, Total: 105302 ns
[28.269s][info ][safepoint      ] Safepoint "ICBufferFull", Time since last: 2941563 ns, Reaching safepoint: 99402 ns, At safepoint: 18100 ns, Total: 117502 ns
[28.276s][info ][safepoint      ] Safepoint "ICBufferFull", Time since last: 6416537 ns, Reaching safepoint: 108902 ns, At safepoint: 18701 ns, Total: 127603 ns
[28.277s][info ][safepoint      ] Safepoint "ICBufferFull", Time since last: 842918 ns, Reaching safepoint: 89701 ns, At safepoint: 20901 ns, Total: 110602 ns
[28.278s][info ][safepoint      ] Safepoint "ICBufferFull", Time since last: 790317 ns, Reaching safepoint: 105702 ns, At safepoint: 15700 ns, Total: 121402 ns
[28.278s][info ][safepoint      ] Safepoint "ICBufferFull", Time since last: 646814 ns, Reaching safepoint: 88502 ns, At safepoint: 17300 ns, Total: 105802 ns
[28.279s][info ][safepoint      ] Safepoint "ICBufferFull", Time since last: 638314 ns, Reaching safepoint: 87302 ns, At safepoint: 17100 ns, Total: 104402 ns
[28.280s][info ][safepoint      ] Safepoint "ICBufferFull", Time since last: 638514 ns, Reaching safepoint: 89802 ns, At safepoint: 12600 ns, Total: 102402 ns
[28.281s][info ][safepoint      ] Safepoint "ICBufferFull", Time since last: 733915 ns, Reaching safepoint: 86502 ns, At safepoint: 16801 ns, Total: 103303 ns
[28.282s][info ][safepoint      ] Safepoint "ICBufferFull", Time since last: 848118 ns, Reaching safepoint: 91502 ns, At safepoint: 16300 ns, Total: 107802 ns
[28.283s][info ][safepoint      ] Safepoint "ICBufferFull", Time since last: 1198926 ns, Reaching safepoint: 93202 ns, At safepoint: 17200 ns, Total: 110402 ns
[28.290s][info ][safepoint      ] Safepoint "ICBufferFull", Time since last: 6821645 ns, Reaching safepoint: 103602 ns, At safepoint: 18201 ns, Total: 121803 ns
[28.349s][info ][gc,start       ] GC(60) Pause Young (Allocation Failure)
[28.369s][debug][gc,phases      ] GC(60) Scavenge 19.181ms
[28.369s][debug][gc,ref         ] GC(60) Skipped phase 1 of Reference Processing: no references
[28.369s][debug][gc,ref         ] GC(60) Skipped phase 3 of Reference Processing: no references
[28.369s][debug][gc,phases      ] GC(60) Reference Processing 0.045ms
[28.369s][debug][gc,phases      ] GC(60) Weak Processing 0.635ms
[28.369s][debug][gc,age         ] GC(60) Desired survivor size 163053568 bytes, new threshold 15 (max threshold 15)
[28.369s][info ][gc,heap        ] GC(60) PSYoungGen: 1826152K(1929728K)->82744K(1922560K) Eden: 1755136K(1755136K)->0K(1755136K) From: 71016K(174592K)->82744K(167424K)
[28.369s][info ][gc,heap        ] GC(60) ParOldGen: 331826K(357888K)->332050K(357888K)
[28.369s][info ][gc,metaspace   ] GC(60) Metaspace: 73327K(73920K)->73327K(73920K) NonClass: 63050K(63360K)->63050K(63360K) Class: 10277K(10560K)->10277K(10560K)
[28.369s][info ][gc             ] GC(60) Pause Young (Allocation Failure) 2107M->405M(2227M) 20.043ms
[28.369s][info ][gc,cpu         ] GC(60) User=0.07s Sys=0.00s Real=0.02s
[28.369s][info ][safepoint      ] Safepoint "ParallelGCFailedAllocation", Time since last: 57173116 ns, Reaching safepoint: 2176246 ns, At safepoint: 20162730 ns, Total: 22338976 ns
[28.489s][info ][safepoint      ] Safepoint "ICBufferFull", Time since last: 118841528 ns, Reaching safepoint: 164304 ns, At safepoint: 28600 ns, Total: 192904 ns
[28.668s][info ][safepoint      ] Safepoint "ICBufferFull", Time since last: 179470319 ns, Reaching safepoint: 129603 ns, At safepoint: 22301 ns, Total: 151904 ns
[28.756s][info ][gc,start       ] GC(61) Pause Young (Allocation Failure)
[28.776s][debug][gc,phases      ] GC(61) Scavenge 20.235ms
[28.777s][debug][gc,ref         ] GC(61) Skipped phase 1 of Reference Processing: no references
[28.777s][debug][gc,ref         ] GC(61) Skipped phase 3 of Reference Processing: no references
[28.777s][debug][gc,phases      ] GC(61) Reference Processing 0.043ms
[28.777s][debug][gc,phases      ] GC(61) Weak Processing 0.619ms
[28.777s][debug][gc,age         ] GC(61) Desired survivor size 158334976 bytes, new threshold 15 (max threshold 15)
[28.777s][info ][gc,heap        ] GC(61) PSYoungGen: 1837880K(1922560K)->89287K(1942528K) Eden: 1755136K(1755136K)->0K(1783296K) From: 82744K(167424K)->89287K(159232K)
[28.777s][info ][gc,heap        ] GC(61) ParOldGen: 332050K(357888K)->333390K(357888K)
[28.777s][info ][gc,metaspace   ] GC(61) Metaspace: 73354K(73984K)->73354K(73984K) NonClass: 63076K(63424K)->63076K(63424K) Class: 10277K(10560K)->10277K(10560K)
[28.777s][info ][gc             ] GC(61) Pause Young (Allocation Failure) 2119M->412M(2246M) 21.044ms
[28.777s][info ][gc,cpu         ] GC(61) User=0.09s Sys=0.00s Real=0.02s
[28.777s][info ][safepoint      ] Safepoint "ParallelGCFailedAllocation", Time since last: 84762703 ns, Reaching safepoint: 3217969 ns, At safepoint: 21171150 ns, Total: 24389119 ns
[29.035s][info ][safepoint      ] Safepoint "ICBufferFull", Time since last: 257715484 ns, Reaching safepoint: 191304 ns, At safepoint: 21701 ns, Total: 213005 ns
[29.238s][info ][gc,start       ] GC(62) Pause Young (Allocation Failure)
[29.262s][debug][gc,phases      ] GC(62) Scavenge 24.571ms
[29.262s][debug][gc,ref         ] GC(62) Skipped phase 1 of Reference Processing: no references
[29.262s][debug][gc,ref         ] GC(62) Skipped phase 3 of Reference Processing: no references
[29.262s][debug][gc,phases      ] GC(62) Reference Processing 0.040ms
[29.263s][debug][gc,phases      ] GC(62) Weak Processing 0.595ms
[29.263s][debug][gc,age         ] GC(62) Desired survivor size 156762112 bytes, new threshold 15 (max threshold 15)
[29.263s][info ][gc,heap        ] GC(62) PSYoungGen: 1872583K(1942528K)->98780K(1937920K) Eden: 1783296K(1783296K)->0K(1783296K) From: 89287K(159232K)->98780K(154624K)
[29.263s][info ][gc,heap        ] GC(62) ParOldGen: 333390K(357888K)->334005K(357888K)
[29.263s][info ][gc,metaspace   ] GC(62) Metaspace: 73367K(73984K)->73367K(73984K) NonClass: 63089K(63424K)->63089K(63424K) Class: 10277K(10560K)->10277K(10560K)
[29.263s][info ][gc             ] GC(62) Pause Young (Allocation Failure) 2154M->422M(2242M) 25.362ms
[29.263s][info ][gc,cpu         ] GC(62) User=0.11s Sys=0.00s Real=0.03s
[29.263s][info ][safepoint      ] Safepoint "ParallelGCFailedAllocation", Time since last: 197980412 ns, Reaching safepoint: 4307792 ns, At safepoint: 25495043 ns, Total: 29802835 ns
[29.473s][info ][safepoint      ] Safepoint "ICBufferFull", Time since last: 209710362 ns, Reaching safepoint: 150203 ns, At safepoint: 31201 ns, Total: 181404 ns
[29.565s][info ][safepoint      ] Safepoint "ICBufferFull", Time since last: 92007358 ns, Reaching safepoint: 146203 ns, At safepoint: 23300 ns, Total: 169503 ns
[29.782s][info ][safepoint      ] Safepoint "ICBufferFull", Time since last: 216284803 ns, Reaching safepoint: 487010 ns, At safepoint: 27601 ns, Total: 514611 ns
[29.786s][info ][gc,start       ] GC(63) Pause Young (Allocation Failure)
[29.817s][debug][gc,phases      ] GC(63) Scavenge 30.982ms
[29.817s][debug][gc,ref         ] GC(63) Skipped phase 1 of Reference Processing: no references
[29.817s][debug][gc,ref         ] GC(63) Skipped phase 3 of Reference Processing: no references
[29.817s][debug][gc,phases      ] GC(63) Reference Processing 0.043ms
[29.818s][debug][gc,phases      ] GC(63) Weak Processing 0.572ms
[29.818s][debug][gc,age         ] GC(63) Desired survivor size 159907840 bytes, new threshold 15 (max threshold 15)
[29.818s][info ][gc,heap        ] GC(63) PSYoungGen: 1882076K(1937920K)->110492K(1937920K) Eden: 1783296K(1783296K)->0K(1784832K) From: 98780K(154624K)->110492K(153088K)
[29.818s][info ][gc,heap        ] GC(63) ParOldGen: 334005K(357888K)->334453K(357888K)
[29.818s][info ][gc,metaspace   ] GC(63) Metaspace: 73403K(73984K)->73403K(73984K) NonClass: 63122K(63424K)->63122K(63424K) Class: 10281K(10560K)->10281K(10560K)
[29.818s][info ][gc             ] GC(63) Pause Young (Allocation Failure) 2164M->434M(2242M) 31.762ms
[29.818s][info ][gc,cpu         ] GC(63) User=0.12s Sys=0.01s Real=0.03s
[29.818s][info ][safepoint      ] Safepoint "ParallelGCFailedAllocation", Time since last: 3805281 ns, Reaching safepoint: 111402 ns, At safepoint: 31878078 ns, Total: 31989480 ns
[30.049s][info ][safepoint      ] Safepoint "ICBufferFull", Time since last: 231015416 ns, Reaching safepoint: 143903 ns, At safepoint: 27101 ns, Total: 171004 ns
[30.157s][info ][gc,start       ] GC(64) Pause Young (Allocation Failure)
[30.183s][debug][gc,phases      ] GC(64) Scavenge 25.707ms
[30.183s][debug][gc,ref         ] GC(64) Skipped phase 1 of Reference Processing: no references
[30.183s][debug][gc,ref         ] GC(64) Skipped phase 3 of Reference Processing: no references
[30.183s][debug][gc,phases      ] GC(64) Reference Processing 0.032ms
[30.184s][debug][gc,phases      ] GC(64) Weak Processing 0.576ms
[30.184s][debug][gc,age         ] GC(64) Desired survivor size 157286400 bytes, new threshold 15 (max threshold 15)
[30.184s][info ][gc,heap        ] GC(64) PSYoungGen: 1895324K(1937920K)->98671K(1940992K) Eden: 1784832K(1784832K)->0K(1784832K) From: 110492K(153088K)->98671K(156160K)
[30.184s][info ][gc,heap        ] GC(64) ParOldGen: 334453K(357888K)->352169K(357888K)
[30.184s][info ][gc,metaspace   ] GC(64) Metaspace: 73412K(74048K)->73412K(74048K) NonClass: 63131K(63488K)->63131K(63488K) Class: 10281K(10560K)->10281K(10560K)
[30.184s][info ][gc             ] GC(64) Pause Young (Allocation Failure) 2177M->440M(2245M) 26.456ms
[30.184s][info ][gc,cpu         ] GC(64) User=0.11s Sys=0.00s Real=0.03s
[30.184s][debug][gc,phases      ] GC(65) Pre Compact 0.011ms
[30.184s][info ][gc,start       ] GC(65) Pause Full (Ergonomics)
[30.184s][info ][gc,phases,start] GC(65) Marking Phase
[30.299s][debug][gc,phases      ] GC(65) Par Mark 115.521ms
[30.299s][debug][gc,ref         ] GC(65) Skipped phase 1 of Reference Processing: no references
[30.300s][debug][gc,ref         ] GC(65) Skipped phase 3 of Reference Processing: no references
[30.300s][debug][gc,phases      ] GC(65) Reference Processing 0.303ms
[30.300s][debug][gc,phases      ] GC(65) Weak Processing 0.505ms
[30.300s][debug][gc,phases      ] GC(65) ClassLoaderData 0.060ms
[30.300s][debug][gc,phases      ] GC(65) Trigger cleanups 0.000ms
[30.312s][debug][gc,phases      ] GC(65) Class Unloading 11.348ms
[30.312s][info ][gc,phases      ] GC(65) Marking Phase 127.833ms
[30.312s][info ][gc,phases,start] GC(65) Summary Phase
[30.312s][info ][gc,phases      ] GC(65) Summary Phase 0.010ms
[30.312s][info ][gc,phases,start] GC(65) Adjust Roots
[30.325s][info ][gc,phases      ] GC(65) Adjust Roots 13.170ms
[30.325s][info ][gc,phases,start] GC(65) Compaction Phase
[30.485s][info ][gc,phases      ] GC(65) Compaction Phase 159.799ms
[30.485s][info ][gc,phases,start] GC(65) Post Compact
[30.486s][info ][gc,phases      ] GC(65) Post Compact 1.222ms
[30.486s][info ][gc,heap        ] GC(65) PSYoungGen: 98671K(1940992K)->88992K(1940992K) Eden: 0K(1784832K)->0K(1784832K) From: 98671K(156160K)->88992K(156160K)
[30.486s][info ][gc,heap        ] GC(65) ParOldGen: 352169K(357888K)->357608K(441856K)
[30.486s][info ][gc,metaspace   ] GC(65) Metaspace: 73412K(74048K)->73412K(74048K) NonClass: 63131K(63488K)->63131K(63488K) Class: 10281K(10560K)->10281K(10560K)
[30.486s][info ][gc             ] GC(65) Pause Full (Ergonomics) 440M->436M(2327M) 302.312ms
[30.486s][info ][gc,cpu         ] GC(65) User=1.10s Sys=0.00s Real=0.30s
[30.509s][info ][safepoint      ] Safepoint "ParallelGCFailedAllocation", Time since last: 107796594 ns, Reaching safepoint: 608813 ns, At safepoint: 351406578 ns, Total: 352015391 ns
[30.663s][info ][safepoint      ] Safepoint "ICBufferFull", Time since last: 153826973 ns, Reaching safepoint: 682815 ns, At safepoint: 23200 ns, Total: 706015 ns
[30.746s][info ][safepoint      ] Safepoint "ICBufferFull", Time since last: 82093747 ns, Reaching safepoint: 202104 ns, At safepoint: 22701 ns, Total: 224805 ns
[30.935s][info ][gc,start       ] GC(66) Pause Young (Allocation Failure)
[30.987s][debug][gc,phases      ] GC(66) Scavenge 52.320ms
[30.987s][debug][gc,ref         ] GC(66) Skipped phase 1 of Reference Processing: no references
[30.987s][debug][gc,ref         ] GC(66) Skipped phase 3 of Reference Processing: no references
[30.987s][debug][gc,phases      ] GC(66) Reference Processing 0.028ms
[30.988s][debug][gc,phases      ] GC(66) Weak Processing 0.516ms
[30.988s][debug][gc,age         ] GC(66) Desired survivor size 152043520 bytes, new threshold 15 (max threshold 15)
[30.988s][info ][gc,heap        ] GC(66) PSYoungGen: 1873824K(1940992K)->91756K(1948672K) Eden: 1784832K(1784832K)->0K(1795072K) From: 88992K(156160K)->91756K(153600K)
[30.988s][info ][gc,heap        ] GC(66) ParOldGen: 357608K(441856K)->366709K(441856K)
[30.988s][info ][gc,metaspace   ] GC(66) Metaspace: 73565K(74176K)->73565K(74176K) NonClass: 63271K(63616K)->63271K(63616K) Class: 10294K(10560K)->10294K(10560K)
[30.988s][info ][gc             ] GC(66) Pause Young (Allocation Failure) 2179M->447M(2334M) 53.010ms
[30.988s][info ][gc,cpu         ] GC(66) User=0.20s Sys=0.01s Real=0.05s
[30.988s][info ][safepoint      ] Safepoint "ParallelGCFailedAllocation", Time since last: 189121524 ns, Reaching safepoint: 147903 ns, At safepoint: 53125531 ns, Total: 53273434 ns
[31.168s][info ][safepoint      ] Safepoint "ICBufferFull", Time since last: 179759925 ns, Reaching safepoint: 184204 ns, At safepoint: 24901 ns, Total: 209105 ns
[31.378s][info ][safepoint      ] Safepoint "ICBufferFull", Time since last: 209752963 ns, Reaching safepoint: 165604 ns, At safepoint: 28700 ns, Total: 194304 ns
[31.398s][info ][gc,start       ] GC(67) Pause Young (Allocation Failure)
[31.421s][debug][gc,phases      ] GC(67) Scavenge 23.459ms
[31.421s][debug][gc,ref         ] GC(67) Skipped phase 1 of Reference Processing: no references
[31.421s][debug][gc,ref         ] GC(67) Skipped phase 3 of Reference Processing: no references
[31.421s][debug][gc,phases      ] GC(67) Reference Processing 0.030ms
[31.422s][debug][gc,phases      ] GC(67) Weak Processing 0.572ms
[31.422s][debug][gc,age         ] GC(67) Desired survivor size 147324928 bytes, new threshold 15 (max threshold 15)
[31.422s][info ][gc,heap        ] GC(67) PSYoungGen: 1886828K(1948672K)->92137K(1943552K) Eden: 1795072K(1795072K)->0K(1795072K) From: 91756K(153600K)->92137K(148480K)
[31.422s][info ][gc,heap        ] GC(67) ParOldGen: 366709K(441856K)->376651K(441856K)
[31.422s][info ][gc,metaspace   ] GC(67) Metaspace: 73574K(74176K)->73574K(74176K) NonClass: 63280K(63616K)->63280K(63616K) Class: 10294K(10560K)->10294K(10560K)
[31.422s][info ][gc             ] GC(67) Pause Young (Allocation Failure) 2200M->457M(2329M) 24.213ms
[31.422s][info ][gc,cpu         ] GC(67) User=0.08s Sys=0.01s Real=0.03s
[31.422s][info ][safepoint      ] Safepoint "ParallelGCFailedAllocation", Time since last: 19332612 ns, Reaching safepoint: 676814 ns, At safepoint: 24338118 ns, Total: 25014932 ns
[31.529s][info ][safepoint      ] Safepoint "ICBufferFull", Time since last: 106358163 ns, Reaching safepoint: 163704 ns, At safepoint: 24900 ns, Total: 188604 ns
[31.701s][info ][safepoint      ] Safepoint "ICBufferFull", Time since last: 172178165 ns, Reaching safepoint: 191104 ns, At safepoint: 26900 ns, Total: 218004 ns
[31.866s][info ][safepoint      ] Safepoint "ICBufferFull", Time since last: 164490801 ns, Reaching safepoint: 148803 ns, At safepoint: 24800 ns, Total: 173603 ns
[31.873s][info ][gc,start       ] GC(68) Pause Young (Allocation Failure)
[31.899s][debug][gc,phases      ] GC(68) Scavenge 25.810ms
[31.899s][debug][gc,ref         ] GC(68) Skipped phase 1 of Reference Processing: no references
[31.899s][debug][gc,ref         ] GC(68) Skipped phase 3 of Reference Processing: no references
[31.899s][debug][gc,phases      ] GC(68) Reference Processing 0.029ms
[31.900s][debug][gc,phases      ] GC(68) Weak Processing 0.573ms
[31.900s][debug][gc,age         ] GC(68) Desired survivor size 144703488 bytes, new threshold 15 (max threshold 15)
[31.900s][info ][gc,heap        ] GC(68) PSYoungGen: 1887209K(1943552K)->96335K(1955840K) Eden: 1795072K(1795072K)->0K(1811968K) From: 92137K(148480K)->96335K(143872K)
[31.900s][info ][gc,heap        ] GC(68) ParOldGen: 376651K(441856K)->381656K(441856K)
[31.900s][info ][gc,metaspace   ] GC(68) Metaspace: 73577K(74176K)->73577K(74176K) NonClass: 63283K(63616K)->63283K(63616K) Class: 10294K(10560K)->10294K(10560K)
[31.900s][info ][gc             ] GC(68) Pause Young (Allocation Failure) 2210M->466M(2341M) 26.566ms
[31.900s][info ][gc,cpu         ] GC(68) User=0.10s Sys=0.00s Real=0.02s
[31.900s][info ][safepoint      ] Safepoint "ParallelGCFailedAllocation", Time since last: 7298756 ns, Reaching safepoint: 101302 ns, At safepoint: 26685868 ns, Total: 26787170 ns
[32.213s][info ][safepoint      ] Safepoint "ICBufferFull", Time since last: 306783228 ns, Reaching safepoint: 6442437 ns, At safepoint: 37901 ns, Total: 6480338 ns
[32.300s][info ][gc,start       ] GC(69) Pause Young (Allocation Failure)
[32.326s][debug][gc,phases      ] GC(69) Scavenge 25.917ms
[32.326s][debug][gc,ref         ] GC(69) Skipped phase 1 of Reference Processing: no references
[32.326s][debug][gc,ref         ] GC(69) Skipped phase 3 of Reference Processing: no references
[32.326s][debug][gc,phases      ] GC(69) Reference Processing 0.028ms
[32.327s][debug][gc,phases      ] GC(69) Weak Processing 0.558ms
[32.327s][debug][gc,age         ] GC(69) Desired survivor size 144179200 bytes, new threshold 15 (max threshold 15)
[32.327s][info ][gc,heap        ] GC(69) PSYoungGen: 1908303K(1955840K)->102566K(1953280K) Eden: 1811968K(1811968K)->0K(1811968K) From: 96335K(143872K)->102566K(141312K)
[32.327s][info ][gc,heap        ] GC(69) ParOldGen: 381656K(441856K)->385497K(441856K)
[32.327s][info ][gc,metaspace   ] GC(69) Metaspace: 73587K(74176K)->73587K(74176K) NonClass: 63293K(63616K)->63293K(63616K) Class: 10294K(10560K)->10294K(10560K)
[32.327s][info ][gc             ] GC(69) Pause Young (Allocation Failure) 2236M->476M(2339M) 26.667ms
[32.327s][info ][gc,cpu         ] GC(69) User=0.10s Sys=0.01s Real=0.03s
[32.327s][info ][safepoint      ] Safepoint "ParallelGCFailedAllocation", Time since last: 87042652 ns, Reaching safepoint: 148404 ns, At safepoint: 26782270 ns, Total: 26930674 ns
[32.490s][info ][safepoint      ] Safepoint "ICBufferFull", Time since last: 159374191 ns, Reaching safepoint: 3224769 ns, At safepoint: 33701 ns, Total: 3258470 ns
[32.678s][info ][safepoint      ] Safepoint "ICBufferFull", Time since last: 188130103 ns, Reaching safepoint: 169704 ns, At safepoint: 29500 ns, Total: 199204 ns
[32.771s][info ][gc,start       ] GC(70) Pause Young (Allocation Failure)
[32.798s][debug][gc,phases      ] GC(70) Scavenge 26.671ms
[32.798s][debug][gc,ref         ] GC(70) Skipped phase 1 of Reference Processing: no references
[32.798s][debug][gc,ref         ] GC(70) Skipped phase 3 of Reference Processing: no references
[32.798s][debug][gc,phases      ] GC(70) Reference Processing 0.025ms
[32.798s][debug][gc,phases      ] GC(70) Weak Processing 0.517ms
[32.798s][debug][gc,age         ] GC(70) Desired survivor size 143654912 bytes, new threshold 15 (max threshold 15)
[32.798s][info ][gc,heap        ] GC(70) PSYoungGen: 1914534K(1953280K)->103360K(1956864K) Eden: 1811968K(1811968K)->0K(1816064K) From: 102566K(141312K)->103360K(140800K)
[32.798s][info ][gc,heap        ] GC(70) ParOldGen: 385497K(441856K)->385865K(441856K)
[32.798s][info ][gc,metaspace   ] GC(70) Metaspace: 73613K(74176K)->73613K(74176K) NonClass: 63316K(63616K)->63316K(63616K) Class: 10296K(10560K)->10296K(10560K)
[32.798s][info ][gc             ] GC(70) Pause Young (Allocation Failure) 2246M->477M(2342M) 27.360ms
[32.798s][info ][gc,cpu         ] GC(70) User=0.09s Sys=0.02s Real=0.03s
[32.798s][info ][safepoint      ] Safepoint "ParallelGCFailedAllocation", Time since last: 92604971 ns, Reaching safepoint: 136503 ns, At safepoint: 27481185 ns, Total: 27617688 ns
[32.971s][info ][safepoint      ] Safepoint "ICBufferFull", Time since last: 170471628 ns, Reaching safepoint: 2168446 ns, At safepoint: 29000 ns, Total: 2197446 ns
[33.233s][info ][gc,start       ] GC(71) Pause Young (Allocation Failure)
[33.263s][debug][gc,phases      ] GC(71) Scavenge 29.469ms
[33.263s][debug][gc,ref         ] GC(71) Skipped phase 1 of Reference Processing: no references
[33.263s][debug][gc,ref         ] GC(71) Skipped phase 3 of Reference Processing: no references
[33.263s][debug][gc,phases      ] GC(71) Reference Processing 0.030ms
[33.263s][debug][gc,phases      ] GC(71) Weak Processing 0.665ms
[33.263s][debug][gc,age         ] GC(71) Desired survivor size 146800640 bytes, new threshold 15 (max threshold 15)
[33.263s][info ][gc,heap        ] GC(71) PSYoungGen: 1919424K(1956864K)->112950K(1929216K) Eden: 1816064K(1816064K)->0K(1816064K) From: 103360K(140800K)->112950K(113152K)
[33.263s][info ][gc,heap        ] GC(71) ParOldGen: 385865K(441856K)->386153K(441856K)
[33.263s][info ][gc,metaspace   ] GC(71) Metaspace: 73618K(74176K)->73618K(74176K) NonClass: 63319K(63616K)->63319K(63616K) Class: 10299K(10560K)->10299K(10560K)
[33.263s][info ][gc             ] GC(71) Pause Young (Allocation Failure) 2251M->487M(2315M) 30.318ms
[33.264s][info ][gc,cpu         ] GC(71) User=0.14s Sys=0.00s Real=0.03s
[33.264s][info ][safepoint      ] Safepoint "ParallelGCFailedAllocation", Time since last: 257889889 ns, Reaching safepoint: 4281391 ns, At safepoint: 30442548 ns, Total: 34723939 ns
[33.375s][info ][safepoint      ] Safepoint "ICBufferFull", Time since last: 111625575 ns, Reaching safepoint: 202804 ns, At safepoint: 26101 ns, Total: 228905 ns
[33.461s][info ][safepoint      ] Safepoint "ICBufferFull", Time since last: 85087611 ns, Reaching safepoint: 161003 ns, At safepoint: 22201 ns, Total: 183204 ns
[33.603s][info ][safepoint      ] Safepoint "ICBufferFull", Time since last: 141799417 ns, Reaching safepoint: 150204 ns, At safepoint: 21500 ns, Total: 171704 ns
[33.667s][info ][safepoint      ] Safepoint "ICBufferFull", Time since last: 64483072 ns, Reaching safepoint: 145004 ns, At safepoint: 26100 ns, Total: 171104 ns
[33.740s][info ][gc,start       ] GC(72) Pause Young (Allocation Failure)
[33.770s][debug][gc,phases      ] GC(72) Scavenge 29.473ms
[33.770s][debug][gc,ref         ] GC(72) Skipped phase 1 of Reference Processing: no references
[33.770s][debug][gc,ref         ] GC(72) Skipped phase 3 of Reference Processing: no references
[33.770s][debug][gc,phases      ] GC(72) Reference Processing 0.038ms
[33.771s][debug][gc,phases      ] GC(72) Weak Processing 0.543ms
[33.771s][debug][gc,age         ] GC(72) Desired survivor size 149946368 bytes, new threshold 15 (max threshold 15)
[33.771s][info ][gc,heap        ] GC(72) PSYoungGen: 1929014K(1929216K)->115446K(1947648K) Eden: 1816064K(1816064K)->0K(1804288K) From: 112950K(113152K)->115446K(143360K)
[33.771s][info ][gc,heap        ] GC(72) ParOldGen: 386153K(441856K)->386897K(441856K)
[33.771s][info ][gc,metaspace   ] GC(72) Metaspace: 73960K(74560K)->73960K(74560K) NonClass: 63607K(63936K)->63607K(63936K) Class: 10353K(10624K)->10353K(10624K)
[33.771s][info ][gc             ] GC(72) Pause Young (Allocation Failure) 2260M->490M(2333M) 30.190ms
[33.771s][info ][gc,cpu         ] GC(72) User=0.10s Sys=0.02s Real=0.03s
[33.771s][info ][safepoint      ] Safepoint "ParallelGCFailedAllocation", Time since last: 72930052 ns, Reaching safepoint: 164504 ns, At safepoint: 30313245 ns, Total: 30477749 ns
[33.900s][info ][safepoint      ] Safepoint "ICBufferFull", Time since last: 128868042 ns, Reaching safepoint: 361208 ns, At safepoint: 33301 ns, Total: 394509 ns
[33.989s][info ][safepoint      ] Safepoint "ICBufferFull", Time since last: 85701024 ns, Reaching safepoint: 3175767 ns, At safepoint: 31401 ns, Total: 3207168 ns
[34.069s][info ][safepoint      ] Safepoint "ICBufferFull", Time since last: 79765797 ns, Reaching safepoint: 155004 ns, At safepoint: 23900 ns, Total: 178904 ns
[34.181s][info ][gc,start       ] GC(73) Pause Young (Allocation Failure)
[34.210s][debug][gc,phases      ] GC(73) Scavenge 28.674ms
[34.210s][debug][gc,ref         ] GC(73) Skipped phase 1 of Reference Processing: no references
[34.210s][debug][gc,ref         ] GC(73) Skipped phase 3 of Reference Processing: no references
[34.210s][debug][gc,phases      ] GC(73) Reference Processing 0.025ms
[34.210s][debug][gc,phases      ] GC(73) Weak Processing 0.531ms
[34.210s][debug][gc,age         ] GC(73) Desired survivor size 148373504 bytes, new threshold 15 (max threshold 15)
[34.211s][info ][gc,heap        ] GC(73) PSYoungGen: 1919734K(1947648K)->106630K(1950720K) Eden: 1804288K(1804288K)->0K(1804288K) From: 115446K(143360K)->106630K(146432K)
[34.211s][info ][gc,heap        ] GC(73) ParOldGen: 386897K(441856K)->396471K(441856K)
[34.211s][info ][gc,metaspace   ] GC(73) Metaspace: 73976K(74560K)->73976K(74560K) NonClass: 63623K(63936K)->63623K(63936K) Class: 10353K(10624K)->10353K(10624K)
[34.211s][info ][gc             ] GC(73) Pause Young (Allocation Failure) 2252M->491M(2336M) 29.372ms
[34.211s][info ][gc,cpu         ] GC(73) User=0.09s Sys=0.02s Real=0.02s
[34.211s][info ][safepoint      ] Safepoint "ParallelGCFailedAllocation", Time since last: 112079285 ns, Reaching safepoint: 192605 ns, At safepoint: 29488627 ns, Total: 29681232 ns
[34.644s][info ][gc,start       ] GC(74) Pause Young (Allocation Failure)
[34.670s][debug][gc,phases      ] GC(74) Scavenge 26.652ms
[34.670s][debug][gc,ref         ] GC(74) Skipped phase 1 of Reference Processing: no references
[34.671s][debug][gc,ref         ] GC(74) Skipped phase 3 of Reference Processing: no references
[34.671s][debug][gc,phases      ] GC(74) Reference Processing 0.025ms
[34.671s][debug][gc,phases      ] GC(74) Weak Processing 0.588ms
[34.671s][debug][gc,age         ] GC(74) Desired survivor size 145752064 bytes, new threshold 15 (max threshold 15)
[34.671s][info ][gc,heap        ] GC(74) PSYoungGen: 1910918K(1950720K)->102848K(1954816K) Eden: 1804288K(1804288K)->0K(1809920K) From: 106630K(146432K)->102848K(144896K)
[34.671s][info ][gc,heap        ] GC(74) ParOldGen: 396471K(441856K)->400980K(441856K)
[34.671s][info ][gc,metaspace   ] GC(74) Metaspace: 74009K(74560K)->74009K(74560K) NonClass: 63656K(63936K)->63656K(63936K) Class: 10353K(10624K)->10353K(10624K)
[34.671s][info ][gc             ] GC(74) Pause Young (Allocation Failure) 2253M->492M(2340M) 27.396ms
[34.671s][info ][gc,cpu         ] GC(74) User=0.11s Sys=0.00s Real=0.02s
[34.671s][info ][safepoint      ] Safepoint "ParallelGCFailedAllocation", Time since last: 430903871 ns, Reaching safepoint: 2199446 ns, At safepoint: 27518686 ns, Total: 29718132 ns
[35.122s][info ][gc,start       ] GC(75) Pause Young (Allocation Failure)
[35.147s][debug][gc,phases      ] GC(75) Scavenge 24.485ms
[35.147s][debug][gc,ref         ] GC(75) Skipped phase 1 of Reference Processing: no references
[35.147s][debug][gc,ref         ] GC(75) Skipped phase 3 of Reference Processing: no references
[35.147s][debug][gc,phases      ] GC(75) Reference Processing 0.028ms
[35.148s][debug][gc,phases      ] GC(75) Weak Processing 0.519ms
[35.148s][debug][gc,age         ] GC(75) Desired survivor size 141557760 bytes, new threshold 15 (max threshold 15)
[35.148s][info ][gc,heap        ] GC(75) PSYoungGen: 1912768K(1954816K)->94960K(1952256K) Eden: 1809920K(1809920K)->0K(1809920K) From: 102848K(144896K)->94960K(142336K)
[35.148s][info ][gc,heap        ] GC(75) ParOldGen: 400980K(441856K)->409522K(441856K)
[35.148s][info ][gc,metaspace   ] GC(75) Metaspace: 74026K(74624K)->74026K(74624K) NonClass: 63673K(64000K)->63673K(64000K) Class: 10353K(10624K)->10353K(10624K)
[35.148s][info ][gc             ] GC(75) Pause Young (Allocation Failure) 2259M->492M(2338M) 25.194ms
[35.148s][info ][gc,cpu         ] GC(75) User=0.10s Sys=0.00s Real=0.02s
[35.148s][info ][safepoint      ] Safepoint "ParallelGCFailedAllocation", Time since last: 450666991 ns, Reaching safepoint: 549212 ns, At safepoint: 25324839 ns, Total: 25874051 ns
[35.619s][info ][gc,start       ] GC(76) Pause Young (Allocation Failure)
[35.644s][debug][gc,phases      ] GC(76) Scavenge 24.710ms
[35.644s][debug][gc,ref         ] GC(76) Skipped phase 1 of Reference Processing: no references
[35.644s][debug][gc,ref         ] GC(76) Skipped phase 3 of Reference Processing: no references
[35.644s][debug][gc,phases      ] GC(76) Reference Processing 0.034ms
[35.645s][debug][gc,phases      ] GC(76) Weak Processing 0.718ms
[35.645s][debug][gc,age         ] GC(76) Desired survivor size 139984896 bytes, new threshold 15 (max threshold 15)
[35.645s][info ][gc,heap        ] GC(76) PSYoungGen: 1904880K(1952256K)->85410K(1960448K) Eden: 1809920K(1809920K)->0K(1822208K) From: 94960K(142336K)->85410K(138240K)
[35.645s][info ][gc,heap        ] GC(76) ParOldGen: 409522K(441856K)->419998K(441856K)
[35.645s][info ][gc,metaspace   ] GC(76) Metaspace: 74069K(74624K)->74069K(74624K) NonClass: 63716K(64000K)->63716K(64000K) Class: 10353K(10624K)->10353K(10624K)
[35.645s][info ][gc             ] GC(76) Pause Young (Allocation Failure) 2260M->493M(2346M) 25.642ms
[35.645s][info ][gc,cpu         ] GC(76) User=0.10s Sys=0.01s Real=0.03s
[35.645s][info ][safepoint      ] Safepoint "ParallelGCFailedAllocation", Time since last: 471423833 ns, Reaching safepoint: 213905 ns, At safepoint: 25763448 ns, Total: 25977353 ns
[36.084s][info ][gc,start       ] GC(77) Pause Young (Allocation Failure)
[36.109s][debug][gc,phases      ] GC(77) Scavenge 25.129ms
[36.109s][debug][gc,ref         ] GC(77) Skipped phase 1 of Reference Processing: no references
[36.109s][debug][gc,ref         ] GC(77) Skipped phase 3 of Reference Processing: no references
[36.109s][debug][gc,phases      ] GC(77) Reference Processing 0.024ms
[36.109s][debug][gc,phases      ] GC(77) Weak Processing 0.567ms
[36.109s][debug][gc,age         ] GC(77) Desired survivor size 138936320 bytes, new threshold 15 (max threshold 15)
[36.109s][info ][gc,heap        ] GC(77) PSYoungGen: 1907618K(1960448K)->76691K(1958912K) Eden: 1822208K(1822208K)->0K(1822208K) From: 85410K(138240K)->76691K(136704K)
[36.109s][info ][gc,heap        ] GC(77) ParOldGen: 419998K(441856K)->429632K(441856K)
[36.109s][info ][gc,metaspace   ] GC(77) Metaspace: 74093K(74688K)->74093K(74688K) NonClass: 63740K(64064K)->63740K(64064K) Class: 10353K(10624K)->10353K(10624K)
[36.109s][info ][gc             ] GC(77) Pause Young (Allocation Failure) 2273M->494M(2344M) 25.858ms
[36.109s][info ][gc,cpu         ] GC(77) User=0.11s Sys=0.02s Real=0.02s
[36.109s][debug][gc,phases      ] GC(78) Pre Compact 0.011ms
[36.109s][info ][gc,start       ] GC(78) Pause Full (Ergonomics)
[36.109s][info ][gc,phases,start] GC(78) Marking Phase
[36.248s][debug][gc,phases      ] GC(78) Par Mark 138.363ms
[36.248s][debug][gc,ref         ] GC(78) Skipped phase 1 of Reference Processing: no references
[36.248s][debug][gc,phases      ] GC(78) Reference Processing 0.387ms
[36.249s][debug][gc,phases      ] GC(78) Weak Processing 0.539ms
[36.249s][debug][gc,phases      ] GC(78) ClassLoaderData 0.059ms
[36.249s][debug][gc,phases      ] GC(78) Trigger cleanups 0.000ms
[36.261s][debug][gc,phases      ] GC(78) Class Unloading 11.919ms
[36.261s][info ][gc,phases      ] GC(78) Marking Phase 151.373ms
[36.261s][info ][gc,phases,start] GC(78) Summary Phase
[36.261s][info ][gc,phases      ] GC(78) Summary Phase 0.011ms
[36.261s][info ][gc,phases,start] GC(78) Adjust Roots
[36.273s][info ][gc,phases      ] GC(78) Adjust Roots 11.855ms
[36.273s][info ][gc,phases,start] GC(78) Compaction Phase
[36.438s][info ][gc,phases      ] GC(78) Compaction Phase 165.007ms
[36.438s][info ][gc,phases,start] GC(78) Post Compact
[36.439s][info ][gc,phases      ] GC(78) Post Compact 1.358ms
[36.439s][info ][gc,heap        ] GC(78) PSYoungGen: 76691K(1958912K)->53034K(1958912K) Eden: 0K(1822208K)->0K(1822208K) From: 76691K(136704K)->53034K(136704K)
[36.439s][info ][gc,heap        ] GC(78) ParOldGen: 429632K(441856K)->441389K(539136K)
[36.439s][info ][gc,metaspace   ] GC(78) Metaspace: 74093K(74688K)->74093K(74688K) NonClass: 63740K(64064K)->63740K(64064K) Class: 10353K(10624K)->10353K(10624K)
[36.439s][info ][gc             ] GC(78) Pause Full (Ergonomics) 494M->482M(2439M) 329.918ms
[36.439s][info ][gc,cpu         ] GC(78) User=1.22s Sys=0.00s Real=0.33s
[36.443s][info ][safepoint      ] Safepoint "ParallelGCFailedAllocation", Time since last: 438229427 ns, Reaching safepoint: 148103 ns, At safepoint: 359819158 ns, Total: 359967261 ns
[36.873s][info ][gc,start       ] GC(79) Pause Young (Allocation Failure)
[36.927s][debug][gc,phases      ] GC(79) Scavenge 54.552ms
[36.927s][debug][gc,ref         ] GC(79) Skipped phase 1 of Reference Processing: no references
[36.927s][debug][gc,ref         ] GC(79) Skipped phase 3 of Reference Processing: no references
[36.927s][debug][gc,ref         ] GC(79) Skipped phase 4 of Reference Processing: no references
[36.927s][debug][gc,phases      ] GC(79) Reference Processing 0.027ms
[36.928s][debug][gc,phases      ] GC(79) Weak Processing 0.543ms
[36.928s][debug][gc,age         ] GC(79) Desired survivor size 142606336 bytes, new threshold 15 (max threshold 15)
[36.928s][info ][gc,heap        ] GC(79) PSYoungGen: 1875242K(1958912K)->51424K(1954304K) Eden: 1822208K(1822208K)->0K(1818624K) From: 53034K(136704K)->51424K(135680K)
[36.928s][info ][gc,heap        ] GC(79) ParOldGen: 441389K(539136K)->444873K(539136K)
[36.928s][info ][gc,metaspace   ] GC(79) Metaspace: 74105K(74688K)->74105K(74688K) NonClass: 63752K(64064K)->63752K(64064K) Class: 10353K(10624K)->10353K(10624K)
[36.928s][info ][gc             ] GC(79) Pause Young (Allocation Failure) 2262M->484M(2435M) 55.263ms
[36.928s][info ][gc,cpu         ] GC(79) User=0.23s Sys=0.00s Real=0.06s
[36.928s][info ][safepoint      ] Safepoint "ParallelGCFailedAllocation", Time since last: 428991030 ns, Reaching safepoint: 132603 ns, At safepoint: 55382879 ns, Total: 55515482 ns
[37.342s][info ][gc,start       ] GC(80) Pause Young (Allocation Failure)
[37.356s][debug][gc,phases      ] GC(80) Scavenge 13.907ms
[37.356s][debug][gc,ref         ] GC(80) Skipped phase 1 of Reference Processing: no references
[37.356s][debug][gc,ref         ] GC(80) Skipped phase 3 of Reference Processing: no references
[37.356s][debug][gc,ref         ] GC(80) Skipped phase 4 of Reference Processing: no references
[37.356s][debug][gc,phases      ] GC(80) Reference Processing 0.027ms
[37.356s][debug][gc,phases      ] GC(80) Weak Processing 0.565ms
[37.356s][debug][gc,age         ] GC(80) Desired survivor size 145227776 bytes, new threshold 15 (max threshold 15)
[37.356s][info ][gc,heap        ] GC(80) PSYoungGen: 1870048K(1954304K)->44160K(1863168K) Eden: 1818624K(1818624K)->0K(1818624K) From: 51424K(135680K)->44160K(44544K)
[37.356s][info ][gc,heap        ] GC(80) ParOldGen: 444873K(539136K)->453243K(539136K)
[37.356s][info ][gc,metaspace   ] GC(80) Metaspace: 74109K(74688K)->74109K(74688K) NonClass: 63755K(64064K)->63755K(64064K) Class: 10354K(10624K)->10354K(10624K)
[37.356s][info ][gc             ] GC(80) Pause Young (Allocation Failure) 2260M->485M(2346M) 14.667ms
[37.356s][info ][gc,cpu         ] GC(80) User=0.06s Sys=0.00s Real=0.01s
[37.356s][info ][safepoint      ] Safepoint "ParallelGCFailedAllocation", Time since last: 412730184 ns, Reaching safepoint: 1041522 ns, At safepoint: 14803915 ns, Total: 15845437 ns
[37.777s][info ][gc,start       ] GC(81) Pause Young (Allocation Failure)
[37.790s][debug][gc,phases      ] GC(81) Scavenge 12.443ms
[37.790s][debug][gc,ref         ] GC(81) Skipped phase 1 of Reference Processing: no references
[37.790s][debug][gc,ref         ] GC(81) Skipped phase 3 of Reference Processing: no references
[37.790s][debug][gc,ref         ] GC(81) Skipped phase 4 of Reference Processing: no references
[37.790s][debug][gc,phases      ] GC(81) Reference Processing 0.026ms
[37.790s][debug][gc,phases      ] GC(81) Weak Processing 0.590ms
[37.790s][debug][gc,age         ] GC(81) Desired survivor size 147849216 bytes, new threshold 15 (max threshold 15)
[37.791s][info ][gc,heap        ] GC(81) PSYoungGen: 1862784K(1863168K)->39776K(1950208K) Eden: 1818624K(1818624K)->0K(1808384K) From: 44160K(44544K)->39776K(141824K)
[37.791s][info ][gc,heap        ] GC(81) ParOldGen: 453243K(539136K)->458548K(539136K)
[37.791s][info ][gc,metaspace   ] GC(81) Metaspace: 74139K(74688K)->74139K(74688K) NonClass: 63784K(64064K)->63784K(64064K) Class: 10354K(10624K)->10354K(10624K)
[37.791s][info ][gc             ] GC(81) Pause Young (Allocation Failure) 2261M->486M(2431M) 13.215ms
[37.791s][info ][gc,cpu         ] GC(81) User=0.04s Sys=0.01s Real=0.01s
[37.791s][info ][safepoint      ] Safepoint "ParallelGCFailedAllocation", Time since last: 416542066 ns, Reaching safepoint: 4273191 ns, At safepoint: 13340584 ns, Total: 17613775 ns
[38.216s][info ][gc,start       ] GC(82) Pause Young (Allocation Failure)
[38.229s][debug][gc,phases      ] GC(82) Scavenge 12.349ms
[38.229s][debug][gc,ref         ] GC(82) Skipped phase 1 of Reference Processing: no references
[38.229s][debug][gc,ref         ] GC(82) Skipped phase 3 of Reference Processing: no references
[38.229s][debug][gc,ref         ] GC(82) Skipped phase 4 of Reference Processing: no references
[38.229s][debug][gc,phases      ] GC(82) Reference Processing 0.026ms
[38.229s][debug][gc,phases      ] GC(82) Weak Processing 0.522ms
[38.229s][debug][gc,age         ] GC(82) Desired survivor size 149422080 bytes, new threshold 15 (max threshold 15)
[38.229s][info ][gc,heap        ] GC(82) PSYoungGen: 1848160K(1950208K)->34144K(1842688K) Eden: 1808384K(1808384K)->0K(1808384K) From: 39776K(141824K)->34144K(34304K)
[38.229s][info ][gc,heap        ] GC(82) ParOldGen: 458548K(539136K)->465264K(539136K)
[38.229s][info ][gc,metaspace   ] GC(82) Metaspace: 74140K(74688K)->74140K(74688K) NonClass: 63785K(64064K)->63785K(64064K) Class: 10354K(10624K)->10354K(10624K)
[38.229s][info ][gc             ] GC(82) Pause Young (Allocation Failure) 2252M->487M(2326M) 13.061ms
[38.229s][info ][gc,cpu         ] GC(82) User=0.03s Sys=0.01s Real=0.01s
[38.229s][info ][safepoint      ] Safepoint "ParallelGCFailedAllocation", Time since last: 425420755 ns, Reaching safepoint: 163503 ns, At safepoint: 13184081 ns, Total: 13347584 ns
[38.648s][info ][gc,start       ] GC(83) Pause Young (Allocation Failure)
[38.659s][debug][gc,phases      ] GC(83) Scavenge 11.377ms
[38.659s][debug][gc,ref         ] GC(83) Skipped phase 1 of Reference Processing: no references
[38.659s][debug][gc,ref         ] GC(83) Skipped phase 3 of Reference Processing: no references
[38.659s][debug][gc,ref         ] GC(83) Skipped phase 4 of Reference Processing: no references
[38.659s][debug][gc,phases      ] GC(83) Reference Processing 0.035ms
[38.660s][debug][gc,phases      ] GC(83) Weak Processing 0.688ms
[38.660s][debug][gc,age         ] GC(83) Desired survivor size 149946368 bytes, new threshold 15 (max threshold 15)
[38.660s][info ][gc,heap        ] GC(83) PSYoungGen: 1842528K(1842688K)->30848K(1950208K) Eden: 1808384K(1808384K)->0K(1804288K) From: 34144K(34304K)->30848K(145920K)
[38.660s][info ][gc,heap        ] GC(83) ParOldGen: 465264K(539136K)->470006K(539136K)
[38.660s][info ][gc,metaspace   ] GC(83) Metaspace: 74141K(74688K)->74141K(74688K) NonClass: 63786K(64064K)->63786K(64064K) Class: 10354K(10624K)->10354K(10624K)
[38.660s][info ][gc             ] GC(83) Pause Young (Allocation Failure) 2253M->489M(2431M) 12.266ms
[38.660s][info ][gc,cpu         ] GC(83) User=0.05s Sys=0.00s Real=0.01s
[38.660s][info ][safepoint      ] Safepoint "ParallelGCFailedAllocation", Time since last: 418062198 ns, Reaching safepoint: 165803 ns, At safepoint: 12389164 ns, Total: 12554967 ns
[39.660s][info ][safepoint      ] Safepoint "Cleanup", Time since last: 1000087187 ns, Reaching safepoint: 90602 ns, At safepoint: 5600 ns, Total: 96202 ns
[40.660s][info ][safepoint      ] Safepoint "Cleanup", Time since last: 1000101587 ns, Reaching safepoint: 63901 ns, At safepoint: 10701 ns, Total: 74602 ns
[41.661s][info ][safepoint      ] Safepoint "Cleanup", Time since last: 1000104788 ns, Reaching safepoint: 81602 ns, At safepoint: 6200 ns, Total: 87802 ns
[42.661s][info ][safepoint      ] Safepoint "Cleanup", Time since last: 1000118689 ns, Reaching safepoint: 51401 ns, At safepoint: 4200 ns, Total: 55601 ns
[43.661s][info ][safepoint      ] Safepoint "Cleanup", Time since last: 1000110789 ns, Reaching safepoint: 58501 ns, At safepoint: 4500 ns, Total: 63001 ns
[44.661s][info ][safepoint      ] Safepoint "Cleanup", Time since last: 1000111390 ns, Reaching safepoint: 64402 ns, At safepoint: 11300 ns, Total: 75702 ns
[45.661s][info ][safepoint      ] Safepoint "Cleanup", Time since last: 1000121291 ns, Reaching safepoint: 63901 ns, At safepoint: 7500 ns, Total: 71401 ns
[46.661s][info ][safepoint      ] Safepoint "Cleanup", Time since last: 1000106091 ns, Reaching safepoint: 67101 ns, At safepoint: 14901 ns, Total: 82002 ns
[47.662s][info ][safepoint      ] Safepoint "Cleanup", Time since last: 1000107991 ns, Reaching safepoint: 66002 ns, At safepoint: 8000 ns, Total: 74002 ns
[48.662s][info ][safepoint      ] Safepoint "Cleanup", Time since last: 1000112692 ns, Reaching safepoint: 71101 ns, At safepoint: 5800 ns, Total: 76901 ns
[49.662s][info ][safepoint      ] Safepoint "Cleanup", Time since last: 1000086993 ns, Reaching safepoint: 75301 ns, At safepoint: 8700 ns, Total: 84001 ns
[50.662s][info ][safepoint      ] Safepoint "Cleanup", Time since last: 1000117894 ns, Reaching safepoint: 66601 ns, At safepoint: 11800 ns, Total: 78401 ns
[51.662s][info ][safepoint      ] Safepoint "Cleanup", Time since last: 1000110594 ns, Reaching safepoint: 68002 ns, At safepoint: 5500 ns, Total: 73502 ns
[52.663s][info ][safepoint      ] Safepoint "Cleanup", Time since last: 1000107694 ns, Reaching safepoint: 52001 ns, At safepoint: 2900 ns, Total: 54901 ns
[53.663s][info ][safepoint      ] Safepoint "Cleanup", Time since last: 1000105795 ns, Reaching safepoint: 122902 ns, At safepoint: 6301 ns, Total: 129203 ns
[54.663s][info ][safepoint      ] Safepoint "Cleanup", Time since last: 1000105395 ns, Reaching safepoint: 96502 ns, At safepoint: 22600 ns, Total: 119102 ns
[55.663s][info ][safepoint      ] Safepoint "Cleanup", Time since last: 1000063895 ns, Reaching safepoint: 104002 ns, At safepoint: 7401 ns, Total: 111403 ns
[56.663s][info ][safepoint      ] Safepoint "Cleanup", Time since last: 1000120096 ns, Reaching safepoint: 125303 ns, At safepoint: 11200 ns, Total: 136503 ns
[57.664s][info ][safepoint      ] Safepoint "Cleanup", Time since last: 1000120197 ns, Reaching safepoint: 127303 ns, At safepoint: 12800 ns, Total: 140103 ns
[58.664s][info ][safepoint      ] Safepoint "Cleanup", Time since last: 1000118298 ns, Reaching safepoint: 56501 ns, At safepoint: 9200 ns, Total: 65701 ns
[59.664s][info ][safepoint      ] Safepoint "Cleanup", Time since last: 1000116599 ns, Reaching safepoint: 136003 ns, At safepoint: 10500 ns, Total: 146503 ns
[60.664s][info ][safepoint      ] Safepoint "Cleanup", Time since last: 1000102298 ns, Reaching safepoint: 120303 ns, At safepoint: 9400 ns, Total: 129703 ns
[61.665s][info ][safepoint      ] Safepoint "Cleanup", Time since last: 1000111699 ns, Reaching safepoint: 114403 ns, At safepoint: 5200 ns, Total: 119603 ns
[63.665s][info ][safepoint      ] Safepoint "Cleanup", Time since last: 2000178199 ns, Reaching safepoint: 162103 ns, At safepoint: 9100 ns, Total: 171203 ns
[64.665s][info ][safepoint      ] Safepoint "Cleanup", Time since last: 1000104501 ns, Reaching safepoint: 115103 ns, At safepoint: 6800 ns, Total: 121903 ns
[65.665s][info ][safepoint      ] Safepoint "Cleanup", Time since last: 1000103501 ns, Reaching safepoint: 115602 ns, At safepoint: 5400 ns, Total: 121002 ns
[67.018s][info ][safepoint      ] Safepoint "Cleanup", Time since last: 1352870016 ns, Reaching safepoint: 74402 ns, At safepoint: 8500 ns, Total: 82902 ns
[68.019s][info ][safepoint      ] Safepoint "Cleanup", Time since last: 1000105302 ns, Reaching safepoint: 47201 ns, At safepoint: 8400 ns, Total: 55601 ns
[69.321s][info ][safepoint      ] Safepoint "Cleanup", Time since last: 1301869731 ns, Reaching safepoint: 117503 ns, At safepoint: 5700 ns, Total: 123203 ns
[70.844s][info ][safepoint      ] Safepoint "Cleanup", Time since last: 1523131245 ns, Reaching safepoint: 61301 ns, At safepoint: 7801 ns, Total: 69102 ns
[71.844s][info ][safepoint      ] Safepoint "Cleanup", Time since last: 1000109004 ns, Reaching safepoint: 54801 ns, At safepoint: 12201 ns, Total: 67002 ns
[72.844s][info ][safepoint      ] Safepoint "Cleanup", Time since last: 1000192806 ns, Reaching safepoint: 55702 ns, At safepoint: 6000 ns, Total: 61702 ns
[73.844s][info ][safepoint      ] Safepoint "Cleanup", Time since last: 1000109305 ns, Reaching safepoint: 106603 ns, At safepoint: 10400 ns, Total: 117003 ns
[74.845s][info ][safepoint      ] Safepoint "Cleanup", Time since last: 1000085405 ns, Reaching safepoint: 63602 ns, At safepoint: 8400 ns, Total: 72002 ns
[75.845s][info ][safepoint      ] Safepoint "Cleanup", Time since last: 1000083806 ns, Reaching safepoint: 65102 ns, At safepoint: 8400 ns, Total: 73502 ns
[76.845s][info ][safepoint      ] Safepoint "Cleanup", Time since last: 1000110107 ns, Reaching safepoint: 50601 ns, At safepoint: 3400 ns, Total: 54001 ns
[77.845s][info ][safepoint      ] Safepoint "Cleanup", Time since last: 1000106508 ns, Reaching safepoint: 66501 ns, At safepoint: 7600 ns, Total: 74101 ns
[78.845s][info ][safepoint      ] Safepoint "Cleanup", Time since last: 1000121009 ns, Reaching safepoint: 95602 ns, At safepoint: 6800 ns, Total: 102402 ns
[79.610s][info ][safepoint      ] Safepoint "ICBufferFull", Time since last: 764689993 ns, Reaching safepoint: 263405 ns, At safepoint: 13201 ns, Total: 276606 ns
[79.702s][info ][gc,start       ] GC(84) Pause Young (Allocation Failure)
[79.718s][debug][gc,phases      ] GC(84) Scavenge 15.522ms
[79.718s][debug][gc,ref         ] GC(84) Skipped phase 1 of Reference Processing: no references
[79.718s][debug][gc,ref         ] GC(84) Skipped phase 3 of Reference Processing: no references
[79.718s][debug][gc,phases      ] GC(84) Reference Processing 0.041ms
[79.718s][debug][gc,phases      ] GC(84) Weak Processing 0.662ms
[79.718s][debug][gc,age         ] GC(84) Desired survivor size 148373504 bytes, new threshold 15 (max threshold 15)
[79.718s][info ][gc,heap        ] GC(84) PSYoungGen: 1835136K(1950208K)->37472K(1950720K) Eden: 1804288K(1804288K)->0K(1804288K) From: 30848K(145920K)->37472K(146432K)
[79.718s][info ][gc,heap        ] GC(84) ParOldGen: 470006K(539136K)->477682K(539136K)
[79.718s][info ][gc,metaspace   ] GC(84) Metaspace: 74739K(75328K)->74739K(75328K) NonClass: 64332K(64640K)->64332K(64640K) Class: 10406K(10688K)->10406K(10688K)
[79.718s][info ][gc             ] GC(84) Pause Young (Allocation Failure) 2251M->503M(2431M) 16.364ms
[79.718s][info ][gc,cpu         ] GC(84) User=0.05s Sys=0.02s Real=0.01s
[79.718s][info ][safepoint      ] Safepoint "ParallelGCFailedAllocation", Time since last: 91687953 ns, Reaching safepoint: 81802 ns, At safepoint: 16453751 ns, Total: 16535553 ns
[80.719s][info ][safepoint      ] Safepoint "Cleanup", Time since last: 1000086608 ns, Reaching safepoint: 187604 ns, At safepoint: 11401 ns, Total: 199005 ns
[81.719s][info ][safepoint      ] Safepoint "Cleanup", Time since last: 1000096609 ns, Reaching safepoint: 49601 ns, At safepoint: 4300 ns, Total: 53901 ns
[82.719s][info ][safepoint      ] Safepoint "Cleanup", Time since last: 1000105410 ns, Reaching safepoint: 47701 ns, At safepoint: 10001 ns, Total: 57702 ns
[84.719s][info ][safepoint      ] Safepoint "Cleanup", Time since last: 2000183821 ns, Reaching safepoint: 147503 ns, At safepoint: 8900 ns, Total: 156403 ns
[85.720s][info ][safepoint      ] Safepoint "Cleanup", Time since last: 1000120112 ns, Reaching safepoint: 55401 ns, At safepoint: 3200 ns, Total: 58601 ns
[87.720s][info ][safepoint      ] Safepoint "Cleanup", Time since last: 2000202625 ns, Reaching safepoint: 51701 ns, At safepoint: 10001 ns, Total: 61702 ns
[88.720s][info ][safepoint      ] Safepoint "Cleanup", Time since last: 1000109513 ns, Reaching safepoint: 72301 ns, At safepoint: 8001 ns, Total: 80302 ns
[89.720s][info ][safepoint      ] Safepoint "Cleanup", Time since last: 1000134114 ns, Reaching safepoint: 55601 ns, At safepoint: 9100 ns, Total: 64701 ns
[90.720s][info ][safepoint      ] Safepoint "Cleanup", Time since last: 1000104215 ns, Reaching safepoint: 68801 ns, At safepoint: 8000 ns, Total: 76801 ns
[92.721s][info ][safepoint      ] Safepoint "Cleanup", Time since last: 2000176830 ns, Reaching safepoint: 75601 ns, At safepoint: 11100 ns, Total: 86701 ns
[93.721s][info ][safepoint      ] Safepoint "Cleanup", Time since last: 1000102816 ns, Reaching safepoint: 86302 ns, At safepoint: 5700 ns, Total: 92002 ns
[94.721s][info ][safepoint      ] Safepoint "Cleanup", Time since last: 1000087516 ns, Reaching safepoint: 42501 ns, At safepoint: 2700 ns, Total: 45201 ns
[95.721s][info ][safepoint      ] Safepoint "Cleanup", Time since last: 1000106217 ns, Reaching safepoint: 57701 ns, At safepoint: 8300 ns, Total: 66001 ns
[97.721s][info ][safepoint      ] Safepoint "Cleanup", Time since last: 2000167834 ns, Reaching safepoint: 47801 ns, At safepoint: 3101 ns, Total: 50902 ns
[98.722s][info ][safepoint      ] Safepoint "Cleanup", Time since last: 1000103718 ns, Reaching safepoint: 49501 ns, At safepoint: 5900 ns, Total: 55401 ns
[99.722s][info ][safepoint      ] Safepoint "Cleanup", Time since last: 1000107119 ns, Reaching safepoint: 65701 ns, At safepoint: 7400 ns, Total: 73101 ns
[100.722s][info ][safepoint      ] Safepoint "Cleanup", Time since last: 1000104420 ns, Reaching safepoint: 58701 ns, At safepoint: 7600 ns, Total: 66301 ns
[104.722s][info ][safepoint      ] Safepoint "Cleanup", Time since last: 4000248579 ns, Reaching safepoint: 58401 ns, At safepoint: 7400 ns, Total: 65801 ns
[105.855s][info ][safepoint      ] Safepoint "Cleanup", Time since last: 1132474344 ns, Reaching safepoint: 145603 ns, At safepoint: 13700 ns, Total: 159303 ns
[106.855s][info ][safepoint      ] Safepoint "Cleanup", Time since last: 1000136823 ns, Reaching safepoint: 145003 ns, At safepoint: 19001 ns, Total: 164004 ns
[107.855s][info ][safepoint      ] Safepoint "Cleanup", Time since last: 1000132223 ns, Reaching safepoint: 45701 ns, At safepoint: 4100 ns, Total: 49801 ns
[108.855s][info ][safepoint      ] Safepoint "Cleanup", Time since last: 1000111324 ns, Reaching safepoint: 56001 ns, At safepoint: 11700 ns, Total: 67701 ns
[111.856s][info ][safepoint      ] Safepoint "Cleanup", Time since last: 3000288273 ns, Reaching safepoint: 58201 ns, At safepoint: 3000 ns, Total: 61201 ns
[112.856s][info ][safepoint      ] Safepoint "Cleanup", Time since last: 1000117426 ns, Reaching safepoint: 51801 ns, At safepoint: 3000 ns, Total: 54801 ns
[113.856s][info ][safepoint      ] Safepoint "Cleanup", Time since last: 1000112926 ns, Reaching safepoint: 55001 ns, At safepoint: 3100 ns, Total: 58101 ns
[114.856s][info ][safepoint      ] Safepoint "Cleanup", Time since last: 1000105926 ns, Reaching safepoint: 57201 ns, At safepoint: 7801 ns, Total: 65002 ns
[115.857s][info ][safepoint      ] Safepoint "Cleanup", Time since last: 1000112026 ns, Reaching safepoint: 67302 ns, At safepoint: 7600 ns, Total: 74902 ns
[116.857s][info ][safepoint      ] Safepoint "Cleanup", Time since last: 1000104727 ns, Reaching safepoint: 70702 ns, At safepoint: 8900 ns, Total: 79602 ns
[119.857s][info ][safepoint      ] Safepoint "Cleanup", Time since last: 3000240883 ns, Reaching safepoint: 57701 ns, At safepoint: 3100 ns, Total: 60801 ns
[122.857s][info ][safepoint      ] Safepoint "Cleanup", Time since last: 3000248788 ns, Reaching safepoint: 64701 ns, At safepoint: 11300 ns, Total: 76001 ns
[123.858s][info ][safepoint      ] Safepoint "Cleanup", Time since last: 1000111231 ns, Reaching safepoint: 83802 ns, At safepoint: 13900 ns, Total: 97702 ns
[125.858s][info ][safepoint      ] Safepoint "Cleanup", Time since last: 2000164462 ns, Reaching safepoint: 66301 ns, At safepoint: 25401 ns, Total: 91702 ns
[126.858s][info ][safepoint      ] Safepoint "Cleanup", Time since last: 1000121132 ns, Reaching safepoint: 54701 ns, At safepoint: 10301 ns, Total: 65002 ns
[128.858s][info ][safepoint      ] Safepoint "Cleanup", Time since last: 2000195565 ns, Reaching safepoint: 60301 ns, At safepoint: 5600 ns, Total: 65901 ns
[130.859s][info ][safepoint      ] Safepoint "Cleanup", Time since last: 2000178767 ns, Reaching safepoint: 58801 ns, At safepoint: 8500 ns, Total: 67301 ns
[132.859s][info ][safepoint      ] Safepoint "Cleanup", Time since last: 2000180769 ns, Reaching safepoint: 52001 ns, At safepoint: 4400 ns, Total: 56401 ns
[133.859s][info ][safepoint      ] Safepoint "Cleanup", Time since last: 1000119736 ns, Reaching safepoint: 60801 ns, At safepoint: 3700 ns, Total: 64501 ns
[134.465s][info ][gc,start       ] GC(85) Pause Young (Allocation Failure)
[134.475s][debug][gc,phases      ] GC(85) Scavenge 9.558ms
[134.475s][debug][gc,ref         ] GC(85) Skipped phase 1 of Reference Processing: no references
[134.475s][debug][gc,ref         ] GC(85) Skipped phase 3 of Reference Processing: no references
[134.475s][debug][gc,phases      ] GC(85) Reference Processing 0.067ms
[134.475s][debug][gc,phases      ] GC(85) Weak Processing 0.687ms
[134.475s][debug][gc,age         ] GC(85) Desired survivor size 149422080 bytes, new threshold 15 (max threshold 15)
[134.475s][info ][gc,heap        ] GC(85) PSYoungGen: 1841760K(1950720K)->17184K(1950208K) Eden: 1804288K(1804288K)->0K(1805312K) From: 37472K(146432K)->17184K(144896K)
[134.475s][info ][gc,heap        ] GC(85) ParOldGen: 477682K(539136K)->485699K(539136K)
[134.475s][info ][gc,metaspace   ] GC(85) Metaspace: 74917K(75520K)->74917K(75520K) NonClass: 64498K(64832K)->64498K(64832K) Class: 10419K(10688K)->10419K(10688K)
[134.475s][info ][gc             ] GC(85) Pause Young (Allocation Failure) 2265M->491M(2431M) 10.483ms
[134.475s][info ][gc,cpu         ] GC(85) User=0.03s Sys=0.00s Real=0.01s
[134.476s][info ][safepoint      ] Safepoint "ParallelGCFailedAllocation", Time since last: 605972928 ns, Reaching safepoint: 40100 ns, At safepoint: 10573326 ns, Total: 10613426 ns
[135.476s][info ][safepoint      ] Safepoint "Cleanup", Time since last: 1000098536 ns, Reaching safepoint: 53901 ns, At safepoint: 6300 ns, Total: 60201 ns
[139.476s][info ][safepoint      ] Safepoint "Cleanup", Time since last: 4000312947 ns, Reaching safepoint: 47401 ns, At safepoint: 3000 ns, Total: 50401 ns
[140.476s][info ][safepoint      ] Safepoint "Cleanup", Time since last: 1000107438 ns, Reaching safepoint: 44501 ns, At safepoint: 2400 ns, Total: 46901 ns
[141.476s][info ][safepoint      ] Safepoint "Cleanup", Time since last: 1000131640 ns, Reaching safepoint: 62501 ns, At safepoint: 6400 ns, Total: 68901 ns
[144.477s][info ][safepoint      ] Safepoint "Cleanup", Time since last: 3000243718 ns, Reaching safepoint: 48801 ns, At safepoint: 3100 ns, Total: 51901 ns
[145.477s][info ][safepoint      ] Safepoint "Cleanup", Time since last: 1000103541 ns, Reaching safepoint: 47401 ns, At safepoint: 6300 ns, Total: 53701 ns
[146.477s][info ][safepoint      ] Safepoint "Cleanup", Time since last: 1000117741 ns, Reaching safepoint: 44901 ns, At safepoint: 7101 ns, Total: 52002 ns
[148.477s][info ][safepoint      ] Safepoint "Cleanup", Time since last: 2000174182 ns, Reaching safepoint: 52902 ns, At safepoint: 5800 ns, Total: 58702 ns
[149.477s][info ][safepoint      ] Safepoint "Cleanup", Time since last: 1000103842 ns, Reaching safepoint: 114503 ns, At safepoint: 10700 ns, Total: 125203 ns
[150.478s][info ][safepoint      ] Safepoint "Cleanup", Time since last: 1000089042 ns, Reaching safepoint: 50302 ns, At safepoint: 6600 ns, Total: 56902 ns
[153.478s][info ][safepoint      ] Safepoint "Cleanup", Time since last: 3000229429 ns, Reaching safepoint: 57902 ns, At safepoint: 9700 ns, Total: 67602 ns
[154.478s][info ][safepoint      ] Safepoint "Cleanup", Time since last: 1000095344 ns, Reaching safepoint: 58502 ns, At safepoint: 8500 ns, Total: 67002 ns
[155.478s][info ][safepoint      ] Safepoint "Cleanup", Time since last: 1000111145 ns, Reaching safepoint: 125003 ns, At safepoint: 10500 ns, Total: 135503 ns
[156.478s][info ][safepoint      ] Safepoint "Cleanup", Time since last: 1000102246 ns, Reaching safepoint: 49101 ns, At safepoint: 2800 ns, Total: 51901 ns
[157.479s][info ][safepoint      ] Safepoint "Cleanup", Time since last: 1000131847 ns, Reaching safepoint: 45601 ns, At safepoint: 6400 ns, Total: 52001 ns
[158.479s][info ][safepoint      ] Safepoint "Cleanup", Time since last: 1000103346 ns, Reaching safepoint: 45501 ns, At safepoint: 2800 ns, Total: 48301 ns
[160.479s][info ][safepoint      ] Safepoint "Cleanup", Time since last: 2000175394 ns, Reaching safepoint: 57701 ns, At safepoint: 5600 ns, Total: 63301 ns
[163.479s][info ][safepoint      ] Safepoint "Cleanup", Time since last: 3000241044 ns, Reaching safepoint: 59301 ns, At safepoint: 6900 ns, Total: 66201 ns
[164.480s][info ][safepoint      ] Safepoint "Cleanup", Time since last: 1000108049 ns, Reaching safepoint: 50502 ns, At safepoint: 3300 ns, Total: 53802 ns
[168.480s][info ][safepoint      ] Safepoint "Cleanup", Time since last: 4000263598 ns, Reaching safepoint: 49401 ns, At safepoint: 2900 ns, Total: 52301 ns
[169.480s][info ][safepoint      ] Safepoint "Cleanup", Time since last: 1000109551 ns, Reaching safepoint: 53701 ns, At safepoint: 7800 ns, Total: 61501 ns
[173.480s][info ][safepoint      ] Safepoint "Cleanup", Time since last: 4000298808 ns, Reaching safepoint: 71301 ns, At safepoint: 10201 ns, Total: 81502 ns
[175.481s][info ][safepoint      ] Safepoint "Cleanup", Time since last: 2000139106 ns, Reaching safepoint: 48101 ns, At safepoint: 3900 ns, Total: 52001 ns
[178.481s][info ][safepoint      ] Safepoint "Cleanup", Time since last: 3000242663 ns, Reaching safepoint: 60401 ns, At safepoint: 10900 ns, Total: 71301 ns
[183.481s][info ][safepoint      ] Safepoint "Cleanup", Time since last: 5000393381 ns, Reaching safepoint: 51901 ns, At safepoint: 3300 ns, Total: 55201 ns
[190.482s][info ][safepoint      ] Safepoint "Cleanup", Time since last: 7000516009 ns, Reaching safepoint: 69502 ns, At safepoint: 3300 ns, Total: 72802 ns
[192.916s][info ][gc,start       ] GC(86) Pause Young (Allocation Failure)
[192.923s][debug][gc,phases      ] GC(86) Scavenge 7.571ms
[192.924s][debug][gc,ref         ] GC(86) Skipped phase 1 of Reference Processing: no references
[192.924s][debug][gc,ref         ] GC(86) Skipped phase 3 of Reference Processing: no references
[192.924s][debug][gc,phases      ] GC(86) Reference Processing 0.039ms
[192.924s][debug][gc,phases      ] GC(86) Weak Processing 0.696ms
[192.924s][debug][gc,age         ] GC(86) Desired survivor size 149422080 bytes, new threshold 15 (max threshold 15)
[192.924s][info ][gc,heap        ] GC(86) PSYoungGen: 1822496K(1950208K)->16512K(1951232K) Eden: 1805312K(1805312K)->0K(1805312K) From: 17184K(144896K)->16512K(145920K)
[192.924s][info ][gc,heap        ] GC(86) ParOldGen: 485699K(539136K)->486416K(539136K)
[192.924s][info ][gc,metaspace   ] GC(86) Metaspace: 75011K(75584K)->75011K(75584K) NonClass: 64591K(64896K)->64591K(64896K) Class: 10419K(10688K)->10419K(10688K)
[192.924s][info ][gc             ] GC(86) Pause Young (Allocation Failure) 2254M->491M(2432M) 8.477ms
[192.924s][info ][gc,cpu         ] GC(86) User=0.03s Sys=0.00s Real=0.01s
[192.924s][info ][safepoint      ] Safepoint "ParallelGCFailedAllocation", Time since last: 2433756582 ns, Reaching safepoint: 124103 ns, At safepoint: 8573983 ns, Total: 8698086 ns
[193.925s][info ][safepoint      ] Safepoint "Cleanup", Time since last: 1000086961 ns, Reaching safepoint: 51801 ns, At safepoint: 3300 ns, Total: 55101 ns
[197.925s][info ][safepoint      ] Safepoint "Cleanup", Time since last: 4000277549 ns, Reaching safepoint: 52501 ns, At safepoint: 7500 ns, Total: 60001 ns
[200.925s][info ][safepoint      ] Safepoint "Cleanup", Time since last: 3000229791 ns, Reaching safepoint: 47001 ns, At safepoint: 4500 ns, Total: 51501 ns
[202.925s][info ][safepoint      ] Safepoint "Cleanup", Time since last: 2000138229 ns, Reaching safepoint: 42901 ns, At safepoint: 3600 ns, Total: 46501 ns
[203.926s][info ][safepoint      ] Safepoint "Cleanup", Time since last: 1000106866 ns, Reaching safepoint: 49401 ns, At safepoint: 9501 ns, Total: 58902 ns
[204.926s][info ][safepoint      ] Safepoint "Cleanup", Time since last: 1000123666 ns, Reaching safepoint: 61902 ns, At safepoint: 8400 ns, Total: 70302 ns
[205.926s][info ][safepoint      ] Safepoint "Cleanup", Time since last: 1000104567 ns, Reaching safepoint: 51401 ns, At safepoint: 6900 ns, Total: 58301 ns
[206.926s][info ][safepoint      ] Safepoint "Cleanup", Time since last: 1000106767 ns, Reaching safepoint: 33601 ns, At safepoint: 2800 ns, Total: 36401 ns
[208.926s][info ][safepoint      ] Safepoint "Cleanup", Time since last: 2000172835 ns, Reaching safepoint: 48801 ns, At safepoint: 6300 ns, Total: 55101 ns
[210.926s][info ][safepoint      ] Safepoint "Cleanup", Time since last: 2000168836 ns, Reaching safepoint: 52001 ns, At safepoint: 6000 ns, Total: 58001 ns
[211.927s][info ][safepoint      ] Safepoint "Cleanup", Time since last: 1000105669 ns, Reaching safepoint: 51202 ns, At safepoint: 15500 ns, Total: 66702 ns
[217.927s][info ][safepoint      ] Safepoint "Cleanup", Time since last: 6000376418 ns, Reaching safepoint: 91002 ns, At safepoint: 7900 ns, Total: 98902 ns
[218.927s][info ][safepoint      ] Safepoint "Cleanup", Time since last: 1000104072 ns, Reaching safepoint: 45701 ns, At safepoint: 2900 ns, Total: 48601 ns
[229.928s][info ][safepoint      ] Safepoint "Cleanup", Time since last: 11000720109 ns, Reaching safepoint: 48601 ns, At safepoint: 2900 ns, Total: 51501 ns
[230.928s][info ][safepoint      ] Safepoint "Cleanup", Time since last: 1000104076 ns, Reaching safepoint: 65202 ns, At safepoint: 2900 ns, Total: 68102 ns
[234.929s][info ][safepoint      ] Safepoint "Cleanup", Time since last: 4000332108 ns, Reaching safepoint: 52302 ns, At safepoint: 9200 ns, Total: 61502 ns
[240.929s][info ][safepoint      ] Safepoint "Cleanup", Time since last: 6000436073 ns, Reaching safepoint: 46001 ns, At safepoint: 7300 ns, Total: 53301 ns
[241.929s][info ][safepoint      ] Safepoint "Cleanup", Time since last: 1000123781 ns, Reaching safepoint: 56602 ns, At safepoint: 8200 ns, Total: 64802 ns
[244.930s][info ][safepoint      ] Safepoint "Cleanup", Time since last: 3000246243 ns, Reaching safepoint: 61102 ns, At safepoint: 5900 ns, Total: 67002 ns
[249.930s][info ][safepoint      ] Safepoint "Cleanup", Time since last: 5000364212 ns, Reaching safepoint: 75902 ns, At safepoint: 3200 ns, Total: 79102 ns
[251.663s][info ][gc,start       ] GC(87) Pause Young (Allocation Failure)
[251.671s][debug][gc,phases      ] GC(87) Scavenge 8.042ms
[251.671s][debug][gc,ref         ] GC(87) Skipped phase 1 of Reference Processing: no references
[251.671s][debug][gc,ref         ] GC(87) Skipped phase 3 of Reference Processing: no references
[251.671s][debug][gc,phases      ] GC(87) Reference Processing 0.030ms
[251.672s][debug][gc,phases      ] GC(87) Weak Processing 0.510ms
[251.672s][debug][gc,age         ] GC(87) Desired survivor size 148897792 bytes, new threshold 15 (max threshold 15)
[251.672s][info ][gc,heap        ] GC(87) PSYoungGen: 1821824K(1951232K)->7904K(1951744K) Eden: 1805312K(1805312K)->0K(1805824K) From: 16512K(145920K)->7904K(145920K)
[251.672s][info ][gc,heap        ] GC(87) ParOldGen: 486416K(539136K)->495618K(539136K)
[251.672s][info ][gc,metaspace   ] GC(87) Metaspace: 75078K(75648K)->75078K(75648K) NonClass: 64658K(64960K)->64658K(64960K) Class: 10419K(10688K)->10419K(10688K)
[251.672s][info ][gc             ] GC(87) Pause Young (Allocation Failure) 2254M->491M(2432M) 8.717ms
[251.672s][info ][gc,cpu         ] GC(87) User=0.03s Sys=0.00s Real=0.00s
[251.672s][info ][safepoint      ] Safepoint "ParallelGCFailedAllocation", Time since last: 1733064156 ns, Reaching safepoint: 49601 ns, At safepoint: 8813389 ns, Total: 8862990 ns
[254.672s][info ][safepoint      ] Safepoint "Cleanup", Time since last: 3000209253 ns, Reaching safepoint: 50401 ns, At safepoint: 5201 ns, Total: 55602 ns
[269.673s][info ][safepoint      ] Safepoint "Cleanup", Time since last: 15000968915 ns, Reaching safepoint: 46501 ns, At safepoint: 2900 ns, Total: 49401 ns
[273.674s][info ][safepoint      ] Safepoint "Cleanup", Time since last: 4000295566 ns, Reaching safepoint: 37500 ns, At safepoint: 3201 ns, Total: 40701 ns
[279.674s][info ][safepoint      ] Safepoint "Cleanup", Time since last: 6000458459 ns, Reaching safepoint: 54601 ns, At safepoint: 10400 ns, Total: 65001 ns
[282.674s][info ][safepoint      ] Safepoint "Cleanup", Time since last: 3000250085 ns, Reaching safepoint: 61901 ns, At safepoint: 8400 ns, Total: 70301 ns
[285.675s][info ][safepoint      ] Safepoint "Cleanup", Time since last: 3000243888 ns, Reaching safepoint: 46901 ns, At safepoint: 4300 ns, Total: 51201 ns
[286.675s][info ][safepoint      ] Safepoint "Cleanup", Time since last: 1000106797 ns, Reaching safepoint: 52601 ns, At safepoint: 5600 ns, Total: 58201 ns
[290.675s][info ][safepoint      ] Safepoint "Cleanup", Time since last: 4000332690 ns, Reaching safepoint: 62202 ns, At safepoint: 8800 ns, Total: 71002 ns
[291.675s][info ][safepoint      ] Safepoint "Cleanup", Time since last: 1000108199 ns, Reaching safepoint: 47701 ns, At safepoint: 5600 ns, Total: 53301 ns
[296.676s][info ][safepoint      ] Safepoint "Cleanup", Time since last: 5000360196 ns, Reaching safepoint: 53401 ns, At safepoint: 8700 ns, Total: 62101 ns
[300.676s][info ][safepoint      ] Safepoint "Cleanup", Time since last: 4000293603 ns, Reaching safepoint: 53201 ns, At safepoint: 2800 ns, Total: 56001 ns
[303.677s][info ][safepoint      ] Safepoint "Cleanup", Time since last: 3000249806 ns, Reaching safepoint: 55702 ns, At safepoint: 9300 ns, Total: 65002 ns
[305.677s][info ][safepoint      ] Safepoint "Cleanup", Time since last: 2000174406 ns, Reaching safepoint: 42501 ns, At safepoint: 3000 ns, Total: 45501 ns
[310.301s][info ][gc,start       ] GC(88) Pause Young (Allocation Failure)
[310.309s][debug][gc,phases      ] GC(88) Scavenge 7.246ms
[310.309s][debug][gc,ref         ] GC(88) Skipped phase 1 of Reference Processing: no references
[310.309s][debug][gc,ref         ] GC(88) Skipped phase 3 of Reference Processing: no references
[310.309s][debug][gc,phases      ] GC(88) Reference Processing 0.027ms
[310.309s][debug][gc,phases      ] GC(88) Weak Processing 0.583ms
[310.309s][debug][gc,age         ] GC(88) Desired survivor size 147849216 bytes, new threshold 15 (max threshold 15)
[310.309s][info ][gc,heap        ] GC(88) PSYoungGen: 1813728K(1951744K)->5216K(1951232K) Eden: 1805824K(1805824K)->0K(1805824K) From: 7904K(145920K)->5216K(145408K)
[310.309s][info ][gc,heap        ] GC(88) ParOldGen: 495618K(539136K)->498546K(539136K)
[310.309s][info ][gc,metaspace   ] GC(88) Metaspace: 75092K(75712K)->75092K(75712K) NonClass: 64672K(65024K)->64672K(65024K) Class: 10419K(10688K)->10419K(10688K)
[310.309s][info ][gc             ] GC(88) Pause Young (Allocation Failure) 2255M->491M(2432M) 8.004ms
[310.309s][info ][gc,cpu         ] GC(88) User=0.02s Sys=0.00s Real=0.00s
[310.309s][info ][safepoint      ] Safepoint "ParallelGCFailedAllocation", Time since last: 4624471874 ns, Reaching safepoint: 68902 ns, At safepoint: 8086073 ns, Total: 8154975 ns
[311.310s][info ][safepoint      ] Safepoint "Cleanup", Time since last: 1000088305 ns, Reaching safepoint: 122202 ns, At safepoint: 10901 ns, Total: 133103 ns
[322.310s][info ][safepoint      ] Safepoint "Cleanup", Time since last: 11000731572 ns, Reaching safepoint: 62902 ns, At safepoint: 8200 ns, Total: 71102 ns
[323.311s][info ][safepoint      ] Safepoint "Cleanup", Time since last: 1000094509 ns, Reaching safepoint: 48901 ns, At safepoint: 6000 ns, Total: 54901 ns
[326.311s][info ][safepoint      ] Safepoint "Cleanup", Time since last: 3000243229 ns, Reaching safepoint: 55401 ns, At safepoint: 7800 ns, Total: 63201 ns
[327.311s][info ][safepoint      ] Safepoint "Cleanup", Time since last: 1000106911 ns, Reaching safepoint: 51901 ns, At safepoint: 6500 ns, Total: 58401 ns
[328.311s][info ][safepoint      ] Safepoint "Cleanup", Time since last: 1000106911 ns, Reaching safepoint: 52501 ns, At safepoint: 3400 ns, Total: 55901 ns
[332.312s][info ][safepoint      ] Safepoint "Cleanup", Time since last: 4000284244 ns, Reaching safepoint: 60602 ns, At safepoint: 7900 ns, Total: 68502 ns
[333.312s][info ][safepoint      ] Safepoint "Cleanup", Time since last: 1000126213 ns, Reaching safepoint: 49401 ns, At safepoint: 10000 ns, Total: 59401 ns
[334.312s][info ][safepoint      ] Safepoint "Cleanup", Time since last: 1000094613 ns, Reaching safepoint: 53201 ns, At safepoint: 3800 ns, Total: 57001 ns
[338.312s][info ][safepoint      ] Safepoint "Cleanup", Time since last: 4000289352 ns, Reaching safepoint: 58801 ns, At safepoint: 11500 ns, Total: 70301 ns
[356.314s][info ][safepoint      ] Safepoint "Cleanup", Time since last: 18001133192 ns, Reaching safepoint: 121503 ns, At safepoint: 7400 ns, Total: 128903 ns
[367.816s][info ][gc,start       ] GC(89) Pause Young (Allocation Failure)
[367.822s][debug][gc,phases      ] GC(89) Scavenge 6.138ms
[367.822s][debug][gc,ref         ] GC(89) Skipped phase 1 of Reference Processing: no references
[367.822s][debug][gc,ref         ] GC(89) Skipped phase 3 of Reference Processing: no references
[367.822s][debug][gc,phases      ] GC(89) Reference Processing 0.041ms
[367.823s][debug][gc,phases      ] GC(89) Weak Processing 0.634ms
[367.823s][debug][gc,age         ] GC(89) Desired survivor size 145752064 bytes, new threshold 15 (max threshold 15)
[367.823s][info ][gc,heap        ] GC(89) PSYoungGen: 1811040K(1951232K)->5152K(1954816K) Eden: 1805824K(1805824K)->0K(1810432K) From: 5216K(145408K)->5152K(144384K)
[367.823s][info ][gc,heap        ] GC(89) ParOldGen: 498546K(539136K)->498698K(539136K)
[367.823s][info ][gc,metaspace   ] GC(89) Metaspace: 75161K(75776K)->75161K(75776K) NonClass: 64737K(65088K)->64737K(65088K) Class: 10424K(10688K)->10424K(10688K)
[367.823s][info ][gc             ] GC(89) Pause Young (Allocation Failure) 2255M->492M(2435M) 6.966ms
[367.823s][info ][gc,cpu         ] GC(89) User=0.02s Sys=0.00s Real=0.01s
[367.823s][info ][safepoint      ] Safepoint "ParallelGCFailedAllocation", Time since last: 11502015365 ns, Reaching safepoint: 40001 ns, At safepoint: 7061251 ns, Total: 7101252 ns
[372.823s][info ][safepoint      ] Safepoint "Cleanup", Time since last: 5000337616 ns, Reaching safepoint: 75502 ns, At safepoint: 8900 ns, Total: 84402 ns
[374.823s][info ][safepoint      ] Safepoint "Cleanup", Time since last: 2000164649 ns, Reaching safepoint: 54302 ns, At safepoint: 9300 ns, Total: 63602 ns
[376.824s][info ][safepoint      ] Safepoint "Cleanup", Time since last: 2000178550 ns, Reaching safepoint: 59302 ns, At safepoint: 3700 ns, Total: 63002 ns
[377.824s][info ][safepoint      ] Safepoint "Cleanup", Time since last: 1000108026 ns, Reaching safepoint: 53901 ns, At safepoint: 9600 ns, Total: 63501 ns
[381.824s][info ][safepoint      ] Safepoint "Cleanup", Time since last: 4000320905 ns, Reaching safepoint: 51801 ns, At safepoint: 3500 ns, Total: 55301 ns
[382.824s][info ][safepoint      ] Safepoint "Cleanup", Time since last: 1000117128 ns, Reaching safepoint: 48301 ns, At safepoint: 2900 ns, Total: 51201 ns
[384.824s][info ][safepoint      ] Safepoint "Cleanup", Time since last: 2000170555 ns, Reaching safepoint: 45001 ns, At safepoint: 8201 ns, Total: 53202 ns
[406.826s][info ][safepoint      ] Safepoint "Cleanup", Time since last: 22001459971 ns, Reaching safepoint: 74901 ns, At safepoint: 7801 ns, Total: 82702 ns
[407.826s][info ][safepoint      ] Safepoint "Cleanup", Time since last: 1000100034 ns, Reaching safepoint: 53101 ns, At safepoint: 3100 ns, Total: 56201 ns
[409.826s][info ][safepoint      ] Safepoint "Cleanup", Time since last: 2000176769 ns, Reaching safepoint: 48502 ns, At safepoint: 3300 ns, Total: 51802 ns
[410.827s][info ][safepoint      ] Safepoint "Cleanup", Time since last: 1000107235 ns, Reaching safepoint: 46201 ns, At safepoint: 3100 ns, Total: 49301 ns
[411.827s][info ][safepoint      ] Safepoint "Cleanup", Time since last: 1000104936 ns, Reaching safepoint: 48501 ns, At safepoint: 3100 ns, Total: 51601 ns
[414.827s][info ][safepoint      ] Safepoint "Cleanup", Time since last: 3000234307 ns, Reaching safepoint: 49001 ns, At safepoint: 3200 ns, Total: 52201 ns
[420.827s][info ][safepoint      ] Safepoint "Cleanup", Time since last: 6000435220 ns, Reaching safepoint: 66801 ns, At safepoint: 10200 ns, Total: 77001 ns
[422.828s][info ][safepoint      ] Safepoint "Cleanup", Time since last: 2000182577 ns, Reaching safepoint: 53401 ns, At safepoint: 6700 ns, Total: 60101 ns
[425.828s][info ][safepoint      ] Safepoint "Cleanup", Time since last: 3000221615 ns, Reaching safepoint: 56702 ns, At safepoint: 7000 ns, Total: 63702 ns
[426.065s][info ][gc,start       ] GC(90) Pause Young (Allocation Failure)
[426.071s][debug][gc,phases      ] GC(90) Scavenge 5.239ms
[426.071s][debug][gc,ref         ] GC(90) Skipped phase 1 of Reference Processing: no references
[426.071s][debug][gc,ref         ] GC(90) Skipped phase 3 of Reference Processing: no references
[426.071s][debug][gc,phases      ] GC(90) Reference Processing 0.025ms
[426.071s][debug][gc,phases      ] GC(90) Weak Processing 0.532ms
[426.071s][debug][gc,age         ] GC(90) Desired survivor size 142606336 bytes, new threshold 15 (max threshold 15)
[426.071s][info ][gc,heap        ] GC(90) PSYoungGen: 1815584K(1954816K)->5024K(1952768K) Eden: 1810432K(1810432K)->0K(1810432K) From: 5152K(144384K)->5024K(142336K)
[426.071s][info ][gc,heap        ] GC(90) ParOldGen: 498698K(539136K)->498802K(539136K)
[426.071s][info ][gc,metaspace   ] GC(90) Metaspace: 75200K(75776K)->75200K(75776K) NonClass: 64776K(65088K)->64776K(65088K) Class: 10424K(10688K)->10424K(10688K)
[426.071s][info ][gc             ] GC(90) Pause Young (Allocation Failure) 2260M->492M(2433M) 5.928ms
[426.071s][info ][gc,cpu         ] GC(90) User=0.02s Sys=0.00s Real=0.00s
[426.071s][info ][safepoint      ] Safepoint "ParallelGCFailedAllocation", Time since last: 237216885 ns, Reaching safepoint: 26801 ns, At safepoint: 6012028 ns, Total: 6038829 ns
[428.071s][info ][safepoint      ] Safepoint "Cleanup", Time since last: 2000150179 ns, Reaching safepoint: 45601 ns, At safepoint: 5700 ns, Total: 51301 ns
[429.072s][info ][safepoint      ] Safepoint "Cleanup", Time since last: 1000108740 ns, Reaching safepoint: 48601 ns, At safepoint: 3400 ns, Total: 52001 ns
[434.072s][info ][safepoint      ] Safepoint "Cleanup", Time since last: 5000348202 ns, Reaching safepoint: 74601 ns, At safepoint: 7400 ns, Total: 82001 ns
[437.072s][info ][safepoint      ] Safepoint "Cleanup", Time since last: 3000178824 ns, Reaching safepoint: 53401 ns, At safepoint: 3000 ns, Total: 56401 ns
[444.073s][info ][safepoint      ] Safepoint "Cleanup", Time since last: 7000472098 ns, Reaching safepoint: 45301 ns, At safepoint: 4400 ns, Total: 49701 ns
[446.073s][info ][safepoint      ] Safepoint "Cleanup", Time since last: 2000141887 ns, Reaching safepoint: 47001 ns, At safepoint: 5500 ns, Total: 52501 ns
[459.074s][info ][safepoint      ] Safepoint "Cleanup", Time since last: 13000871793 ns, Reaching safepoint: 52301 ns, At safepoint: 5400 ns, Total: 57701 ns
[466.074s][info ][safepoint      ] Safepoint "Cleanup", Time since last: 7000428936 ns, Reaching safepoint: 69901 ns, At safepoint: 3200 ns, Total: 73101 ns
[467.075s][info ][safepoint      ] Safepoint "Cleanup", Time since last: 1000094350 ns, Reaching safepoint: 47701 ns, At safepoint: 3500 ns, Total: 51201 ns
[482.076s][info ][safepoint      ] Safepoint "Cleanup", Time since last: 15000904962 ns, Reaching safepoint: 48801 ns, At safepoint: 6601 ns, Total: 55402 ns
[485.016s][info ][gc,start       ] GC(91) Pause Young (Allocation Failure)
[485.022s][debug][gc,phases      ] GC(91) Scavenge 5.871ms
[485.022s][debug][gc,ref         ] GC(91) Skipped phase 1 of Reference Processing: no references
[485.022s][debug][gc,ref         ] GC(91) Skipped phase 3 of Reference Processing: no references
[485.022s][debug][gc,phases      ] GC(91) Reference Processing 0.026ms
[485.022s][debug][gc,phases      ] GC(91) Weak Processing 0.512ms
[485.022s][debug][gc,age         ] GC(91) Desired survivor size 138936320 bytes, new threshold 15 (max threshold 15)
[485.022s][info ][gc,heap        ] GC(91) PSYoungGen: 1815456K(1952768K)->4896K(1961472K) Eden: 1810432K(1810432K)->0K(1822208K) From: 5024K(142336K)->4896K(139264K)
[485.022s][info ][gc,heap        ] GC(91) ParOldGen: 498802K(539136K)->498938K(539136K)
[485.022s][info ][gc,metaspace   ] GC(91) Metaspace: 75222K(75776K)->75222K(75776K) NonClass: 64798K(65088K)->64798K(65088K) Class: 10424K(10688K)->10424K(10688K)
[485.022s][info ][gc             ] GC(91) Pause Young (Allocation Failure) 2260M->492M(2442M) 6.565ms
[485.022s][info ][gc,cpu         ] GC(91) User=0.02s Sys=0.00s Real=0.01s
[485.022s][info ][safepoint      ] Safepoint "ParallelGCFailedAllocation", Time since last: 2940041068 ns, Reaching safepoint: 106903 ns, At safepoint: 6640042 ns, Total: 6746945 ns
[490.023s][info ][safepoint      ] Safepoint "Cleanup", Time since last: 5000294870 ns, Reaching safepoint: 47301 ns, At safepoint: 3000 ns, Total: 50301 ns
[497.023s][info ][safepoint      ] Safepoint "Cleanup", Time since last: 7000432887 ns, Reaching safepoint: 72501 ns, At safepoint: 2600 ns, Total: 75101 ns
[498.023s][info ][safepoint      ] Safepoint "Cleanup", Time since last: 1000095357 ns, Reaching safepoint: 39901 ns, At safepoint: 2900 ns, Total: 42801 ns
[508.024s][info ][safepoint      ] Safepoint "Cleanup", Time since last: 10000646376 ns, Reaching safepoint: 67001 ns, At safepoint: 7601 ns, Total: 74602 ns
[510.024s][info ][safepoint      ] Safepoint "Cleanup", Time since last: 2000160118 ns, Reaching safepoint: 43401 ns, At safepoint: 2800 ns, Total: 46201 ns
[511.024s][info ][safepoint      ] Safepoint "Cleanup", Time since last: 1000110160 ns, Reaching safepoint: 40001 ns, At safepoint: 2500 ns, Total: 42501 ns
[522.025s][info ][safepoint      ] Safepoint "Cleanup", Time since last: 11000735867 ns, Reaching safepoint: 46201 ns, At safepoint: 7100 ns, Total: 53301 ns
[543.916s][info ][gc,start       ] GC(92) Pause Young (Allocation Failure)
[543.922s][debug][gc,phases      ] GC(92) Scavenge 5.726ms
[543.922s][debug][gc,ref         ] GC(92) Skipped phase 1 of Reference Processing: no references
[543.922s][debug][gc,ref         ] GC(92) Skipped phase 3 of Reference Processing: no references
[543.922s][debug][gc,phases      ] GC(92) Reference Processing 0.025ms
[543.922s][debug][gc,phases      ] GC(92) Weak Processing 0.540ms
[543.922s][debug][gc,age         ] GC(92) Desired survivor size 134217728 bytes, new threshold 15 (max threshold 15)
[543.922s][info ][gc,heap        ] GC(92) PSYoungGen: 1827104K(1961472K)->4768K(1957888K) Eden: 1822208K(1822208K)->0K(1822208K) From: 4896K(139264K)->4768K(135680K)
[543.922s][info ][gc,heap        ] GC(92) ParOldGen: 498938K(539136K)->499074K(539136K)
[543.922s][info ][gc,metaspace   ] GC(92) Metaspace: 75240K(75840K)->75240K(75840K) NonClass: 64816K(65152K)->64816K(65152K) Class: 10424K(10688K)->10424K(10688K)
[543.922s][info ][gc             ] GC(92) Pause Young (Allocation Failure) 2271M->492M(2438M) 6.416ms
[543.922s][info ][gc,cpu         ] GC(92) User=0.02s Sys=0.00s Real=0.01s
[543.922s][info ][safepoint      ] Safepoint "ParallelGCFailedAllocation", Time since last: 21890479631 ns, Reaching safepoint: 158603 ns, At safepoint: 6492940 ns, Total: 6651543 ns
[549.923s][info ][safepoint      ] Safepoint "Cleanup", Time since last: 6000368002 ns, Reaching safepoint: 49301 ns, At safepoint: 5600 ns, Total: 54901 ns
[562.924s][info ][safepoint      ] Safepoint "Cleanup", Time since last: 13000812198 ns, Reaching safepoint: 46101 ns, At safepoint: 2700 ns, Total: 48801 ns
[574.924s][info ][safepoint      ] Safepoint "Cleanup", Time since last: 12000672557 ns, Reaching safepoint: 50101 ns, At safepoint: 4500 ns, Total: 54601 ns
[583.925s][info ][safepoint      ] Safepoint "Cleanup", Time since last: 9000740966 ns, Reaching safepoint: 50601 ns, At safepoint: 10301 ns, Total: 60902 ns
[585.925s][info ][safepoint      ] Safepoint "Cleanup", Time since last: 2000183250 ns, Reaching safepoint: 41601 ns, At safepoint: 2900 ns, Total: 44501 ns
[593.926s][info ][safepoint      ] Safepoint "Cleanup", Time since last: 8000515906 ns, Reaching safepoint: 47301 ns, At safepoint: 5100 ns, Total: 52401 ns
[596.926s][info ][safepoint      ] Safepoint "Cleanup", Time since last: 3000229831 ns, Reaching safepoint: 72302 ns, At safepoint: 2600 ns, Total: 74902 ns
[597.926s][info ][safepoint      ] Safepoint "Cleanup", Time since last: 1000107378 ns, Reaching safepoint: 48301 ns, At safepoint: 8700 ns, Total: 57001 ns
[598.927s][info ][safepoint      ] Safepoint "Cleanup", Time since last: 1000103278 ns, Reaching safepoint: 44001 ns, At safepoint: 3700 ns, Total: 47701 ns
[600.927s][info ][safepoint      ] Safepoint "Cleanup", Time since last: 2000156856 ns, Reaching safepoint: 46601 ns, At safepoint: 2500 ns, Total: 49101 ns
[602.266s][info ][gc,start       ] GC(93) Pause Young (Allocation Failure)
[602.271s][debug][gc,phases      ] GC(93) Scavenge 4.987ms
[602.271s][debug][gc,ref         ] GC(93) Skipped phase 1 of Reference Processing: no references
[602.271s][debug][gc,ref         ] GC(93) Skipped phase 3 of Reference Processing: no references
[602.271s][debug][gc,phases      ] GC(93) Reference Processing 0.025ms
[602.271s][debug][gc,phases      ] GC(93) Weak Processing 0.479ms
[602.271s][debug][gc,age         ] GC(93) Desired survivor size 129499136 bytes, new threshold 15 (max threshold 15)
[602.271s][info ][gc,heap        ] GC(93) PSYoungGen: 1826976K(1957888K)->4672K(1970688K) Eden: 1822208K(1822208K)->0K(1839616K) From: 4768K(135680K)->4672K(131072K)
[602.271s][info ][gc,heap        ] GC(93) ParOldGen: 499074K(539136K)->499242K(539136K)
[602.271s][info ][gc,metaspace   ] GC(93) Metaspace: 75251K(75840K)->75251K(75840K) NonClass: 64827K(65152K)->64827K(65152K) Class: 10424K(10688K)->10424K(10688K)
[602.271s][info ][gc             ] GC(93) Pause Young (Allocation Failure) 2271M->492M(2451M) 5.617ms
[602.271s][info ][gc,cpu         ] GC(93) User=0.02s Sys=0.00s Real=0.00s
[602.271s][info ][safepoint      ] Safepoint "ParallelGCFailedAllocation", Time since last: 1338824253 ns, Reaching safepoint: 108303 ns, At safepoint: 5693522 ns, Total: 5801825 ns
[605.272s][info ][safepoint      ] Safepoint "Cleanup", Time since last: 3000210035 ns, Reaching safepoint: 47301 ns, At safepoint: 2700 ns, Total: 50001 ns
[606.272s][info ][safepoint      ] Safepoint "Cleanup", Time since last: 1000108180 ns, Reaching safepoint: 43401 ns, At safepoint: 2800 ns, Total: 46201 ns
[607.272s][info ][safepoint      ] Safepoint "Cleanup", Time since last: 1000106480 ns, Reaching safepoint: 53201 ns, At safepoint: 2700 ns, Total: 55901 ns
[613.272s][info ][safepoint      ] Safepoint "Cleanup", Time since last: 6000410478 ns, Reaching safepoint: 51501 ns, At safepoint: 6900 ns, Total: 58401 ns
[621.680s][info ][safepoint      ] Safepoint "Cleanup", Time since last: 8407098380 ns, Reaching safepoint: 119502 ns, At safepoint: 14301 ns, Total: 133803 ns
[622.710s][info ][safepoint      ] Safepoint "Cleanup", Time since last: 1030143327 ns, Reaching safepoint: 161004 ns, At safepoint: 12100 ns, Total: 173104 ns
[636.711s][info ][safepoint      ] Safepoint "Cleanup", Time since last: 14001063966 ns, Reaching safepoint: 73902 ns, At safepoint: 3400 ns, Total: 77302 ns
[637.711s][info ][safepoint      ] Safepoint "Cleanup", Time since last: 1000098885 ns, Reaching safepoint: 56801 ns, At safepoint: 10200 ns, Total: 67001 ns
[640.712s][info ][safepoint      ] Safepoint "Cleanup", Time since last: 3000221955 ns, Reaching safepoint: 50301 ns, At safepoint: 8900 ns, Total: 59201 ns
[644.712s][info ][safepoint      ] Safepoint "Cleanup", Time since last: 4000328743 ns, Reaching safepoint: 63102 ns, At safepoint: 7400 ns, Total: 70502 ns
[647.712s][info ][safepoint      ] Safepoint "Cleanup", Time since last: 3000238658 ns, Reaching safepoint: 58502 ns, At safepoint: 7600 ns, Total: 66102 ns
[660.713s][info ][safepoint      ] Safepoint "Cleanup", Time since last: 13000892136 ns, Reaching safepoint: 142403 ns, At safepoint: 5500 ns, Total: 147903 ns
[660.914s][info ][gc,start       ] GC(94) Pause Young (Allocation Failure)
[660.919s][debug][gc,phases      ] GC(94) Scavenge 4.931ms
[660.919s][debug][gc,ref         ] GC(94) Skipped phase 1 of Reference Processing: no references
[660.919s][debug][gc,ref         ] GC(94) Skipped phase 3 of Reference Processing: no references
[660.919s][debug][gc,phases      ] GC(94) Reference Processing 0.047ms
[660.920s][debug][gc,phases      ] GC(94) Weak Processing 0.482ms
[660.920s][debug][gc,age         ] GC(94) Desired survivor size 124256256 bytes, new threshold 15 (max threshold 15)
[660.920s][info ][gc,heap        ] GC(94) PSYoungGen: 1844288K(1970688K)->4320K(1966080K) Eden: 1839616K(1839616K)->0K(1839616K) From: 4672K(131072K)->4320K(126464K)
[660.920s][info ][gc,heap        ] GC(94) ParOldGen: 499242K(539136K)->499714K(539136K)
[660.920s][info ][gc,metaspace   ] GC(94) Metaspace: 75290K(75840K)->75290K(75840K) NonClass: 64866K(65152K)->64866K(65152K) Class: 10424K(10688K)->10424K(10688K)
[660.920s][info ][gc             ] GC(94) Pause Young (Allocation Failure) 2288M->492M(2446M) 5.600ms
[660.920s][info ][gc,cpu         ] GC(94) User=0.02s Sys=0.00s Real=0.00s
[660.920s][info ][safepoint      ] Safepoint "ParallelGCFailedAllocation", Time since last: 200678212 ns, Reaching safepoint: 27900 ns, At safepoint: 5679022 ns, Total: 5706922 ns
[667.920s][info ][safepoint      ] Safepoint "Cleanup", Time since last: 7000445723 ns, Reaching safepoint: 50701 ns, At safepoint: 5700 ns, Total: 56401 ns
[688.922s][info ][safepoint      ] Safepoint "Cleanup", Time since last: 21001232215 ns, Reaching safepoint: 73001 ns, At safepoint: 2800 ns, Total: 75801 ns
[691.814s][info ][safepoint      ] Safepoint "Cleanup", Time since last: 2892302761 ns, Reaching safepoint: 165104 ns, At safepoint: 8100 ns, Total: 173204 ns
[720.164s][info ][gc,start       ] GC(95) Pause Young (Allocation Failure)
[720.170s][debug][gc,phases      ] GC(95) Scavenge 5.649ms
[720.170s][debug][gc,ref         ] GC(95) Skipped phase 1 of Reference Processing: no references
[720.170s][debug][gc,ref         ] GC(95) Skipped phase 3 of Reference Processing: no references
[720.170s][debug][gc,phases      ] GC(95) Reference Processing 0.027ms
[720.170s][debug][gc,phases      ] GC(95) Weak Processing 0.502ms
[720.170s][debug][gc,age         ] GC(95) Desired survivor size 119013376 bytes, new threshold 15 (max threshold 15)
[720.170s][info ][gc,heap        ] GC(95) PSYoungGen: 1843936K(1966080K)->3680K(1980928K) Eden: 1839616K(1839616K)->0K(1859584K) From: 4320K(126464K)->3680K(121344K)
[720.170s][info ][gc,heap        ] GC(95) ParOldGen: 499714K(539136K)->500266K(539136K)
[720.171s][info ][gc,metaspace   ] GC(95) Metaspace: 75329K(75904K)->75329K(75904K) NonClass: 64903K(65216K)->64903K(65216K) Class: 10425K(10688K)->10425K(10688K)
[720.171s][info ][gc             ] GC(95) Pause Young (Allocation Failure) 2288M->492M(2461M) 6.292ms
[720.171s][info ][gc,cpu         ] GC(95) User=0.01s Sys=0.02s Real=0.00s
[720.171s][info ][safepoint      ] Safepoint "ParallelGCFailedAllocation", Time since last: 28350054862 ns, Reaching safepoint: 135203 ns, At safepoint: 6371737 ns, Total: 6506940 ns
[725.171s][info ][safepoint      ] Safepoint "Cleanup", Time since last: 5000344191 ns, Reaching safepoint: 44600 ns, At safepoint: 13301 ns, Total: 57901 ns
[727.171s][info ][safepoint      ] Safepoint "Cleanup", Time since last: 2000170998 ns, Reaching safepoint: 43101 ns, At safepoint: 11700 ns, Total: 54801 ns
[730.171s][info ][safepoint      ] Safepoint "Cleanup", Time since last: 3000202197 ns, Reaching safepoint: 51901 ns, At safepoint: 9301 ns, Total: 61202 ns
[732.172s][info ][safepoint      ] Safepoint "Cleanup", Time since last: 2000174899 ns, Reaching safepoint: 55901 ns, At safepoint: 9701 ns, Total: 65602 ns
[747.173s][info ][safepoint      ] Safepoint "Cleanup", Time since last: 15000966808 ns, Reaching safepoint: 47101 ns, At safepoint: 7801 ns, Total: 54902 ns
[756.173s][info ][safepoint      ] Safepoint "Cleanup", Time since last: 9000555019 ns, Reaching safepoint: 47201 ns, At safepoint: 7501 ns, Total: 54702 ns
[762.174s][info ][safepoint      ] Safepoint "Cleanup", Time since last: 6000403220 ns, Reaching safepoint: 37601 ns, At safepoint: 3200 ns, Total: 40801 ns
[770.174s][info ][safepoint      ] Safepoint "Cleanup", Time since last: 8000505834 ns, Reaching safepoint: 53801 ns, At safepoint: 5400 ns, Total: 59201 ns
[776.175s][info ][safepoint      ] Safepoint "Cleanup", Time since last: 6000422232 ns, Reaching safepoint: 54901 ns, At safepoint: 8300 ns, Total: 63201 ns
[780.175s][info ][safepoint      ] Safepoint "Cleanup", Time since last: 4000288825 ns, Reaching safepoint: 48001 ns, At safepoint: 9300 ns, Total: 57301 ns
[780.864s][info ][gc,start       ] GC(96) Pause Young (Allocation Failure)
[780.869s][debug][gc,phases      ] GC(96) Scavenge 4.540ms
[780.869s][debug][gc,ref         ] GC(96) Skipped phase 1 of Reference Processing: no references
[780.869s][debug][gc,ref         ] GC(96) Skipped phase 3 of Reference Processing: no references
[780.869s][debug][gc,phases      ] GC(96) Reference Processing 0.036ms
[780.870s][debug][gc,phases      ] GC(96) Weak Processing 0.477ms
[780.870s][debug][gc,age         ] GC(96) Desired survivor size 113770496 bytes, new threshold 15 (max threshold 15)
[780.870s][info ][gc,heap        ] GC(96) PSYoungGen: 1863264K(1980928K)->3168K(1975808K) Eden: 1859584K(1859584K)->0K(1859584K) From: 3680K(121344K)->3168K(116224K)
[780.870s][info ][gc,heap        ] GC(96) ParOldGen: 500266K(539136K)->500874K(539136K)
[780.870s][info ][gc,metaspace   ] GC(96) Metaspace: 75337K(75904K)->75337K(75904K) NonClass: 64911K(65216K)->64911K(65216K) Class: 10425K(10688K)->10425K(10688K)
[780.870s][info ][gc             ] GC(96) Pause Young (Allocation Failure) 2308M->492M(2456M) 5.178ms
[780.870s][info ][gc,cpu         ] GC(96) User=0.02s Sys=0.00s Real=0.00s
[780.870s][info ][safepoint      ] Safepoint "ParallelGCFailedAllocation", Time since last: 689152520 ns, Reaching safepoint: 31101 ns, At safepoint: 5244812 ns, Total: 5275913 ns
[782.870s][info ][safepoint      ] Safepoint "Cleanup", Time since last: 2000147713 ns, Reaching safepoint: 50002 ns, At safepoint: 3900 ns, Total: 53902 ns
[786.870s][info ][safepoint      ] Safepoint "Cleanup", Time since last: 4000296328 ns, Reaching safepoint: 46501 ns, At safepoint: 3600 ns, Total: 50101 ns
[797.871s][info ][safepoint      ] Safepoint "Cleanup", Time since last: 11000886288 ns, Reaching safepoint: 67502 ns, At safepoint: 2400 ns, Total: 69902 ns
[800.871s][info ][safepoint      ] Safepoint "Cleanup", Time since last: 3000206826 ns, Reaching safepoint: 60401 ns, At safepoint: 8801 ns, Total: 69202 ns
[802.872s][info ][safepoint      ] Safepoint "Cleanup", Time since last: 2000326283 ns, Reaching safepoint: 60902 ns, At safepoint: 11900 ns, Total: 72802 ns
[804.872s][info ][safepoint      ] Safepoint "Cleanup", Time since last: 2000171384 ns, Reaching safepoint: 46801 ns, At safepoint: 3000 ns, Total: 49801 ns
[818.873s][info ][safepoint      ] Safepoint "Cleanup", Time since last: 14000868257 ns, Reaching safepoint: 39501 ns, At safepoint: 2000 ns, Total: 41501 ns
[838.874s][info ][safepoint      ] Safepoint "Cleanup", Time since last: 20001209251 ns, Reaching safepoint: 80701 ns, At safepoint: 7501 ns, Total: 88202 ns
[840.874s][info ][safepoint      ] Safepoint "Cleanup", Time since last: 2000159433 ns, Reaching safepoint: 40001 ns, At safepoint: 2300 ns, Total: 42301 ns
[841.666s][info ][gc,start       ] GC(97) Pause Young (Allocation Failure)
[841.670s][debug][gc,phases      ] GC(97) Scavenge 3.981ms
[841.670s][debug][gc,ref         ] GC(97) Skipped phase 1 of Reference Processing: no references
[841.670s][debug][gc,ref         ] GC(97) Skipped phase 3 of Reference Processing: no references
[841.670s][debug][gc,phases      ] GC(97) Reference Processing 0.025ms
[841.670s][debug][gc,phases      ] GC(97) Weak Processing 0.485ms
[841.670s][debug][gc,age         ] GC(97) Desired survivor size 108527616 bytes, new threshold 15 (max threshold 15)
[841.670s][info ][gc,heap        ] GC(97) PSYoungGen: 1862752K(1975808K)->2464K(1991168K) Eden: 1859584K(1859584K)->0K(1880064K) From: 3168K(116224K)->2464K(111104K)
[841.670s][info ][gc,heap        ] GC(97) ParOldGen: 500874K(539136K)->501546K(539136K)
[841.670s][info ][gc,metaspace   ] GC(97) Metaspace: 75352K(75904K)->75352K(75904K) NonClass: 64927K(65216K)->64927K(65216K) Class: 10425K(10688K)->10425K(10688K)
[841.670s][info ][gc             ] GC(97) Pause Young (Allocation Failure) 2308M->492M(2471M) 4.636ms
[841.670s][info ][gc,cpu         ] GC(97) User=0.01s Sys=0.00s Real=0.00s
[841.670s][info ][safepoint      ] Safepoint "ParallelGCFailedAllocation", Time since last: 791166037 ns, Reaching safepoint: 105202 ns, At safepoint: 4711704 ns, Total: 4816906 ns
[842.671s][info ][safepoint      ] Safepoint "Cleanup", Time since last: 1000082215 ns, Reaching safepoint: 44601 ns, At safepoint: 3200 ns, Total: 47801 ns
[848.671s][info ][safepoint      ] Safepoint "Cleanup", Time since last: 6000405778 ns, Reaching safepoint: 48801 ns, At safepoint: 11900 ns, Total: 60701 ns
[867.672s][info ][safepoint      ] Safepoint "Cleanup", Time since last: 19001181012 ns, Reaching safepoint: 50501 ns, At safepoint: 2500 ns, Total: 53001 ns
[868.672s][info ][safepoint      ] Safepoint "Cleanup", Time since last: 1000105101 ns, Reaching safepoint: 46701 ns, At safepoint: 5200 ns, Total: 51901 ns
[885.674s][info ][safepoint      ] Safepoint "Cleanup", Time since last: 17001186527 ns, Reaching safepoint: 41001 ns, At safepoint: 2600 ns, Total: 43601 ns
[902.417s][info ][gc,start       ] GC(98) Pause Young (Allocation Failure)
[902.429s][debug][gc,phases      ] GC(98) Scavenge 11.379ms
[902.429s][debug][gc,ref         ] GC(98) Skipped phase 1 of Reference Processing: no references
[902.429s][debug][gc,ref         ] GC(98) Skipped phase 3 of Reference Processing: no references
[902.429s][debug][gc,phases      ] GC(98) Reference Processing 0.040ms
[902.430s][debug][gc,phases      ] GC(98) Weak Processing 0.753ms
[902.430s][debug][gc,age         ] GC(98) Desired survivor size 103284736 bytes, new threshold 15 (max threshold 15)
[902.430s][info ][gc,heap        ] GC(98) PSYoungGen: 1882528K(1991168K)->1312K(1986048K) Eden: 1880064K(1880064K)->0K(1880064K) From: 2464K(111104K)->1312K(105984K)
[902.430s][info ][gc,heap        ] GC(98) ParOldGen: 501546K(539136K)->502762K(539136K)
[902.430s][info ][gc,metaspace   ] GC(98) Metaspace: 75363K(75904K)->75363K(75904K) NonClass: 64937K(65216K)->64937K(65216K) Class: 10425K(10688K)->10425K(10688K)
[902.430s][info ][gc             ] GC(98) Pause Young (Allocation Failure) 2328M->492M(2466M) 12.336ms
[902.430s][info ][gc,cpu         ] GC(98) User=0.01s Sys=0.00s Real=0.01s
[902.430s][info ][safepoint      ] Safepoint "ParallelGCFailedAllocation", Time since last: 16743433136 ns, Reaching safepoint: 185204 ns, At safepoint: 12441172 ns, Total: 12626376 ns
[910.430s][info ][safepoint      ] Safepoint "Cleanup", Time since last: 8000536344 ns, Reaching safepoint: 58501 ns, At safepoint: 3800 ns, Total: 62301 ns
[920.431s][info ][safepoint      ] Safepoint "Cleanup", Time since last: 10000651259 ns, Reaching safepoint: 46801 ns, At safepoint: 2700 ns, Total: 49501 ns
[922.431s][info ][safepoint      ] Safepoint "Cleanup", Time since last: 2000172847 ns, Reaching safepoint: 55701 ns, At safepoint: 3300 ns, Total: 59001 ns
[942.433s][info ][safepoint      ] Safepoint "Cleanup", Time since last: 20001299854 ns, Reaching safepoint: 39401 ns, At safepoint: 2500 ns, Total: 41901 ns
[955.433s][info ][safepoint      ] Safepoint "Cleanup", Time since last: 13000880679 ns, Reaching safepoint: 52001 ns, At safepoint: 8300 ns, Total: 60301 ns
[956.434s][info ][safepoint      ] Safepoint "Cleanup", Time since last: 1000116058 ns, Reaching safepoint: 54601 ns, At safepoint: 9901 ns, Total: 64502 ns
[962.016s][info ][gc,start       ] GC(99) Pause Young (Allocation Failure)
[962.020s][debug][gc,phases      ] GC(99) Scavenge 3.852ms
[962.020s][debug][gc,ref         ] GC(99) Skipped phase 1 of Reference Processing: no references
[962.020s][debug][gc,ref         ] GC(99) Skipped phase 3 of Reference Processing: no references
[962.020s][debug][gc,phases      ] GC(99) Reference Processing 0.025ms
[962.021s][debug][gc,phases      ] GC(99) Weak Processing 0.568ms
[962.021s][debug][gc,age         ] GC(99) Desired survivor size 98041856 bytes, new threshold 15 (max threshold 15)
[962.021s][info ][gc,heap        ] GC(99) PSYoungGen: 1881376K(1986048K)->480K(2001408K) Eden: 1880064K(1880064K)->0K(1900544K) From: 1312K(105984K)->480K(100864K)
[962.021s][info ][gc,heap        ] GC(99) ParOldGen: 502762K(539136K)->503682K(539136K)
[962.021s][info ][gc,metaspace   ] GC(99) Metaspace: 75388K(76032K)->75388K(76032K) NonClass: 64962K(65344K)->64962K(65344K) Class: 10425K(10688K)->10425K(10688K)
[962.021s][info ][gc             ] GC(99) Pause Young (Allocation Failure) 2328M->492M(2481M) 4.606ms
[962.021s][info ][gc,cpu         ] GC(99) User=0.01s Sys=0.00s Real=0.01s
[962.021s][info ][safepoint      ] Safepoint "ParallelGCFailedAllocation", Time since last: 5582495798 ns, Reaching safepoint: 101602 ns, At safepoint: 4687703 ns, Total: 4789305 ns
[976.022s][info ][safepoint      ] Safepoint "Cleanup", Time since last: 14000852309 ns, Reaching safepoint: 56101 ns, At safepoint: 3500 ns, Total: 59601 ns
[978.022s][info ][safepoint      ] Safepoint "Cleanup", Time since last: 2000165395 ns, Reaching safepoint: 71302 ns, At safepoint: 6300 ns, Total: 77602 ns
[982.022s][info ][safepoint      ] Safepoint "Cleanup", Time since last: 4000282084 ns, Reaching safepoint: 45501 ns, At safepoint: 3400 ns, Total: 48901 ns
[993.023s][info ][safepoint      ] Safepoint "Cleanup", Time since last: 11000741470 ns, Reaching safepoint: 75202 ns, At safepoint: 6800 ns, Total: 82002 ns
[994.023s][info ][safepoint      ] Safepoint "Cleanup", Time since last: 1000098441 ns, Reaching safepoint: 44601 ns, At safepoint: 2300 ns, Total: 46901 ns
[1023.166s][info ][gc,start       ] GC(100) Pause Young (Allocation Failure)
[1023.168s][debug][gc,phases      ] GC(100) Scavenge 2.642ms
[1023.168s][debug][gc,ref         ] GC(100) Skipped phase 1 of Reference Processing: no references
[1023.168s][debug][gc,ref         ] GC(100) Skipped phase 3 of Reference Processing: no references
[1023.168s][debug][gc,ref         ] GC(100) Skipped phase 4 of Reference Processing: no references
[1023.168s][debug][gc,phases      ] GC(100) Reference Processing 0.021ms
[1023.169s][debug][gc,phases      ] GC(100) Weak Processing 0.501ms
[1023.169s][debug][gc,age         ] GC(100) Desired survivor size 93323264 bytes, new threshold 15 (max threshold 15)
[1023.169s][info ][gc,heap        ] GC(100) PSYoungGen: 1901024K(2001408K)->288K(1996288K) Eden: 1900544K(1900544K)->0K(1900544K) From: 480K(100864K)->288K(95744K)
[1023.169s][info ][gc,heap        ] GC(100) ParOldGen: 503682K(539136K)->503762K(539136K)
[1023.169s][info ][gc,metaspace   ] GC(100) Metaspace: 75402K(76032K)->75402K(76032K) NonClass: 64976K(65344K)->64976K(65344K) Class: 10425K(10688K)->10425K(10688K)
[1023.169s][info ][gc             ] GC(100) Pause Young (Allocation Failure) 2348M->492M(2476M) 3.282ms
[1023.169s][info ][gc,cpu         ] GC(100) User=0.01s Sys=0.00s Real=0.00s
[1023.169s][info ][safepoint      ] Safepoint "ParallelGCFailedAllocation", Time since last: 29142146442 ns, Reaching safepoint: 99002 ns, At safepoint: 3375674 ns, Total: 3474676 ns
[1058.171s][info ][safepoint      ] Safepoint "Cleanup", Time since last: 35002200833 ns, Reaching safepoint: 63502 ns, At safepoint: 2500 ns, Total: 66002 ns
[1083.173s][info ][safepoint      ] Safepoint "Cleanup", Time since last: 25001567841 ns, Reaching safepoint: 56901 ns, At safepoint: 2600 ns, Total: 59501 ns
[1085.166s][info ][gc,start       ] GC(101) Pause Young (Allocation Failure)
[1085.168s][debug][gc,phases      ] GC(101) Scavenge 1.845ms
[1085.168s][debug][gc,ref         ] GC(101) Skipped phase 1 of Reference Processing: no references
[1085.168s][debug][gc,ref         ] GC(101) Skipped phase 3 of Reference Processing: no references
[1085.168s][debug][gc,ref         ] GC(101) Skipped phase 4 of Reference Processing: no references
[1085.168s][debug][gc,phases      ] GC(101) Reference Processing 0.021ms
[1085.169s][debug][gc,phases      ] GC(101) Weak Processing 0.514ms
[1085.169s][debug][gc,age         ] GC(101) Desired survivor size 88080384 bytes, new threshold 15 (max threshold 15)
[1085.169s][info ][gc,heap        ] GC(101) PSYoungGen: 1900832K(1996288K)->320K(2011136K) Eden: 1900544K(1900544K)->0K(1920000K) From: 288K(95744K)->320K(91136K)
[1085.169s][info ][gc,heap        ] GC(101) ParOldGen: 503762K(539136K)->503786K(539136K)
[1085.169s][info ][gc,metaspace   ] GC(101) Metaspace: 75410K(76032K)->75410K(76032K) NonClass: 64984K(65344K)->64984K(65344K) Class: 10425K(10688K)->10425K(10688K)
[1085.169s][info ][gc             ] GC(101) Pause Young (Allocation Failure) 2348M->492M(2490M) 2.512ms
[1085.169s][info ][gc,cpu         ] GC(101) User=0.01s Sys=0.00s Real=0.00s
[1085.169s][info ][safepoint      ] Safepoint "ParallelGCFailedAllocation", Time since last: 1993267060 ns, Reaching safepoint: 99102 ns, At safepoint: 2581956 ns, Total: 2681058 ns
[1092.169s][info ][safepoint      ] Safepoint "Cleanup", Time since last: 7000469923 ns, Reaching safepoint: 36901 ns, At safepoint: 2800 ns, Total: 39701 ns
[1093.170s][info ][safepoint      ] Safepoint "Cleanup", Time since last: 1000108903 ns, Reaching safepoint: 43601 ns, At safepoint: 9900 ns, Total: 53501 ns
[1094.170s][info ][safepoint      ] Safepoint "Cleanup", Time since last: 1000095802 ns, Reaching safepoint: 43101 ns, At safepoint: 2200 ns, Total: 45301 ns
[1097.170s][info ][safepoint      ] Safepoint "Cleanup", Time since last: 3000234803 ns, Reaching safepoint: 43201 ns, At safepoint: 2400 ns, Total: 45601 ns
[1098.170s][info ][safepoint      ] Safepoint "Cleanup", Time since last: 1000109701 ns, Reaching safepoint: 51001 ns, At safepoint: 5100 ns, Total: 56101 ns
[1102.170s][info ][safepoint      ] Safepoint "Cleanup", Time since last: 4000281098 ns, Reaching safepoint: 43701 ns, At safepoint: 1900 ns, Total: 45601 ns
[1132.172s][info ][safepoint      ] Safepoint "Cleanup", Time since last: 30001822101 ns, Reaching safepoint: 54301 ns, At safepoint: 9800 ns, Total: 64101 ns
[1147.664s][info ][gc,start       ] GC(102) Pause Young (Allocation Failure)
[1147.666s][debug][gc,phases      ] GC(102) Scavenge 1.951ms
[1147.666s][debug][gc,ref         ] GC(102) Skipped phase 1 of Reference Processing: no references
[1147.666s][debug][gc,ref         ] GC(102) Skipped phase 3 of Reference Processing: no references
[1147.666s][debug][gc,ref         ] GC(102) Skipped phase 4 of Reference Processing: no references
[1147.666s][debug][gc,phases      ] GC(102) Reference Processing 0.021ms
[1147.666s][debug][gc,phases      ] GC(102) Weak Processing 0.486ms
[1147.666s][debug][gc,age         ] GC(102) Desired survivor size 83361792 bytes, new threshold 15 (max threshold 15)
[1147.666s][info ][gc,heap        ] GC(102) PSYoungGen: 1920320K(2011136K)->352K(2006016K) Eden: 1920000K(1920000K)->0K(1920000K) From: 320K(91136K)->352K(86016K)
[1147.666s][info ][gc,heap        ] GC(102) ParOldGen: 503786K(539136K)->503810K(539136K)
[1147.666s][info ][gc,metaspace   ] GC(102) Metaspace: 75416K(76032K)->75416K(76032K) NonClass: 64990K(65344K)->64990K(65344K) Class: 10425K(10688K)->10425K(10688K)
[1147.666s][info ][gc             ] GC(102) Pause Young (Allocation Failure) 2367M->492M(2485M) 2.568ms
[1147.666s][info ][gc,cpu         ] GC(102) User=0.01s Sys=0.00s Real=0.00s
[1147.666s][info ][safepoint      ] Safepoint "ParallelGCFailedAllocation", Time since last: 15491212370 ns, Reaching safepoint: 64001 ns, At safepoint: 2635858 ns, Total: 2699859 ns
[1151.667s][info ][safepoint      ] Safepoint "Cleanup", Time since last: 4000221330 ns, Reaching safepoint: 47402 ns, At safepoint: 4100 ns, Total: 51502 ns
[1168.668s][info ][safepoint      ] Safepoint "Cleanup", Time since last: 17001036953 ns, Reaching safepoint: 51401 ns, At safepoint: 7100 ns, Total: 58501 ns
[1189.669s][info ][safepoint      ] Safepoint "Cleanup", Time since last: 21001303552 ns, Reaching safepoint: 42901 ns, At safepoint: 2500 ns, Total: 45401 ns
[1190.669s][info ][safepoint      ] Safepoint "Cleanup", Time since last: 1000099171 ns, Reaching safepoint: 29101 ns, At safepoint: 2900 ns, Total: 32001 ns
[1194.669s][info ][safepoint      ] Safepoint "Cleanup", Time since last: 4000272480 ns, Reaching safepoint: 41301 ns, At safepoint: 2200 ns, Total: 43501 ns
[1210.266s][info ][gc,start       ] GC(103) Pause Young (Allocation Failure)
[1210.268s][debug][gc,phases      ] GC(103) Scavenge 1.960ms
[1210.268s][debug][gc,ref         ] GC(103) Skipped phase 1 of Reference Processing: no references
[1210.268s][debug][gc,ref         ] GC(103) Skipped phase 3 of Reference Processing: no references
[1210.268s][debug][gc,ref         ] GC(103) Skipped phase 4 of Reference Processing: no references
[1210.268s][debug][gc,phases      ] GC(103) Reference Processing 0.021ms
[1210.268s][debug][gc,phases      ] GC(103) Weak Processing 0.533ms
[1210.268s][debug][gc,age         ] GC(103) Desired survivor size 78118912 bytes, new threshold 15 (max threshold 15)
[1210.268s][info ][gc,heap        ] GC(103) PSYoungGen: 1920352K(2006016K)->320K(2020864K) Eden: 1920000K(1920000K)->0K(1939456K) From: 352K(86016K)->320K(81408K)
[1210.268s][info ][gc,heap        ] GC(103) ParOldGen: 503810K(539136K)->503842K(539136K)
[1210.268s][info ][gc,metaspace   ] GC(103) Metaspace: 75416K(76032K)->75416K(76032K) NonClass: 64990K(65344K)->64990K(65344K) Class: 10425K(10688K)->10425K(10688K)
[1210.268s][info ][gc             ] GC(103) Pause Young (Allocation Failure) 2367M->492M(2500M) 2.618ms
[1210.268s][info ][gc,cpu         ] GC(103) User=0.00s Sys=0.00s Real=0.00s
[1210.268s][info ][safepoint      ] Safepoint "ParallelGCFailedAllocation", Time since last: 15596003160 ns, Reaching safepoint: 136103 ns, At safepoint: 2688559 ns, Total: 2824662 ns
[1220.269s][info ][safepoint      ] Safepoint "Cleanup", Time since last: 10000630736 ns, Reaching safepoint: 43101 ns, At safepoint: 6500 ns, Total: 49601 ns
[1222.269s][info ][safepoint      ] Safepoint "Cleanup", Time since last: 2000174825 ns, Reaching safepoint: 65701 ns, At safepoint: 7000 ns, Total: 72701 ns
[1223.269s][info ][safepoint      ] Safepoint "Cleanup", Time since last: 1000105163 ns, Reaching safepoint: 181004 ns, At safepoint: 11400 ns, Total: 192404 ns
[1225.270s][info ][safepoint      ] Safepoint "Cleanup", Time since last: 2000172123 ns, Reaching safepoint: 46201 ns, At safepoint: 3400 ns, Total: 49601 ns
[1230.270s][info ][safepoint      ] Safepoint "Cleanup", Time since last: 5000358902 ns, Reaching safepoint: 51602 ns, At safepoint: 5800 ns, Total: 57402 ns
[1240.271s][info ][safepoint      ] Safepoint "Cleanup", Time since last: 10000639182 ns, Reaching safepoint: 62301 ns, At safepoint: 3700 ns, Total: 66001 ns
[1268.273s][info ][safepoint      ] Safepoint "Cleanup", Time since last: 28001792393 ns, Reaching safepoint: 71302 ns, At safepoint: 8400 ns, Total: 79702 ns
[1298.274s][info ][safepoint      ] Safepoint "Cleanup", Time since last: 30001750980 ns, Reaching safepoint: 57901 ns, At safepoint: 4800 ns, Total: 62701 ns
[1299.091s][info ][safepoint      ] Safepoint "ICBufferFull", Time since last: 816268047 ns, Reaching safepoint: 255305 ns, At safepoint: 14400 ns, Total: 269705 ns
[1299.174s][info ][safepoint      ] Safepoint "ICBufferFull", Time since last: 83008405 ns, Reaching safepoint: 199804 ns, At safepoint: 12001 ns, Total: 211805 ns
[1299.992s][info ][safepoint      ] Safepoint "ICBufferFull", Time since last: 817365770 ns, Reaching safepoint: 183704 ns, At safepoint: 15000 ns, Total: 198704 ns
[1300.992s][info ][safepoint      ] Safepoint "Cleanup", Time since last: 1000133544 ns, Reaching safepoint: 54701 ns, At safepoint: 9000 ns, Total: 63701 ns
[1301.992s][info ][safepoint      ] Safepoint "Cleanup", Time since last: 1000108343 ns, Reaching safepoint: 54301 ns, At safepoint: 2700 ns, Total: 57001 ns
[1302.992s][info ][safepoint      ] Safepoint "Cleanup", Time since last: 1000126243 ns, Reaching safepoint: 56001 ns, At safepoint: 5800 ns, Total: 61801 ns
[1303.993s][info ][safepoint      ] Safepoint "Cleanup", Time since last: 1000116843 ns, Reaching safepoint: 50301 ns, At safepoint: 3400 ns, Total: 53701 ns
[1304.993s][info ][safepoint      ] Safepoint "Cleanup", Time since last: 1000118042 ns, Reaching safepoint: 59902 ns, At safepoint: 4800 ns, Total: 64702 ns
[1305.993s][info ][safepoint      ] Safepoint "Cleanup", Time since last: 1000121742 ns, Reaching safepoint: 48701 ns, At safepoint: 7800 ns, Total: 56501 ns
[1306.993s][info ][safepoint      ] Safepoint "Cleanup", Time since last: 1000133042 ns, Reaching safepoint: 49401 ns, At safepoint: 4000 ns, Total: 53401 ns
[1307.993s][info ][safepoint      ] Safepoint "Cleanup", Time since last: 1000108842 ns, Reaching safepoint: 66001 ns, At safepoint: 10000 ns, Total: 76001 ns
[1308.993s][info ][safepoint      ] Safepoint "Cleanup", Time since last: 1000100541 ns, Reaching safepoint: 51901 ns, At safepoint: 7101 ns, Total: 59002 ns
[1309.994s][info ][safepoint      ] Safepoint "Cleanup", Time since last: 1000109840 ns, Reaching safepoint: 50602 ns, At safepoint: 3600 ns, Total: 54202 ns
[1310.566s][info ][gc,start       ] GC(104) Pause Young (Allocation Failure)
[1310.600s][debug][gc,phases      ] GC(104) Scavenge 33.872ms
[1310.600s][debug][gc,ref         ] GC(104) Skipped phase 1 of Reference Processing: no references
[1310.600s][debug][gc,phases      ] GC(104) Reference Processing 0.079ms
[1310.601s][debug][gc,phases      ] GC(104) Weak Processing 0.555ms
[1310.601s][debug][gc,age         ] GC(104) Desired survivor size 120061952 bytes, new threshold 14 (max threshold 15)
[1310.601s][info ][gc,heap        ] GC(104) PSYoungGen: 1939776K(2020864K)->76265K(2015744K) Eden: 1939456K(1939456K)->0K(1939456K) From: 320K(81408K)->76265K(76288K)
[1310.601s][info ][gc,heap        ] GC(104) ParOldGen: 503842K(539136K)->567256K(567296K)
[1310.601s][info ][gc,metaspace   ] GC(104) Metaspace: 75691K(76224K)->75691K(76224K) NonClass: 65242K(65536K)->65242K(65536K) Class: 10448K(10688K)->10448K(10688K)
[1310.601s][info ][gc             ] GC(104) Pause Young (Allocation Failure) 2386M->628M(2522M) 34.647ms
[1310.601s][info ][gc,cpu         ] GC(104) User=0.13s Sys=0.01s Real=0.04s
[1310.601s][debug][gc,phases      ] GC(105) Pre Compact 0.010ms
[1310.601s][info ][gc,start       ] GC(105) Pause Full (Ergonomics)
[1310.601s][info ][gc,phases,start] GC(105) Marking Phase
[1310.738s][debug][gc,phases      ] GC(105) Par Mark 137.303ms
[1310.738s][debug][gc,ref         ] GC(105) Skipped phase 1 of Reference Processing: no references
[1310.739s][debug][gc,ref         ] GC(105) Skipped phase 3 of Reference Processing: no references
[1310.739s][debug][gc,phases      ] GC(105) Reference Processing 0.422ms
[1310.739s][debug][gc,phases      ] GC(105) Weak Processing 0.586ms
[1310.739s][debug][gc,phases      ] GC(105) ClassLoaderData 0.061ms
[1310.739s][debug][gc,phases      ] GC(105) Trigger cleanups 0.000ms
[1310.756s][debug][gc,phases      ] GC(105) Class Unloading 16.858ms
[1310.756s][info ][gc,phases      ] GC(105) Marking Phase 155.341ms
[1310.756s][info ][gc,phases,start] GC(105) Summary Phase
[1310.756s][info ][gc,phases      ] GC(105) Summary Phase 0.019ms
[1310.756s][info ][gc,phases,start] GC(105) Adjust Roots
[1310.768s][info ][gc,phases      ] GC(105) Adjust Roots 11.507ms
[1310.768s][info ][gc,phases,start] GC(105) Compaction Phase
[1310.870s][info ][gc,phases      ] GC(105) Compaction Phase 102.063ms
[1310.870s][info ][gc,phases,start] GC(105) Post Compact
[1310.872s][info ][gc,phases      ] GC(105) Post Compact 1.714ms
[1310.872s][info ][gc,heap        ] GC(105) PSYoungGen: 76265K(2015744K)->0K(1944064K) Eden: 0K(1939456K)->0K(1862656K) From: 76265K(76288K)->0K(81408K)
[1310.872s][info ][gc,heap        ] GC(105) ParOldGen: 567256K(567296K)->516582K(652288K)
[1310.872s][info ][gc,metaspace   ] GC(105) Metaspace: 75691K(76224K)->75691K(76224K) NonClass: 65242K(65536K)->65242K(65536K) Class: 10448K(10688K)->10448K(10688K)
[1310.872s][info ][gc             ] GC(105) Pause Full (Ergonomics) 628M->504M(2535M) 270.949ms
[1310.872s][info ][gc,cpu         ] GC(105) User=0.97s Sys=0.01s Real=0.26s
[1310.872s][info ][safepoint      ] Safepoint "ParallelGCFailedAllocation", Time since last: 572382642 ns, Reaching safepoint: 46001 ns, At safepoint: 305742147 ns, Total: 305788148 ns
[1311.872s][info ][safepoint      ] Safepoint "Cleanup", Time since last: 1000087140 ns, Reaching safepoint: 43901 ns, At safepoint: 3000 ns, Total: 46901 ns
[1317.872s][info ][safepoint      ] Safepoint "Cleanup", Time since last: 6000432707 ns, Reaching safepoint: 71102 ns, At safepoint: 5400 ns, Total: 76502 ns
[1322.873s][info ][safepoint      ] Safepoint "Cleanup", Time since last: 5000251433 ns, Reaching safepoint: 86602 ns, At safepoint: 7600 ns, Total: 94202 ns
[1328.873s][info ][safepoint      ] Safepoint "Cleanup", Time since last: 6000400492 ns, Reaching safepoint: 50501 ns, At safepoint: 7100 ns, Total: 57601 ns
[1330.873s][info ][safepoint      ] Safepoint "Cleanup", Time since last: 2000161187 ns, Reaching safepoint: 49001 ns, At safepoint: 3600 ns, Total: 52601 ns
[1333.874s][info ][safepoint      ] Safepoint "Cleanup", Time since last: 3000219977 ns, Reaching safepoint: 49201 ns, At safepoint: 2501 ns, Total: 51702 ns
[1336.874s][info ][safepoint      ] Safepoint "Cleanup", Time since last: 3000229976 ns, Reaching safepoint: 49101 ns, At safepoint: 7200 ns, Total: 56301 ns
[1338.874s][info ][safepoint      ] Safepoint "Cleanup", Time since last: 2000159384 ns, Reaching safepoint: 37801 ns, At safepoint: 2800 ns, Total: 40601 ns
[1339.874s][info ][safepoint      ] Safepoint "Cleanup", Time since last: 1000103892 ns, Reaching safepoint: 50501 ns, At safepoint: 3000 ns, Total: 53501 ns
[1341.875s][info ][safepoint      ] Safepoint "Cleanup", Time since last: 2000175984 ns, Reaching safepoint: 48601 ns, At safepoint: 6300 ns, Total: 54901 ns
[1350.875s][info ][safepoint      ] Safepoint "Cleanup", Time since last: 9000633914 ns, Reaching safepoint: 58001 ns, At safepoint: 11100 ns, Total: 69101 ns
[1354.876s][info ][safepoint      ] Safepoint "Cleanup", Time since last: 4000292658 ns, Reaching safepoint: 65602 ns, At safepoint: 2300 ns, Total: 67902 ns
[1360.876s][info ][safepoint      ] Safepoint "Cleanup", Time since last: 6000365031 ns, Reaching safepoint: 45201 ns, At safepoint: 2400 ns, Total: 47601 ns
[1362.876s][info ][safepoint      ] Safepoint "Cleanup", Time since last: 2000111076 ns, Reaching safepoint: 43700 ns, At safepoint: 6901 ns, Total: 50601 ns
[1366.877s][info ][safepoint      ] Safepoint "Cleanup", Time since last: 4000261550 ns, Reaching safepoint: 49101 ns, At safepoint: 2800 ns, Total: 51901 ns
[1367.877s][info ][safepoint      ] Safepoint "Cleanup", Time since last: 1000245891 ns, Reaching safepoint: 43301 ns, At safepoint: 2300 ns, Total: 45601 ns
[1368.877s][info ][safepoint      ] Safepoint "Cleanup", Time since last: 1000104388 ns, Reaching safepoint: 41601 ns, At safepoint: 2300 ns, Total: 43901 ns
[1370.664s][info ][gc,start       ] GC(106) Pause Young (Allocation Failure)
[1370.665s][debug][gc,phases      ] GC(106) Scavenge 0.978ms
[1370.666s][debug][gc,ref         ] GC(106) Skipped phase 1 of Reference Processing: no references
[1370.666s][debug][gc,ref         ] GC(106) Skipped phase 2 of Reference Processing: no references
[1370.666s][debug][gc,ref         ] GC(106) Skipped phase 3 of Reference Processing: no references
[1370.666s][debug][gc,ref         ] GC(106) Skipped phase 4 of Reference Processing: no references
[1370.666s][debug][gc,phases      ] GC(106) Reference Processing 0.023ms
[1370.666s][debug][gc,phases      ] GC(106) Weak Processing 0.516ms
[1370.666s][debug][gc,age         ] GC(106) Desired survivor size 114819072 bytes, new threshold 15 (max threshold 15)
[1370.666s][info ][gc,heap        ] GC(106) PSYoungGen: 1862656K(1944064K)->128K(1979904K) Eden: 1862656K(1862656K)->0K(1862656K) From: 0K(81408K)->128K(117248K)
[1370.666s][info ][gc,heap        ] GC(106) ParOldGen: 516582K(652288K)->516582K(652288K)
[1370.666s][info ][gc,metaspace   ] GC(106) Metaspace: 75697K(76224K)->75697K(76224K) NonClass: 65248K(65536K)->65248K(65536K) Class: 10448K(10688K)->10448K(10688K)
[1370.666s][info ][gc             ] GC(106) Pause Young (Allocation Failure) 2323M->504M(2570M) 1.615ms
[1370.666s][info ][gc,cpu         ] GC(106) User=0.00s Sys=0.00s Real=0.00s
[1370.666s][info ][safepoint      ] Safepoint "ParallelGCFailedAllocation", Time since last: 1787429462 ns, Reaching safepoint: 49901 ns, At safepoint: 1677336 ns, Total: 1727237 ns
[1376.667s][info ][safepoint      ] Safepoint "Cleanup", Time since last: 6000424719 ns, Reaching safepoint: 113402 ns, At safepoint: 10101 ns, Total: 123503 ns
[1384.667s][info ][safepoint      ] Safepoint "Cleanup", Time since last: 8000560084 ns, Reaching safepoint: 116302 ns, At safepoint: 13900 ns, Total: 130202 ns
[1385.668s][info ][safepoint      ] Safepoint "Cleanup", Time since last: 1000102986 ns, Reaching safepoint: 54701 ns, At safepoint: 6500 ns, Total: 61201 ns
[1397.668s][info ][safepoint      ] Safepoint "Cleanup", Time since last: 12000773307 ns, Reaching safepoint: 44901 ns, At safepoint: 2500 ns, Total: 47401 ns
[1408.669s][info ][safepoint      ] Safepoint "Cleanup", Time since last: 11000676504 ns, Reaching safepoint: 46701 ns, At safepoint: 7101 ns, Total: 53802 ns
[1415.670s][info ][safepoint      ] Safepoint "Cleanup", Time since last: 7000485768 ns, Reaching safepoint: 70902 ns, At safepoint: 10400 ns, Total: 81302 ns
[1416.670s][info ][safepoint      ] Safepoint "Cleanup", Time since last: 1000251085 ns, Reaching safepoint: 50201 ns, At safepoint: 6400 ns, Total: 56601 ns
[1426.671s][info ][safepoint      ] Safepoint "Cleanup", Time since last: 10000682700 ns, Reaching safepoint: 44401 ns, At safepoint: 3400 ns, Total: 47801 ns
[1430.514s][info ][gc,start       ] GC(107) Pause Young (Allocation Failure)
[1430.515s][debug][gc,phases      ] GC(107) Scavenge 0.870ms
[1430.515s][debug][gc,ref         ] GC(107) Skipped phase 1 of Reference Processing: no references
[1430.515s][debug][gc,ref         ] GC(107) Skipped phase 2 of Reference Processing: no references
[1430.515s][debug][gc,ref         ] GC(107) Skipped phase 3 of Reference Processing: no references
[1430.515s][debug][gc,ref         ] GC(107) Skipped phase 4 of Reference Processing: no references
[1430.515s][debug][gc,phases      ] GC(107) Reference Processing 0.029ms
[1430.515s][debug][gc,phases      ] GC(107) Weak Processing 0.496ms
[1430.515s][debug][gc,age         ] GC(107) Desired survivor size 109576192 bytes, new threshold 15 (max threshold 15)
[1430.515s][info ][gc,heap        ] GC(107) PSYoungGen: 1862784K(1979904K)->224K(1990144K) Eden: 1862656K(1862656K)->0K(1878016K) From: 128K(117248K)->224K(112128K)
[1430.515s][info ][gc,heap        ] GC(107) ParOldGen: 516582K(652288K)->516590K(652288K)
[1430.515s][info ][gc,metaspace   ] GC(107) Metaspace: 75718K(76224K)->75718K(76224K) NonClass: 65269K(65536K)->65269K(65536K) Class: 10448K(10688K)->10448K(10688K)
[1430.515s][info ][gc             ] GC(107) Pause Young (Allocation Failure) 2323M->504M(2580M) 1.494ms
[1430.515s][info ][gc,cpu         ] GC(107) User=0.00s Sys=0.00s Real=0.00s
[1430.515s][info ][safepoint      ] Safepoint "ParallelGCFailedAllocation", Time since last: 3843087709 ns, Reaching safepoint: 49901 ns, At safepoint: 1559234 ns, Total: 1609135 ns
[1431.516s][info ][safepoint      ] Safepoint "Cleanup", Time since last: 1000079679 ns, Reaching safepoint: 99202 ns, At safepoint: 7300 ns, Total: 106502 ns
[1432.516s][info ][safepoint      ] Safepoint "Cleanup", Time since last: 1000108579 ns, Reaching safepoint: 123603 ns, At safepoint: 9600 ns, Total: 133203 ns
[1437.516s][info ][safepoint      ] Safepoint "Cleanup", Time since last: 5000381193 ns, Reaching safepoint: 48001 ns, At safepoint: 4300 ns, Total: 52301 ns
[1462.518s][info ][safepoint      ] Safepoint "Cleanup", Time since last: 25001559808 ns, Reaching safepoint: 52801 ns, At safepoint: 3700 ns, Total: 56501 ns
[1466.518s][info ][safepoint      ] Safepoint "Cleanup", Time since last: 4000261199 ns, Reaching safepoint: 53101 ns, At safepoint: 11300 ns, Total: 64401 ns
[1467.518s][info ][safepoint      ] Safepoint "Cleanup", Time since last: 1000113076 ns, Reaching safepoint: 49501 ns, At safepoint: 6400 ns, Total: 55901 ns
[1468.518s][info ][safepoint      ] Safepoint "Cleanup", Time since last: 1000104375 ns, Reaching safepoint: 43901 ns, At safepoint: 2300 ns, Total: 46201 ns
[1474.519s][info ][safepoint      ] Safepoint "Cleanup", Time since last: 6000433044 ns, Reaching safepoint: 42301 ns, At safepoint: 2400 ns, Total: 44701 ns
[1482.520s][info ][safepoint      ] Safepoint "Cleanup", Time since last: 8000558785 ns, Reaching safepoint: 53601 ns, At safepoint: 3300 ns, Total: 56901 ns
[1490.915s][info ][gc,start       ] GC(108) Pause Young (Allocation Failure)
[1490.916s][debug][gc,phases      ] GC(108) Scavenge 0.786ms
[1490.916s][debug][gc,ref         ] GC(108) Skipped phase 1 of Reference Processing: no references
[1490.916s][debug][gc,ref         ] GC(108) Skipped phase 2 of Reference Processing: no references
[1490.916s][debug][gc,ref         ] GC(108) Skipped phase 3 of Reference Processing: no references
[1490.916s][debug][gc,ref         ] GC(108) Skipped phase 4 of Reference Processing: no references
[1490.916s][debug][gc,phases      ] GC(108) Reference Processing 0.019ms
[1490.917s][debug][gc,phases      ] GC(108) Weak Processing 0.527ms
[1490.917s][debug][gc,age         ] GC(108) Desired survivor size 103809024 bytes, new threshold 15 (max threshold 15)
[1490.917s][info ][gc,heap        ] GC(108) PSYoungGen: 1878240K(1990144K)->256K(1985024K) Eden: 1878016K(1878016K)->0K(1878016K) From: 224K(112128K)->256K(107008K)
[1490.917s][info ][gc,heap        ] GC(108) ParOldGen: 516590K(652288K)->516590K(652288K)
[1490.917s][info ][gc,metaspace   ] GC(108) Metaspace: 75721K(76224K)->75721K(76224K) NonClass: 65273K(65536K)->65273K(65536K) Class: 10448K(10688K)->10448K(10688K)
[1490.917s][info ][gc             ] GC(108) Pause Young (Allocation Failure) 2338M->504M(2575M) 1.422ms
[1490.917s][info ][gc,cpu         ] GC(108) User=0.00s Sys=0.00s Real=0.00s
[1490.917s][info ][safepoint      ] Safepoint "ParallelGCFailedAllocation", Time since last: 8395512137 ns, Reaching safepoint: 37300 ns, At safepoint: 1482232 ns, Total: 1519532 ns
[1496.917s][info ][safepoint      ] Safepoint "Cleanup", Time since last: 6000407729 ns, Reaching safepoint: 45701 ns, At safepoint: 2400 ns, Total: 48101 ns
[1502.918s][info ][safepoint      ] Safepoint "Cleanup", Time since last: 6000388623 ns, Reaching safepoint: 48701 ns, At safepoint: 7600 ns, Total: 56301 ns
[1515.918s][info ][safepoint      ] Safepoint "Cleanup", Time since last: 13000807504 ns, Reaching safepoint: 71402 ns, At safepoint: 2500 ns, Total: 73902 ns
[1517.919s][info ][safepoint      ] Safepoint "Cleanup", Time since last: 2000162738 ns, Reaching safepoint: 46801 ns, At safepoint: 2600 ns, Total: 49401 ns
[1521.915s][info ][safepoint      ] Safepoint "Cleanup", Time since last: 3995960381 ns, Reaching safepoint: 89102 ns, At safepoint: 16100 ns, Total: 105202 ns
[1523.050s][info ][safepoint      ] Safepoint "Cleanup", Time since last: 1134938891 ns, Reaching safepoint: 83301 ns, At safepoint: 2801 ns, Total: 86102 ns
[1529.050s][info ][safepoint      ] Safepoint "Cleanup", Time since last: 6000334605 ns, Reaching safepoint: 43001 ns, At safepoint: 2200 ns, Total: 45201 ns
[1548.165s][info ][gc,start       ] GC(109) Pause Young (Allocation Failure)
[1548.167s][debug][gc,phases      ] GC(109) Scavenge 1.283ms
[1548.167s][debug][gc,ref         ] GC(109) Skipped phase 1 of Reference Processing: no references
[1548.167s][debug][gc,ref         ] GC(109) Skipped phase 3 of Reference Processing: no references
[1548.167s][debug][gc,phases      ] GC(109) Reference Processing 0.026ms
[1548.168s][debug][gc,phases      ] GC(109) Weak Processing 0.732ms
[1548.168s][debug][gc,age         ] GC(109) Desired survivor size 98566144 bytes, new threshold 15 (max threshold 15)
[1548.168s][info ][gc,heap        ] GC(109) PSYoungGen: 1878272K(1985024K)->256K(2000896K) Eden: 1878016K(1878016K)->0K(1899520K) From: 256K(107008K)->256K(101376K)
[1548.168s][info ][gc,heap        ] GC(109) ParOldGen: 516590K(652288K)->516590K(652288K)
[1548.168s][info ][gc,metaspace   ] GC(109) Metaspace: 75727K(76352K)->75727K(76352K) NonClass: 65278K(65664K)->65278K(65664K) Class: 10448K(10688K)->10448K(10688K)
[1548.168s][info ][gc             ] GC(109) Pause Young (Allocation Failure) 2338M->504M(2591M) 2.192ms
[1548.168s][info ][gc,cpu         ] GC(109) User=0.01s Sys=0.00s Real=0.00s
[1548.168s][info ][safepoint      ] Safepoint "ParallelGCFailedAllocation", Time since last: 19115318136 ns, Reaching safepoint: 46501 ns, At safepoint: 2301250 ns, Total: 2347751 ns
[1552.168s][info ][safepoint      ] Safepoint "Cleanup", Time since last: 4000303962 ns, Reaching safepoint: 60601 ns, At safepoint: 10401 ns, Total: 71002 ns
[1569.508s][info ][safepoint      ] Safepoint "Cleanup", Time since last: 17340064136 ns, Reaching safepoint: 99202 ns, At safepoint: 7500 ns, Total: 106702 ns
[1570.508s][info ][safepoint      ] Safepoint "Cleanup", Time since last: 1000063463 ns, Reaching safepoint: 67502 ns, At safepoint: 5400 ns, Total: 72902 ns
[1571.509s][info ][safepoint      ] Safepoint "Cleanup", Time since last: 1000110864 ns, Reaching safepoint: 111803 ns, At safepoint: 9800 ns, Total: 121603 ns
[1572.509s][info ][safepoint      ] Safepoint "Cleanup", Time since last: 1000118864 ns, Reaching safepoint: 68402 ns, At safepoint: 6600 ns, Total: 75002 ns
[1573.509s][info ][safepoint      ] Safepoint "Cleanup", Time since last: 1000075663 ns, Reaching safepoint: 111903 ns, At safepoint: 10500 ns, Total: 122403 ns
[1574.143s][info ][safepoint      ] Safepoint "ICBufferFull", Time since last: 634264839 ns, Reaching safepoint: 154304 ns, At safepoint: 8000 ns, Total: 162304 ns
[1575.144s][info ][safepoint      ] Safepoint "Cleanup", Time since last: 1000101963 ns, Reaching safepoint: 98503 ns, At safepoint: 7900 ns, Total: 106403 ns
[1576.144s][info ][safepoint      ] Safepoint "Cleanup", Time since last: 1000109864 ns, Reaching safepoint: 107102 ns, At safepoint: 7200 ns, Total: 114302 ns
[1577.200s][info ][safepoint      ] Safepoint "Cleanup", Time since last: 1055909373 ns, Reaching safepoint: 157903 ns, At safepoint: 9300 ns, Total: 167203 ns
[1578.200s][info ][safepoint      ] Safepoint "Cleanup", Time since last: 1000109364 ns, Reaching safepoint: 102702 ns, At safepoint: 11400 ns, Total: 114102 ns
[1579.201s][info ][safepoint      ] Safepoint "Cleanup", Time since last: 1000108164 ns, Reaching safepoint: 166603 ns, At safepoint: 10901 ns, Total: 177504 ns
[1580.201s][info ][safepoint      ] Safepoint "Cleanup", Time since last: 1000108263 ns, Reaching safepoint: 86202 ns, At safepoint: 7300 ns, Total: 93502 ns
[1581.201s][info ][safepoint      ] Safepoint "Cleanup", Time since last: 1000106363 ns, Reaching safepoint: 55102 ns, At safepoint: 9800 ns, Total: 64902 ns
[1582.201s][info ][safepoint      ] Safepoint "Cleanup", Time since last: 1000110363 ns, Reaching safepoint: 67102 ns, At safepoint: 3600 ns, Total: 70702 ns
[1583.201s][info ][safepoint      ] Safepoint "Cleanup", Time since last: 1000065562 ns, Reaching safepoint: 73201 ns, At safepoint: 9801 ns, Total: 83002 ns
[1584.201s][info ][safepoint      ] Safepoint "Cleanup", Time since last: 1000089262 ns, Reaching safepoint: 71202 ns, At safepoint: 8500 ns, Total: 79702 ns
[1585.202s][info ][safepoint      ] Safepoint "Cleanup", Time since last: 1000106663 ns, Reaching safepoint: 51901 ns, At safepoint: 6900 ns, Total: 58801 ns
[1586.202s][info ][safepoint      ] Safepoint "Cleanup", Time since last: 1000110763 ns, Reaching safepoint: 49301 ns, At safepoint: 5600 ns, Total: 54901 ns
[1587.202s][info ][safepoint      ] Safepoint "Cleanup", Time since last: 1000113063 ns, Reaching safepoint: 51601 ns, At safepoint: 8801 ns, Total: 60402 ns
[1590.202s][info ][safepoint      ] Safepoint "Cleanup", Time since last: 3000204285 ns, Reaching safepoint: 68501 ns, At safepoint: 14401 ns, Total: 82902 ns
[1591.202s][info ][safepoint      ] Safepoint "Cleanup", Time since last: 1000115462 ns, Reaching safepoint: 55601 ns, At safepoint: 2800 ns, Total: 58401 ns
[1592.203s][info ][safepoint      ] Safepoint "Cleanup", Time since last: 1000133463 ns, Reaching safepoint: 66902 ns, At safepoint: 10400 ns, Total: 77302 ns
[1593.203s][info ][safepoint      ] Safepoint "Cleanup", Time since last: 1000116162 ns, Reaching safepoint: 81402 ns, At safepoint: 12800 ns, Total: 94202 ns
[1593.814s][info ][gc,start       ] GC(110) Pause Young (Allocation Failure)
[1593.816s][debug][gc,phases      ] GC(110) Scavenge 2.264ms
[1593.816s][debug][gc,ref         ] GC(110) Skipped phase 1 of Reference Processing: no references
[1593.816s][debug][gc,ref         ] GC(110) Skipped phase 3 of Reference Processing: no references
[1593.816s][debug][gc,phases      ] GC(110) Reference Processing 0.026ms
[1593.816s][debug][gc,phases      ] GC(110) Weak Processing 0.495ms
[1593.816s][debug][gc,age         ] GC(110) Desired survivor size 92798976 bytes, new threshold 15 (max threshold 15)
[1593.817s][info ][gc,heap        ] GC(110) PSYoungGen: 1899776K(2000896K)->2880K(1995776K) Eden: 1899520K(1899520K)->0K(1899520K) From: 256K(101376K)->2880K(96256K)
[1593.817s][info ][gc,heap        ] GC(110) ParOldGen: 516590K(652288K)->516598K(652288K)
[1593.817s][info ][gc,metaspace   ] GC(110) Metaspace: 76175K(76800K)->76175K(76800K) NonClass: 65676K(66048K)->65676K(66048K) Class: 10498K(10752K)->10498K(10752K)
[1593.817s][info ][gc             ] GC(110) Pause Young (Allocation Failure) 2359M->507M(2586M) 2.932ms
[1593.817s][info ][gc,cpu         ] GC(110) User=0.01s Sys=0.00s Real=0.00s
[1593.817s][info ][safepoint      ] Safepoint "ParallelGCFailedAllocation", Time since last: 610731229 ns, Reaching safepoint: 62201 ns, At safepoint: 3001165 ns, Total: 3063366 ns
[1595.817s][info ][safepoint      ] Safepoint "Cleanup", Time since last: 2000163123 ns, Reaching safepoint: 116102 ns, At safepoint: 5301 ns, Total: 121403 ns
[1596.817s][info ][safepoint      ] Safepoint "Cleanup", Time since last: 1000083961 ns, Reaching safepoint: 80002 ns, At safepoint: 13100 ns, Total: 93102 ns
[1599.817s][info ][safepoint      ] Safepoint "Cleanup", Time since last: 3000262084 ns, Reaching safepoint: 158803 ns, At safepoint: 6100 ns, Total: 164903 ns
[1601.818s][info ][safepoint      ] Safepoint "Cleanup", Time since last: 2000171822 ns, Reaching safepoint: 122203 ns, At safepoint: 9200 ns, Total: 131403 ns
[1602.818s][info ][safepoint      ] Safepoint "Cleanup", Time since last: 1000122462 ns, Reaching safepoint: 106002 ns, At safepoint: 8100 ns, Total: 114102 ns
[1603.818s][info ][safepoint      ] Safepoint "Cleanup", Time since last: 1000113462 ns, Reaching safepoint: 47501 ns, At safepoint: 3400 ns, Total: 50901 ns
[1604.818s][info ][safepoint      ] Safepoint "Cleanup", Time since last: 1000105061 ns, Reaching safepoint: 128003 ns, At safepoint: 10400 ns, Total: 138403 ns
[1606.169s][info ][safepoint      ] Safepoint "Cleanup", Time since last: 1350770456 ns, Reaching safepoint: 45701 ns, At safepoint: 6000 ns, Total: 51701 ns
[1607.169s][info ][safepoint      ] Safepoint "Cleanup", Time since last: 1000110261 ns, Reaching safepoint: 48501 ns, At safepoint: 7000 ns, Total: 55501 ns
[1608.170s][info ][safepoint      ] Safepoint "Cleanup", Time since last: 1000103361 ns, Reaching safepoint: 141703 ns, At safepoint: 15800 ns, Total: 157503 ns
[1609.170s][info ][safepoint      ] Safepoint "Cleanup", Time since last: 1000116061 ns, Reaching safepoint: 60502 ns, At safepoint: 10100 ns, Total: 70602 ns
[1610.170s][info ][safepoint      ] Safepoint "Cleanup", Time since last: 1000112561 ns, Reaching safepoint: 123802 ns, At safepoint: 4700 ns, Total: 128502 ns
[1611.170s][info ][safepoint      ] Safepoint "Cleanup", Time since last: 1000099861 ns, Reaching safepoint: 47701 ns, At safepoint: 8100 ns, Total: 55801 ns
[1612.170s][info ][safepoint      ] Safepoint "Cleanup", Time since last: 1000159262 ns, Reaching safepoint: 47601 ns, At safepoint: 8000 ns, Total: 55601 ns
[1613.171s][info ][safepoint      ] Safepoint "Cleanup", Time since last: 1000114360 ns, Reaching safepoint: 58902 ns, At safepoint: 10200 ns, Total: 69102 ns
[1614.171s][info ][safepoint      ] Safepoint "Cleanup", Time since last: 1000082760 ns, Reaching safepoint: 51001 ns, At safepoint: 8000 ns, Total: 59001 ns
[1615.522s][info ][safepoint      ] Safepoint "Cleanup", Time since last: 1351566972 ns, Reaching safepoint: 76502 ns, At safepoint: 7800 ns, Total: 84302 ns
[1616.523s][info ][safepoint      ] Safepoint "Cleanup", Time since last: 1000112860 ns, Reaching safepoint: 63702 ns, At safepoint: 5800 ns, Total: 69502 ns
[1617.970s][info ][safepoint      ] Safepoint "Cleanup", Time since last: 1447186642 ns, Reaching safepoint: 76502 ns, At safepoint: 5400 ns, Total: 81902 ns
[1618.970s][info ][safepoint      ] Safepoint "Cleanup", Time since last: 1000105760 ns, Reaching safepoint: 50201 ns, At safepoint: 5200 ns, Total: 55401 ns
[1619.970s][info ][safepoint      ] Safepoint "Cleanup", Time since last: 1000108660 ns, Reaching safepoint: 48801 ns, At safepoint: 6400 ns, Total: 55201 ns
[1620.970s][info ][safepoint      ] Safepoint "Cleanup", Time since last: 1000070459 ns, Reaching safepoint: 72202 ns, At safepoint: 8400 ns, Total: 80602 ns
[1621.971s][info ][safepoint      ] Safepoint "Cleanup", Time since last: 1000105860 ns, Reaching safepoint: 62401 ns, At safepoint: 5000 ns, Total: 67401 ns
[1622.971s][info ][safepoint      ] Safepoint "Cleanup", Time since last: 1000110660 ns, Reaching safepoint: 55801 ns, At safepoint: 20300 ns, Total: 76101 ns
[1623.971s][info ][safepoint      ] Safepoint "Cleanup", Time since last: 1000113760 ns, Reaching safepoint: 66001 ns, At safepoint: 8901 ns, Total: 74902 ns
[1624.971s][info ][safepoint      ] Safepoint "Cleanup", Time since last: 1000110359 ns, Reaching safepoint: 50901 ns, At safepoint: 3400 ns, Total: 54301 ns
[1625.971s][info ][safepoint      ] Safepoint "Cleanup", Time since last: 1000112660 ns, Reaching safepoint: 62601 ns, At safepoint: 6700 ns, Total: 69301 ns
[1627.971s][info ][safepoint      ] Safepoint "Cleanup", Time since last: 2000155417 ns, Reaching safepoint: 45101 ns, At safepoint: 6400 ns, Total: 51501 ns
[1628.972s][info ][safepoint      ] Safepoint "Cleanup", Time since last: 1000069358 ns, Reaching safepoint: 56302 ns, At safepoint: 10400 ns, Total: 66702 ns
[1629.972s][info ][safepoint      ] Safepoint "Cleanup", Time since last: 1000090258 ns, Reaching safepoint: 60102 ns, At safepoint: 9500 ns, Total: 69602 ns
[1630.972s][info ][safepoint      ] Safepoint "Cleanup", Time since last: 1000107259 ns, Reaching safepoint: 57401 ns, At safepoint: 5800 ns, Total: 63201 ns
[1631.972s][info ][safepoint      ] Safepoint "Cleanup", Time since last: 1000111259 ns, Reaching safepoint: 46801 ns, At safepoint: 5900 ns, Total: 52701 ns
[1633.972s][info ][safepoint      ] Safepoint "Cleanup", Time since last: 2000142216 ns, Reaching safepoint: 48801 ns, At safepoint: 2000 ns, Total: 50801 ns
[1634.972s][info ][safepoint      ] Safepoint "Cleanup", Time since last: 1000101458 ns, Reaching safepoint: 48802 ns, At safepoint: 5500 ns, Total: 54302 ns
[1637.973s][info ][safepoint      ] Safepoint "Cleanup", Time since last: 3000230673 ns, Reaching safepoint: 43701 ns, At safepoint: 7500 ns, Total: 51201 ns
[1638.065s][info ][gc,start       ] GC(111) Pause Young (Allocation Failure)
[1638.068s][debug][gc,phases      ] GC(111) Scavenge 2.428ms
[1638.068s][debug][gc,ref         ] GC(111) Skipped phase 1 of Reference Processing: no references
[1638.068s][debug][gc,ref         ] GC(111) Skipped phase 3 of Reference Processing: no references
[1638.068s][debug][gc,phases      ] GC(111) Reference Processing 0.022ms
[1638.068s][debug][gc,phases      ] GC(111) Weak Processing 0.523ms
[1638.068s][debug][gc,age         ] GC(111) Desired survivor size 87031808 bytes, new threshold 15 (max threshold 15)
[1638.068s][info ][gc,heap        ] GC(111) PSYoungGen: 1902400K(1995776K)->3216K(2012160K) Eden: 1899520K(1899520K)->0K(1921536K) From: 2880K(96256K)->3216K(90624K)
[1638.068s][info ][gc,heap        ] GC(111) ParOldGen: 516598K(652288K)->516606K(652288K)
[1638.068s][info ][gc,metaspace   ] GC(111) Metaspace: 76396K(77056K)->76396K(77056K) NonClass: 65881K(66240K)->65881K(66240K) Class: 10515K(10816K)->10515K(10816K)
[1638.068s][info ][gc             ] GC(111) Pause Young (Allocation Failure) 2362M->507M(2602M) 3.097ms
[1638.068s][info ][gc,cpu         ] GC(111) User=0.01s Sys=0.01s Real=0.00s
[1638.068s][info ][safepoint      ] Safepoint "ParallelGCFailedAllocation", Time since last: 92299499 ns, Reaching safepoint: 37201 ns, At safepoint: 3168068 ns, Total: 3205269 ns
[1640.068s][info ][safepoint      ] Safepoint "Cleanup", Time since last: 2000144515 ns, Reaching safepoint: 49701 ns, At safepoint: 2300 ns, Total: 52001 ns
[1641.069s][info ][safepoint      ] Safepoint "Cleanup", Time since last: 1000108258 ns, Reaching safepoint: 48101 ns, At safepoint: 5300 ns, Total: 53401 ns
[1642.069s][info ][safepoint      ] Safepoint "Cleanup", Time since last: 1000077157 ns, Reaching safepoint: 53502 ns, At safepoint: 2000 ns, Total: 55502 ns
[1643.069s][info ][safepoint      ] Safepoint "Cleanup", Time since last: 1000112758 ns, Reaching safepoint: 38200 ns, At safepoint: 2501 ns, Total: 40701 ns
[1644.069s][info ][safepoint      ] Safepoint "Cleanup", Time since last: 1000104057 ns, Reaching safepoint: 44101 ns, At safepoint: 7000 ns, Total: 51101 ns
[1646.069s][info ][safepoint      ] Safepoint "Cleanup", Time since last: 2000172315 ns, Reaching safepoint: 116102 ns, At safepoint: 10200 ns, Total: 126302 ns
[1647.070s][info ][safepoint      ] Safepoint "Cleanup", Time since last: 1000114858 ns, Reaching safepoint: 111403 ns, At safepoint: 5300 ns, Total: 116703 ns
[1648.070s][info ][safepoint      ] Safepoint "Cleanup", Time since last: 1000070956 ns, Reaching safepoint: 51601 ns, At safepoint: 6701 ns, Total: 58302 ns
[1649.070s][info ][safepoint      ] Safepoint "Cleanup", Time since last: 1000072456 ns, Reaching safepoint: 50801 ns, At safepoint: 7800 ns, Total: 58601 ns
[1650.070s][info ][safepoint      ] Safepoint "Cleanup", Time since last: 1000094457 ns, Reaching safepoint: 50902 ns, At safepoint: 9600 ns, Total: 60502 ns
[1651.070s][info ][safepoint      ] Safepoint "Cleanup", Time since last: 1000111457 ns, Reaching safepoint: 51801 ns, At safepoint: 8100 ns, Total: 59901 ns
[1653.070s][info ][safepoint      ] Safepoint "Cleanup", Time since last: 2000174014 ns, Reaching safepoint: 52501 ns, At safepoint: 6000 ns, Total: 58501 ns
[1654.071s][info ][safepoint      ] Safepoint "Cleanup", Time since last: 1000111857 ns, Reaching safepoint: 44801 ns, At safepoint: 2300 ns, Total: 47101 ns
[1655.071s][info ][safepoint      ] Safepoint "Cleanup", Time since last: 1000111357 ns, Reaching safepoint: 44301 ns, At safepoint: 2800 ns, Total: 47101 ns
[1656.071s][info ][safepoint      ] Safepoint "Cleanup", Time since last: 1000117957 ns, Reaching safepoint: 53601 ns, At safepoint: 13200 ns, Total: 66801 ns
[1657.071s][info ][safepoint      ] Safepoint "Cleanup", Time since last: 1000075656 ns, Reaching safepoint: 65802 ns, At safepoint: 8700 ns, Total: 74502 ns
[1658.071s][info ][safepoint      ] Safepoint "Cleanup", Time since last: 1000117257 ns, Reaching safepoint: 50101 ns, At safepoint: 7600 ns, Total: 57701 ns
[1659.071s][info ][safepoint      ] Safepoint "Cleanup", Time since last: 1000107857 ns, Reaching safepoint: 55501 ns, At safepoint: 9000 ns, Total: 64501 ns
[1660.072s][info ][safepoint      ] Safepoint "Cleanup", Time since last: 1000122457 ns, Reaching safepoint: 69301 ns, At safepoint: 12201 ns, Total: 81502 ns
[1661.072s][info ][safepoint      ] Safepoint "Cleanup", Time since last: 1000103756 ns, Reaching safepoint: 56601 ns, At safepoint: 6100 ns, Total: 62701 ns
[1662.072s][info ][safepoint      ] Safepoint "Cleanup", Time since last: 1000111957 ns, Reaching safepoint: 51501 ns, At safepoint: 10700 ns, Total: 62201 ns
[1663.072s][info ][safepoint      ] Safepoint "Cleanup", Time since last: 1000120256 ns, Reaching safepoint: 46901 ns, At safepoint: 3001 ns, Total: 49902 ns
[1664.072s][info ][safepoint      ] Safepoint "Cleanup", Time since last: 1000105156 ns, Reaching safepoint: 70101 ns, At safepoint: 6500 ns, Total: 76601 ns
[1666.072s][info ][safepoint      ] Safepoint "Cleanup", Time since last: 2000180412 ns, Reaching safepoint: 48501 ns, At safepoint: 2500 ns, Total: 51001 ns
[1667.073s][info ][safepoint      ] Safepoint "Cleanup", Time since last: 1000116856 ns, Reaching safepoint: 58901 ns, At safepoint: 8600 ns, Total: 67501 ns
[1668.073s][info ][safepoint      ] Safepoint "Cleanup", Time since last: 1000107156 ns, Reaching safepoint: 64801 ns, At safepoint: 9201 ns, Total: 74002 ns
[1669.073s][info ][safepoint      ] Safepoint "Cleanup", Time since last: 1000122956 ns, Reaching safepoint: 42601 ns, At safepoint: 5600 ns, Total: 48201 ns
[1670.073s][info ][safepoint      ] Safepoint "Cleanup", Time since last: 1000098255 ns, Reaching safepoint: 49301 ns, At safepoint: 15401 ns, Total: 64702 ns
[1671.073s][info ][safepoint      ] Safepoint "Cleanup", Time since last: 1000102455 ns, Reaching safepoint: 48701 ns, At safepoint: 3700 ns, Total: 52401 ns
[1672.074s][info ][safepoint      ] Safepoint "Cleanup", Time since last: 1000106456 ns, Reaching safepoint: 60701 ns, At safepoint: 5000 ns, Total: 65701 ns
[1673.074s][info ][safepoint      ] Safepoint "Cleanup", Time since last: 1000092755 ns, Reaching safepoint: 46901 ns, At safepoint: 5300 ns, Total: 52201 ns
[1674.074s][info ][safepoint      ] Safepoint "Cleanup", Time since last: 1000105056 ns, Reaching safepoint: 78901 ns, At safepoint: 6301 ns, Total: 85202 ns
[1675.074s][info ][safepoint      ] Safepoint "Cleanup", Time since last: 1000107055 ns, Reaching safepoint: 50801 ns, At safepoint: 8000 ns, Total: 58801 ns
[1676.074s][info ][safepoint      ] Safepoint "Cleanup", Time since last: 1000106355 ns, Reaching safepoint: 66302 ns, At safepoint: 8000 ns, Total: 74302 ns
[1676.835s][info ][gc,start       ] GC(112) Pause Young (Allocation Failure)
[1676.837s][debug][gc,phases      ] GC(112) Scavenge 2.156ms
[1676.837s][debug][gc,ref         ] GC(112) Skipped phase 1 of Reference Processing: no references
[1676.837s][debug][gc,ref         ] GC(112) Skipped phase 3 of Reference Processing: no references
[1676.838s][debug][gc,phases      ] GC(112) Reference Processing 0.029ms
[1676.838s][debug][gc,phases      ] GC(112) Weak Processing 0.500ms
[1676.838s][debug][gc,age         ] GC(112) Desired survivor size 81788928 bytes, new threshold 15 (max threshold 15)
[1676.838s][info ][gc,heap        ] GC(112) PSYoungGen: 1924752K(2012160K)->2304K(2006528K) Eden: 1921536K(1921536K)->0K(1921536K) From: 3216K(90624K)->2304K(84992K)
[1676.838s][info ][gc,heap        ] GC(112) ParOldGen: 516606K(652288K)->516614K(652288K)
[1676.838s][info ][gc,metaspace   ] GC(112) Metaspace: 76481K(77120K)->76481K(77120K) NonClass: 65966K(66304K)->65966K(66304K) Class: 10515K(10816K)->10515K(10816K)
[1676.838s][info ][gc             ] GC(112) Pause Young (Allocation Failure) 2384M->506M(2596M) 2.794ms
[1676.838s][info ][gc,cpu         ] GC(112) User=0.00s Sys=0.00s Real=0.00s
[1676.838s][info ][safepoint      ] Safepoint "ParallelGCFailedAllocation", Time since last: 760926176 ns, Reaching safepoint: 106202 ns, At safepoint: 2862562 ns, Total: 2968764 ns
[1677.419s][info ][safepoint      ] Safepoint "ICBufferFull", Time since last: 580407368 ns, Reaching safepoint: 109002 ns, At safepoint: 8000 ns, Total: 117002 ns
[1678.419s][info ][safepoint      ] Safepoint "Cleanup", Time since last: 1000096555 ns, Reaching safepoint: 112903 ns, At safepoint: 11100 ns, Total: 124003 ns
[1679.234s][info ][safepoint      ] Safepoint "ICBufferFull", Time since last: 815236952 ns, Reaching safepoint: 144203 ns, At safepoint: 5000 ns, Total: 149203 ns
[1680.234s][info ][safepoint      ] Safepoint "Cleanup", Time since last: 1000082354 ns, Reaching safepoint: 88002 ns, At safepoint: 7800 ns, Total: 95802 ns
[1681.235s][info ][safepoint      ] Safepoint "Cleanup", Time since last: 1000091755 ns, Reaching safepoint: 116502 ns, At safepoint: 7201 ns, Total: 123703 ns
[1682.235s][info ][safepoint      ] Safepoint "Cleanup", Time since last: 1000096154 ns, Reaching safepoint: 117803 ns, At safepoint: 11100 ns, Total: 128903 ns
[1682.922s][info ][safepoint      ] Safepoint "ICBufferFull", Time since last: 687211580 ns, Reaching safepoint: 113802 ns, At safepoint: 8500 ns, Total: 122302 ns
[1683.922s][info ][safepoint      ] Safepoint "Cleanup", Time since last: 1000103855 ns, Reaching safepoint: 126002 ns, At safepoint: 12701 ns, Total: 138703 ns
[1685.571s][info ][safepoint      ] Safepoint "Cleanup", Time since last: 1648164186 ns, Reaching safepoint: 172304 ns, At safepoint: 10000 ns, Total: 182304 ns
[1686.737s][info ][safepoint      ] Safepoint "Cleanup", Time since last: 1165698540 ns, Reaching safepoint: 108102 ns, At safepoint: 8500 ns, Total: 116602 ns
[1687.548s][info ][safepoint      ] Safepoint "ICBufferFull", Time since last: 811320267 ns, Reaching safepoint: 126903 ns, At safepoint: 11200 ns, Total: 138103 ns
[1688.548s][info ][safepoint      ] Safepoint "Cleanup", Time since last: 1000110554 ns, Reaching safepoint: 104303 ns, At safepoint: 8100 ns, Total: 112403 ns
[1689.548s][info ][safepoint      ] Safepoint "Cleanup", Time since last: 1000114754 ns, Reaching safepoint: 63601 ns, At safepoint: 8101 ns, Total: 71702 ns
[1690.549s][info ][safepoint      ] Safepoint "Cleanup", Time since last: 1000105454 ns, Reaching safepoint: 99402 ns, At safepoint: 5500 ns, Total: 104902 ns
[1691.549s][info ][safepoint      ] Safepoint "Cleanup", Time since last: 1000102954 ns, Reaching safepoint: 69801 ns, At safepoint: 10401 ns, Total: 80202 ns
[1692.549s][info ][safepoint      ] Safepoint "Cleanup", Time since last: 1000105653 ns, Reaching safepoint: 84802 ns, At safepoint: 9700 ns, Total: 94502 ns
[1693.549s][info ][safepoint      ] Safepoint "Cleanup", Time since last: 1000101354 ns, Reaching safepoint: 50501 ns, At safepoint: 7100 ns, Total: 57601 ns
[1694.549s][info ][safepoint      ] Safepoint "Cleanup", Time since last: 1000091454 ns, Reaching safepoint: 94602 ns, At safepoint: 8200 ns, Total: 102802 ns
[1694.715s][info ][gc,start       ] GC(113) Pause Young (Allocation Failure)
[1694.731s][debug][gc,phases      ] GC(113) Scavenge 16.884ms
[1694.731s][debug][gc,ref         ] GC(113) Skipped phase 1 of Reference Processing: no references
[1694.732s][debug][gc,ref         ] GC(113) Skipped phase 3 of Reference Processing: no references
[1694.732s][debug][gc,phases      ] GC(113) Reference Processing 0.043ms
[1694.732s][debug][gc,phases      ] GC(113) Weak Processing 0.535ms
[1694.732s][debug][gc,age         ] GC(113) Desired survivor size 94896128 bytes, new threshold 15 (max threshold 15)
[1694.732s][info ][gc,heap        ] GC(113) PSYoungGen: 1923840K(2006528K)->66304K(1991680K) Eden: 1921536K(1921536K)->0K(1911808K) From: 2304K(84992K)->66304K(79872K)
[1694.732s][info ][gc,heap        ] GC(113) ParOldGen: 516614K(652288K)->516622K(652288K)
[1694.732s][info ][gc,metaspace   ] GC(113) Metaspace: 76707K(77312K)->76707K(77312K) NonClass: 66177K(66496K)->66177K(66496K) Class: 10530K(10816K)->10530K(10816K)
[1694.732s][info ][gc             ] GC(113) Pause Young (Allocation Failure) 2383M->569M(2582M) 17.616ms
[1694.732s][info ][gc,cpu         ] GC(113) User=0.07s Sys=0.00s Real=0.01s
[1694.732s][info ][safepoint      ] Safepoint "ParallelGCFailedAllocation", Time since last: 165024073 ns, Reaching safepoint: 50601 ns, At safepoint: 17698683 ns, Total: 17749284 ns
[1695.570s][info ][safepoint      ] Safepoint "ICBufferFull", Time since last: 837416832 ns, Reaching safepoint: 190504 ns, At safepoint: 21700 ns, Total: 212204 ns
[1696.316s][info ][safepoint      ] Safepoint "ICBufferFull", Time since last: 746146455 ns, Reaching safepoint: 149103 ns, At safepoint: 9701 ns, Total: 158804 ns
[1697.270s][info ][safepoint      ] Safepoint "ICBufferFull", Time since last: 953929253 ns, Reaching safepoint: 316907 ns, At safepoint: 11501 ns, Total: 328408 ns
[1698.271s][info ][safepoint      ] Safepoint "Cleanup", Time since last: 1000082553 ns, Reaching safepoint: 66801 ns, At safepoint: 9700 ns, Total: 76501 ns
[1699.271s][info ][safepoint      ] Safepoint "Cleanup", Time since last: 1000078453 ns, Reaching safepoint: 182104 ns, At safepoint: 17000 ns, Total: 199104 ns
[1700.271s][info ][safepoint      ] Safepoint "Cleanup", Time since last: 1000101454 ns, Reaching safepoint: 65701 ns, At safepoint: 8300 ns, Total: 74001 ns
[1701.271s][info ][safepoint      ] Safepoint "Cleanup", Time since last: 1000104453 ns, Reaching safepoint: 55602 ns, At safepoint: 6000 ns, Total: 61602 ns
[1702.271s][info ][safepoint      ] Safepoint "Cleanup", Time since last: 1000105653 ns, Reaching safepoint: 56701 ns, At safepoint: 7000 ns, Total: 63701 ns
[1703.272s][info ][safepoint      ] Safepoint "Cleanup", Time since last: 1000135954 ns, Reaching safepoint: 64601 ns, At safepoint: 10101 ns, Total: 74702 ns
[1706.272s][info ][safepoint      ] Safepoint "Cleanup", Time since last: 3000213856 ns, Reaching safepoint: 63302 ns, At safepoint: 8400 ns, Total: 71702 ns
[1707.272s][info ][safepoint      ] Safepoint "Cleanup", Time since last: 1000105353 ns, Reaching safepoint: 64501 ns, At safepoint: 5800 ns, Total: 70301 ns
[1708.272s][info ][safepoint      ] Safepoint "Cleanup", Time since last: 1000109353 ns, Reaching safepoint: 67601 ns, At safepoint: 8400 ns, Total: 76001 ns
[1709.272s][info ][safepoint      ] Safepoint "Cleanup", Time since last: 1000112553 ns, Reaching safepoint: 48901 ns, At safepoint: 2800 ns, Total: 51701 ns
[1710.272s][info ][safepoint      ] Safepoint "Cleanup", Time since last: 1000098753 ns, Reaching safepoint: 59501 ns, At safepoint: 5600 ns, Total: 65101 ns
[1711.273s][info ][safepoint      ] Safepoint "Cleanup", Time since last: 1000103753 ns, Reaching safepoint: 60401 ns, At safepoint: 11800 ns, Total: 72201 ns
[1712.273s][info ][safepoint      ] Safepoint "Cleanup", Time since last: 1000109053 ns, Reaching safepoint: 45401 ns, At safepoint: 2800 ns, Total: 48201 ns
[1714.273s][info ][safepoint      ] Safepoint "Cleanup", Time since last: 2000163803 ns, Reaching safepoint: 46601 ns, At safepoint: 4301 ns, Total: 50902 ns
[1716.273s][info ][safepoint      ] Safepoint "Cleanup", Time since last: 2000203504 ns, Reaching safepoint: 65001 ns, At safepoint: 7600 ns, Total: 72601 ns
[1718.274s][info ][safepoint      ] Safepoint "Cleanup", Time since last: 2000187304 ns, Reaching safepoint: 65701 ns, At safepoint: 9800 ns, Total: 75501 ns
[1719.274s][info ][safepoint      ] Safepoint "Cleanup", Time since last: 1000100852 ns, Reaching safepoint: 53201 ns, At safepoint: 12901 ns, Total: 66102 ns
[1719.623s][info ][gc,start       ] GC(114) Pause Young (Allocation Failure)
[1719.654s][debug][gc,phases      ] GC(114) Scavenge 30.597ms
[1719.654s][debug][gc,ref         ] GC(114) Skipped phase 1 of Reference Processing: no references
[1719.654s][debug][gc,ref         ] GC(114) Skipped phase 3 of Reference Processing: no references
[1719.654s][debug][gc,phases      ] GC(114) Reference Processing 0.045ms
[1719.655s][debug][gc,phases      ] GC(114) Weak Processing 0.603ms
[1719.655s][debug][gc,age         ] GC(114) Desired survivor size 128974848 bytes, new threshold 14 (max threshold 15)
[1719.655s][info ][gc,heap        ] GC(114) PSYoungGen: 1978112K(1991680K)->92666K(2004480K) Eden: 1911808K(1911808K)->0K(1911808K) From: 66304K(79872K)->92666K(92672K)
[1719.655s][info ][gc,heap        ] GC(114) ParOldGen: 516622K(652288K)->551060K(652288K)
[1719.655s][info ][gc,metaspace   ] GC(114) Metaspace: 76902K(77504K)->76902K(77504K) NonClass: 66351K(66688K)->66351K(66688K) Class: 10551K(10816K)->10551K(10816K)
[1719.655s][info ][gc             ] GC(114) Pause Young (Allocation Failure) 2436M->628M(2594M) 31.388ms
[1719.655s][info ][gc,cpu         ] GC(114) User=0.13s Sys=0.00s Real=0.03s
[1719.655s][info ][safepoint      ] Safepoint "ParallelGCFailedAllocation", Time since last: 349500666 ns, Reaching safepoint: 131503 ns, At safepoint: 31472581 ns, Total: 31604084 ns
[1720.292s][info ][safepoint      ] Safepoint "ICBufferFull", Time since last: 637062093 ns, Reaching safepoint: 146703 ns, At safepoint: 9200 ns, Total: 155903 ns
[1720.319s][info ][safepoint      ] Safepoint "ICBufferFull", Time since last: 26791680 ns, Reaching safepoint: 119103 ns, At safepoint: 6700 ns, Total: 125803 ns
[1720.362s][info ][safepoint      ] Safepoint "ICBufferFull", Time since last: 43150034 ns, Reaching safepoint: 134703 ns, At safepoint: 9400 ns, Total: 144103 ns
[1720.437s][info ][safepoint      ] Safepoint "ICBufferFull", Time since last: 74598315 ns, Reaching safepoint: 158203 ns, At safepoint: 7201 ns, Total: 165404 ns
[1720.676s][info ][safepoint      ] Safepoint "ICBufferFull", Time since last: 238402961 ns, Reaching safepoint: 162203 ns, At safepoint: 9901 ns, Total: 172104 ns
[1721.143s][info ][safepoint      ] Safepoint "ICBufferFull", Time since last: 467357318 ns, Reaching safepoint: 223105 ns, At safepoint: 18600 ns, Total: 241705 ns
[1721.217s][info ][safepoint      ] Safepoint "ICBufferFull", Time since last: 73122783 ns, Reaching safepoint: 154203 ns, At safepoint: 14501 ns, Total: 168704 ns
[1721.315s][info ][safepoint      ] Safepoint "ICBufferFull", Time since last: 98695736 ns, Reaching safepoint: 76302 ns, At safepoint: 7700 ns, Total: 84002 ns
[1721.535s][info ][safepoint      ] Safepoint "ICBufferFull", Time since last: 219136044 ns, Reaching safepoint: 174504 ns, At safepoint: 8600 ns, Total: 183104 ns
[1721.788s][info ][safepoint      ] Safepoint "ICBufferFull", Time since last: 253697393 ns, Reaching safepoint: 176304 ns, At safepoint: 14800 ns, Total: 191104 ns
[1722.022s][info ][safepoint      ] Safepoint "ICBufferFull", Time since last: 233602557 ns, Reaching safepoint: 153604 ns, At safepoint: 6900 ns, Total: 160504 ns
[1722.927s][info ][safepoint      ] Safepoint "ICBufferFull", Time since last: 904517382 ns, Reaching safepoint: 176304 ns, At safepoint: 9700 ns, Total: 186004 ns
[1723.927s][info ][safepoint      ] Safepoint "Cleanup", Time since last: 1000104952 ns, Reaching safepoint: 211504 ns, At safepoint: 13600 ns, Total: 225104 ns
[1724.928s][info ][safepoint      ] Safepoint "Cleanup", Time since last: 1000107352 ns, Reaching safepoint: 134303 ns, At safepoint: 7600 ns, Total: 141903 ns
[1725.928s][info ][safepoint      ] Safepoint "Cleanup", Time since last: 1000140152 ns, Reaching safepoint: 183804 ns, At safepoint: 10200 ns, Total: 194004 ns
[1727.222s][info ][safepoint      ] Safepoint "Cleanup", Time since last: 1294301321 ns, Reaching safepoint: 194404 ns, At safepoint: 8800 ns, Total: 203204 ns
[1727.271s][info ][gc,start       ] GC(115) Pause Young (Allocation Failure)
[1727.299s][debug][gc,phases      ] GC(115) Scavenge 28.342ms
[1727.299s][debug][gc,ref         ] GC(115) Skipped phase 1 of Reference Processing: no references
[1727.299s][debug][gc,ref         ] GC(115) Skipped phase 3 of Reference Processing: no references
[1727.299s][debug][gc,phases      ] GC(115) Reference Processing 0.067ms
[1727.300s][debug][gc,phases      ] GC(115) Weak Processing 0.566ms
[1727.300s][debug][gc,age         ] GC(115) Desired survivor size 154664960 bytes, new threshold 13 (max threshold 15)
[1727.300s][info ][gc,heap        ] GC(115) PSYoungGen: 2004474K(2004480K)->92651K(1887744K) Eden: 1911808K(1911808K)->0K(1795072K) From: 92666K(92672K)->92651K(92672K)
[1727.300s][info ][gc,heap        ] GC(115) ParOldGen: 551060K(652288K)->580757K(652288K)
[1727.300s][info ][gc,metaspace   ] GC(115) Metaspace: 78025K(78656K)->78025K(78656K) NonClass: 67347K(67712K)->67347K(67712K) Class: 10677K(10944K)->10677K(10944K)
[1727.300s][info ][gc             ] GC(115) Pause Young (Allocation Failure) 2495M->657M(2480M) 29.137ms
[1727.300s][info ][gc,cpu         ] GC(115) User=0.11s Sys=0.00s Real=0.03s
[1727.300s][info ][safepoint      ] Safepoint "ParallelGCFailedAllocation", Time since last: 48456649 ns, Reaching safepoint: 38801 ns, At safepoint: 29211633 ns, Total: 29250434 ns
[1728.300s][info ][safepoint      ] Safepoint "Cleanup", Time since last: 1000088750 ns, Reaching safepoint: 92102 ns, At safepoint: 6201 ns, Total: 98303 ns
[1729.300s][info ][safepoint      ] Safepoint "Cleanup", Time since last: 1000109851 ns, Reaching safepoint: 82302 ns, At safepoint: 9100 ns, Total: 91402 ns
[1730.301s][info ][safepoint      ] Safepoint "Cleanup", Time since last: 1000099951 ns, Reaching safepoint: 108002 ns, At safepoint: 11401 ns, Total: 119403 ns
[1731.301s][info ][safepoint      ] Safepoint "Cleanup", Time since last: 1000097450 ns, Reaching safepoint: 212105 ns, At safepoint: 11800 ns, Total: 223905 ns
[1732.301s][info ][safepoint      ] Safepoint "Cleanup", Time since last: 1000077051 ns, Reaching safepoint: 129302 ns, At safepoint: 5201 ns, Total: 134503 ns
[1733.301s][info ][safepoint      ] Safepoint "Cleanup", Time since last: 1000109351 ns, Reaching safepoint: 65201 ns, At safepoint: 11600 ns, Total: 76801 ns
[1734.302s][info ][safepoint      ] Safepoint "Cleanup", Time since last: 1000138052 ns, Reaching safepoint: 82302 ns, At safepoint: 11200 ns, Total: 93502 ns
[1735.302s][info ][safepoint      ] Safepoint "Cleanup", Time since last: 1000105951 ns, Reaching safepoint: 69201 ns, At safepoint: 5800 ns, Total: 75001 ns
[1736.302s][info ][safepoint      ] Safepoint "Cleanup", Time since last: 1000107851 ns, Reaching safepoint: 74902 ns, At safepoint: 5600 ns, Total: 80502 ns
[1737.302s][info ][safepoint      ] Safepoint "Cleanup", Time since last: 1000111651 ns, Reaching safepoint: 80401 ns, At safepoint: 12301 ns, Total: 92702 ns
[1738.600s][info ][safepoint      ] Safepoint "Cleanup", Time since last: 1297501188 ns, Reaching safepoint: 134103 ns, At safepoint: 5400 ns, Total: 139503 ns
[1739.600s][info ][safepoint      ] Safepoint "Cleanup", Time since last: 1000115951 ns, Reaching safepoint: 52001 ns, At safepoint: 2800 ns, Total: 54801 ns
[1740.600s][info ][safepoint      ] Safepoint "Cleanup", Time since last: 1000104751 ns, Reaching safepoint: 47601 ns, At safepoint: 6100 ns, Total: 53701 ns
[1741.600s][info ][safepoint      ] Safepoint "Cleanup", Time since last: 1000103450 ns, Reaching safepoint: 52301 ns, At safepoint: 8300 ns, Total: 60601 ns
[1742.600s][info ][safepoint      ] Safepoint "Cleanup", Time since last: 1000054850 ns, Reaching safepoint: 52601 ns, At safepoint: 5800 ns, Total: 58401 ns
[1743.115s][info ][gc,start       ] GC(116) Pause Young (Allocation Failure)
[1743.132s][debug][gc,phases      ] GC(116) Scavenge 16.969ms
[1743.132s][debug][gc,ref         ] GC(116) Skipped phase 1 of Reference Processing: no references
[1743.132s][debug][gc,ref         ] GC(116) Skipped phase 3 of Reference Processing: no references
[1743.132s][debug][gc,phases      ] GC(116) Reference Processing 0.050ms
[1743.133s][debug][gc,phases      ] GC(116) Weak Processing 0.602ms
[1743.133s][debug][gc,age         ] GC(116) Desired survivor size 163053568 bytes, new threshold 14 (max threshold 15)
[1743.133s][info ][gc,heap        ] GC(116) PSYoungGen: 1887723K(1887744K)->91019K(1886208K) Eden: 1795072K(1795072K)->0K(1795072K) From: 92651K(92672K)->91019K(91136K)
[1743.133s][info ][gc,heap        ] GC(116) ParOldGen: 580757K(652288K)->580765K(652288K)
[1743.133s][info ][gc,metaspace   ] GC(116) Metaspace: 78247K(78848K)->78247K(78848K) NonClass: 67555K(67904K)->67555K(67904K) Class: 10691K(10944K)->10691K(10944K)
[1743.133s][info ][gc             ] GC(116) Pause Young (Allocation Failure) 2410M->656M(2479M) 17.760ms
[1743.133s][info ][gc,cpu         ] GC(116) User=0.07s Sys=0.00s Real=0.02s
[1743.133s][info ][safepoint      ] Safepoint "ParallelGCFailedAllocation", Time since last: 514733943 ns, Reaching safepoint: 48501 ns, At safepoint: 17840986 ns, Total: 17889487 ns
[1744.133s][info ][safepoint      ] Safepoint "Cleanup", Time since last: 1000076550 ns, Reaching safepoint: 59101 ns, At safepoint: 10000 ns, Total: 69101 ns
[1745.133s][info ][safepoint      ] Safepoint "Cleanup", Time since last: 1000096650 ns, Reaching safepoint: 156903 ns, At safepoint: 8001 ns, Total: 164904 ns
[1746.134s][info ][safepoint      ] Safepoint "Cleanup", Time since last: 1000101250 ns, Reaching safepoint: 70101 ns, At safepoint: 5900 ns, Total: 76001 ns
[1747.134s][info ][safepoint      ] Safepoint "Cleanup", Time since last: 1000074749 ns, Reaching safepoint: 55202 ns, At safepoint: 7700 ns, Total: 62902 ns
[1748.134s][info ][safepoint      ] Safepoint "Cleanup", Time since last: 1000113550 ns, Reaching safepoint: 47401 ns, At safepoint: 4600 ns, Total: 52001 ns
[1750.134s][info ][safepoint      ] Safepoint "Cleanup", Time since last: 2000189699 ns, Reaching safepoint: 46801 ns, At safepoint: 6100 ns, Total: 52901 ns
[1751.134s][info ][safepoint      ] Safepoint "Cleanup", Time since last: 1000089450 ns, Reaching safepoint: 49901 ns, At safepoint: 8800 ns, Total: 58701 ns
[1752.135s][info ][safepoint      ] Safepoint "Cleanup", Time since last: 1000105650 ns, Reaching safepoint: 73701 ns, At safepoint: 5900 ns, Total: 79601 ns
[1753.135s][info ][safepoint      ] Safepoint "Cleanup", Time since last: 1000111650 ns, Reaching safepoint: 53501 ns, At safepoint: 15101 ns, Total: 68602 ns
[1754.135s][info ][safepoint      ] Safepoint "Cleanup", Time since last: 1000106349 ns, Reaching safepoint: 57301 ns, At safepoint: 7400 ns, Total: 64701 ns
[1755.135s][info ][safepoint      ] Safepoint "Cleanup", Time since last: 1000102750 ns, Reaching safepoint: 59401 ns, At safepoint: 7900 ns, Total: 67301 ns
[1756.135s][info ][safepoint      ] Safepoint "Cleanup", Time since last: 1000101850 ns, Reaching safepoint: 79001 ns, At safepoint: 8701 ns, Total: 87702 ns
[1757.135s][info ][safepoint      ] Safepoint "Cleanup", Time since last: 1000102849 ns, Reaching safepoint: 46601 ns, At safepoint: 5800 ns, Total: 52401 ns
[1758.136s][info ][safepoint      ] Safepoint "Cleanup", Time since last: 1000106249 ns, Reaching safepoint: 65902 ns, At safepoint: 11300 ns, Total: 77202 ns
[1759.136s][info ][safepoint      ] Safepoint "Cleanup", Time since last: 1000100949 ns, Reaching safepoint: 74502 ns, At safepoint: 11700 ns, Total: 86202 ns
[1760.275s][info ][gc,start       ] GC(117) Pause Young (Allocation Failure)
[1760.295s][debug][gc,phases      ] GC(117) Scavenge 19.648ms
[1760.295s][debug][gc,ref         ] GC(117) Skipped phase 1 of Reference Processing: no references
[1760.295s][debug][gc,ref         ] GC(117) Skipped phase 3 of Reference Processing: no references
[1760.295s][debug][gc,phases      ] GC(117) Reference Processing 0.082ms
[1760.295s][debug][gc,phases      ] GC(117) Weak Processing 0.589ms
[1760.295s][debug][gc,age         ] GC(117) Desired survivor size 169345024 bytes, new threshold 15 (max threshold 15)
[1760.295s][info ][gc,heap        ] GC(117) PSYoungGen: 1886091K(1886208K)->91131K(1925632K) Eden: 1795072K(1795072K)->0K(1766400K) From: 91019K(91136K)->91131K(159232K)
[1760.295s][info ][gc,heap        ] GC(117) ParOldGen: 580765K(652288K)->580773K(652288K)
[1760.295s][info ][gc,metaspace   ] GC(117) Metaspace: 78314K(78976K)->78314K(78976K) NonClass: 67615K(67968K)->67615K(67968K) Class: 10698K(11008K)->10698K(11008K)
[1760.295s][info ][gc             ] GC(117) Pause Young (Allocation Failure) 2409M->656M(2517M) 20.467ms
[1760.295s][info ][gc,cpu         ] GC(117) User=0.08s Sys=0.00s Real=0.02s
[1760.295s][info ][safepoint      ] Safepoint "ParallelGCFailedAllocation", Time since last: 1139074957 ns, Reaching safepoint: 44201 ns, At safepoint: 20548845 ns, Total: 20593046 ns
[1761.296s][info ][safepoint      ] Safepoint "Cleanup", Time since last: 1000083748 ns, Reaching safepoint: 46601 ns, At safepoint: 2501 ns, Total: 49102 ns
[1762.296s][info ][safepoint      ] Safepoint "Cleanup", Time since last: 1000079948 ns, Reaching safepoint: 46801 ns, At safepoint: 2600 ns, Total: 49401 ns
[1763.296s][info ][safepoint      ] Safepoint "Cleanup", Time since last: 1000106049 ns, Reaching safepoint: 61401 ns, At safepoint: 6300 ns, Total: 67701 ns
[1764.296s][info ][safepoint      ] Safepoint "Cleanup", Time since last: 1000106449 ns, Reaching safepoint: 62702 ns, At safepoint: 16800 ns, Total: 79502 ns
[1767.296s][info ][safepoint      ] Safepoint "Cleanup", Time since last: 3000238744 ns, Reaching safepoint: 52302 ns, At safepoint: 4000 ns, Total: 56302 ns
[1768.297s][info ][safepoint      ] Safepoint "Cleanup", Time since last: 1000113948 ns, Reaching safepoint: 52502 ns, At safepoint: 9400 ns, Total: 61902 ns
[1769.297s][info ][safepoint      ] Safepoint "Cleanup", Time since last: 1000105348 ns, Reaching safepoint: 49901 ns, At safepoint: 2800 ns, Total: 52701 ns
[1770.297s][info ][safepoint      ] Safepoint "Cleanup", Time since last: 1000113449 ns, Reaching safepoint: 74402 ns, At safepoint: 10800 ns, Total: 85202 ns
[1771.297s][info ][safepoint      ] Safepoint "Cleanup", Time since last: 1000118748 ns, Reaching safepoint: 50102 ns, At safepoint: 3500 ns, Total: 53602 ns
[1772.297s][info ][safepoint      ] Safepoint "Cleanup", Time since last: 1000113848 ns, Reaching safepoint: 44601 ns, At safepoint: 3100 ns, Total: 47701 ns
[1773.297s][info ][safepoint      ] Safepoint "Cleanup", Time since last: 1000125649 ns, Reaching safepoint: 46001 ns, At safepoint: 9700 ns, Total: 55701 ns
[1774.298s][info ][safepoint      ] Safepoint "Cleanup", Time since last: 1000062747 ns, Reaching safepoint: 55202 ns, At safepoint: 9900 ns, Total: 65102 ns
[1775.298s][info ][safepoint      ] Safepoint "Cleanup", Time since last: 1000107148 ns, Reaching safepoint: 57901 ns, At safepoint: 6100 ns, Total: 64001 ns
[1776.298s][info ][safepoint      ] Safepoint "Cleanup", Time since last: 1000111248 ns, Reaching safepoint: 49602 ns, At safepoint: 11200 ns, Total: 60802 ns
[1777.298s][info ][safepoint      ] Safepoint "Cleanup", Time since last: 1000108948 ns, Reaching safepoint: 49701 ns, At safepoint: 7400 ns, Total: 57101 ns
[1777.817s][info ][gc,start       ] GC(118) Pause Young (Allocation Failure)
[1777.833s][debug][gc,phases      ] GC(118) Scavenge 16.883ms
[1777.834s][debug][gc,ref         ] GC(118) Skipped phase 1 of Reference Processing: no references
[1777.834s][debug][gc,ref         ] GC(118) Skipped phase 3 of Reference Processing: no references
[1777.834s][debug][gc,phases      ] GC(118) Reference Processing 0.047ms
[1777.834s][debug][gc,phases      ] GC(118) Weak Processing 0.705ms
[1777.834s][debug][gc,age         ] GC(118) Desired survivor size 173539328 bytes, new threshold 15 (max threshold 15)
[1777.834s][info ][gc,heap        ] GC(118) PSYoungGen: 1857531K(1925632K)->91467K(1858048K) Eden: 1766400K(1766400K)->0K(1766400K) From: 91131K(159232K)->91467K(91648K)
[1777.834s][info ][gc,heap        ] GC(118) ParOldGen: 580773K(652288K)->580773K(652288K)
[1777.834s][info ][gc,metaspace   ] GC(118) Metaspace: 78333K(79040K)->78333K(79040K) NonClass: 67635K(68032K)->67635K(68032K) Class: 10698K(11008K)->10698K(11008K)
[1777.834s][info ][gc             ] GC(118) Pause Young (Allocation Failure) 2381M->656M(2451M) 17.780ms
[1777.834s][info ][gc,cpu         ] GC(118) User=0.07s Sys=0.00s Real=0.02s
[1777.834s][info ][safepoint      ] Safepoint "ParallelGCFailedAllocation", Time since last: 518411821 ns, Reaching safepoint: 41301 ns, At safepoint: 17860787 ns, Total: 17902088 ns
[1778.835s][info ][safepoint      ] Safepoint "Cleanup", Time since last: 1000083847 ns, Reaching safepoint: 47601 ns, At safepoint: 5801 ns, Total: 53402 ns
[1779.835s][info ][safepoint      ] Safepoint "Cleanup", Time since last: 1000106447 ns, Reaching safepoint: 45101 ns, At safepoint: 2700 ns, Total: 47801 ns
[1781.481s][info ][safepoint      ] Safepoint "Cleanup", Time since last: 1646639543 ns, Reaching safepoint: 101702 ns, At safepoint: 7200 ns, Total: 108902 ns
[1782.482s][info ][safepoint      ] Safepoint "Cleanup", Time since last: 1000112448 ns, Reaching safepoint: 73901 ns, At safepoint: 12901 ns, Total: 86802 ns
[1783.482s][info ][safepoint      ] Safepoint "Cleanup", Time since last: 1000092447 ns, Reaching safepoint: 54001 ns, At safepoint: 5200 ns, Total: 59201 ns
[1784.482s][info ][safepoint      ] Safepoint "Cleanup", Time since last: 1000104348 ns, Reaching safepoint: 60501 ns, At safepoint: 5700 ns, Total: 66201 ns
[1785.482s][info ][safepoint      ] Safepoint "Cleanup", Time since last: 1000133648 ns, Reaching safepoint: 128803 ns, At safepoint: 6700 ns, Total: 135503 ns
[1786.482s][info ][safepoint      ] Safepoint "Cleanup", Time since last: 1000103148 ns, Reaching safepoint: 54401 ns, At safepoint: 9000 ns, Total: 63401 ns
[1787.483s][info ][safepoint      ] Safepoint "Cleanup", Time since last: 1000104047 ns, Reaching safepoint: 64002 ns, At safepoint: 7500 ns, Total: 71502 ns
[1788.483s][info ][safepoint      ] Safepoint "Cleanup", Time since last: 1000097547 ns, Reaching safepoint: 42201 ns, At safepoint: 2300 ns, Total: 44501 ns
[1789.483s][info ][safepoint      ] Safepoint "Cleanup", Time since last: 1000106947 ns, Reaching safepoint: 126903 ns, At safepoint: 9600 ns, Total: 136503 ns
[1790.483s][info ][safepoint      ] Safepoint "Cleanup", Time since last: 1000099347 ns, Reaching safepoint: 48601 ns, At safepoint: 8000 ns, Total: 56601 ns
[1792.483s][info ][safepoint      ] Safepoint "Cleanup", Time since last: 2000187194 ns, Reaching safepoint: 44101 ns, At safepoint: 2800 ns, Total: 46901 ns
[1793.483s][info ][safepoint      ] Safepoint "Cleanup", Time since last: 1000111747 ns, Reaching safepoint: 55001 ns, At safepoint: 5200 ns, Total: 60201 ns
[1794.484s][info ][safepoint      ] Safepoint "Cleanup", Time since last: 1000058246 ns, Reaching safepoint: 42301 ns, At safepoint: 2400 ns, Total: 44701 ns
[1795.065s][info ][gc,start       ] GC(119) Pause Young (Allocation Failure)
[1795.085s][debug][gc,phases      ] GC(119) Scavenge 19.608ms
[1795.085s][debug][gc,ref         ] GC(119) Skipped phase 1 of Reference Processing: no references
[1795.085s][debug][gc,ref         ] GC(119) Skipped phase 3 of Reference Processing: no references
[1795.085s][debug][gc,phases      ] GC(119) Reference Processing 0.068ms
[1795.085s][debug][gc,phases      ] GC(119) Weak Processing 0.543ms
[1795.085s][debug][gc,age         ] GC(119) Desired survivor size 176685056 bytes, new threshold 15 (max threshold 15)
[1795.085s][info ][gc,heap        ] GC(119) PSYoungGen: 1857867K(1858048K)->91515K(1921536K) Eden: 1766400K(1766400K)->0K(1752064K) From: 91467K(91648K)->91515K(169472K)
[1795.085s][info ][gc,heap        ] GC(119) ParOldGen: 580773K(652288K)->580781K(652288K)
[1795.085s][info ][gc,metaspace   ] GC(119) Metaspace: 78476K(79104K)->78476K(79104K) NonClass: 67756K(68096K)->67756K(68096K) Class: 10719K(11008K)->10719K(11008K)
[1795.085s][info ][gc             ] GC(119) Pause Young (Allocation Failure) 2381M->656M(2513M) 20.355ms
[1795.085s][info ][gc,cpu         ] GC(119) User=0.08s Sys=0.00s Real=0.02s
[1795.085s][info ][safepoint      ] Safepoint "ParallelGCFailedAllocation", Time since last: 581159379 ns, Reaching safepoint: 130803 ns, At safepoint: 20434142 ns, Total: 20564945 ns
[1796.085s][info ][safepoint      ] Safepoint "Cleanup", Time since last: 1000085947 ns, Reaching safepoint: 46501 ns, At safepoint: 3500 ns, Total: 50001 ns
[1797.086s][info ][safepoint      ] Safepoint "Cleanup", Time since last: 1000104247 ns, Reaching safepoint: 49701 ns, At safepoint: 3000 ns, Total: 52701 ns
[1800.086s][info ][safepoint      ] Safepoint "Cleanup", Time since last: 3000233238 ns, Reaching safepoint: 245405 ns, At safepoint: 13200 ns, Total: 258605 ns
[1801.086s][info ][safepoint      ] Safepoint "Cleanup", Time since last: 1000108847 ns, Reaching safepoint: 47201 ns, At safepoint: 5700 ns, Total: 52901 ns
[1802.086s][info ][safepoint      ] Safepoint "Cleanup", Time since last: 1000109747 ns, Reaching safepoint: 47101 ns, At safepoint: 5800 ns, Total: 52901 ns
[1803.087s][info ][safepoint      ] Safepoint "Cleanup", Time since last: 1000063145 ns, Reaching safepoint: 51401 ns, At safepoint: 5401 ns, Total: 56802 ns
[1804.087s][info ][safepoint      ] Safepoint "Cleanup", Time since last: 1000100846 ns, Reaching safepoint: 45101 ns, At safepoint: 13600 ns, Total: 58701 ns
[1805.087s][info ][safepoint      ] Safepoint "Cleanup", Time since last: 1000103946 ns, Reaching safepoint: 48201 ns, At safepoint: 6100 ns, Total: 54301 ns
[1806.087s][info ][safepoint      ] Safepoint "Cleanup", Time since last: 1000057646 ns, Reaching safepoint: 66301 ns, At safepoint: 9100 ns, Total: 75401 ns
[1807.087s][info ][safepoint      ] Safepoint "Cleanup", Time since last: 1000100146 ns, Reaching safepoint: 40501 ns, At safepoint: 2500 ns, Total: 43001 ns
[1809.087s][info ][safepoint      ] Safepoint "Cleanup", Time since last: 2000166691 ns, Reaching safepoint: 54501 ns, At safepoint: 9401 ns, Total: 63902 ns
[1810.088s][info ][safepoint      ] Safepoint "Cleanup", Time since last: 1000113046 ns, Reaching safepoint: 186004 ns, At safepoint: 9700 ns, Total: 195704 ns
[1811.088s][info ][safepoint      ] Safepoint "Cleanup", Time since last: 1000114146 ns, Reaching safepoint: 40801 ns, At safepoint: 7800 ns, Total: 48601 ns
[1811.915s][info ][gc,start       ] GC(120) Pause Young (Allocation Failure)
[1811.933s][debug][gc,phases      ] GC(120) Scavenge 18.227ms
[1811.933s][debug][gc,ref         ] GC(120) Skipped phase 1 of Reference Processing: no references
[1811.933s][debug][gc,ref         ] GC(120) Skipped phase 3 of Reference Processing: no references
[1811.933s][debug][gc,phases      ] GC(120) Reference Processing 0.045ms
[1811.933s][debug][gc,phases      ] GC(120) Weak Processing 0.552ms
[1811.933s][debug][gc,age         ] GC(120) Desired survivor size 177733632 bytes, new threshold 15 (max threshold 15)
[1811.934s][info ][gc,heap        ] GC(120) PSYoungGen: 1843579K(1921536K)->91515K(1843712K) Eden: 1752064K(1752064K)->0K(1752064K) From: 91515K(169472K)->91515K(91648K)
[1811.934s][info ][gc,heap        ] GC(120) ParOldGen: 580781K(652288K)->580789K(652288K)
[1811.934s][info ][gc,metaspace   ] GC(120) Metaspace: 78501K(79168K)->78501K(79168K) NonClass: 67782K(68160K)->67782K(68160K) Class: 10719K(11008K)->10719K(11008K)
[1811.934s][info ][gc             ] GC(120) Pause Young (Allocation Failure) 2367M->656M(2437M) 18.989ms
[1811.934s][info ][gc,cpu         ] GC(120) User=0.07s Sys=0.00s Real=0.02s
[1811.934s][info ][safepoint      ] Safepoint "ParallelGCFailedAllocation", Time since last: 826554590 ns, Reaching safepoint: 107702 ns, At safepoint: 19082613 ns, Total: 19190315 ns
[1812.934s][info ][safepoint      ] Safepoint "Cleanup", Time since last: 1000083645 ns, Reaching safepoint: 57102 ns, At safepoint: 2700 ns, Total: 59802 ns
[1813.934s][info ][safepoint      ] Safepoint "Cleanup", Time since last: 1000096145 ns, Reaching safepoint: 52701 ns, At safepoint: 12901 ns, Total: 65602 ns
[1814.934s][info ][safepoint      ] Safepoint "Cleanup", Time since last: 1000105645 ns, Reaching safepoint: 48301 ns, At safepoint: 7101 ns, Total: 55402 ns
[1816.934s][info ][safepoint      ] Safepoint "Cleanup", Time since last: 2000122289 ns, Reaching safepoint: 59701 ns, At safepoint: 2300 ns, Total: 62001 ns
[1817.934s][info ][safepoint      ] Safepoint "Cleanup", Time since last: 1000061045 ns, Reaching safepoint: 41401 ns, At safepoint: 3700 ns, Total: 45101 ns
[1820.935s][info ][safepoint      ] Safepoint "Cleanup", Time since last: 3000179933 ns, Reaching safepoint: 46001 ns, At safepoint: 2200 ns, Total: 48201 ns
[1821.935s][info ][safepoint      ] Safepoint "Cleanup", Time since last: 1000111645 ns, Reaching safepoint: 153404 ns, At safepoint: 14700 ns, Total: 168104 ns
[1822.935s][info ][safepoint      ] Safepoint "Cleanup", Time since last: 1000089745 ns, Reaching safepoint: 64601 ns, At safepoint: 9400 ns, Total: 74001 ns
[1824.935s][info ][safepoint      ] Safepoint "Cleanup", Time since last: 2000180690 ns, Reaching safepoint: 44601 ns, At safepoint: 2300 ns, Total: 46901 ns
[1825.935s][info ][safepoint      ] Safepoint "Cleanup", Time since last: 1000099445 ns, Reaching safepoint: 42801 ns, At safepoint: 2600 ns, Total: 45401 ns
[1826.936s][info ][safepoint      ] Safepoint "Cleanup", Time since last: 1000104845 ns, Reaching safepoint: 48701 ns, At safepoint: 7800 ns, Total: 56501 ns
[1827.716s][info ][gc,start       ] GC(121) Pause Young (Allocation Failure)
[1827.736s][debug][gc,phases      ] GC(121) Scavenge 20.059ms
[1827.736s][debug][gc,ref         ] GC(121) Skipped phase 1 of Reference Processing: no references
[1827.736s][debug][gc,ref         ] GC(121) Skipped phase 3 of Reference Processing: no references
[1827.736s][debug][gc,phases      ] GC(121) Reference Processing 0.062ms
[1827.737s][debug][gc,phases      ] GC(121) Weak Processing 0.538ms
[1827.737s][debug][gc,age         ] GC(121) Desired survivor size 178257920 bytes, new threshold 15 (max threshold 15)
[1827.737s][info ][gc,heap        ] GC(121) PSYoungGen: 1843579K(1843712K)->91835K(1922560K) Eden: 1752064K(1752064K)->0K(1748992K) From: 91515K(91648K)->91835K(173568K)
[1827.737s][info ][gc,heap        ] GC(121) ParOldGen: 580789K(652288K)->580821K(652288K)
[1827.737s][info ][gc,metaspace   ] GC(121) Metaspace: 78613K(79232K)->78613K(79232K) NonClass: 67878K(68224K)->67878K(68224K) Class: 10734K(11008K)->10734K(11008K)
[1827.737s][info ][gc             ] GC(121) Pause Young (Allocation Failure) 2367M->656M(2514M) 20.808ms
[1827.737s][info ][gc,cpu         ] GC(121) User=0.07s Sys=0.00s Real=0.02s
[1827.737s][info ][safepoint      ] Safepoint "ParallelGCFailedAllocation", Time since last: 780136784 ns, Reaching safepoint: 117803 ns, At safepoint: 20902852 ns, Total: 21020655 ns
[1828.737s][info ][safepoint      ] Safepoint "Cleanup", Time since last: 1000090945 ns, Reaching safepoint: 59301 ns, At safepoint: 4000 ns, Total: 63301 ns
[1829.737s][info ][safepoint      ] Safepoint "Cleanup", Time since last: 1000103645 ns, Reaching safepoint: 68001 ns, At safepoint: 5700 ns, Total: 73701 ns
[1830.737s][info ][safepoint      ] Safepoint "Cleanup", Time since last: 1000066444 ns, Reaching safepoint: 47101 ns, At safepoint: 7700 ns, Total: 54801 ns
[1832.737s][info ][safepoint      ] Safepoint "Cleanup", Time since last: 2000216290 ns, Reaching safepoint: 44601 ns, At safepoint: 2400 ns, Total: 47001 ns
[1833.738s][info ][safepoint      ] Safepoint "Cleanup", Time since last: 1000101244 ns, Reaching safepoint: 54602 ns, At safepoint: 7900 ns, Total: 62502 ns
[1834.738s][info ][safepoint      ] Safepoint "Cleanup", Time since last: 1000109044 ns, Reaching safepoint: 42101 ns, At safepoint: 2400 ns, Total: 44501 ns
[1835.738s][info ][safepoint      ] Safepoint "Cleanup", Time since last: 1000105545 ns, Reaching safepoint: 50201 ns, At safepoint: 8600 ns, Total: 58801 ns
[1836.738s][info ][safepoint      ] Safepoint "Cleanup", Time since last: 1000095444 ns, Reaching safepoint: 53701 ns, At safepoint: 4000 ns, Total: 57701 ns
[1837.738s][info ][safepoint      ] Safepoint "Cleanup", Time since last: 1000104045 ns, Reaching safepoint: 59301 ns, At safepoint: 7700 ns, Total: 67001 ns
[1840.739s][info ][safepoint      ] Safepoint "Cleanup", Time since last: 3000230031 ns, Reaching safepoint: 52201 ns, At safepoint: 10400 ns, Total: 62601 ns
[1841.739s][info ][safepoint      ] Safepoint "Cleanup", Time since last: 1000100744 ns, Reaching safepoint: 52802 ns, At safepoint: 6400 ns, Total: 59202 ns
[1842.739s][info ][safepoint      ] Safepoint "Cleanup", Time since last: 1000095244 ns, Reaching safepoint: 42400 ns, At safepoint: 3501 ns, Total: 45901 ns
[1843.739s][info ][safepoint      ] Safepoint "Cleanup", Time since last: 1000097343 ns, Reaching safepoint: 56602 ns, At safepoint: 2300 ns, Total: 58902 ns
[1844.615s][info ][gc,start       ] GC(122) Pause Young (Allocation Failure)
[1844.635s][debug][gc,phases      ] GC(122) Scavenge 20.417ms
[1844.635s][debug][gc,ref         ] GC(122) Skipped phase 1 of Reference Processing: no references
[1844.635s][debug][gc,ref         ] GC(122) Skipped phase 3 of Reference Processing: no references
[1844.635s][debug][gc,phases      ] GC(122) Reference Processing 0.052ms
[1844.636s][debug][gc,phases      ] GC(122) Weak Processing 0.551ms
[1844.636s][debug][gc,age         ] GC(122) Desired survivor size 177733632 bytes, new threshold 15 (max threshold 15)
[1844.636s][info ][gc,heap        ] GC(122) PSYoungGen: 1840827K(1922560K)->91867K(1923072K) Eden: 1748992K(1748992K)->0K(1748992K) From: 91835K(173568K)->91867K(174080K)
[1844.636s][info ][gc,heap        ] GC(122) ParOldGen: 580821K(652288K)->580829K(652288K)
[1844.636s][info ][gc,metaspace   ] GC(122) Metaspace: 78670K(79296K)->78670K(79296K) NonClass: 67926K(68288K)->67926K(68288K) Class: 10743K(11008K)->10743K(11008K)
[1844.636s][info ][gc             ] GC(122) Pause Young (Allocation Failure) 2364M->656M(2515M) 21.168ms
[1844.636s][info ][gc,cpu         ] GC(122) User=0.08s Sys=0.00s Real=0.02s
[1844.636s][info ][safepoint      ] Safepoint "ParallelGCFailedAllocation", Time since last: 875472046 ns, Reaching safepoint: 119103 ns, At safepoint: 21252660 ns, Total: 21371763 ns
[1845.636s][info ][safepoint      ] Safepoint "Cleanup", Time since last: 1000084943 ns, Reaching safepoint: 46301 ns, At safepoint: 2600 ns, Total: 48901 ns
[1846.636s][info ][safepoint      ] Safepoint "Cleanup", Time since last: 1000104944 ns, Reaching safepoint: 46201 ns, At safepoint: 5500 ns, Total: 51701 ns
[1847.636s][info ][safepoint      ] Safepoint "Cleanup", Time since last: 1000105244 ns, Reaching safepoint: 55101 ns, At safepoint: 9201 ns, Total: 64302 ns
[1849.637s][info ][safepoint      ] Safepoint "Cleanup", Time since last: 2000193487 ns, Reaching safepoint: 77601 ns, At safepoint: 7900 ns, Total: 85501 ns
[1850.637s][info ][safepoint      ] Safepoint "Cleanup", Time since last: 1000088944 ns, Reaching safepoint: 51901 ns, At safepoint: 7700 ns, Total: 59601 ns
[1851.637s][info ][safepoint      ] Safepoint "Cleanup", Time since last: 1000102543 ns, Reaching safepoint: 27601 ns, At safepoint: 2500 ns, Total: 30101 ns
[1852.637s][info ][safepoint      ] Safepoint "Cleanup", Time since last: 1000102844 ns, Reaching safepoint: 59401 ns, At safepoint: 2800 ns, Total: 62201 ns
[1853.637s][info ][safepoint      ] Safepoint "Cleanup", Time since last: 1000102843 ns, Reaching safepoint: 43801 ns, At safepoint: 2900 ns, Total: 46701 ns
[1855.637s][info ][safepoint      ] Safepoint "Cleanup", Time since last: 2000140686 ns, Reaching safepoint: 45000 ns, At safepoint: 4101 ns, Total: 49101 ns
[1856.638s][info ][safepoint      ] Safepoint "Cleanup", Time since last: 1000096343 ns, Reaching safepoint: 58601 ns, At safepoint: 11000 ns, Total: 69601 ns
[1857.638s][info ][safepoint      ] Safepoint "Cleanup", Time since last: 1000105543 ns, Reaching safepoint: 42001 ns, At safepoint: 3300 ns, Total: 45301 ns
[1858.638s][info ][safepoint      ] Safepoint "Cleanup", Time since last: 1000099343 ns, Reaching safepoint: 62202 ns, At safepoint: 6500 ns, Total: 68702 ns
[1859.638s][info ][safepoint      ] Safepoint "Cleanup", Time since last: 1000107543 ns, Reaching safepoint: 42601 ns, At safepoint: 5800 ns, Total: 48401 ns
[1860.638s][info ][safepoint      ] Safepoint "Cleanup", Time since last: 1000099943 ns, Reaching safepoint: 47701 ns, At safepoint: 2500 ns, Total: 50201 ns
[1861.638s][info ][safepoint      ] Safepoint "Cleanup", Time since last: 1000101243 ns, Reaching safepoint: 43001 ns, At safepoint: 5300 ns, Total: 48301 ns
[1861.821s][info ][gc,start       ] GC(123) Pause Young (Allocation Failure)
[1861.841s][debug][gc,phases      ] GC(123) Scavenge 20.208ms
[1861.842s][debug][gc,ref         ] GC(123) Skipped phase 1 of Reference Processing: no references
[1861.842s][debug][gc,ref         ] GC(123) Skipped phase 3 of Reference Processing: no references
[1861.842s][debug][gc,phases      ] GC(123) Reference Processing 0.055ms
[1861.842s][debug][gc,phases      ] GC(123) Weak Processing 0.554ms
[1861.842s][debug][gc,age         ] GC(123) Desired survivor size 176685056 bytes, new threshold 15 (max threshold 15)
[1861.842s][info ][gc,heap        ] GC(123) PSYoungGen: 1840859K(1923072K)->91867K(1924608K) Eden: 1748992K(1748992K)->0K(1751040K) From: 91867K(174080K)->91867K(173568K)
[1861.842s][info ][gc,heap        ] GC(123) ParOldGen: 580829K(652288K)->580837K(652288K)
[1861.842s][info ][gc,metaspace   ] GC(123) Metaspace: 78687K(79296K)->78687K(79296K) NonClass: 67943K(68288K)->67943K(68288K) Class: 10743K(11008K)->10743K(11008K)
[1861.842s][info ][gc             ] GC(123) Pause Young (Allocation Failure) 2364M->656M(2516M) 20.959ms
[1861.842s][info ][gc,cpu         ] GC(123) User=0.08s Sys=0.00s Real=0.02s
[1861.842s][info ][safepoint      ] Safepoint "ParallelGCFailedAllocation", Time since last: 182854257 ns, Reaching safepoint: 29901 ns, At safepoint: 21038255 ns, Total: 21068156 ns
[1862.842s][info ][safepoint      ] Safepoint "Cleanup", Time since last: 1000096843 ns, Reaching safepoint: 56701 ns, At safepoint: 5500 ns, Total: 62201 ns
[1864.843s][info ][safepoint      ] Safepoint "Cleanup", Time since last: 2000180185 ns, Reaching safepoint: 49701 ns, At safepoint: 7101 ns, Total: 56802 ns
[1865.843s][info ][safepoint      ] Safepoint "Cleanup", Time since last: 1000110442 ns, Reaching safepoint: 66002 ns, At safepoint: 6100 ns, Total: 72102 ns
[1866.843s][info ][safepoint      ] Safepoint "Cleanup", Time since last: 1000113243 ns, Reaching safepoint: 57301 ns, At safepoint: 6800 ns, Total: 64101 ns
[1868.843s][info ][safepoint      ] Safepoint "Cleanup", Time since last: 2000180785 ns, Reaching safepoint: 47901 ns, At safepoint: 2700 ns, Total: 50601 ns
[1869.843s][info ][safepoint      ] Safepoint "Cleanup", Time since last: 1000121343 ns, Reaching safepoint: 52301 ns, At safepoint: 7500 ns, Total: 59801 ns
[1870.844s][info ][safepoint      ] Safepoint "Cleanup", Time since last: 1000112443 ns, Reaching safepoint: 47901 ns, At safepoint: 9500 ns, Total: 57401 ns
[1872.844s][info ][safepoint      ] Safepoint "Cleanup", Time since last: 2000172884 ns, Reaching safepoint: 46101 ns, At safepoint: 3000 ns, Total: 49101 ns
[1873.844s][info ][safepoint      ] Safepoint "Cleanup", Time since last: 1000106643 ns, Reaching safepoint: 48801 ns, At safepoint: 2900 ns, Total: 51701 ns
[1874.844s][info ][safepoint      ] Safepoint "Cleanup", Time since last: 1000107542 ns, Reaching safepoint: 75802 ns, At safepoint: 9700 ns, Total: 85502 ns
[1876.844s][info ][safepoint      ] Safepoint "Cleanup", Time since last: 2000178484 ns, Reaching safepoint: 40801 ns, At safepoint: 2400 ns, Total: 43201 ns
[1877.844s][info ][safepoint      ] Safepoint "Cleanup", Time since last: 1000097542 ns, Reaching safepoint: 45801 ns, At safepoint: 4000 ns, Total: 49801 ns
[1878.715s][info ][gc,start       ] GC(124) Pause Young (Allocation Failure)
[1878.734s][debug][gc,phases      ] GC(124) Scavenge 18.927ms
[1878.734s][debug][gc,ref         ] GC(124) Skipped phase 1 of Reference Processing: no references
[1878.734s][debug][gc,ref         ] GC(124) Skipped phase 3 of Reference Processing: no references
[1878.734s][debug][gc,phases      ] GC(124) Reference Processing 0.061ms
[1878.735s][debug][gc,phases      ] GC(124) Weak Processing 0.532ms
[1878.735s][debug][gc,age         ] GC(124) Desired survivor size 175112192 bytes, new threshold 15 (max threshold 15)
[1878.735s][info ][gc,heap        ] GC(124) PSYoungGen: 1842907K(1924608K)->91740K(1923584K) Eden: 1751040K(1751040K)->0K(1751040K) From: 91867K(173568K)->91740K(172544K)
[1878.735s][info ][gc,heap        ] GC(124) ParOldGen: 580837K(652288K)->580885K(652288K)
[1878.735s][info ][gc,metaspace   ] GC(124) Metaspace: 78692K(79296K)->78692K(79296K) NonClass: 67948K(68288K)->67948K(68288K) Class: 10743K(11008K)->10743K(11008K)
[1878.735s][info ][gc             ] GC(124) Pause Young (Allocation Failure) 2366M->656M(2515M) 19.651ms
[1878.735s][info ][gc,cpu         ] GC(124) User=0.07s Sys=0.00s Real=0.02s
[1878.735s][info ][safepoint      ] Safepoint "ParallelGCFailedAllocation", Time since last: 870325533 ns, Reaching safepoint: 55902 ns, At safepoint: 19740727 ns, Total: 19796629 ns
[1880.444s][info ][safepoint      ] Safepoint "Cleanup", Time since last: 1709058584 ns, Reaching safepoint: 82901 ns, At safepoint: 7100 ns, Total: 90001 ns
[1882.444s][info ][safepoint      ] Safepoint "Cleanup", Time since last: 2000184884 ns, Reaching safepoint: 48201 ns, At safepoint: 5300 ns, Total: 53501 ns
[1884.444s][info ][safepoint      ] Safepoint "Cleanup", Time since last: 2000169583 ns, Reaching safepoint: 50801 ns, At safepoint: 4700 ns, Total: 55501 ns
[1885.444s][info ][safepoint      ] Safepoint "Cleanup", Time since last: 1000113442 ns, Reaching safepoint: 79402 ns, At safepoint: 6500 ns, Total: 85902 ns
[1886.445s][info ][safepoint      ] Safepoint "Cleanup", Time since last: 1000095741 ns, Reaching safepoint: 52701 ns, At safepoint: 3400 ns, Total: 56101 ns
[1887.445s][info ][safepoint      ] Safepoint "Cleanup", Time since last: 1000075741 ns, Reaching safepoint: 43901 ns, At safepoint: 6100 ns, Total: 50001 ns
[1888.445s][info ][safepoint      ] Safepoint "Cleanup", Time since last: 1000099742 ns, Reaching safepoint: 49701 ns, At safepoint: 3700 ns, Total: 53401 ns
[1889.445s][info ][safepoint      ] Safepoint "Cleanup", Time since last: 1000100342 ns, Reaching safepoint: 53501 ns, At safepoint: 2900 ns, Total: 56401 ns
[1890.445s][info ][safepoint      ] Safepoint "Cleanup", Time since last: 1000127042 ns, Reaching safepoint: 103302 ns, At safepoint: 3900 ns, Total: 107202 ns
[1891.445s][info ][safepoint      ] Safepoint "Cleanup", Time since last: 1000132242 ns, Reaching safepoint: 46701 ns, At safepoint: 2700 ns, Total: 49401 ns
[1893.446s][info ][safepoint      ] Safepoint "Cleanup", Time since last: 2000190382 ns, Reaching safepoint: 45701 ns, At safepoint: 2800 ns, Total: 48501 ns
[1894.446s][info ][safepoint      ] Safepoint "Cleanup", Time since last: 1000105742 ns, Reaching safepoint: 56501 ns, At safepoint: 4100 ns, Total: 60601 ns
[1895.815s][info ][gc,start       ] GC(125) Pause Young (Allocation Failure)
[1895.836s][debug][gc,phases      ] GC(125) Scavenge 21.166ms
[1895.836s][debug][gc,ref         ] GC(125) Skipped phase 1 of Reference Processing: no references
[1895.836s][debug][gc,ref         ] GC(125) Skipped phase 3 of Reference Processing: no references
[1895.836s][debug][gc,phases      ] GC(125) Reference Processing 0.072ms
[1895.837s][debug][gc,phases      ] GC(125) Weak Processing 0.824ms
[1895.837s][debug][gc,age         ] GC(125) Desired survivor size 172490752 bytes, new threshold 15 (max threshold 15)
[1895.837s][info ][gc,heap        ] GC(125) PSYoungGen: 1842780K(1923584K)->91403K(1928704K) Eden: 1751040K(1751040K)->0K(1757696K) From: 91740K(172544K)->91403K(171008K)
[1895.837s][info ][gc,heap        ] GC(125) ParOldGen: 580885K(652288K)->581353K(652288K)
[1895.837s][info ][gc,metaspace   ] GC(125) Metaspace: 78726K(79360K)->78726K(79360K) NonClass: 67982K(68352K)->67982K(68352K) Class: 10744K(11008K)->10744K(11008K)
[1895.837s][info ][gc             ] GC(125) Pause Young (Allocation Failure) 2366M->656M(2520M) 22.218ms
[1895.837s][info ][gc,cpu         ] GC(125) User=0.09s Sys=0.00s Real=0.02s
[1895.837s][info ][safepoint      ] Safepoint "ParallelGCFailedAllocation", Time since last: 1368866321 ns, Reaching safepoint: 129103 ns, At safepoint: 22313383 ns, Total: 22442486 ns
[1896.837s][info ][safepoint      ] Safepoint "Cleanup", Time since last: 1000086040 ns, Reaching safepoint: 46401 ns, At safepoint: 13201 ns, Total: 59602 ns
[1897.837s][info ][safepoint      ] Safepoint "Cleanup", Time since last: 1000125441 ns, Reaching safepoint: 53901 ns, At safepoint: 4700 ns, Total: 58601 ns
[1898.838s][info ][safepoint      ] Safepoint "Cleanup", Time since last: 1000106742 ns, Reaching safepoint: 53301 ns, At safepoint: 11700 ns, Total: 65001 ns
[1899.838s][info ][safepoint      ] Safepoint "Cleanup", Time since last: 1000108341 ns, Reaching safepoint: 45001 ns, At safepoint: 10100 ns, Total: 55101 ns
[1901.838s][info ][safepoint      ] Safepoint "Cleanup", Time since last: 2000178081 ns, Reaching safepoint: 53602 ns, At safepoint: 7700 ns, Total: 61302 ns
[1902.838s][info ][safepoint      ] Safepoint "Cleanup", Time since last: 1000110941 ns, Reaching safepoint: 44601 ns, At safepoint: 8200 ns, Total: 52801 ns
[1905.839s][info ][safepoint      ] Safepoint "Cleanup", Time since last: 3000229420 ns, Reaching safepoint: 75702 ns, At safepoint: 9900 ns, Total: 85602 ns
[1906.839s][info ][safepoint      ] Safepoint "Cleanup", Time since last: 1000098241 ns, Reaching safepoint: 38600 ns, At safepoint: 2701 ns, Total: 41301 ns
[1908.839s][info ][safepoint      ] Safepoint "Cleanup", Time since last: 2000166080 ns, Reaching safepoint: 41901 ns, At safepoint: 2400 ns, Total: 44301 ns
[1910.839s][info ][safepoint      ] Safepoint "Cleanup", Time since last: 2000135079 ns, Reaching safepoint: 50601 ns, At safepoint: 8900 ns, Total: 59501 ns
[1912.839s][info ][safepoint      ] Safepoint "Cleanup", Time since last: 2000175980 ns, Reaching safepoint: 47001 ns, At safepoint: 5501 ns, Total: 52502 ns
[1913.115s][info ][gc,start       ] GC(126) Pause Young (Allocation Failure)
[1913.133s][debug][gc,phases      ] GC(126) Scavenge 18.216ms
[1913.133s][debug][gc,ref         ] GC(126) Skipped phase 1 of Reference Processing: no references
[1913.133s][debug][gc,ref         ] GC(126) Skipped phase 3 of Reference Processing: no references
[1913.133s][debug][gc,phases      ] GC(126) Reference Processing 0.046ms
[1913.134s][debug][gc,phases      ] GC(126) Weak Processing 0.532ms
[1913.134s][debug][gc,age         ] GC(126) Desired survivor size 169869312 bytes, new threshold 15 (max threshold 15)
[1913.134s][info ][gc,heap        ] GC(126) PSYoungGen: 1849099K(1928704K)->91356K(1926144K) Eden: 1757696K(1757696K)->0K(1757696K) From: 91403K(171008K)->91356K(168448K)
[1913.134s][info ][gc,heap        ] GC(126) ParOldGen: 581353K(652288K)->581401K(652288K)
[1913.134s][info ][gc,metaspace   ] GC(126) Metaspace: 78729K(79360K)->78729K(79360K) NonClass: 67985K(68352K)->67985K(68352K) Class: 10744K(11008K)->10744K(11008K)
[1913.134s][info ][gc             ] GC(126) Pause Young (Allocation Failure) 2373M->656M(2518M) 18.959ms
[1913.134s][info ][gc,cpu         ] GC(126) User=0.07s Sys=0.00s Real=0.02s
[1913.134s][info ][safepoint      ] Safepoint "ParallelGCFailedAllocation", Time since last: 275250755 ns, Reaching safepoint: 100803 ns, At safepoint: 19038712 ns, Total: 19139515 ns
[1914.134s][info ][safepoint      ] Safepoint "Cleanup", Time since last: 1000083039 ns, Reaching safepoint: 46901 ns, At safepoint: 7901 ns, Total: 54802 ns
[1915.134s][info ][safepoint      ] Safepoint "Cleanup", Time since last: 1000109140 ns, Reaching safepoint: 40901 ns, At safepoint: 2300 ns, Total: 43201 ns
[1917.134s][info ][safepoint      ] Safepoint "Cleanup", Time since last: 2000174479 ns, Reaching safepoint: 46701 ns, At safepoint: 8201 ns, Total: 54902 ns
[1918.134s][info ][safepoint      ] Safepoint "Cleanup", Time since last: 1000098740 ns, Reaching safepoint: 45601 ns, At safepoint: 7600 ns, Total: 53201 ns
[1919.135s][info ][safepoint      ] Safepoint "Cleanup", Time since last: 1000163041 ns, Reaching safepoint: 44001 ns, At safepoint: 7900 ns, Total: 51901 ns
[1921.135s][info ][safepoint      ] Safepoint "Cleanup", Time since last: 2000190580 ns, Reaching safepoint: 62801 ns, At safepoint: 11100 ns, Total: 73901 ns
[1923.135s][info ][safepoint      ] Safepoint "Cleanup", Time since last: 2000168979 ns, Reaching safepoint: 46401 ns, At safepoint: 8100 ns, Total: 54501 ns
[1924.135s][info ][safepoint      ] Safepoint "Cleanup", Time since last: 1000103940 ns, Reaching safepoint: 31201 ns, At safepoint: 2600 ns, Total: 33801 ns
[1925.135s][info ][safepoint      ] Safepoint "Cleanup", Time since last: 1000108540 ns, Reaching safepoint: 53601 ns, At safepoint: 7600 ns, Total: 61201 ns
[1927.136s][info ][safepoint      ] Safepoint "Cleanup", Time since last: 2000166479 ns, Reaching safepoint: 43500 ns, At safepoint: 4601 ns, Total: 48101 ns
[1928.136s][info ][safepoint      ] Safepoint "Cleanup", Time since last: 1000113339 ns, Reaching safepoint: 61002 ns, At safepoint: 12200 ns, Total: 73202 ns
[1929.136s][info ][safepoint      ] Safepoint "Cleanup", Time since last: 1000111540 ns, Reaching safepoint: 38301 ns, At safepoint: 2800 ns, Total: 41101 ns
[1930.136s][info ][safepoint      ] Safepoint "Cleanup", Time since last: 1000065438 ns, Reaching safepoint: 44101 ns, At safepoint: 8600 ns, Total: 52701 ns
[1930.377s][info ][gc,start       ] GC(127) Pause Young (Allocation Failure)
[1930.397s][debug][gc,phases      ] GC(127) Scavenge 19.582ms
[1930.397s][debug][gc,ref         ] GC(127) Skipped phase 1 of Reference Processing: no references
[1930.397s][debug][gc,ref         ] GC(127) Skipped phase 3 of Reference Processing: no references
[1930.397s][debug][gc,phases      ] GC(127) Reference Processing 0.070ms
[1930.397s][debug][gc,phases      ] GC(127) Weak Processing 0.579ms
[1930.397s][debug][gc,age         ] GC(127) Desired survivor size 166723584 bytes, new threshold 15 (max threshold 15)
[1930.397s][info ][gc,heap        ] GC(127) PSYoungGen: 1849052K(1926144K)->91325K(1934336K) Eden: 1757696K(1757696K)->0K(1768448K) From: 91356K(168448K)->91325K(165888K)
[1930.397s][info ][gc,heap        ] GC(127) ParOldGen: 581401K(652288K)->581525K(652288K)
[1930.397s][info ][gc,metaspace   ] GC(127) Metaspace: 78737K(79360K)->78737K(79360K) NonClass: 67992K(68352K)->67992K(68352K) Class: 10745K(11008K)->10745K(11008K)
[1930.397s][info ][gc             ] GC(127) Pause Young (Allocation Failure) 2373M->657M(2526M) 20.362ms
[1930.397s][info ][gc,cpu         ] GC(127) User=0.08s Sys=0.00s Real=0.02s
[1930.397s][info ][safepoint      ] Safepoint "ParallelGCFailedAllocation", Time since last: 240833311 ns, Reaching safepoint: 31101 ns, At safepoint: 20455043 ns, Total: 20486144 ns
[1931.398s][info ][safepoint      ] Safepoint "Cleanup", Time since last: 1000089139 ns, Reaching safepoint: 48901 ns, At safepoint: 7100 ns, Total: 56001 ns
[1932.398s][info ][safepoint      ] Safepoint "Cleanup", Time since last: 1000092739 ns, Reaching safepoint: 40401 ns, At safepoint: 3000 ns, Total: 43401 ns
[1934.398s][info ][safepoint      ] Safepoint "Cleanup", Time since last: 2000173078 ns, Reaching safepoint: 56601 ns, At safepoint: 9800 ns, Total: 66401 ns
[1935.398s][info ][safepoint      ] Safepoint "Cleanup", Time since last: 1000114540 ns, Reaching safepoint: 47401 ns, At safepoint: 7700 ns, Total: 55101 ns
[1936.398s][info ][safepoint      ] Safepoint "Cleanup", Time since last: 1000056938 ns, Reaching safepoint: 74502 ns, At safepoint: 3200 ns, Total: 77702 ns
[1937.398s][info ][safepoint      ] Safepoint "Cleanup", Time since last: 1000103839 ns, Reaching safepoint: 57601 ns, At safepoint: 6901 ns, Total: 64502 ns
[1938.399s][info ][safepoint      ] Safepoint "Cleanup", Time since last: 1000116839 ns, Reaching safepoint: 45001 ns, At safepoint: 7200 ns, Total: 52201 ns
[1940.399s][info ][safepoint      ] Safepoint "Cleanup", Time since last: 2000168277 ns, Reaching safepoint: 55101 ns, At safepoint: 8201 ns, Total: 63302 ns
[1942.399s][info ][safepoint      ] Safepoint "Cleanup", Time since last: 2000154576 ns, Reaching safepoint: 43601 ns, At safepoint: 2800 ns, Total: 46401 ns
[1943.399s][info ][safepoint      ] Safepoint "Cleanup", Time since last: 1000113840 ns, Reaching safepoint: 60001 ns, At safepoint: 3300 ns, Total: 63301 ns
[1944.399s][info ][safepoint      ] Safepoint "Cleanup", Time since last: 1000110739 ns, Reaching safepoint: 51101 ns, At safepoint: 5700 ns, Total: 56801 ns
[1945.399s][info ][safepoint      ] Safepoint "Cleanup", Time since last: 1000115839 ns, Reaching safepoint: 54401 ns, At safepoint: 3500 ns, Total: 57901 ns
[1947.624s][info ][gc,start       ] GC(128) Pause Young (Allocation Failure)
[1947.642s][debug][gc,phases      ] GC(128) Scavenge 18.626ms
[1947.642s][debug][gc,ref         ] GC(128) Skipped phase 1 of Reference Processing: no references
[1947.642s][debug][gc,ref         ] GC(128) Skipped phase 3 of Reference Processing: no references
[1947.642s][debug][gc,phases      ] GC(128) Reference Processing 0.046ms
[1947.643s][debug][gc,phases      ] GC(128) Weak Processing 0.548ms
[1947.643s][debug][gc,age         ] GC(128) Desired survivor size 157810688 bytes, new threshold 15 (max threshold 15)
[1947.643s][info ][gc,heap        ] GC(128) PSYoungGen: 1859773K(1934336K)->75390K(1931264K) Eden: 1768448K(1768448K)->0K(1768448K) From: 91325K(165888K)->75390K(162816K)
[1947.643s][info ][gc,heap        ] GC(128) ParOldGen: 581525K(652288K)->599564K(652288K)
[1947.643s][info ][gc,metaspace   ] GC(128) Metaspace: 78768K(79360K)->78768K(79360K) NonClass: 68022K(68352K)->68022K(68352K) Class: 10745K(11008K)->10745K(11008K)
[1947.643s][info ][gc             ] GC(128) Pause Young (Allocation Failure) 2384M->659M(2523M) 19.353ms
[1947.643s][info ][gc,cpu         ] GC(128) User=0.07s Sys=0.01s Real=0.02s
[1947.643s][info ][safepoint      ] Safepoint "ParallelGCFailedAllocation", Time since last: 2223950619 ns, Reaching safepoint: 44301 ns, At safepoint: 19430220 ns, Total: 19474521 ns
[1948.643s][info ][safepoint      ] Safepoint "Cleanup", Time since last: 1000087538 ns, Reaching safepoint: 52802 ns, At safepoint: 10300 ns, Total: 63102 ns
[1949.643s][info ][safepoint      ] Safepoint "Cleanup", Time since last: 1000114639 ns, Reaching safepoint: 43501 ns, At safepoint: 2600 ns, Total: 46101 ns
[1950.643s][info ][safepoint      ] Safepoint "Cleanup", Time since last: 1000086938 ns, Reaching safepoint: 35301 ns, At safepoint: 3200 ns, Total: 38501 ns
[1951.644s][info ][safepoint      ] Safepoint "Cleanup", Time since last: 1000105538 ns, Reaching safepoint: 51101 ns, At safepoint: 6800 ns, Total: 57901 ns
[1952.644s][info ][safepoint      ] Safepoint "Cleanup", Time since last: 1000110639 ns, Reaching safepoint: 57801 ns, At safepoint: 5300 ns, Total: 63101 ns
[1953.644s][info ][safepoint      ] Safepoint "Cleanup", Time since last: 1000114539 ns, Reaching safepoint: 53101 ns, At safepoint: 2800 ns, Total: 55901 ns
[1954.644s][info ][safepoint      ] Safepoint "Cleanup", Time since last: 1000104539 ns, Reaching safepoint: 55501 ns, At safepoint: 7600 ns, Total: 63101 ns
[1955.644s][info ][safepoint      ] Safepoint "Cleanup", Time since last: 1000114639 ns, Reaching safepoint: 61701 ns, At safepoint: 6500 ns, Total: 68201 ns
[1956.644s][info ][safepoint      ] Safepoint "Cleanup", Time since last: 1000109538 ns, Reaching safepoint: 55402 ns, At safepoint: 8700 ns, Total: 64102 ns
[1957.645s][info ][safepoint      ] Safepoint "Cleanup", Time since last: 1000110938 ns, Reaching safepoint: 46401 ns, At safepoint: 2800 ns, Total: 49201 ns
[1958.645s][info ][safepoint      ] Safepoint "Cleanup", Time since last: 1000112339 ns, Reaching safepoint: 38401 ns, At safepoint: 3700 ns, Total: 42101 ns
[1959.645s][info ][safepoint      ] Safepoint "Cleanup", Time since last: 1000103838 ns, Reaching safepoint: 55801 ns, At safepoint: 3600 ns, Total: 59401 ns
[1960.645s][info ][safepoint      ] Safepoint "Cleanup", Time since last: 1000082938 ns, Reaching safepoint: 62301 ns, At safepoint: 5700 ns, Total: 68001 ns
[1962.645s][info ][safepoint      ] Safepoint "Cleanup", Time since last: 2000158575 ns, Reaching safepoint: 81202 ns, At safepoint: 14800 ns, Total: 96002 ns
[1962.800s][info ][gc,start       ] GC(129) Pause Young (Allocation Failure)
[1962.827s][debug][gc,phases      ] GC(129) Scavenge 26.931ms
[1962.827s][debug][gc,ref         ] GC(129) Skipped phase 1 of Reference Processing: no references
[1962.828s][debug][gc,ref         ] GC(129) Skipped phase 3 of Reference Processing: no references
[1962.828s][debug][gc,phases      ] GC(129) Reference Processing 0.049ms
[1962.828s][debug][gc,phases      ] GC(129) Weak Processing 0.604ms
[1962.828s][debug][gc,age         ] GC(129) Desired survivor size 153616384 bytes, new threshold 15 (max threshold 15)
[1962.828s][info ][gc,heap        ] GC(129) PSYoungGen: 1843838K(1931264K)->56993K(1947136K) Eden: 1768448K(1768448K)->0K(1793024K) From: 75390K(162816K)->56993K(154112K)
[1962.828s][info ][gc,heap        ] GC(129) ParOldGen: 599564K(652288K)->637705K(652288K)
[1962.828s][info ][gc,metaspace   ] GC(129) Metaspace: 78799K(79424K)->78799K(79424K) NonClass: 68050K(68416K)->68050K(68416K) Class: 10748K(11008K)->10748K(11008K)
[1962.828s][info ][gc             ] GC(129) Pause Young (Allocation Failure) 2386M->678M(2538M) 27.749ms
[1962.828s][info ][gc,cpu         ] GC(129) User=0.11s Sys=0.01s Real=0.03s
[1962.828s][debug][gc,phases      ] GC(130) Pre Compact 0.010ms
[1962.828s][info ][gc,start       ] GC(130) Pause Full (Ergonomics)
[1962.828s][info ][gc,phases,start] GC(130) Marking Phase
[1962.962s][debug][gc,phases      ] GC(130) Par Mark 134.008ms
[1962.962s][debug][gc,ref         ] GC(130) Skipped phase 1 of Reference Processing: no references
[1962.963s][debug][gc,ref         ] GC(130) Skipped phase 3 of Reference Processing: no references
[1962.963s][debug][gc,phases      ] GC(130) Reference Processing 0.422ms
[1962.963s][debug][gc,phases      ] GC(130) Weak Processing 0.586ms
[1962.963s][debug][gc,phases      ] GC(130) ClassLoaderData 0.071ms
[1962.963s][debug][gc,phases      ] GC(130) Trigger cleanups 0.000ms
[1962.981s][debug][gc,phases      ] GC(130) Class Unloading 17.444ms
[1962.981s][info ][gc,phases      ] GC(130) Marking Phase 152.630ms
[1962.981s][info ][gc,phases,start] GC(130) Summary Phase
[1962.981s][info ][gc,phases      ] GC(130) Summary Phase 0.019ms
[1962.981s][info ][gc,phases,start] GC(130) Adjust Roots
[1962.994s][info ][gc,phases      ] GC(130) Adjust Roots 13.385ms
[1962.994s][info ][gc,phases,start] GC(130) Compaction Phase
[1963.087s][info ][gc,phases      ] GC(130) Compaction Phase 92.790ms
[1963.087s][info ][gc,phases,start] GC(130) Post Compact
[1963.089s][info ][gc,phases      ] GC(130) Post Compact 2.077ms
[1963.089s][info ][gc,heap        ] GC(130) PSYoungGen: 56993K(1947136K)->0K(1943040K) Eden: 0K(1793024K)->0K(1793024K) From: 56993K(154112K)->0K(150016K)
[1963.089s][info ][gc,heap        ] GC(130) ParOldGen: 637705K(652288K)->493616K(659968K)
[1963.089s][info ][gc,metaspace   ] GC(130) Metaspace: 78799K(79424K)->78799K(79424K) NonClass: 68050K(68416K)->68050K(68416K) Class: 10748K(11008K)->10748K(11008K)
[1963.089s][info ][gc             ] GC(130) Pause Full (Ergonomics) 678M->482M(2542M) 261.141ms
[1963.089s][info ][gc,cpu         ] GC(130) User=0.94s Sys=0.00s Real=0.26s
[1963.089s][info ][safepoint      ] Safepoint "ParallelGCFailedAllocation", Time since last: 155027354 ns, Reaching safepoint: 127903 ns, At safepoint: 289035454 ns, Total: 289163357 ns
[1964.090s][info ][safepoint      ] Safepoint "Cleanup", Time since last: 1000054937 ns, Reaching safepoint: 111302 ns, At safepoint: 10900 ns, Total: 122202 ns
[1965.090s][info ][safepoint      ] Safepoint "Cleanup", Time since last: 1000092638 ns, Reaching safepoint: 43001 ns, At safepoint: 2800 ns, Total: 45801 ns
[1966.090s][info ][safepoint      ] Safepoint "Cleanup", Time since last: 1000092537 ns, Reaching safepoint: 49001 ns, At safepoint: 6801 ns, Total: 55802 ns
[1968.090s][info ][safepoint      ] Safepoint "Cleanup", Time since last: 2000148874 ns, Reaching safepoint: 50701 ns, At safepoint: 4000 ns, Total: 54701 ns
[1969.090s][info ][safepoint      ] Safepoint "Cleanup", Time since last: 1000097838 ns, Reaching safepoint: 43201 ns, At safepoint: 2400 ns, Total: 45601 ns
[1972.091s][info ][safepoint      ] Safepoint "Cleanup", Time since last: 3000225011 ns, Reaching safepoint: 39901 ns, At safepoint: 6100 ns, Total: 46001 ns
[1973.091s][info ][safepoint      ] Safepoint "Cleanup", Time since last: 1000102737 ns, Reaching safepoint: 48301 ns, At safepoint: 5500 ns, Total: 53801 ns
[1974.091s][info ][safepoint      ] Safepoint "Cleanup", Time since last: 1000115138 ns, Reaching safepoint: 49801 ns, At safepoint: 4200 ns, Total: 54001 ns
[1975.091s][info ][safepoint      ] Safepoint "Cleanup", Time since last: 1000069337 ns, Reaching safepoint: 49801 ns, At safepoint: 5300 ns, Total: 55101 ns
[1977.091s][info ][safepoint      ] Safepoint "Cleanup", Time since last: 2000164774 ns, Reaching safepoint: 46001 ns, At safepoint: 3400 ns, Total: 49401 ns
[1978.091s][info ][safepoint      ] Safepoint "Cleanup", Time since last: 1000108938 ns, Reaching safepoint: 40401 ns, At safepoint: 2700 ns, Total: 43101 ns
[1979.576s][info ][gc,start       ] GC(131) Pause Young (Allocation Failure)
[1979.580s][debug][gc,phases      ] GC(131) Scavenge 4.015ms
[1979.580s][debug][gc,ref         ] GC(131) Skipped phase 1 of Reference Processing: no references
[1979.580s][debug][gc,ref         ] GC(131) Skipped phase 3 of Reference Processing: no references
[1979.580s][debug][gc,ref         ] GC(131) Skipped phase 4 of Reference Processing: no references
[1979.580s][debug][gc,phases      ] GC(131) Reference Processing 0.025ms
[1979.581s][debug][gc,phases      ] GC(131) Weak Processing 0.558ms
[1979.581s][debug][gc,age         ] GC(131) Desired survivor size 156762112 bytes, new threshold 15 (max threshold 15)
[1979.581s][info ][gc,heap        ] GC(131) PSYoungGen: 1793024K(1943040K)->11648K(1940992K) Eden: 1793024K(1793024K)->0K(1790976K) From: 0K(150016K)->11648K(150016K)
[1979.581s][info ][gc,heap        ] GC(131) ParOldGen: 493616K(659968K)->493616K(659968K)
[1979.581s][info ][gc,metaspace   ] GC(131) Metaspace: 78809K(79424K)->78809K(79424K) NonClass: 68061K(68416K)->68061K(68416K) Class: 10748K(11008K)->10748K(11008K)
[1979.581s][info ][gc             ] GC(131) Pause Young (Allocation Failure) 2233M->493M(2540M) 4.738ms
[1979.581s][info ][gc,cpu         ] GC(131) User=0.01s Sys=0.00s Real=0.01s
[1979.581s][info ][safepoint      ] Safepoint "ParallelGCFailedAllocation", Time since last: 1484877325 ns, Reaching safepoint: 38001 ns, At safepoint: 4818304 ns, Total: 4856305 ns
[1980.581s][info ][safepoint      ] Safepoint "Cleanup", Time since last: 1000085637 ns, Reaching safepoint: 56801 ns, At safepoint: 9800 ns, Total: 66601 ns
[1981.581s][info ][safepoint      ] Safepoint "Cleanup", Time since last: 1000108038 ns, Reaching safepoint: 55701 ns, At safepoint: 6600 ns, Total: 62301 ns
[1982.582s][info ][safepoint      ] Safepoint "Cleanup", Time since last: 1000103637 ns, Reaching safepoint: 49401 ns, At safepoint: 2700 ns, Total: 52101 ns
[1983.582s][info ][safepoint      ] Safepoint "Cleanup", Time since last: 1000104637 ns, Reaching safepoint: 44101 ns, At safepoint: 8300 ns, Total: 52401 ns
[1985.582s][info ][safepoint      ] Safepoint "Cleanup", Time since last: 2000166074 ns, Reaching safepoint: 47201 ns, At safepoint: 2900 ns, Total: 50101 ns
[1990.582s][info ][safepoint      ] Safepoint "Cleanup", Time since last: 5000329380 ns, Reaching safepoint: 48801 ns, At safepoint: 7800 ns, Total: 56601 ns
[1992.583s][info ][safepoint      ] Safepoint "Cleanup", Time since last: 2000158173 ns, Reaching safepoint: 38500 ns, At safepoint: 2800 ns, Total: 41300 ns
[1993.583s][info ][safepoint      ] Safepoint "Cleanup", Time since last: 1000105537 ns, Reaching safepoint: 49101 ns, At safepoint: 2700 ns, Total: 51801 ns
[1994.583s][info ][safepoint      ] Safepoint "Cleanup", Time since last: 1000108737 ns, Reaching safepoint: 45301 ns, At safepoint: 7300 ns, Total: 52601 ns
[1995.583s][info ][safepoint      ] Safepoint "Cleanup", Time since last: 1000078436 ns, Reaching safepoint: 31401 ns, At safepoint: 2300 ns, Total: 33701 ns
[1996.583s][info ][safepoint      ] Safepoint "Cleanup", Time since last: 1000106037 ns, Reaching safepoint: 48201 ns, At safepoint: 6700 ns, Total: 54901 ns
[1997.583s][info ][safepoint      ] Safepoint "Cleanup", Time since last: 1000101736 ns, Reaching safepoint: 74902 ns, At safepoint: 4500 ns, Total: 79402 ns
[1997.616s][info ][gc,start       ] GC(132) Pause Young (Allocation Failure)
[1997.620s][debug][gc,phases      ] GC(132) Scavenge 4.024ms
[1997.620s][debug][gc,ref         ] GC(132) Skipped phase 1 of Reference Processing: no references
[1997.620s][debug][gc,ref         ] GC(132) Skipped phase 2 of Reference Processing: no references
[1997.620s][debug][gc,ref         ] GC(132) Skipped phase 3 of Reference Processing: no references
[1997.620s][debug][gc,phases      ] GC(132) Reference Processing 0.034ms
[1997.620s][debug][gc,phases      ] GC(132) Weak Processing 0.530ms
[1997.620s][debug][gc,age         ] GC(132) Desired survivor size 157810688 bytes, new threshold 15 (max threshold 15)
[1997.620s][info ][gc,heap        ] GC(132) PSYoungGen: 1802624K(1940992K)->12032K(1803264K) Eden: 1790976K(1790976K)->0K(1790976K) From: 11648K(150016K)->12032K(12288K)
[1997.620s][info ][gc,heap        ] GC(132) ParOldGen: 493616K(659968K)->493616K(659968K)
[1997.620s][info ][gc,metaspace   ] GC(132) Metaspace: 78815K(79424K)->78815K(79424K) NonClass: 68067K(68416K)->68067K(68416K) Class: 10748K(11008K)->10748K(11008K)
[1997.620s][info ][gc             ] GC(132) Pause Young (Allocation Failure) 2242M->493M(2405M) 4.723ms
[1997.620s][info ][gc,cpu         ] GC(132) User=0.02s Sys=0.00s Real=0.00s
[1997.620s][info ][safepoint      ] Safepoint "ParallelGCFailedAllocation", Time since last: 32300399 ns, Reaching safepoint: 32400 ns, At safepoint: 4805604 ns, Total: 4838004 ns
[1998.621s][info ][safepoint      ] Safepoint "Cleanup", Time since last: 1000085236 ns, Reaching safepoint: 174304 ns, At safepoint: 8200 ns, Total: 182504 ns
[1999.621s][info ][safepoint      ] Safepoint "Cleanup", Time since last: 1000107037 ns, Reaching safepoint: 116102 ns, At safepoint: 7301 ns, Total: 123403 ns
[2000.621s][info ][safepoint      ] Safepoint "Cleanup", Time since last: 1000105536 ns, Reaching safepoint: 129703 ns, At safepoint: 10300 ns, Total: 140003 ns
[2001.621s][info ][safepoint      ] Safepoint "Cleanup", Time since last: 1000105736 ns, Reaching safepoint: 122003 ns, At safepoint: 6900 ns, Total: 128903 ns
[2002.622s][info ][safepoint      ] Safepoint "Cleanup", Time since last: 1000106037 ns, Reaching safepoint: 127202 ns, At safepoint: 8000 ns, Total: 135202 ns
[2003.622s][info ][safepoint      ] Safepoint "Cleanup", Time since last: 1000113537 ns, Reaching safepoint: 130903 ns, At safepoint: 8300 ns, Total: 139203 ns
[2004.622s][info ][safepoint      ] Safepoint "Cleanup", Time since last: 1000109536 ns, Reaching safepoint: 118503 ns, At safepoint: 5300 ns, Total: 123803 ns
[2005.622s][info ][safepoint      ] Safepoint "Cleanup", Time since last: 1000080336 ns, Reaching safepoint: 120602 ns, At safepoint: 5300 ns, Total: 125902 ns
[2006.622s][info ][safepoint      ] Safepoint "Cleanup", Time since last: 1000059836 ns, Reaching safepoint: 63301 ns, At safepoint: 10300 ns, Total: 73601 ns
[2008.623s][info ][safepoint      ] Safepoint "Cleanup", Time since last: 2000184572 ns, Reaching safepoint: 125302 ns, At safepoint: 10201 ns, Total: 135503 ns
[2009.623s][info ][safepoint      ] Safepoint "Cleanup", Time since last: 1000125636 ns, Reaching safepoint: 123503 ns, At safepoint: 5800 ns, Total: 129303 ns
[2010.623s][info ][safepoint      ] Safepoint "Cleanup", Time since last: 1000122236 ns, Reaching safepoint: 119603 ns, At safepoint: 5600 ns, Total: 125203 ns
[2012.624s][info ][safepoint      ] Safepoint "Cleanup", Time since last: 2000171671 ns, Reaching safepoint: 117303 ns, At safepoint: 8600 ns, Total: 125903 ns
[2013.624s][info ][safepoint      ] Safepoint "Cleanup", Time since last: 1000102336 ns, Reaching safepoint: 283006 ns, At safepoint: 7900 ns, Total: 290906 ns
[2014.624s][info ][safepoint      ] Safepoint "Cleanup", Time since last: 1000111536 ns, Reaching safepoint: 119002 ns, At safepoint: 8201 ns, Total: 127203 ns
[2014.865s][info ][gc,start       ] GC(133) Pause Young (Allocation Failure)
[2014.869s][debug][gc,phases      ] GC(133) Scavenge 4.462ms
[2014.869s][debug][gc,ref         ] GC(133) Skipped phase 1 of Reference Processing: no references
[2014.869s][debug][gc,ref         ] GC(133) Skipped phase 3 of Reference Processing: no references
[2014.869s][debug][gc,phases      ] GC(133) Reference Processing 0.025ms
[2014.870s][debug][gc,phases      ] GC(133) Weak Processing 0.527ms
[2014.870s][debug][gc,age         ] GC(133) Desired survivor size 157286400 bytes, new threshold 15 (max threshold 15)
[2014.870s][info ][gc,heap        ] GC(133) PSYoungGen: 1803008K(1803264K)->12560K(1943552K) Eden: 1790976K(1790976K)->0K(1789440K) From: 12032K(12288K)->12560K(154112K)
[2014.870s][info ][gc,heap        ] GC(133) ParOldGen: 493616K(659968K)->493624K(659968K)
[2014.870s][info ][gc,metaspace   ] GC(133) Metaspace: 78823K(79424K)->78823K(79424K) NonClass: 68074K(68416K)->68074K(68416K) Class: 10748K(11008K)->10748K(11008K)
[2014.870s][info ][gc             ] GC(133) Pause Young (Allocation Failure) 2242M->494M(2542M) 5.136ms
[2014.870s][info ][gc,cpu         ] GC(133) User=0.02s Sys=0.00s Real=0.00s
[2014.870s][info ][safepoint      ] Safepoint "ParallelGCFailedAllocation", Time since last: 240134795 ns, Reaching safepoint: 100202 ns, At safepoint: 5220613 ns, Total: 5320815 ns
[2015.870s][info ][safepoint      ] Safepoint "Cleanup", Time since last: 1000091235 ns, Reaching safepoint: 125003 ns, At safepoint: 8600 ns, Total: 133603 ns
[2019.870s][info ][safepoint      ] Safepoint "Cleanup", Time since last: 4000311240 ns, Reaching safepoint: 124103 ns, At safepoint: 10600 ns, Total: 134703 ns
[2020.871s][info ][safepoint      ] Safepoint "Cleanup", Time since last: 1000100036 ns, Reaching safepoint: 119002 ns, At safepoint: 5601 ns, Total: 124603 ns
[2021.871s][info ][safepoint      ] Safepoint "Cleanup", Time since last: 1000100735 ns, Reaching safepoint: 125803 ns, At safepoint: 8900 ns, Total: 134703 ns
[2022.871s][info ][safepoint      ] Safepoint "Cleanup", Time since last: 1000100735 ns, Reaching safepoint: 111803 ns, At safepoint: 7700 ns, Total: 119503 ns
[2023.871s][info ][safepoint      ] Safepoint "Cleanup", Time since last: 1000113036 ns, Reaching safepoint: 121702 ns, At safepoint: 6400 ns, Total: 128102 ns
[2024.872s][info ][safepoint      ] Safepoint "Cleanup", Time since last: 1000116836 ns, Reaching safepoint: 122503 ns, At safepoint: 11500 ns, Total: 134003 ns
[2026.872s][info ][safepoint      ] Safepoint "Cleanup", Time since last: 2000190770 ns, Reaching safepoint: 125203 ns, At safepoint: 9800 ns, Total: 135003 ns
[2027.872s][info ][safepoint      ] Safepoint "Cleanup", Time since last: 1000112436 ns, Reaching safepoint: 118802 ns, At safepoint: 11800 ns, Total: 130602 ns
[2028.872s][info ][safepoint      ] Safepoint "Cleanup", Time since last: 1000109436 ns, Reaching safepoint: 135803 ns, At safepoint: 6900 ns, Total: 142703 ns
[2029.873s][info ][safepoint      ] Safepoint "Cleanup", Time since last: 1000092435 ns, Reaching safepoint: 98202 ns, At safepoint: 14400 ns, Total: 112602 ns
[2031.873s][info ][safepoint      ] Safepoint "Cleanup", Time since last: 2000105668 ns, Reaching safepoint: 115303 ns, At safepoint: 12700 ns, Total: 128003 ns
[2032.822s][info ][gc,start       ] GC(134) Pause Young (Allocation Failure)
[2032.826s][debug][gc,phases      ] GC(134) Scavenge 4.581ms
[2032.826s][debug][gc,ref         ] GC(134) Skipped phase 1 of Reference Processing: no references
[2032.826s][debug][gc,ref         ] GC(134) Skipped phase 3 of Reference Processing: no references
[2032.826s][debug][gc,phases      ] GC(134) Reference Processing 0.022ms
[2032.827s][debug][gc,phases      ] GC(134) Weak Processing 0.581ms
[2032.827s][debug][gc,age         ] GC(134) Desired survivor size 155189248 bytes, new threshold 15 (max threshold 15)
[2032.827s][info ][gc,heap        ] GC(134) PSYoungGen: 1802000K(1943552K)->12816K(1943040K) Eden: 1789440K(1789440K)->0K(1789440K) From: 12560K(154112K)->12816K(153600K)
[2032.827s][info ][gc,heap        ] GC(134) ParOldGen: 493624K(659968K)->493624K(659968K)
[2032.827s][info ][gc,metaspace   ] GC(134) Metaspace: 78835K(79424K)->78835K(79424K) NonClass: 68087K(68416K)->68087K(68416K) Class: 10748K(11008K)->10748K(11008K)
[2032.827s][info ][gc             ] GC(134) Pause Young (Allocation Failure) 2241M->494M(2542M) 5.313ms
[2032.827s][info ][gc,cpu         ] GC(134) User=0.02s Sys=0.00s Real=0.00s
[2032.827s][info ][safepoint      ] Safepoint "ParallelGCFailedAllocation", Time since last: 948818026 ns, Reaching safepoint: 52501 ns, At safepoint: 5393517 ns, Total: 5446018 ns
[2033.827s][info ][safepoint      ] Safepoint "Cleanup", Time since last: 1000080934 ns, Reaching safepoint: 62301 ns, At safepoint: 6801 ns, Total: 69102 ns
[2034.827s][info ][safepoint      ] Safepoint "Cleanup", Time since last: 1000099235 ns, Reaching safepoint: 39200 ns, At safepoint: 2300 ns, Total: 41500 ns
[2035.827s][info ][safepoint      ] Safepoint "Cleanup", Time since last: 1000114036 ns, Reaching safepoint: 42001 ns, At safepoint: 2400 ns, Total: 44401 ns
[2036.828s][info ][safepoint      ] Safepoint "Cleanup", Time since last: 1000109435 ns, Reaching safepoint: 42901 ns, At safepoint: 9100 ns, Total: 52001 ns
[2038.828s][info ][safepoint      ] Safepoint "Cleanup", Time since last: 2000169169 ns, Reaching safepoint: 41301 ns, At safepoint: 8900 ns, Total: 50201 ns
[2039.828s][info ][safepoint      ] Safepoint "Cleanup", Time since last: 1000070034 ns, Reaching safepoint: 52201 ns, At safepoint: 8100 ns, Total: 60301 ns
[2043.828s][info ][safepoint      ] Safepoint "Cleanup", Time since last: 4000288936 ns, Reaching safepoint: 43701 ns, At safepoint: 5800 ns, Total: 49501 ns
[2045.818s][info ][safepoint      ] Safepoint "Cleanup", Time since last: 1989104429 ns, Reaching safepoint: 108703 ns, At safepoint: 7900 ns, Total: 116603 ns
[2046.871s][info ][safepoint      ] Safepoint "Cleanup", Time since last: 1053398487 ns, Reaching safepoint: 128603 ns, At safepoint: 8500 ns, Total: 137103 ns
[2048.871s][info ][safepoint      ] Safepoint "Cleanup", Time since last: 2000166968 ns, Reaching safepoint: 105103 ns, At safepoint: 8200 ns, Total: 113303 ns
[2050.629s][info ][gc,start       ] GC(135) Pause Young (Allocation Failure)
[2050.633s][debug][gc,phases      ] GC(135) Scavenge 4.496ms
[2050.633s][debug][gc,ref         ] GC(135) Skipped phase 1 of Reference Processing: no references
[2050.633s][debug][gc,ref         ] GC(135) Skipped phase 3 of Reference Processing: no references
[2050.633s][debug][gc,phases      ] GC(135) Reference Processing 0.040ms
[2050.634s][debug][gc,phases      ] GC(135) Weak Processing 0.565ms
[2050.634s][debug][gc,age         ] GC(135) Desired survivor size 152043520 bytes, new threshold 15 (max threshold 15)
[2050.634s][info ][gc,heap        ] GC(135) PSYoungGen: 1802256K(1943040K)->13056K(1948672K) Eden: 1789440K(1789440K)->0K(1797120K) From: 12816K(153600K)->13056K(151552K)
[2050.634s][info ][gc,heap        ] GC(135) ParOldGen: 493624K(659968K)->493624K(659968K)
[2050.634s][info ][gc,metaspace   ] GC(135) Metaspace: 78839K(79424K)->78839K(79424K) NonClass: 68091K(68416K)->68091K(68416K) Class: 10748K(11008K)->10748K(11008K)
[2050.634s][info ][gc             ] GC(135) Pause Young (Allocation Failure) 2242M->494M(2547M) 5.231ms
[2050.634s][info ][gc,cpu         ] GC(135) User=0.02s Sys=0.00s Real=0.01s
[2050.634s][info ][safepoint      ] Safepoint "ParallelGCFailedAllocation", Time since last: 1757363216 ns, Reaching safepoint: 40500 ns, At safepoint: 5313715 ns, Total: 5354215 ns
[2053.634s][info ][safepoint      ] Safepoint "Cleanup", Time since last: 3000210301 ns, Reaching safepoint: 54801 ns, At safepoint: 3400 ns, Total: 58201 ns
[2055.635s][info ][safepoint      ] Safepoint "Cleanup", Time since last: 2000175568 ns, Reaching safepoint: 59401 ns, At safepoint: 4501 ns, Total: 63902 ns
[2057.635s][info ][safepoint      ] Safepoint "Cleanup", Time since last: 2000169467 ns, Reaching safepoint: 50401 ns, At safepoint: 3100 ns, Total: 53501 ns
[2058.635s][info ][safepoint      ] Safepoint "Cleanup", Time since last: 1000100834 ns, Reaching safepoint: 51701 ns, At safepoint: 9201 ns, Total: 60902 ns
[2059.635s][info ][safepoint      ] Safepoint "Cleanup", Time since last: 1000109134 ns, Reaching safepoint: 68101 ns, At safepoint: 2900 ns, Total: 71001 ns
[2060.635s][info ][safepoint      ] Safepoint "Cleanup", Time since last: 1000095034 ns, Reaching safepoint: 48401 ns, At safepoint: 9100 ns, Total: 57501 ns
[2062.636s][info ][safepoint      ] Safepoint "Cleanup", Time since last: 2000178668 ns, Reaching safepoint: 43801 ns, At safepoint: 8300 ns, Total: 52101 ns
[2063.636s][info ][safepoint      ] Safepoint "Cleanup", Time since last: 1000108034 ns, Reaching safepoint: 39901 ns, At safepoint: 5200 ns, Total: 45101 ns
[2064.636s][info ][safepoint      ] Safepoint "Cleanup", Time since last: 1000106734 ns, Reaching safepoint: 42101 ns, At safepoint: 2400 ns, Total: 44501 ns
[2066.636s][info ][safepoint      ] Safepoint "Cleanup", Time since last: 2000144566 ns, Reaching safepoint: 52001 ns, At safepoint: 5400 ns, Total: 57401 ns
[2067.636s][info ][safepoint      ] Safepoint "Cleanup", Time since last: 1000103434 ns, Reaching safepoint: 42501 ns, At safepoint: 2400 ns, Total: 44901 ns
[2068.636s][info ][safepoint      ] Safepoint "Cleanup", Time since last: 1000110234 ns, Reaching safepoint: 44501 ns, At safepoint: 4200 ns, Total: 48701 ns
[2068.775s][info ][gc,start       ] GC(136) Pause Young (Allocation Failure)
[2068.780s][debug][gc,phases      ] GC(136) Scavenge 4.756ms
[2068.780s][debug][gc,ref         ] GC(136) Skipped phase 1 of Reference Processing: no references
[2068.780s][debug][gc,ref         ] GC(136) Skipped phase 3 of Reference Processing: no references
[2068.780s][debug][gc,phases      ] GC(136) Reference Processing 0.022ms
[2068.781s][debug][gc,phases      ] GC(136) Weak Processing 0.702ms
[2068.781s][debug][gc,age         ] GC(136) Desired survivor size 147849216 bytes, new threshold 15 (max threshold 15)
[2068.781s][info ][gc,heap        ] GC(136) PSYoungGen: 1810176K(1948672K)->13488K(1945600K) Eden: 1797120K(1797120K)->0K(1797120K) From: 13056K(151552K)->13488K(148480K)
[2068.781s][info ][gc,heap        ] GC(136) ParOldGen: 493624K(659968K)->493624K(659968K)
[2068.781s][info ][gc,metaspace   ] GC(136) Metaspace: 78840K(79424K)->78840K(79424K) NonClass: 68092K(68416K)->68092K(68416K) Class: 10748K(11008K)->10748K(11008K)
[2068.781s][info ][gc             ] GC(136) Pause Young (Allocation Failure) 2249M->495M(2544M) 5.626ms
[2068.781s][info ][gc,cpu         ] GC(136) User=0.02s Sys=0.00s Real=0.01s
[2068.781s][info ][safepoint      ] Safepoint "ParallelGCFailedAllocation", Time since last: 138723801 ns, Reaching safepoint: 26200 ns, At safepoint: 5712024 ns, Total: 5738224 ns
[2070.781s][info ][safepoint      ] Safepoint "Cleanup", Time since last: 2000143866 ns, Reaching safepoint: 44801 ns, At safepoint: 2200 ns, Total: 47001 ns
[2071.781s][info ][safepoint      ] Safepoint "Cleanup", Time since last: 1000079933 ns, Reaching safepoint: 52601 ns, At safepoint: 5300 ns, Total: 57901 ns
[2073.781s][info ][safepoint      ] Safepoint "Cleanup", Time since last: 2000141266 ns, Reaching safepoint: 45201 ns, At safepoint: 2500 ns, Total: 47701 ns
[2075.782s][info ][safepoint      ] Safepoint "Cleanup", Time since last: 2000140266 ns, Reaching safepoint: 46701 ns, At safepoint: 5300 ns, Total: 52001 ns
[2076.782s][info ][safepoint      ] Safepoint "Cleanup", Time since last: 1000104833 ns, Reaching safepoint: 47801 ns, At safepoint: 8300 ns, Total: 56101 ns
[2077.782s][info ][safepoint      ] Safepoint "Cleanup", Time since last: 1000103234 ns, Reaching safepoint: 48201 ns, At safepoint: 2900 ns, Total: 51101 ns
[2078.782s][info ][safepoint      ] Safepoint "Cleanup", Time since last: 1000112334 ns, Reaching safepoint: 42900 ns, At safepoint: 2301 ns, Total: 45201 ns
[2079.782s][info ][safepoint      ] Safepoint "Cleanup", Time since last: 1000112733 ns, Reaching safepoint: 56201 ns, At safepoint: 7200 ns, Total: 63401 ns
[2080.782s][info ][safepoint      ] Safepoint "Cleanup", Time since last: 1000108434 ns, Reaching safepoint: 39601 ns, At safepoint: 2700 ns, Total: 42301 ns
[2081.782s][info ][safepoint      ] Safepoint "Cleanup", Time since last: 1000105833 ns, Reaching safepoint: 46901 ns, At safepoint: 3100 ns, Total: 50001 ns
[2082.783s][info ][safepoint      ] Safepoint "Cleanup", Time since last: 1000104733 ns, Reaching safepoint: 64302 ns, At safepoint: 8300 ns, Total: 72602 ns
[2084.373s][info ][safepoint      ] Safepoint "Cleanup", Time since last: 1590605406 ns, Reaching safepoint: 141503 ns, At safepoint: 9701 ns, Total: 151204 ns
[2085.374s][info ][safepoint      ] Safepoint "Cleanup", Time since last: 1000112933 ns, Reaching safepoint: 77602 ns, At safepoint: 9600 ns, Total: 87202 ns
[2086.374s][info ][safepoint      ] Safepoint "Cleanup", Time since last: 1000105433 ns, Reaching safepoint: 114502 ns, At safepoint: 8301 ns, Total: 122803 ns
[2086.570s][info ][gc,start       ] GC(137) Pause Young (Allocation Failure)
[2086.574s][debug][gc,phases      ] GC(137) Scavenge 4.165ms
[2086.574s][debug][gc,ref         ] GC(137) Skipped phase 1 of Reference Processing: no references
[2086.574s][debug][gc,ref         ] GC(137) Skipped phase 3 of Reference Processing: no references
[2086.574s][debug][gc,phases      ] GC(137) Reference Processing 0.023ms
[2086.575s][debug][gc,phases      ] GC(137) Weak Processing 0.527ms
[2086.575s][debug][gc,age         ] GC(137) Desired survivor size 143654912 bytes, new threshold 15 (max threshold 15)
[2086.575s][info ][gc,heap        ] GC(137) PSYoungGen: 1810608K(1945600K)->13408K(1956864K) Eden: 1797120K(1797120K)->0K(1812480K) From: 13488K(148480K)->13408K(144384K)
[2086.575s][info ][gc,heap        ] GC(137) ParOldGen: 493624K(659968K)->493624K(659968K)
[2086.575s][info ][gc,metaspace   ] GC(137) Metaspace: 78864K(79488K)->78864K(79488K) NonClass: 68110K(68480K)->68110K(68480K) Class: 10753K(11008K)->10753K(11008K)
[2086.575s][info ][gc             ] GC(137) Pause Young (Allocation Failure) 2250M->495M(2555M) 4.841ms
[2086.575s][info ][gc,cpu         ] GC(137) User=0.02s Sys=0.00s Real=0.01s
[2086.575s][info ][safepoint      ] Safepoint "ParallelGCFailedAllocation", Time since last: 195762234 ns, Reaching safepoint: 49301 ns, At safepoint: 4910706 ns, Total: 4960007 ns
[2087.575s][info ][safepoint      ] Safepoint "Cleanup", Time since last: 1000086033 ns, Reaching safepoint: 113703 ns, At safepoint: 10200 ns, Total: 123903 ns
[2088.575s][info ][safepoint      ] Safepoint "Cleanup", Time since last: 1000113433 ns, Reaching safepoint: 120603 ns, At safepoint: 9600 ns, Total: 130203 ns
[2089.575s][info ][safepoint      ] Safepoint "Cleanup", Time since last: 1000147534 ns, Reaching safepoint: 146003 ns, At safepoint: 14000 ns, Total: 160003 ns
[2090.576s][info ][safepoint      ] Safepoint "Cleanup", Time since last: 1000058632 ns, Reaching safepoint: 132603 ns, At safepoint: 12000 ns, Total: 144603 ns
[2091.576s][info ][safepoint      ] Safepoint "Cleanup", Time since last: 1000109933 ns, Reaching safepoint: 141404 ns, At safepoint: 8600 ns, Total: 150004 ns
[2092.576s][info ][safepoint      ] Safepoint "Cleanup", Time since last: 1000106533 ns, Reaching safepoint: 115302 ns, At safepoint: 9900 ns, Total: 125202 ns
[2093.576s][info ][safepoint      ] Safepoint "Cleanup", Time since last: 1000115033 ns, Reaching safepoint: 95403 ns, At safepoint: 7600 ns, Total: 103003 ns
[2094.576s][info ][safepoint      ] Safepoint "Cleanup", Time since last: 1000071832 ns, Reaching safepoint: 111402 ns, At safepoint: 9100 ns, Total: 120502 ns
[2095.577s][info ][safepoint      ] Safepoint "Cleanup", Time since last: 1000119034 ns, Reaching safepoint: 120002 ns, At safepoint: 6600 ns, Total: 126602 ns
[2096.577s][info ][safepoint      ] Safepoint "Cleanup", Time since last: 1000114533 ns, Reaching safepoint: 48601 ns, At safepoint: 7401 ns, Total: 56002 ns
[2097.577s][info ][safepoint      ] Safepoint "Cleanup", Time since last: 1000100832 ns, Reaching safepoint: 49201 ns, At safepoint: 5800 ns, Total: 55001 ns
[2098.577s][info ][safepoint      ] Safepoint "Cleanup", Time since last: 1000118033 ns, Reaching safepoint: 47801 ns, At safepoint: 6901 ns, Total: 54702 ns
[2099.577s][info ][safepoint      ] Safepoint "Cleanup", Time since last: 1000108632 ns, Reaching safepoint: 108203 ns, At safepoint: 9100 ns, Total: 117303 ns
[2100.578s][info ][safepoint      ] Safepoint "Cleanup", Time since last: 1000103832 ns, Reaching safepoint: 47102 ns, At safepoint: 2600 ns, Total: 49702 ns
[2101.578s][info ][safepoint      ] Safepoint "Cleanup", Time since last: 1000120433 ns, Reaching safepoint: 58301 ns, At safepoint: 9500 ns, Total: 67801 ns
[2102.578s][info ][safepoint      ] Safepoint "Cleanup", Time since last: 1000109433 ns, Reaching safepoint: 48901 ns, At safepoint: 7900 ns, Total: 56801 ns
[2103.275s][info ][gc,start       ] GC(138) Pause Young (Allocation Failure)
[2103.279s][debug][gc,phases      ] GC(138) Scavenge 4.109ms
[2103.279s][debug][gc,ref         ] GC(138) Skipped phase 1 of Reference Processing: no references
[2103.279s][debug][gc,ref         ] GC(138) Skipped phase 3 of Reference Processing: no references
[2103.279s][debug][gc,phases      ] GC(138) Reference Processing 0.025ms
[2103.280s][debug][gc,phases      ] GC(138) Weak Processing 0.542ms
[2103.280s][debug][gc,age         ] GC(138) Desired survivor size 138412032 bytes, new threshold 15 (max threshold 15)
[2103.280s][info ][gc,heap        ] GC(138) PSYoungGen: 1825888K(1956864K)->13680K(1952768K) Eden: 1812480K(1812480K)->0K(1812480K) From: 13408K(144384K)->13680K(140288K)
[2103.280s][info ][gc,heap        ] GC(138) ParOldGen: 493624K(659968K)->493624K(659968K)
[2103.280s][info ][gc,metaspace   ] GC(138) Metaspace: 78890K(79488K)->78890K(79488K) NonClass: 68136K(68480K)->68136K(68480K) Class: 10754K(11008K)->10754K(11008K)
[2103.280s][info ][gc             ] GC(138) Pause Young (Allocation Failure) 2265M->495M(2551M) 4.821ms
[2103.280s][info ][gc,cpu         ] GC(138) User=0.02s Sys=0.00s Real=0.00s
[2103.280s][info ][safepoint      ] Safepoint "ParallelGCFailedAllocation", Time since last: 696870673 ns, Reaching safepoint: 47701 ns, At safepoint: 4905107 ns, Total: 4952808 ns
[2104.280s][info ][safepoint      ] Safepoint "Cleanup", Time since last: 1000084532 ns, Reaching safepoint: 48801 ns, At safepoint: 5200 ns, Total: 54001 ns
[2106.280s][info ][safepoint      ] Safepoint "Cleanup", Time since last: 2000124963 ns, Reaching safepoint: 50901 ns, At safepoint: 10700 ns, Total: 61601 ns
[2107.280s][info ][safepoint      ] Safepoint "Cleanup", Time since last: 1000107933 ns, Reaching safepoint: 49001 ns, At safepoint: 2600 ns, Total: 51601 ns
[2108.280s][info ][safepoint      ] Safepoint "Cleanup", Time since last: 1000132633 ns, Reaching safepoint: 45101 ns, At safepoint: 2600 ns, Total: 47701 ns
[2109.281s][info ][safepoint      ] Safepoint "Cleanup", Time since last: 1000093932 ns, Reaching safepoint: 47701 ns, At safepoint: 9700 ns, Total: 57401 ns
[2110.281s][info ][safepoint      ] Safepoint "Cleanup", Time since last: 1000098332 ns, Reaching safepoint: 58202 ns, At safepoint: 7800 ns, Total: 66002 ns
[2111.281s][info ][safepoint      ] Safepoint "Cleanup", Time since last: 1000081832 ns, Reaching safepoint: 62501 ns, At safepoint: 5700 ns, Total: 68201 ns
[2113.281s][info ][safepoint      ] Safepoint "Cleanup", Time since last: 2000163464 ns, Reaching safepoint: 55701 ns, At safepoint: 5200 ns, Total: 60901 ns
[2114.281s][info ][safepoint      ] Safepoint "Cleanup", Time since last: 1000095732 ns, Reaching safepoint: 47201 ns, At safepoint: 6900 ns, Total: 54101 ns
[2115.281s][info ][safepoint      ] Safepoint "Cleanup", Time since last: 1000113832 ns, Reaching safepoint: 47601 ns, At safepoint: 6301 ns, Total: 53902 ns
[2116.282s][info ][safepoint      ] Safepoint "Cleanup", Time since last: 1000101732 ns, Reaching safepoint: 47901 ns, At safepoint: 25500 ns, Total: 73401 ns
[2117.282s][info ][safepoint      ] Safepoint "Cleanup", Time since last: 1000101432 ns, Reaching safepoint: 51601 ns, At safepoint: 8101 ns, Total: 59702 ns
[2118.282s][info ][safepoint      ] Safepoint "Cleanup", Time since last: 1000104232 ns, Reaching safepoint: 50001 ns, At safepoint: 12300 ns, Total: 62301 ns
[2118.864s][info ][gc,start       ] GC(139) Pause Young (Allocation Failure)
[2118.874s][debug][gc,phases      ] GC(139) Scavenge 9.489ms
[2118.874s][debug][gc,ref         ] GC(139) Skipped phase 1 of Reference Processing: no references
[2118.874s][debug][gc,ref         ] GC(139) Skipped phase 3 of Reference Processing: no references
[2118.874s][debug][gc,phases      ] GC(139) Reference Processing 0.027ms
[2118.874s][debug][gc,phases      ] GC(139) Weak Processing 0.527ms
[2118.874s][debug][gc,age         ] GC(139) Desired survivor size 129499136 bytes, new threshold 15 (max threshold 15)
[2118.875s][info ][gc,heap        ] GC(139) PSYoungGen: 1826160K(1952768K)->33840K(1970688K) Eden: 1812480K(1812480K)->0K(1835520K) From: 13680K(140288K)->33840K(135168K)
[2118.875s][info ][gc,heap        ] GC(139) ParOldGen: 493624K(659968K)->493624K(659968K)
[2118.875s][info ][gc,metaspace   ] GC(139) Metaspace: 78910K(79552K)->78910K(79552K) NonClass: 68153K(68480K)->68153K(68480K) Class: 10757K(11072K)->10757K(11072K)
[2118.875s][info ][gc             ] GC(139) Pause Young (Allocation Failure) 2265M->515M(2569M) 10.178ms
[2118.875s][info ][gc,cpu         ] GC(139) User=0.03s Sys=0.01s Real=0.01s
[2118.875s][info ][safepoint      ] Safepoint "ParallelGCFailedAllocation", Time since last: 582251194 ns, Reaching safepoint: 129803 ns, At safepoint: 10265422 ns, Total: 10395225 ns
[2119.875s][info ][safepoint      ] Safepoint "Cleanup", Time since last: 1000092031 ns, Reaching safepoint: 120103 ns, At safepoint: 10000 ns, Total: 130103 ns
[2120.875s][info ][safepoint      ] Safepoint "Cleanup", Time since last: 1000108632 ns, Reaching safepoint: 75802 ns, At safepoint: 5100 ns, Total: 80902 ns
[2121.875s][info ][safepoint      ] Safepoint "Cleanup", Time since last: 1000093932 ns, Reaching safepoint: 135803 ns, At safepoint: 12600 ns, Total: 148403 ns
[2122.875s][info ][safepoint      ] Safepoint "Cleanup", Time since last: 1000095932 ns, Reaching safepoint: 110802 ns, At safepoint: 5500 ns, Total: 116302 ns
[2123.876s][info ][safepoint      ] Safepoint "Cleanup", Time since last: 1000107432 ns, Reaching safepoint: 116303 ns, At safepoint: 8600 ns, Total: 124903 ns
[2125.876s][info ][safepoint      ] Safepoint "Cleanup", Time since last: 2000154562 ns, Reaching safepoint: 44601 ns, At safepoint: 2500 ns, Total: 47101 ns
[2126.876s][info ][safepoint      ] Safepoint "Cleanup", Time since last: 1000101932 ns, Reaching safepoint: 112002 ns, At safepoint: 6401 ns, Total: 118403 ns
[2127.876s][info ][safepoint      ] Safepoint "Cleanup", Time since last: 1000116032 ns, Reaching safepoint: 43800 ns, At safepoint: 9701 ns, Total: 53501 ns
[2128.876s][info ][safepoint      ] Safepoint "Cleanup", Time since last: 1000100231 ns, Reaching safepoint: 50501 ns, At safepoint: 4101 ns, Total: 54602 ns
[2129.877s][info ][safepoint      ] Safepoint "Cleanup", Time since last: 1000107431 ns, Reaching safepoint: 129503 ns, At safepoint: 9900 ns, Total: 139403 ns
[2130.877s][info ][safepoint      ] Safepoint "Cleanup", Time since last: 1000108932 ns, Reaching safepoint: 115502 ns, At safepoint: 12001 ns, Total: 127503 ns
[2132.877s][info ][safepoint      ] Safepoint "Cleanup", Time since last: 2000165462 ns, Reaching safepoint: 43401 ns, At safepoint: 5000 ns, Total: 48401 ns
[2133.877s][info ][safepoint      ] Safepoint "Cleanup", Time since last: 1000107532 ns, Reaching safepoint: 37500 ns, At safepoint: 2301 ns, Total: 39801 ns
[2134.877s][info ][safepoint      ] Safepoint "Cleanup", Time since last: 1000103231 ns, Reaching safepoint: 51001 ns, At safepoint: 2700 ns, Total: 53701 ns
[2135.878s][info ][safepoint      ] Safepoint "Cleanup", Time since last: 1000105232 ns, Reaching safepoint: 107902 ns, At safepoint: 5200 ns, Total: 113102 ns
[2136.878s][info ][safepoint      ] Safepoint "Cleanup", Time since last: 1000107232 ns, Reaching safepoint: 44001 ns, At safepoint: 12000 ns, Total: 56001 ns
[2137.153s][info ][gc,start       ] GC(140) Pause Young (Allocation Failure)
[2137.163s][debug][gc,phases      ] GC(140) Scavenge 9.298ms
[2137.163s][debug][gc,ref         ] GC(140) Skipped phase 1 of Reference Processing: no references
[2137.163s][debug][gc,ref         ] GC(140) Skipped phase 3 of Reference Processing: no references
[2137.163s][debug][gc,phases      ] GC(140) Reference Processing 0.029ms
[2137.163s][debug][gc,phases      ] GC(140) Weak Processing 0.609ms
[2137.163s][debug][gc,age         ] GC(140) Desired survivor size 121634816 bytes, new threshold 15 (max threshold 15)
[2137.163s][info ][gc,heap        ] GC(140) PSYoungGen: 1869360K(1970688K)->34128K(1961984K) Eden: 1835520K(1835520K)->0K(1835520K) From: 33840K(135168K)->34128K(126464K)
[2137.163s][info ][gc,heap        ] GC(140) ParOldGen: 493624K(659968K)->493624K(659968K)
[2137.163s][info ][gc,metaspace   ] GC(140) Metaspace: 78934K(79616K)->78934K(79616K) NonClass: 68176K(68544K)->68176K(68544K) Class: 10758K(11072K)->10758K(11072K)
[2137.163s][info ][gc             ] GC(140) Pause Young (Allocation Failure) 2307M->515M(2560M) 10.097ms
[2137.163s][info ][gc,cpu         ] GC(140) User=0.04s Sys=0.01s Real=0.01s
[2137.163s][info ][safepoint      ] Safepoint "ParallelGCFailedAllocation", Time since last: 275470058 ns, Reaching safepoint: 36101 ns, At safepoint: 10188620 ns, Total: 10224721 ns
[2138.164s][info ][safepoint      ] Safepoint "Cleanup", Time since last: 1000085631 ns, Reaching safepoint: 133603 ns, At safepoint: 12100 ns, Total: 145703 ns
[2139.164s][info ][safepoint      ] Safepoint "Cleanup", Time since last: 1000123532 ns, Reaching safepoint: 118403 ns, At safepoint: 7000 ns, Total: 125403 ns
[2140.164s][info ][safepoint      ] Safepoint "Cleanup", Time since last: 1000108531 ns, Reaching safepoint: 112903 ns, At safepoint: 15400 ns, Total: 128303 ns
[2141.165s][info ][safepoint      ] Safepoint "Cleanup", Time since last: 1000128332 ns, Reaching safepoint: 159503 ns, At safepoint: 16301 ns, Total: 175804 ns
[2143.165s][info ][safepoint      ] Safepoint "Cleanup", Time since last: 2000173361 ns, Reaching safepoint: 115403 ns, At safepoint: 7800 ns, Total: 123203 ns
[2144.165s][info ][safepoint      ] Safepoint "Cleanup", Time since last: 1000086731 ns, Reaching safepoint: 122603 ns, At safepoint: 18400 ns, Total: 141003 ns
[2145.165s][info ][safepoint      ] Safepoint "Cleanup", Time since last: 1000122132 ns, Reaching safepoint: 131402 ns, At safepoint: 11501 ns, Total: 142903 ns
[2146.166s][info ][safepoint      ] Safepoint "Cleanup", Time since last: 1000116131 ns, Reaching safepoint: 123403 ns, At safepoint: 12500 ns, Total: 135903 ns
[2147.166s][info ][safepoint      ] Safepoint "Cleanup", Time since last: 1000131432 ns, Reaching safepoint: 118002 ns, At safepoint: 21701 ns, Total: 139703 ns
[2148.166s][info ][safepoint      ] Safepoint "Cleanup", Time since last: 1000105031 ns, Reaching safepoint: 126303 ns, At safepoint: 11300 ns, Total: 137603 ns
[2149.166s][info ][safepoint      ] Safepoint "Cleanup", Time since last: 1000108431 ns, Reaching safepoint: 119703 ns, At safepoint: 9000 ns, Total: 128703 ns
[2150.167s][info ][safepoint      ] Safepoint "Cleanup", Time since last: 1000108131 ns, Reaching safepoint: 125403 ns, At safepoint: 7700 ns, Total: 133103 ns
[2151.167s][info ][safepoint      ] Safepoint "Cleanup", Time since last: 1000112131 ns, Reaching safepoint: 155003 ns, At safepoint: 9800 ns, Total: 164803 ns
[2152.167s][info ][safepoint      ] Safepoint "Cleanup", Time since last: 1000103231 ns, Reaching safepoint: 152504 ns, At safepoint: 8500 ns, Total: 161004 ns
[2153.167s][info ][safepoint      ] Safepoint "Cleanup", Time since last: 1000131731 ns, Reaching safepoint: 133403 ns, At safepoint: 10101 ns, Total: 143504 ns
[2154.065s][info ][gc,start       ] GC(141) Pause Young (Allocation Failure)
[2154.072s][debug][gc,phases      ] GC(141) Scavenge 7.001ms
[2154.072s][debug][gc,ref         ] GC(141) Skipped phase 1 of Reference Processing: no references
[2154.072s][debug][gc,ref         ] GC(141) Skipped phase 3 of Reference Processing: no references
[2154.072s][debug][gc,phases      ] GC(141) Reference Processing 0.026ms
[2154.073s][debug][gc,phases      ] GC(141) Weak Processing 0.519ms
[2154.073s][debug][gc,age         ] GC(141) Desired survivor size 115867648 bytes, new threshold 15 (max threshold 15)
[2154.073s][info ][gc,heap        ] GC(141) PSYoungGen: 1869648K(1961984K)->25296K(1984000K) Eden: 1835520K(1835520K)->0K(1865216K) From: 34128K(126464K)->25296K(118784K)
[2154.073s][info ][gc,heap        ] GC(141) ParOldGen: 493624K(659968K)->493624K(659968K)
[2154.073s][info ][gc,metaspace   ] GC(141) Metaspace: 78964K(79616K)->78964K(79616K) NonClass: 68202K(68544K)->68202K(68544K) Class: 10761K(11072K)->10761K(11072K)
[2154.073s][info ][gc             ] GC(141) Pause Young (Allocation Failure) 2307M->506M(2582M) 7.674ms
[2154.073s][info ][gc,cpu         ] GC(141) User=0.03s Sys=0.00s Real=0.01s
[2154.073s][info ][safepoint      ] Safepoint "ParallelGCFailedAllocation", Time since last: 897888820 ns, Reaching safepoint: 72601 ns, At safepoint: 7751968 ns, Total: 7824569 ns
[2155.073s][info ][safepoint      ] Safepoint "Cleanup", Time since last: 1000083430 ns, Reaching safepoint: 99402 ns, At safepoint: 11801 ns, Total: 111203 ns
[2156.074s][info ][safepoint      ] Safepoint "Cleanup", Time since last: 1000114431 ns, Reaching safepoint: 123602 ns, At safepoint: 10101 ns, Total: 133703 ns
[2158.074s][info ][safepoint      ] Safepoint "Cleanup", Time since last: 2000139260 ns, Reaching safepoint: 118102 ns, At safepoint: 6000 ns, Total: 124102 ns
[2159.074s][info ][safepoint      ] Safepoint "Cleanup", Time since last: 1000108831 ns, Reaching safepoint: 122503 ns, At safepoint: 12400 ns, Total: 134903 ns
[2161.074s][info ][safepoint      ] Safepoint "Cleanup", Time since last: 2000212662 ns, Reaching safepoint: 114702 ns, At safepoint: 8300 ns, Total: 123002 ns
[2162.075s][info ][safepoint      ] Safepoint "Cleanup", Time since last: 1000105731 ns, Reaching safepoint: 122903 ns, At safepoint: 8800 ns, Total: 131703 ns
[2163.075s][info ][safepoint      ] Safepoint "Cleanup", Time since last: 1000114531 ns, Reaching safepoint: 115602 ns, At safepoint: 8100 ns, Total: 123702 ns
[2164.075s][info ][safepoint      ] Safepoint "Cleanup", Time since last: 1000103431 ns, Reaching safepoint: 116703 ns, At safepoint: 6000 ns, Total: 122703 ns
[2167.075s][info ][safepoint      ] Safepoint "Cleanup", Time since last: 3000203589 ns, Reaching safepoint: 122303 ns, At safepoint: 9100 ns, Total: 131403 ns
[2168.076s][info ][safepoint      ] Safepoint "Cleanup", Time since last: 1000087330 ns, Reaching safepoint: 116502 ns, At safepoint: 6701 ns, Total: 123203 ns
[2169.076s][info ][safepoint      ] Safepoint "Cleanup", Time since last: 1000124230 ns, Reaching safepoint: 36501 ns, At safepoint: 2800 ns, Total: 39301 ns
[2170.076s][info ][safepoint      ] Safepoint "Cleanup", Time since last: 1000115531 ns, Reaching safepoint: 117003 ns, At safepoint: 8200 ns, Total: 125203 ns
[2171.076s][info ][safepoint      ] Safepoint "Cleanup", Time since last: 1000118930 ns, Reaching safepoint: 123103 ns, At safepoint: 9300 ns, Total: 132403 ns
[2172.074s][info ][gc,start       ] GC(142) Pause Young (Allocation Failure)
[2172.080s][debug][gc,phases      ] GC(142) Scavenge 5.826ms
[2172.080s][debug][gc,ref         ] GC(142) Skipped phase 1 of Reference Processing: no references
[2172.080s][debug][gc,ref         ] GC(142) Skipped phase 3 of Reference Processing: no references
[2172.080s][debug][gc,phases      ] GC(142) Reference Processing 0.028ms
[2172.080s][debug][gc,phases      ] GC(142) Weak Processing 0.537ms
[2172.080s][debug][gc,age         ] GC(142) Desired survivor size 110100480 bytes, new threshold 15 (max threshold 15)
[2172.080s][info ][gc,heap        ] GC(142) PSYoungGen: 1890512K(1984000K)->25504K(1978368K) Eden: 1865216K(1865216K)->0K(1865216K) From: 25296K(118784K)->25504K(113152K)
[2172.080s][info ][gc,heap        ] GC(142) ParOldGen: 493624K(659968K)->493632K(659968K)
[2172.080s][info ][gc,metaspace   ] GC(142) Metaspace: 79079K(79744K)->79079K(79744K) NonClass: 68302K(68672K)->68302K(68672K) Class: 10777K(11072K)->10777K(11072K)
[2172.080s][info ][gc             ] GC(142) Pause Young (Allocation Failure) 2328M->506M(2576M) 6.528ms
[2172.080s][info ][gc,cpu         ] GC(142) User=0.03s Sys=0.00s Real=0.00s
[2172.080s][info ][safepoint      ] Safepoint "ParallelGCFailedAllocation", Time since last: 997486574 ns, Reaching safepoint: 48401 ns, At safepoint: 6611143 ns, Total: 6659544 ns
[2173.081s][info ][safepoint      ] Safepoint "Cleanup", Time since last: 1000088430 ns, Reaching safepoint: 57801 ns, At safepoint: 7000 ns, Total: 64801 ns
[2174.081s][info ][safepoint      ] Safepoint "Cleanup", Time since last: 1000105731 ns, Reaching safepoint: 45201 ns, At safepoint: 8500 ns, Total: 53701 ns
[2175.081s][info ][safepoint      ] Safepoint "Cleanup", Time since last: 1000123731 ns, Reaching safepoint: 110102 ns, At safepoint: 7800 ns, Total: 117902 ns
[2176.081s][info ][safepoint      ] Safepoint "Cleanup", Time since last: 1000111231 ns, Reaching safepoint: 48101 ns, At safepoint: 7300 ns, Total: 55401 ns
[2177.081s][info ][safepoint      ] Safepoint "Cleanup", Time since last: 1000113030 ns, Reaching safepoint: 47201 ns, At safepoint: 5200 ns, Total: 52401 ns
[2178.081s][info ][safepoint      ] Safepoint "Cleanup", Time since last: 1000101230 ns, Reaching safepoint: 48102 ns, At safepoint: 8900 ns, Total: 57002 ns
[2180.082s][info ][safepoint      ] Safepoint "Cleanup", Time since last: 2000174059 ns, Reaching safepoint: 82102 ns, At safepoint: 8400 ns, Total: 90502 ns
[2183.082s][info ][safepoint      ] Safepoint "Cleanup", Time since last: 3000223989 ns, Reaching safepoint: 56301 ns, At safepoint: 15700 ns, Total: 72001 ns
[2184.082s][info ][safepoint      ] Safepoint "Cleanup", Time since last: 1000109630 ns, Reaching safepoint: 50901 ns, At safepoint: 6000 ns, Total: 56901 ns
[2185.083s][info ][safepoint      ] Safepoint "Cleanup", Time since last: 1000292235 ns, Reaching safepoint: 45300 ns, At safepoint: 8901 ns, Total: 54201 ns
[2186.774s][info ][safepoint      ] Safepoint "Cleanup", Time since last: 1691620386 ns, Reaching safepoint: 151803 ns, At safepoint: 8500 ns, Total: 160303 ns
[2188.668s][info ][gc,start       ] GC(143) Pause Young (Allocation Failure)
[2188.680s][debug][gc,phases      ] GC(143) Scavenge 11.715ms
[2188.680s][debug][gc,ref         ] GC(143) Skipped phase 1 of Reference Processing: no references
[2188.680s][debug][gc,ref         ] GC(143) Skipped phase 3 of Reference Processing: no references
[2188.680s][debug][gc,phases      ] GC(143) Reference Processing 0.031ms
[2188.680s][debug][gc,phases      ] GC(143) Weak Processing 0.589ms
[2188.680s][debug][gc,age         ] GC(143) Desired survivor size 106430464 bytes, new threshold 15 (max threshold 15)
[2188.680s][info ][gc,heap        ] GC(143) PSYoungGen: 1890720K(1978368K)->45840K(1993216K) Eden: 1865216K(1865216K)->0K(1885696K) From: 25504K(113152K)->45840K(107520K)
[2188.680s][info ][gc,heap        ] GC(143) ParOldGen: 493632K(659968K)->493632K(659968K)
[2188.680s][info ][gc,metaspace   ] GC(143) Metaspace: 79095K(79744K)->79095K(79744K) NonClass: 68318K(68672K)->68318K(68672K) Class: 10777K(11072K)->10777K(11072K)
[2188.680s][info ][gc             ] GC(143) Pause Young (Allocation Failure) 2328M->526M(2591M) 12.515ms
[2188.680s][info ][gc,cpu         ] GC(143) User=0.04s Sys=0.00s Real=0.01s
[2188.680s][info ][safepoint      ] Safepoint "ParallelGCFailedAllocation", Time since last: 1893498652 ns, Reaching safepoint: 41301 ns, At safepoint: 12588672 ns, Total: 12629973 ns
[2190.681s][info ][safepoint      ] Safepoint "Cleanup", Time since last: 2000149858 ns, Reaching safepoint: 69502 ns, At safepoint: 9700 ns, Total: 79202 ns
[2191.681s][info ][safepoint      ] Safepoint "Cleanup", Time since last: 1000106230 ns, Reaching safepoint: 53301 ns, At safepoint: 5500 ns, Total: 58801 ns
[2192.681s][info ][safepoint      ] Safepoint "Cleanup", Time since last: 1000109930 ns, Reaching safepoint: 52301 ns, At safepoint: 12301 ns, Total: 64602 ns
[2194.681s][info ][safepoint      ] Safepoint "Cleanup", Time since last: 2000173758 ns, Reaching safepoint: 48201 ns, At safepoint: 5000 ns, Total: 53201 ns
[2197.682s][info ][safepoint      ] Safepoint "Cleanup", Time since last: 3000230688 ns, Reaching safepoint: 56101 ns, At safepoint: 7700 ns, Total: 63801 ns
[2198.682s][info ][safepoint      ] Safepoint "Cleanup", Time since last: 1000111630 ns, Reaching safepoint: 45701 ns, At safepoint: 2800 ns, Total: 48501 ns
[2199.682s][info ][safepoint      ] Safepoint "Cleanup", Time since last: 1000100429 ns, Reaching safepoint: 43101 ns, At safepoint: 5500 ns, Total: 48601 ns
[2200.682s][info ][safepoint      ] Safepoint "Cleanup", Time since last: 1000103330 ns, Reaching safepoint: 44001 ns, At safepoint: 2700 ns, Total: 46701 ns
[2201.682s][info ][safepoint      ] Safepoint "Cleanup", Time since last: 1000123430 ns, Reaching safepoint: 48701 ns, At safepoint: 8600 ns, Total: 57301 ns
[2202.682s][info ][safepoint      ] Safepoint "Cleanup", Time since last: 1000108030 ns, Reaching safepoint: 35700 ns, At safepoint: 2900 ns, Total: 38600 ns
[2207.016s][info ][gc,start       ] GC(144) Pause Young (Allocation Failure)
[2207.025s][debug][gc,phases      ] GC(144) Scavenge 9.392ms
[2207.025s][debug][gc,ref         ] GC(144) Skipped phase 1 of Reference Processing: no references
[2207.025s][debug][gc,ref         ] GC(144) Skipped phase 3 of Reference Processing: no references
[2207.025s][debug][gc,phases      ] GC(144) Reference Processing 0.031ms
[2207.026s][debug][gc,phases      ] GC(144) Weak Processing 0.585ms
[2207.026s][debug][gc,age         ] GC(144) Desired survivor size 102760448 bytes, new threshold 15 (max threshold 15)
[2207.026s][info ][gc,heap        ] GC(144) PSYoungGen: 1931536K(1993216K)->45712K(1989632K) Eden: 1885696K(1885696K)->0K(1885696K) From: 45840K(107520K)->45712K(103936K)
[2207.026s][info ][gc,heap        ] GC(144) ParOldGen: 493632K(659968K)->493632K(659968K)
[2207.026s][info ][gc,metaspace   ] GC(144) Metaspace: 79099K(79744K)->79099K(79744K) NonClass: 68322K(68672K)->68322K(68672K) Class: 10777K(11072K)->10777K(11072K)
[2207.026s][info ][gc             ] GC(144) Pause Young (Allocation Failure) 2368M->526M(2587M) 10.149ms
[2207.026s][info ][gc,cpu         ] GC(144) User=0.04s Sys=0.00s Real=0.01s
[2207.026s][info ][safepoint      ] Safepoint "ParallelGCFailedAllocation", Time since last: 4333576423 ns, Reaching safepoint: 46901 ns, At safepoint: 10228422 ns, Total: 10275323 ns
[2210.026s][info ][safepoint      ] Safepoint "Cleanup", Time since last: 3000176585 ns, Reaching safepoint: 41401 ns, At safepoint: 2400 ns, Total: 43801 ns
[2212.027s][info ][safepoint      ] Safepoint "Cleanup", Time since last: 2000189358 ns, Reaching safepoint: 126302 ns, At safepoint: 6301 ns, Total: 132603 ns
[2213.027s][info ][safepoint      ] Safepoint "Cleanup", Time since last: 1000109629 ns, Reaching safepoint: 143503 ns, At safepoint: 11000 ns, Total: 154503 ns
[2214.027s][info ][safepoint      ] Safepoint "Cleanup", Time since last: 1000102829 ns, Reaching safepoint: 49101 ns, At safepoint: 2900 ns, Total: 52001 ns
[2215.027s][info ][safepoint      ] Safepoint "Cleanup", Time since last: 1000104930 ns, Reaching safepoint: 35100 ns, At safepoint: 3400 ns, Total: 38500 ns
[2217.028s][info ][safepoint      ] Safepoint "Cleanup", Time since last: 2000180958 ns, Reaching safepoint: 118203 ns, At safepoint: 9500 ns, Total: 127703 ns
[2220.028s][info ][safepoint      ] Safepoint "Cleanup", Time since last: 3000237885 ns, Reaching safepoint: 40501 ns, At safepoint: 2500 ns, Total: 43001 ns
[2221.028s][info ][safepoint      ] Safepoint "Cleanup", Time since last: 1000099929 ns, Reaching safepoint: 48201 ns, At safepoint: 7900 ns, Total: 56101 ns
[2224.028s][info ][safepoint      ] Safepoint "Cleanup", Time since last: 3000230685 ns, Reaching safepoint: 69002 ns, At safepoint: 7300 ns, Total: 76302 ns
[2225.273s][info ][gc,start       ] GC(145) Pause Young (Allocation Failure)
[2225.284s][debug][gc,phases      ] GC(145) Scavenge 10.594ms
[2225.284s][debug][gc,ref         ] GC(145) Skipped phase 1 of Reference Processing: no references
[2225.284s][debug][gc,ref         ] GC(145) Skipped phase 3 of Reference Processing: no references
[2225.284s][debug][gc,phases      ] GC(145) Reference Processing 0.031ms
[2225.284s][debug][gc,phases      ] GC(145) Weak Processing 0.507ms
[2225.284s][debug][gc,age         ] GC(145) Desired survivor size 99090432 bytes, new threshold 15 (max threshold 15)
[2225.284s][info ][gc,heap        ] GC(145) PSYoungGen: 1931408K(1989632K)->44240K(2000384K) Eden: 1885696K(1885696K)->0K(1900032K) From: 45712K(103936K)->44240K(100352K)
[2225.284s][info ][gc,heap        ] GC(145) ParOldGen: 493632K(659968K)->493632K(659968K)
[2225.284s][info ][gc,metaspace   ] GC(145) Metaspace: 79108K(79744K)->79108K(79744K) NonClass: 68331K(68672K)->68331K(68672K) Class: 10777K(11072K)->10777K(11072K)
[2225.284s][info ][gc             ] GC(145) Pause Young (Allocation Failure) 2368M->525M(2598M) 11.270ms
[2225.284s][info ][gc,cpu         ] GC(145) User=0.05s Sys=0.00s Real=0.01s
[2225.284s][info ][safepoint      ] Safepoint "ParallelGCFailedAllocation", Time since last: 1244778720 ns, Reaching safepoint: 30401 ns, At safepoint: 11355446 ns, Total: 11385847 ns
[2226.285s][info ][safepoint      ] Safepoint "Cleanup", Time since last: 1000078528 ns, Reaching safepoint: 48001 ns, At safepoint: 6200 ns, Total: 54201 ns
[2227.285s][info ][safepoint      ] Safepoint "Cleanup", Time since last: 1000120429 ns, Reaching safepoint: 46301 ns, At safepoint: 7900 ns, Total: 54201 ns
[2229.285s][info ][safepoint      ] Safepoint "Cleanup", Time since last: 2000126856 ns, Reaching safepoint: 45401 ns, At safepoint: 3700 ns, Total: 49101 ns
[2230.285s][info ][safepoint      ] Safepoint "Cleanup", Time since last: 1000100529 ns, Reaching safepoint: 43301 ns, At safepoint: 2800 ns, Total: 46101 ns
[2231.285s][info ][safepoint      ] Safepoint "Cleanup", Time since last: 1000110229 ns, Reaching safepoint: 40301 ns, At safepoint: 7900 ns, Total: 48201 ns
[2232.285s][info ][safepoint      ] Safepoint "Cleanup", Time since last: 1000073228 ns, Reaching safepoint: 77702 ns, At safepoint: 8200 ns, Total: 85902 ns
[2233.286s][info ][safepoint      ] Safepoint "Cleanup", Time since last: 1000114629 ns, Reaching safepoint: 58301 ns, At safepoint: 10000 ns, Total: 68301 ns
[2234.286s][info ][safepoint      ] Safepoint "Cleanup", Time since last: 1000109929 ns, Reaching safepoint: 48501 ns, At safepoint: 5400 ns, Total: 53901 ns
[2236.286s][info ][safepoint      ] Safepoint "Cleanup", Time since last: 2000152656 ns, Reaching safepoint: 53801 ns, At safepoint: 7700 ns, Total: 61501 ns
[2237.286s][info ][safepoint      ] Safepoint "Cleanup", Time since last: 1000086528 ns, Reaching safepoint: 45701 ns, At safepoint: 2801 ns, Total: 48502 ns
[2238.286s][info ][safepoint      ] Safepoint "Cleanup", Time since last: 1000103728 ns, Reaching safepoint: 49301 ns, At safepoint: 2700 ns, Total: 52001 ns
[2239.286s][info ][safepoint      ] Safepoint "Cleanup", Time since last: 1000120029 ns, Reaching safepoint: 44901 ns, At safepoint: 10400 ns, Total: 55301 ns
[2241.287s][info ][safepoint      ] Safepoint "Cleanup", Time since last: 2000132155 ns, Reaching safepoint: 50402 ns, At safepoint: 2700 ns, Total: 53102 ns
[2242.715s][info ][gc,start       ] GC(146) Pause Young (Allocation Failure)
[2242.725s][debug][gc,phases      ] GC(146) Scavenge 10.014ms
[2242.725s][debug][gc,ref         ] GC(146) Skipped phase 1 of Reference Processing: no references
[2242.725s][debug][gc,ref         ] GC(146) Skipped phase 3 of Reference Processing: no references
[2242.725s][debug][gc,phases      ] GC(146) Reference Processing 0.035ms
[2242.725s][debug][gc,phases      ] GC(146) Weak Processing 0.582ms
[2242.725s][debug][gc,age         ] GC(146) Desired survivor size 93847552 bytes, new threshold 15 (max threshold 15)
[2242.725s][info ][gc,heap        ] GC(146) PSYoungGen: 1944272K(2000384K)->34256K(1996800K) Eden: 1900032K(1900032K)->0K(1900032K) From: 44240K(100352K)->34256K(96768K)
[2242.725s][info ][gc,heap        ] GC(146) ParOldGen: 493632K(659968K)->503997K(659968K)
[2242.725s][info ][gc,metaspace   ] GC(146) Metaspace: 79115K(79744K)->79115K(79744K) NonClass: 68338K(68672K)->68338K(68672K) Class: 10777K(11072K)->10777K(11072K)
[2242.725s][info ][gc             ] GC(146) Pause Young (Allocation Failure) 2380M->525M(2594M) 10.793ms
[2242.725s][info ][gc,cpu         ] GC(146) User=0.04s Sys=0.00s Real=0.01s
[2242.725s][info ][safepoint      ] Safepoint "ParallelGCFailedAllocation", Time since last: 1427714376 ns, Reaching safepoint: 114602 ns, At safepoint: 10872135 ns, Total: 10986737 ns
[2243.726s][info ][safepoint      ] Safepoint "Cleanup", Time since last: 1000087828 ns, Reaching safepoint: 52601 ns, At safepoint: 33701 ns, Total: 86302 ns
[2244.726s][info ][safepoint      ] Safepoint "Cleanup", Time since last: 1000105629 ns, Reaching safepoint: 124502 ns, At safepoint: 9800 ns, Total: 134302 ns
[2245.726s][info ][safepoint      ] Safepoint "Cleanup", Time since last: 1000114229 ns, Reaching safepoint: 134803 ns, At safepoint: 10300 ns, Total: 145103 ns
[2246.726s][info ][safepoint      ] Safepoint "Cleanup", Time since last: 1000100328 ns, Reaching safepoint: 48701 ns, At safepoint: 7401 ns, Total: 56102 ns
[2247.726s][info ][safepoint      ] Safepoint "Cleanup", Time since last: 1000091028 ns, Reaching safepoint: 119502 ns, At safepoint: 14800 ns, Total: 134302 ns
[2248.727s][info ][safepoint      ] Safepoint "Cleanup", Time since last: 1000121529 ns, Reaching safepoint: 46701 ns, At safepoint: 5900 ns, Total: 52601 ns
[2250.727s][info ][safepoint      ] Safepoint "Cleanup", Time since last: 2000129655 ns, Reaching safepoint: 41501 ns, At safepoint: 2500 ns, Total: 44001 ns
[2251.727s][info ][safepoint      ] Safepoint "Cleanup", Time since last: 1000119628 ns, Reaching safepoint: 123203 ns, At safepoint: 6500 ns, Total: 129703 ns
[2252.727s][info ][safepoint      ] Safepoint "Cleanup", Time since last: 1000120029 ns, Reaching safepoint: 116602 ns, At safepoint: 8700 ns, Total: 125302 ns
[2253.727s][info ][safepoint      ] Safepoint "Cleanup", Time since last: 1000113129 ns, Reaching safepoint: 42301 ns, At safepoint: 2700 ns, Total: 45001 ns
[2255.728s][info ][safepoint      ] Safepoint "Cleanup", Time since last: 2000160155 ns, Reaching safepoint: 47001 ns, At safepoint: 3600 ns, Total: 50601 ns
[2256.728s][info ][safepoint      ] Safepoint "Cleanup", Time since last: 1000099728 ns, Reaching safepoint: 37601 ns, At safepoint: 7700 ns, Total: 45301 ns
[2261.415s][info ][gc,start       ] GC(147) Pause Young (Allocation Failure)
[2261.424s][debug][gc,phases      ] GC(147) Scavenge 8.931ms
[2261.424s][debug][gc,ref         ] GC(147) Skipped phase 1 of Reference Processing: no references
[2261.424s][debug][gc,ref         ] GC(147) Skipped phase 3 of Reference Processing: no references
[2261.424s][debug][gc,phases      ] GC(147) Reference Processing 0.047ms
[2261.424s][debug][gc,phases      ] GC(147) Weak Processing 0.561ms
[2261.424s][debug][gc,age         ] GC(147) Desired survivor size 89128960 bytes, new threshold 15 (max threshold 15)
[2261.424s][info ][gc,heap        ] GC(147) PSYoungGen: 1934288K(1996800K)->33904K(2010112K) Eden: 1900032K(1900032K)->0K(1918464K) From: 34256K(96768K)->33904K(91648K)
[2261.424s][info ][gc,heap        ] GC(147) ParOldGen: 503997K(659968K)->504053K(659968K)
[2261.424s][info ][gc,metaspace   ] GC(147) Metaspace: 79122K(79744K)->79122K(79744K) NonClass: 68344K(68672K)->68344K(68672K) Class: 10777K(11072K)->10777K(11072K)
[2261.424s][info ][gc             ] GC(147) Pause Young (Allocation Failure) 2381M->525M(2607M) 9.675ms
[2261.424s][info ][gc,cpu         ] GC(147) User=0.03s Sys=0.00s Real=0.01s
[2261.424s][info ][safepoint      ] Safepoint "ParallelGCFailedAllocation", Time since last: 4686818156 ns, Reaching safepoint: 51701 ns, At safepoint: 9753311 ns, Total: 9805012 ns
[2263.425s][info ][safepoint      ] Safepoint "Cleanup", Time since last: 2000124354 ns, Reaching safepoint: 108802 ns, At safepoint: 3800 ns, Total: 112602 ns
[2264.425s][info ][safepoint      ] Safepoint "Cleanup", Time since last: 1000115828 ns, Reaching safepoint: 119003 ns, At safepoint: 6200 ns, Total: 125203 ns
[2266.425s][info ][safepoint      ] Safepoint "Cleanup", Time since last: 2000173555 ns, Reaching safepoint: 53801 ns, At safepoint: 8800 ns, Total: 62601 ns
[2267.425s][info ][safepoint      ] Safepoint "Cleanup", Time since last: 1000132529 ns, Reaching safepoint: 128303 ns, At safepoint: 7500 ns, Total: 135803 ns
[2269.426s][info ][safepoint      ] Safepoint "Cleanup", Time since last: 2000187455 ns, Reaching safepoint: 117402 ns, At safepoint: 7800 ns, Total: 125202 ns
[2270.426s][info ][safepoint      ] Safepoint "Cleanup", Time since last: 1000114028 ns, Reaching safepoint: 44701 ns, At safepoint: 2800 ns, Total: 47501 ns
[2272.426s][info ][safepoint      ] Safepoint "Cleanup", Time since last: 2000176355 ns, Reaching safepoint: 53801 ns, At safepoint: 7300 ns, Total: 61101 ns
[2273.426s][info ][safepoint      ] Safepoint "Cleanup", Time since last: 1000092628 ns, Reaching safepoint: 56701 ns, At safepoint: 2700 ns, Total: 59401 ns
[2274.426s][info ][safepoint      ] Safepoint "Cleanup", Time since last: 1000115828 ns, Reaching safepoint: 137703 ns, At safepoint: 8600 ns, Total: 146303 ns
[2275.427s][info ][safepoint      ] Safepoint "Cleanup", Time since last: 1000102328 ns, Reaching safepoint: 103502 ns, At safepoint: 3900 ns, Total: 107402 ns
[2277.427s][info ][safepoint      ] Safepoint "Cleanup", Time since last: 2000171254 ns, Reaching safepoint: 129503 ns, At safepoint: 7300 ns, Total: 136803 ns
[2278.427s][info ][safepoint      ] Safepoint "Cleanup", Time since last: 1000080527 ns, Reaching safepoint: 62502 ns, At safepoint: 10700 ns, Total: 73202 ns
[2279.427s][info ][safepoint      ] Safepoint "Cleanup", Time since last: 1000114028 ns, Reaching safepoint: 79501 ns, At safepoint: 11201 ns, Total: 90702 ns
[2280.225s][info ][gc,start       ] GC(148) Pause Young (Allocation Failure)
[2280.233s][debug][gc,phases      ] GC(148) Scavenge 8.707ms
[2280.233s][debug][gc,ref         ] GC(148) Skipped phase 1 of Reference Processing: no references
[2280.233s][debug][gc,ref         ] GC(148) Skipped phase 3 of Reference Processing: no references
[2280.233s][debug][gc,phases      ] GC(148) Reference Processing 0.030ms
[2280.234s][debug][gc,phases      ] GC(148) Weak Processing 0.604ms
[2280.234s][debug][gc,age         ] GC(148) Desired survivor size 84410368 bytes, new threshold 15 (max threshold 15)
[2280.234s][info ][gc,heap        ] GC(148) PSYoungGen: 1952368K(2010112K)->33920K(2005504K) Eden: 1918464K(1918464K)->0K(1918464K) From: 33904K(91648K)->33920K(87040K)
[2280.234s][info ][gc,heap        ] GC(148) ParOldGen: 504053K(659968K)->504137K(659968K)
[2280.234s][info ][gc,metaspace   ] GC(148) Metaspace: 79128K(79744K)->79128K(79744K) NonClass: 68350K(68672K)->68350K(68672K) Class: 10777K(11072K)->10777K(11072K)
[2280.234s][info ][gc             ] GC(148) Pause Young (Allocation Failure) 2398M->525M(2603M) 9.517ms
[2280.234s][info ][gc,cpu         ] GC(148) User=0.03s Sys=0.00s Real=0.01s
[2280.234s][info ][safepoint      ] Safepoint "ParallelGCFailedAllocation", Time since last: 797163738 ns, Reaching safepoint: 47501 ns, At safepoint: 9588208 ns, Total: 9635709 ns
[2283.235s][info ][safepoint      ] Safepoint "Cleanup", Time since last: 3000357783 ns, Reaching safepoint: 40401 ns, At safepoint: 2300 ns, Total: 42701 ns
[2284.235s][info ][safepoint      ] Safepoint "Cleanup", Time since last: 1000106327 ns, Reaching safepoint: 42301 ns, At safepoint: 3700 ns, Total: 46001 ns
[2287.235s][info ][safepoint      ] Safepoint "Cleanup", Time since last: 3000202880 ns, Reaching safepoint: 42001 ns, At safepoint: 2500 ns, Total: 44501 ns
[2288.235s][info ][safepoint      ] Safepoint "Cleanup", Time since last: 1000103327 ns, Reaching safepoint: 55502 ns, At safepoint: 5300 ns, Total: 60802 ns
[2289.235s][info ][safepoint      ] Safepoint "Cleanup", Time since last: 1000105127 ns, Reaching safepoint: 43401 ns, At safepoint: 2400 ns, Total: 45801 ns
[2290.235s][info ][safepoint      ] Safepoint "Cleanup", Time since last: 1000115727 ns, Reaching safepoint: 49601 ns, At safepoint: 10401 ns, Total: 60002 ns
[2291.236s][info ][safepoint      ] Safepoint "Cleanup", Time since last: 1000111227 ns, Reaching safepoint: 49901 ns, At safepoint: 4700 ns, Total: 54601 ns
[2292.236s][info ][safepoint      ] Safepoint "Cleanup", Time since last: 1000105227 ns, Reaching safepoint: 51102 ns, At safepoint: 6100 ns, Total: 57202 ns
[2293.236s][info ][safepoint      ] Safepoint "Cleanup", Time since last: 1000104827 ns, Reaching safepoint: 30501 ns, At safepoint: 6800 ns, Total: 37301 ns
[2295.236s][info ][safepoint      ] Safepoint "Cleanup", Time since last: 2000175353 ns, Reaching safepoint: 35301 ns, At safepoint: 7500 ns, Total: 42801 ns
[2296.236s][info ][safepoint      ] Safepoint "Cleanup", Time since last: 1000103027 ns, Reaching safepoint: 45901 ns, At safepoint: 2800 ns, Total: 48701 ns
[2297.236s][info ][safepoint      ] Safepoint "Cleanup", Time since last: 1000106827 ns, Reaching safepoint: 45101 ns, At safepoint: 6301 ns, Total: 51402 ns
[2298.237s][info ][safepoint      ] Safepoint "Cleanup", Time since last: 1000105827 ns, Reaching safepoint: 36700 ns, At safepoint: 3101 ns, Total: 39801 ns
[2299.170s][info ][gc,start       ] GC(149) Pause Young (Allocation Failure)
[2299.178s][debug][gc,phases      ] GC(149) Scavenge 8.212ms
[2299.178s][debug][gc,ref         ] GC(149) Skipped phase 1 of Reference Processing: no references
[2299.178s][debug][gc,ref         ] GC(149) Skipped phase 3 of Reference Processing: no references
[2299.178s][debug][gc,phases      ] GC(149) Reference Processing 0.037ms
[2299.179s][debug][gc,phases      ] GC(149) Weak Processing 0.584ms
[2299.179s][debug][gc,age         ] GC(149) Desired survivor size 80740352 bytes, new threshold 15 (max threshold 15)
[2299.179s][info ][gc,heap        ] GC(149) PSYoungGen: 1952384K(2005504K)->33648K(2018304K) Eden: 1918464K(1918464K)->0K(1935872K) From: 33920K(87040K)->33648K(82432K)
[2299.179s][info ][gc,heap        ] GC(149) ParOldGen: 504137K(659968K)->504177K(659968K)
[2299.179s][info ][gc,metaspace   ] GC(149) Metaspace: 79150K(79808K)->79150K(79808K) NonClass: 68372K(68736K)->68372K(68736K) Class: 10777K(11072K)->10777K(11072K)
[2299.179s][info ][gc             ] GC(149) Pause Young (Allocation Failure) 2398M->525M(2615M) 8.978ms
[2299.179s][info ][gc,cpu         ] GC(149) User=0.03s Sys=0.00s Real=0.01s
[2299.179s][info ][safepoint      ] Safepoint "ParallelGCFailedAllocation", Time since last: 932918774 ns, Reaching safepoint: 38201 ns, At safepoint: 9056795 ns, Total: 9094996 ns
[2301.179s][info ][safepoint      ] Safepoint "Cleanup", Time since last: 2000143453 ns, Reaching safepoint: 115603 ns, At safepoint: 8200 ns, Total: 123803 ns
[2302.179s][info ][safepoint      ] Safepoint "Cleanup", Time since last: 1000117427 ns, Reaching safepoint: 45001 ns, At safepoint: 2500 ns, Total: 47501 ns
[2303.179s][info ][safepoint      ] Safepoint "Cleanup", Time since last: 1000112027 ns, Reaching safepoint: 47301 ns, At safepoint: 2800 ns, Total: 50101 ns
[2304.179s][info ][safepoint      ] Safepoint "Cleanup", Time since last: 1000106527 ns, Reaching safepoint: 43001 ns, At safepoint: 2700 ns, Total: 45701 ns
[2306.180s][info ][safepoint      ] Safepoint "Cleanup", Time since last: 2000123652 ns, Reaching safepoint: 67302 ns, At safepoint: 3100 ns, Total: 70402 ns
[2307.180s][info ][safepoint      ] Safepoint "Cleanup", Time since last: 1000098626 ns, Reaching safepoint: 35801 ns, At safepoint: 2600 ns, Total: 38401 ns
[2308.180s][info ][safepoint      ] Safepoint "Cleanup", Time since last: 1000113927 ns, Reaching safepoint: 43701 ns, At safepoint: 2500 ns, Total: 46201 ns
[2309.180s][info ][safepoint      ] Safepoint "Cleanup", Time since last: 1000109927 ns, Reaching safepoint: 106402 ns, At safepoint: 6901 ns, Total: 113303 ns
[2310.180s][info ][safepoint      ] Safepoint "Cleanup", Time since last: 1000100026 ns, Reaching safepoint: 48901 ns, At safepoint: 2700 ns, Total: 51601 ns
[2311.180s][info ][safepoint      ] Safepoint "Cleanup", Time since last: 1000100127 ns, Reaching safepoint: 47601 ns, At safepoint: 7700 ns, Total: 55301 ns
[2312.181s][info ][safepoint      ] Safepoint "Cleanup", Time since last: 1000099127 ns, Reaching safepoint: 48301 ns, At safepoint: 6900 ns, Total: 55201 ns
[2313.181s][info ][safepoint      ] Safepoint "Cleanup", Time since last: 1000104127 ns, Reaching safepoint: 45201 ns, At safepoint: 5300 ns, Total: 50501 ns
[2314.181s][info ][safepoint      ] Safepoint "Cleanup", Time since last: 1000096926 ns, Reaching safepoint: 35701 ns, At safepoint: 3300 ns, Total: 39001 ns
[2315.181s][info ][safepoint      ] Safepoint "Cleanup", Time since last: 1000099427 ns, Reaching safepoint: 70601 ns, At safepoint: 6801 ns, Total: 77402 ns
[2316.181s][info ][safepoint      ] Safepoint "Cleanup", Time since last: 1000096426 ns, Reaching safepoint: 92002 ns, At safepoint: 7600 ns, Total: 99602 ns
[2317.149s][info ][gc,start       ] GC(150) Pause Young (Allocation Failure)
[2317.158s][debug][gc,phases      ] GC(150) Scavenge 8.829ms
[2317.158s][debug][gc,ref         ] GC(150) Skipped phase 1 of Reference Processing: no references
[2317.158s][debug][gc,ref         ] GC(150) Skipped phase 3 of Reference Processing: no references
[2317.158s][debug][gc,phases      ] GC(150) Reference Processing 0.048ms
[2317.159s][debug][gc,phases      ] GC(150) Weak Processing 0.694ms
[2317.159s][debug][gc,age         ] GC(150) Desired survivor size 77070336 bytes, new threshold 15 (max threshold 15)
[2317.159s][info ][gc,heap        ] GC(150) PSYoungGen: 1969520K(2018304K)->33504K(2014720K) Eden: 1935872K(1935872K)->0K(1935872K) From: 33648K(82432K)->33504K(78848K)
[2317.159s][info ][gc,heap        ] GC(150) ParOldGen: 504177K(659968K)->504217K(659968K)
[2317.159s][info ][gc,metaspace   ] GC(150) Metaspace: 79180K(79808K)->79180K(79808K) NonClass: 68401K(68736K)->68401K(68736K) Class: 10778K(11072K)->10778K(11072K)
[2317.159s][info ][gc             ] GC(150) Pause Young (Allocation Failure) 2415M->525M(2612M) 9.733ms
[2317.159s][info ][gc,cpu         ] GC(150) User=0.04s Sys=0.00s Real=0.01s
[2317.159s][info ][safepoint      ] Safepoint "ParallelGCFailedAllocation", Time since last: 967875430 ns, Reaching safepoint: 158803 ns, At safepoint: 9834313 ns, Total: 9993116 ns
[2319.159s][info ][safepoint      ] Safepoint "Cleanup", Time since last: 2000155852 ns, Reaching safepoint: 51401 ns, At safepoint: 14000 ns, Total: 65401 ns
[2322.160s][info ][safepoint      ] Safepoint "Cleanup", Time since last: 3000254779 ns, Reaching safepoint: 57201 ns, At safepoint: 7600 ns, Total: 64801 ns
[2323.160s][info ][safepoint      ] Safepoint "Cleanup", Time since last: 1000118427 ns, Reaching safepoint: 70502 ns, At safepoint: 7800 ns, Total: 78302 ns
[2324.160s][info ][safepoint      ] Safepoint "Cleanup", Time since last: 1000129027 ns, Reaching safepoint: 52801 ns, At safepoint: 9700 ns, Total: 62501 ns
[2325.160s][info ][safepoint      ] Safepoint "Cleanup", Time since last: 1000115227 ns, Reaching safepoint: 101202 ns, At safepoint: 8900 ns, Total: 110102 ns
[2326.160s][info ][safepoint      ] Safepoint "Cleanup", Time since last: 1000112827 ns, Reaching safepoint: 54701 ns, At safepoint: 3000 ns, Total: 57701 ns
[2327.748s][info ][safepoint      ] Safepoint "Cleanup", Time since last: 1587548829 ns, Reaching safepoint: 167004 ns, At safepoint: 27901 ns, Total: 194905 ns
[2328.273s][info ][gc,start       ] GC(151) Pause Young (Allocation Failure)
[2328.294s][debug][gc,phases      ] GC(151) Scavenge 20.566ms
[2328.294s][debug][gc,ref         ] GC(151) Skipped phase 1 of Reference Processing: no references
[2328.294s][debug][gc,ref         ] GC(151) Skipped phase 3 of Reference Processing: no references
[2328.294s][debug][gc,phases      ] GC(151) Reference Processing 0.071ms
[2328.295s][debug][gc,phases      ] GC(151) Weak Processing 0.713ms
[2328.295s][debug][gc,age         ] GC(151) Desired survivor size 88604672 bytes, new threshold 14 (max threshold 15)
[2328.295s][info ][gc,heap        ] GC(151) PSYoungGen: 1969376K(2014720K)->75248K(1999360K) Eden: 1935872K(1935872K)->0K(1924096K) From: 33504K(78848K)->75248K(75264K)
[2328.295s][info ][gc,heap        ] GC(151) ParOldGen: 504217K(659968K)->507074K(659968K)
[2328.295s][info ][gc,metaspace   ] GC(151) Metaspace: 79230K(79872K)->79230K(79872K) NonClass: 68444K(68800K)->68444K(68800K) Class: 10786K(11072K)->10786K(11072K)
[2328.295s][info ][gc             ] GC(151) Pause Young (Allocation Failure) 2415M->568M(2597M) 21.505ms
[2328.295s][info ][gc,cpu         ] GC(151) User=0.09s Sys=0.00s Real=0.02s
[2328.295s][info ][safepoint      ] Safepoint "ParallelGCFailedAllocation", Time since last: 525160656 ns, Reaching safepoint: 55401 ns, At safepoint: 21591767 ns, Total: 21647168 ns
[2329.295s][info ][safepoint      ] Safepoint "Cleanup", Time since last: 1000092726 ns, Reaching safepoint: 62301 ns, At safepoint: 5100 ns, Total: 67401 ns
[2330.295s][info ][safepoint      ] Safepoint "Cleanup", Time since last: 1000116527 ns, Reaching safepoint: 58301 ns, At safepoint: 8800 ns, Total: 67101 ns
[2331.295s][info ][safepoint      ] Safepoint "Cleanup", Time since last: 1000106227 ns, Reaching safepoint: 65001 ns, At safepoint: 8500 ns, Total: 73501 ns
[2332.296s][info ][safepoint      ] Safepoint "Cleanup", Time since last: 1000099327 ns, Reaching safepoint: 56901 ns, At safepoint: 6000 ns, Total: 62901 ns
[2333.296s][info ][safepoint      ] Safepoint "Cleanup", Time since last: 1000073526 ns, Reaching safepoint: 58701 ns, At safepoint: 5100 ns, Total: 63801 ns
[2334.296s][info ][safepoint      ] Safepoint "Cleanup", Time since last: 1000108326 ns, Reaching safepoint: 55002 ns, At safepoint: 5500 ns, Total: 60502 ns
[2335.296s][info ][safepoint      ] Safepoint "Cleanup", Time since last: 1000104126 ns, Reaching safepoint: 78102 ns, At safepoint: 3000 ns, Total: 81102 ns
[2337.296s][info ][safepoint      ] Safepoint "Cleanup", Time since last: 2000162651 ns, Reaching safepoint: 52701 ns, At safepoint: 6600 ns, Total: 59301 ns
[2338.297s][info ][safepoint      ] Safepoint "Cleanup", Time since last: 1000113127 ns, Reaching safepoint: 134803 ns, At safepoint: 14000 ns, Total: 148803 ns
[2339.297s][info ][safepoint      ] Safepoint "Cleanup", Time since last: 1000089026 ns, Reaching safepoint: 50901 ns, At safepoint: 4100 ns, Total: 55001 ns
[2340.297s][info ][safepoint      ] Safepoint "Cleanup", Time since last: 1000101926 ns, Reaching safepoint: 47401 ns, At safepoint: 3100 ns, Total: 50501 ns
[2341.297s][info ][safepoint      ] Safepoint "Cleanup", Time since last: 1000105026 ns, Reaching safepoint: 109703 ns, At safepoint: 10600 ns, Total: 120303 ns
[2343.297s][info ][safepoint      ] Safepoint "Cleanup", Time since last: 2000180851 ns, Reaching safepoint: 38101 ns, At safepoint: 2500 ns, Total: 40601 ns
[2343.743s][info ][gc,start       ] GC(152) Pause Young (Allocation Failure)
[2343.764s][debug][gc,phases      ] GC(152) Scavenge 20.722ms
[2343.764s][debug][gc,ref         ] GC(152) Skipped phase 1 of Reference Processing: no references
[2343.764s][debug][gc,ref         ] GC(152) Skipped phase 3 of Reference Processing: no references
[2343.764s][debug][gc,phases      ] GC(152) Reference Processing 0.030ms
[2343.765s][debug][gc,phases      ] GC(152) Weak Processing 0.512ms
[2343.765s][debug][gc,age         ] GC(152) Desired survivor size 102236160 bytes, new threshold 13 (max threshold 15)
[2343.765s][info ][gc,heap        ] GC(152) PSYoungGen: 1999344K(1999360K)->86512K(2010624K) Eden: 1924096K(1924096K)->0K(1924096K) From: 75248K(75264K)->86512K(86528K)
[2343.765s][info ][gc,heap        ] GC(152) ParOldGen: 507074K(659968K)->508726K(659968K)
[2343.765s][info ][gc,metaspace   ] GC(152) Metaspace: 79324K(79936K)->79324K(79936K) NonClass: 68535K(68864K)->68535K(68864K) Class: 10788K(11072K)->10788K(11072K)
[2343.765s][info ][gc             ] GC(152) Pause Young (Allocation Failure) 2447M->581M(2608M) 21.406ms
[2343.765s][info ][gc,cpu         ] GC(152) User=0.08s Sys=0.00s Real=0.02s
[2343.765s][info ][safepoint      ] Safepoint "ParallelGCFailedAllocation", Time since last: 445720638 ns, Reaching safepoint: 60402 ns, At safepoint: 21490164 ns, Total: 21550566 ns
[2345.765s][info ][safepoint      ] Safepoint "Cleanup", Time since last: 2000171752 ns, Reaching safepoint: 117302 ns, At safepoint: 7200 ns, Total: 124502 ns
[2346.765s][info ][safepoint      ] Safepoint "Cleanup", Time since last: 1000106926 ns, Reaching safepoint: 113103 ns, At safepoint: 5500 ns, Total: 118603 ns
[2347.765s][info ][safepoint      ] Safepoint "Cleanup", Time since last: 1000102726 ns, Reaching safepoint: 114402 ns, At safepoint: 5701 ns, Total: 120103 ns
[2348.766s][info ][safepoint      ] Safepoint "Cleanup", Time since last: 1000103225 ns, Reaching safepoint: 113603 ns, At safepoint: 7600 ns, Total: 121203 ns
[2350.766s][info ][safepoint      ] Safepoint "Cleanup", Time since last: 2000184351 ns, Reaching safepoint: 118403 ns, At safepoint: 10400 ns, Total: 128803 ns
[2351.766s][info ][safepoint      ] Safepoint "Cleanup", Time since last: 1000111626 ns, Reaching safepoint: 107303 ns, At safepoint: 7600 ns, Total: 114903 ns
[2352.766s][info ][safepoint      ] Safepoint "Cleanup", Time since last: 1000118926 ns, Reaching safepoint: 132203 ns, At safepoint: 11300 ns, Total: 143503 ns
[2353.767s][info ][safepoint      ] Safepoint "Cleanup", Time since last: 1000116826 ns, Reaching safepoint: 118903 ns, At safepoint: 6900 ns, Total: 125803 ns
[2354.767s][info ][safepoint      ] Safepoint "Cleanup", Time since last: 1000110726 ns, Reaching safepoint: 120402 ns, At safepoint: 5400 ns, Total: 125802 ns
[2355.767s][info ][safepoint      ] Safepoint "Cleanup", Time since last: 1000089226 ns, Reaching safepoint: 124803 ns, At safepoint: 9200 ns, Total: 134003 ns
[2358.767s][info ][safepoint      ] Safepoint "Cleanup", Time since last: 3000237076 ns, Reaching safepoint: 119302 ns, At safepoint: 8000 ns, Total: 127302 ns
[2359.768s][info ][safepoint      ] Safepoint "Cleanup", Time since last: 1000109326 ns, Reaching safepoint: 91802 ns, At safepoint: 7000 ns, Total: 98802 ns
[2361.768s][info ][safepoint      ] Safepoint "Cleanup", Time since last: 2000174751 ns, Reaching safepoint: 124003 ns, At safepoint: 10700 ns, Total: 134703 ns
[2363.768s][info ][safepoint      ] Safepoint "Cleanup", Time since last: 2000177650 ns, Reaching safepoint: 122003 ns, At safepoint: 10800 ns, Total: 132803 ns
[2367.369s][info ][gc,start       ] GC(153) Pause Young (Allocation Failure)
[2367.387s][debug][gc,phases      ] GC(153) Scavenge 18.155ms
[2367.387s][debug][gc,ref         ] GC(153) Skipped phase 1 of Reference Processing: no references
[2367.387s][debug][gc,ref         ] GC(153) Skipped phase 3 of Reference Processing: no references
[2367.387s][debug][gc,phases      ] GC(153) Reference Processing 0.034ms
[2367.388s][debug][gc,phases      ] GC(153) Weak Processing 0.570ms
[2367.388s][debug][gc,age         ] GC(153) Desired survivor size 108003328 bytes, new threshold 14 (max threshold 15)
[2367.388s][info ][gc,heap        ] GC(153) PSYoungGen: 2010608K(2010624K)->75968K(1972736K) Eden: 1924096K(1924096K)->0K(1886208K) From: 86512K(86528K)->75968K(86528K)
[2367.388s][info ][gc,heap        ] GC(153) ParOldGen: 508726K(659968K)->519008K(659968K)
[2367.388s][info ][gc,metaspace   ] GC(153) Metaspace: 79391K(80000K)->79391K(80000K) NonClass: 68602K(68928K)->68602K(68928K) Class: 10789K(11072K)->10789K(11072K)
[2367.388s][info ][gc             ] GC(153) Pause Young (Allocation Failure) 2460M->581M(2571M) 18.923ms
[2367.388s][info ][gc,cpu         ] GC(153) User=0.08s Sys=0.00s Real=0.02s
[2367.388s][info ][safepoint      ] Safepoint "ParallelGCFailedAllocation", Time since last: 3600806162 ns, Reaching safepoint: 63001 ns, At safepoint: 19004011 ns, Total: 19067012 ns
[2369.388s][info ][safepoint      ] Safepoint "Cleanup", Time since last: 2000126549 ns, Reaching safepoint: 48301 ns, At safepoint: 8201 ns, Total: 56502 ns
[2370.389s][info ][safepoint      ] Safepoint "Cleanup", Time since last: 1000118325 ns, Reaching safepoint: 48501 ns, At safepoint: 7301 ns, Total: 55802 ns
[2371.389s][info ][safepoint      ] Safepoint "Cleanup", Time since last: 1000104925 ns, Reaching safepoint: 55201 ns, At safepoint: 5200 ns, Total: 60401 ns
[2372.389s][info ][safepoint      ] Safepoint "Cleanup", Time since last: 1000091126 ns, Reaching safepoint: 43201 ns, At safepoint: 7100 ns, Total: 50301 ns
[2378.389s][info ][safepoint      ] Safepoint "Cleanup", Time since last: 6000404547 ns, Reaching safepoint: 42001 ns, At safepoint: 7300 ns, Total: 49301 ns
[2379.389s][info ][safepoint      ] Safepoint "Cleanup", Time since last: 1000099726 ns, Reaching safepoint: 54301 ns, At safepoint: 8100 ns, Total: 62401 ns
[2381.390s][info ][safepoint      ] Safepoint "Cleanup", Time since last: 2000156749 ns, Reaching safepoint: 51801 ns, At safepoint: 8201 ns, Total: 60002 ns
[2382.390s][info ][safepoint      ] Safepoint "Cleanup", Time since last: 1000100825 ns, Reaching safepoint: 54701 ns, At safepoint: 8300 ns, Total: 63001 ns
[2383.390s][info ][safepoint      ] Safepoint "Cleanup", Time since last: 1000101025 ns, Reaching safepoint: 48501 ns, At safepoint: 9301 ns, Total: 57802 ns
[2384.390s][info ][safepoint      ] Safepoint "Cleanup", Time since last: 1000104325 ns, Reaching safepoint: 59601 ns, At safepoint: 8600 ns, Total: 68201 ns
[2385.390s][info ][safepoint      ] Safepoint "Cleanup", Time since last: 1000103726 ns, Reaching safepoint: 52201 ns, At safepoint: 3800 ns, Total: 56001 ns
[2386.390s][info ][safepoint      ] Safepoint "Cleanup", Time since last: 1000064224 ns, Reaching safepoint: 66802 ns, At safepoint: 5900 ns, Total: 72702 ns
[2388.391s][info ][safepoint      ] Safepoint "Cleanup", Time since last: 2000165949 ns, Reaching safepoint: 46901 ns, At safepoint: 7700 ns, Total: 54601 ns
[2389.391s][info ][safepoint      ] Safepoint "Cleanup", Time since last: 1000103625 ns, Reaching safepoint: 54002 ns, At safepoint: 10900 ns, Total: 64902 ns
[2391.391s][info ][safepoint      ] Safepoint "Cleanup", Time since last: 2000174149 ns, Reaching safepoint: 48201 ns, At safepoint: 7200 ns, Total: 55401 ns
[2392.391s][info ][safepoint      ] Safepoint "Cleanup", Time since last: 1000090925 ns, Reaching safepoint: 44301 ns, At safepoint: 6200 ns, Total: 50501 ns
[2393.067s][info ][gc,start       ] GC(154) Pause Young (Allocation Failure)
[2393.082s][debug][gc,phases      ] GC(154) Scavenge 15.197ms
[2393.082s][debug][gc,ref         ] GC(154) Skipped phase 1 of Reference Processing: no references
[2393.082s][debug][gc,ref         ] GC(154) Skipped phase 3 of Reference Processing: no references
[2393.082s][debug][gc,phases      ] GC(154) Reference Processing 0.031ms
[2393.082s][debug][gc,phases      ] GC(154) Weak Processing 0.516ms
[2393.082s][debug][gc,age         ] GC(154) Desired survivor size 111149056 bytes, new threshold 15 (max threshold 15)
[2393.083s][info ][gc,heap        ] GC(154) PSYoungGen: 1962176K(1972736K)->72080K(1958400K) Eden: 1886208K(1886208K)->0K(1886208K) From: 75968K(86528K)->72080K(72192K)
[2393.083s][info ][gc,heap        ] GC(154) ParOldGen: 519008K(659968K)->519008K(659968K)
[2393.083s][info ][gc,metaspace   ] GC(154) Metaspace: 79433K(80064K)->79433K(80064K) NonClass: 68644K(68992K)->68644K(68992K) Class: 10789K(11072K)->10789K(11072K)
[2393.083s][info ][gc             ] GC(154) Pause Young (Allocation Failure) 2423M->577M(2557M) 15.907ms
[2393.083s][info ][gc,cpu         ] GC(154) User=0.06s Sys=0.00s Real=0.02s
[2393.083s][info ][safepoint      ] Safepoint "ParallelGCFailedAllocation", Time since last: 675341303 ns, Reaching safepoint: 55001 ns, At safepoint: 15988546 ns, Total: 16043547 ns
[2396.083s][info ][safepoint      ] Safepoint "Cleanup", Time since last: 3000209773 ns, Reaching safepoint: 36801 ns, At safepoint: 2700 ns, Total: 39501 ns
[2400.083s][info ][safepoint      ] Safepoint "Cleanup", Time since last: 4000229195 ns, Reaching safepoint: 71802 ns, At safepoint: 7500 ns, Total: 79302 ns
[2402.083s][info ][safepoint      ] Safepoint "Cleanup", Time since last: 2000160749 ns, Reaching safepoint: 50101 ns, At safepoint: 2800 ns, Total: 52901 ns
[2403.084s][info ][safepoint      ] Safepoint "Cleanup", Time since last: 1000102625 ns, Reaching safepoint: 47801 ns, At safepoint: 3800 ns, Total: 51601 ns
[2405.084s][info ][safepoint      ] Safepoint "Cleanup", Time since last: 2000133048 ns, Reaching safepoint: 59001 ns, At safepoint: 9601 ns, Total: 68602 ns
[2406.084s][info ][safepoint      ] Safepoint "Cleanup", Time since last: 1000105124 ns, Reaching safepoint: 71002 ns, At safepoint: 5500 ns, Total: 76502 ns
[2407.454s][info ][safepoint      ] Safepoint "Cleanup", Time since last: 1370101025 ns, Reaching safepoint: 133503 ns, At safepoint: 11400 ns, Total: 144903 ns
[2408.454s][info ][safepoint      ] Safepoint "Cleanup", Time since last: 1000111225 ns, Reaching safepoint: 160204 ns, At safepoint: 8900 ns, Total: 169104 ns
[2409.455s][info ][safepoint      ] Safepoint "Cleanup", Time since last: 1000126825 ns, Reaching safepoint: 68602 ns, At safepoint: 6900 ns, Total: 75502 ns
[2409.800s][info ][gc,start       ] GC(155) Pause Young (Allocation Failure)
[2409.822s][debug][gc,phases      ] GC(155) Scavenge 21.301ms
[2409.822s][debug][gc,ref         ] GC(155) Skipped phase 1 of Reference Processing: no references
[2409.822s][debug][gc,ref         ] GC(155) Skipped phase 3 of Reference Processing: no references
[2409.822s][debug][gc,phases      ] GC(155) Reference Processing 0.034ms
[2409.822s][debug][gc,phases      ] GC(155) Weak Processing 0.538ms
[2409.822s][debug][gc,age         ] GC(155) Desired survivor size 118489088 bytes, new threshold 15 (max threshold 15)
[2409.822s][info ][gc,heap        ] GC(155) PSYoungGen: 1958288K(1958400K)->85968K(1974272K) Eden: 1886208K(1886208K)->0K(1865728K) From: 72080K(72192K)->85968K(108544K)
[2409.822s][info ][gc,heap        ] GC(155) ParOldGen: 519008K(659968K)->519016K(659968K)
[2409.822s][info ][gc,metaspace   ] GC(155) Metaspace: 79478K(80128K)->79478K(80128K) NonClass: 68689K(69056K)->68689K(69056K) Class: 10789K(11072K)->10789K(11072K)
[2409.822s][info ][gc             ] GC(155) Pause Young (Allocation Failure) 2419M->590M(2572M) 22.004ms
[2409.822s][info ][gc,cpu         ] GC(155) User=0.08s Sys=0.00s Real=0.03s
[2409.823s][info ][safepoint      ] Safepoint "ParallelGCFailedAllocation", Time since last: 345746076 ns, Reaching safepoint: 47801 ns, At safepoint: 22088377 ns, Total: 22136178 ns
[2410.823s][info ][safepoint      ] Safepoint "Cleanup", Time since last: 1000084925 ns, Reaching safepoint: 116902 ns, At safepoint: 5600 ns, Total: 122502 ns
[2411.823s][info ][safepoint      ] Safepoint "Cleanup", Time since last: 1000075724 ns, Reaching safepoint: 115903 ns, At safepoint: 5700 ns, Total: 121603 ns
[2412.823s][info ][safepoint      ] Safepoint "Cleanup", Time since last: 1000122825 ns, Reaching safepoint: 106202 ns, At safepoint: 9100 ns, Total: 115302 ns
[2414.823s][info ][safepoint      ] Safepoint "Cleanup", Time since last: 2000177049 ns, Reaching safepoint: 114403 ns, At safepoint: 5700 ns, Total: 120103 ns
[2415.824s][info ][safepoint      ] Safepoint "Cleanup", Time since last: 1000126925 ns, Reaching safepoint: 117302 ns, At safepoint: 9901 ns, Total: 127203 ns
[2416.824s][info ][safepoint      ] Safepoint "Cleanup", Time since last: 1000110824 ns, Reaching safepoint: 125503 ns, At safepoint: 8300 ns, Total: 133803 ns
[2417.824s][info ][safepoint      ] Safepoint "Cleanup", Time since last: 1000111325 ns, Reaching safepoint: 48501 ns, At safepoint: 2700 ns, Total: 51201 ns
[2418.824s][info ][safepoint      ] Safepoint "Cleanup", Time since last: 1000100125 ns, Reaching safepoint: 113602 ns, At safepoint: 9800 ns, Total: 123402 ns
[2419.298s][info ][gc,start       ] GC(156) Pause Young (Allocation Failure)
[2419.319s][debug][gc,phases      ] GC(156) Scavenge 20.563ms
[2419.319s][debug][gc,ref         ] GC(156) Skipped phase 1 of Reference Processing: no references
[2419.319s][debug][gc,ref         ] GC(156) Skipped phase 3 of Reference Processing: no references
[2419.319s][debug][gc,phases      ] GC(156) Reference Processing 0.033ms
[2419.320s][debug][gc,phases      ] GC(156) Weak Processing 0.540ms
[2419.320s][debug][gc,age         ] GC(156) Desired survivor size 123207680 bytes, new threshold 15 (max threshold 15)
[2419.320s][info ][gc,heap        ] GC(156) PSYoungGen: 1951696K(1974272K)->82384K(1948160K) Eden: 1865728K(1865728K)->0K(1865728K) From: 85968K(108544K)->82384K(82432K)
[2419.320s][info ][gc,heap        ] GC(156) ParOldGen: 519016K(659968K)->519184K(659968K)
[2419.320s][info ][gc,metaspace   ] GC(156) Metaspace: 79492K(80128K)->79492K(80128K) NonClass: 68702K(69056K)->68702K(69056K) Class: 10789K(11072K)->10789K(11072K)
[2419.320s][info ][gc             ] GC(156) Pause Young (Allocation Failure) 2412M->587M(2547M) 21.279ms
[2419.320s][info ][gc,cpu         ] GC(156) User=0.08s Sys=0.00s Real=0.02s
[2419.320s][info ][safepoint      ] Safepoint "ParallelGCFailedAllocation", Time since last: 473922348 ns, Reaching safepoint: 44801 ns, At safepoint: 21368262 ns, Total: 21413063 ns
[2420.320s][info ][safepoint      ] Safepoint "Cleanup", Time since last: 1000083824 ns, Reaching safepoint: 126002 ns, At safepoint: 8801 ns, Total: 134803 ns
[2421.320s][info ][safepoint      ] Safepoint "Cleanup", Time since last: 1000106224 ns, Reaching safepoint: 114003 ns, At safepoint: 7900 ns, Total: 121903 ns
[2422.320s][info ][safepoint      ] Safepoint "Cleanup", Time since last: 1000095524 ns, Reaching safepoint: 136803 ns, At safepoint: 12600 ns, Total: 149403 ns
[2423.321s][info ][safepoint      ] Safepoint "Cleanup", Time since last: 1000098225 ns, Reaching safepoint: 120402 ns, At safepoint: 8200 ns, Total: 128602 ns
[2425.321s][info ][safepoint      ] Safepoint "Cleanup", Time since last: 2000175349 ns, Reaching safepoint: 136503 ns, At safepoint: 8500 ns, Total: 145003 ns
[2426.321s][info ][safepoint      ] Safepoint "Cleanup", Time since last: 1000103424 ns, Reaching safepoint: 128603 ns, At safepoint: 10400 ns, Total: 139003 ns
[2427.321s][info ][safepoint      ] Safepoint "Cleanup", Time since last: 1000108925 ns, Reaching safepoint: 172304 ns, At safepoint: 10300 ns, Total: 182604 ns
[2428.322s][info ][safepoint      ] Safepoint "Cleanup", Time since last: 1000098024 ns, Reaching safepoint: 119203 ns, At safepoint: 11900 ns, Total: 131103 ns
[2429.322s][info ][safepoint      ] Safepoint "Cleanup", Time since last: 1000072324 ns, Reaching safepoint: 116402 ns, At safepoint: 7800 ns, Total: 124202 ns
[2430.322s][info ][safepoint      ] Safepoint "Cleanup", Time since last: 1000098124 ns, Reaching safepoint: 128103 ns, At safepoint: 8700 ns, Total: 136803 ns
[2431.322s][info ][safepoint      ] Safepoint "Cleanup", Time since last: 1000113325 ns, Reaching safepoint: 130803 ns, At safepoint: 10000 ns, Total: 140803 ns
[2432.222s][info ][gc,start       ] GC(157) Pause Young (Allocation Failure)
[2432.240s][debug][gc,phases      ] GC(157) Scavenge 18.469ms
[2432.240s][debug][gc,ref         ] GC(157) Skipped phase 1 of Reference Processing: no references
[2432.240s][debug][gc,ref         ] GC(157) Skipped phase 3 of Reference Processing: no references
[2432.240s][debug][gc,phases      ] GC(157) Reference Processing 0.050ms
[2432.241s][debug][gc,phases      ] GC(157) Weak Processing 0.589ms
[2432.241s][debug][gc,age         ] GC(157) Desired survivor size 124256256 bytes, new threshold 15 (max threshold 15)
[2432.241s][info ][gc,heap        ] GC(157) PSYoungGen: 1948112K(1948160K)->77792K(1974784K) Eden: 1865728K(1865728K)->0K(1854464K) From: 82384K(82432K)->77792K(120320K)
[2432.241s][info ][gc,heap        ] GC(157) ParOldGen: 519184K(659968K)->519240K(659968K)
[2432.241s][info ][gc,metaspace   ] GC(157) Metaspace: 79576K(80192K)->79576K(80192K) NonClass: 68778K(69120K)->68778K(69120K) Class: 10798K(11072K)->10798K(11072K)
[2432.241s][info ][gc             ] GC(157) Pause Young (Allocation Failure) 2409M->583M(2573M) 19.249ms
[2432.241s][info ][gc,cpu         ] GC(157) User=0.08s Sys=0.00s Real=0.02s
[2432.241s][info ][safepoint      ] Safepoint "ParallelGCFailedAllocation", Time since last: 899069840 ns, Reaching safepoint: 57801 ns, At safepoint: 19328818 ns, Total: 19386619 ns
[2433.241s][info ][safepoint      ] Safepoint "Cleanup", Time since last: 1000083224 ns, Reaching safepoint: 48801 ns, At safepoint: 2600 ns, Total: 51401 ns
[2434.241s][info ][safepoint      ] Safepoint "Cleanup", Time since last: 1000109624 ns, Reaching safepoint: 52702 ns, At safepoint: 6800 ns, Total: 59502 ns
[2435.241s][info ][safepoint      ] Safepoint "Cleanup", Time since last: 1000111724 ns, Reaching safepoint: 45501 ns, At safepoint: 3500 ns, Total: 49001 ns
[2436.242s][info ][safepoint      ] Safepoint "Cleanup", Time since last: 1000114825 ns, Reaching safepoint: 137503 ns, At safepoint: 13400 ns, Total: 150903 ns
[2437.242s][info ][safepoint      ] Safepoint "Cleanup", Time since last: 1000060223 ns, Reaching safepoint: 46901 ns, At safepoint: 8900 ns, Total: 55801 ns
[2438.242s][info ][safepoint      ] Safepoint "Cleanup", Time since last: 1000108425 ns, Reaching safepoint: 44601 ns, At safepoint: 6400 ns, Total: 51001 ns
[2439.315s][info ][safepoint      ] Safepoint "Cleanup", Time since last: 1072544790 ns, Reaching safepoint: 155704 ns, At safepoint: 14000 ns, Total: 169704 ns
[2440.893s][info ][safepoint      ] Safepoint "Cleanup", Time since last: 1577922318 ns, Reaching safepoint: 65901 ns, At safepoint: 12200 ns, Total: 78101 ns
[2442.314s][info ][safepoint      ] Safepoint "Cleanup", Time since last: 1421339733 ns, Reaching safepoint: 57701 ns, At safepoint: 10400 ns, Total: 68101 ns
[2444.314s][info ][safepoint      ] Safepoint "Cleanup", Time since last: 2000195448 ns, Reaching safepoint: 143803 ns, At safepoint: 11800 ns, Total: 155603 ns
[2445.315s][info ][safepoint      ] Safepoint "Cleanup", Time since last: 1000094624 ns, Reaching safepoint: 111003 ns, At safepoint: 5800 ns, Total: 116803 ns
[2446.315s][info ][safepoint      ] Safepoint "Cleanup", Time since last: 1000109224 ns, Reaching safepoint: 121603 ns, At safepoint: 6800 ns, Total: 128403 ns
[2447.315s][info ][safepoint      ] Safepoint "Cleanup", Time since last: 1000111524 ns, Reaching safepoint: 120203 ns, At safepoint: 11100 ns, Total: 131303 ns
[2448.315s][info ][safepoint      ] Safepoint "Cleanup", Time since last: 1000106724 ns, Reaching safepoint: 120903 ns, At safepoint: 9500 ns, Total: 130403 ns
[2448.768s][info ][gc,start       ] GC(158) Pause Young (Allocation Failure)
[2448.776s][debug][gc,phases      ] GC(158) Scavenge 8.390ms
[2448.777s][debug][gc,ref         ] GC(158) Skipped phase 1 of Reference Processing: no references
[2448.777s][debug][gc,ref         ] GC(158) Skipped phase 3 of Reference Processing: no references
[2448.777s][debug][gc,phases      ] GC(158) Reference Processing 0.035ms
[2448.777s][debug][gc,phases      ] GC(158) Weak Processing 0.590ms
[2448.777s][debug][gc,age         ] GC(158) Desired survivor size 123731968 bytes, new threshold 15 (max threshold 15)
[2448.777s][info ][gc,heap        ] GC(158) PSYoungGen: 1932256K(1974784K)->25504K(1975808K) Eden: 1854464K(1854464K)->0K(1854464K) From: 77792K(120320K)->25504K(121344K)
[2448.777s][info ][gc,heap        ] GC(158) ParOldGen: 519240K(659968K)->529843K(659968K)
[2448.777s][info ][gc,metaspace   ] GC(158) Metaspace: 79605K(80192K)->79605K(80192K) NonClass: 68804K(69120K)->68804K(69120K) Class: 10800K(11072K)->10800K(11072K)
[2448.777s][info ][gc             ] GC(158) Pause Young (Allocation Failure) 2394M->542M(2574M) 9.176ms
[2448.777s][info ][gc,cpu         ] GC(158) User=0.03s Sys=0.00s Real=0.01s
[2448.777s][info ][safepoint      ] Safepoint "ParallelGCFailedAllocation", Time since last: 452707788 ns, Reaching safepoint: 56601 ns, At safepoint: 9250100 ns, Total: 9306701 ns
[2450.777s][info ][safepoint      ] Safepoint "Cleanup", Time since last: 2000142747 ns, Reaching safepoint: 46401 ns, At safepoint: 2300 ns, Total: 48701 ns
[2451.778s][info ][safepoint      ] Safepoint "Cleanup", Time since last: 1000104224 ns, Reaching safepoint: 51901 ns, At safepoint: 9800 ns, Total: 61701 ns
[2452.778s][info ][safepoint      ] Safepoint "Cleanup", Time since last: 1000103724 ns, Reaching safepoint: 46801 ns, At safepoint: 5600 ns, Total: 52401 ns
[2454.778s][info ][safepoint      ] Safepoint "Cleanup", Time since last: 2000159747 ns, Reaching safepoint: 73402 ns, At safepoint: 6300 ns, Total: 79702 ns
[2455.778s][info ][safepoint      ] Safepoint "Cleanup", Time since last: 1000108324 ns, Reaching safepoint: 45701 ns, At safepoint: 8700 ns, Total: 54401 ns
[2456.778s][info ][safepoint      ] Safepoint "Cleanup", Time since last: 1000109524 ns, Reaching safepoint: 47401 ns, At safepoint: 9300 ns, Total: 56701 ns
[2457.778s][info ][safepoint      ] Safepoint "Cleanup", Time since last: 1000103224 ns, Reaching safepoint: 43401 ns, At safepoint: 10000 ns, Total: 53401 ns
[2458.779s][info ][safepoint      ] Safepoint "Cleanup", Time since last: 1000088524 ns, Reaching safepoint: 48601 ns, At safepoint: 12200 ns, Total: 60801 ns
[2459.779s][info ][safepoint      ] Safepoint "Cleanup", Time since last: 1000106324 ns, Reaching safepoint: 50501 ns, At safepoint: 5600 ns, Total: 56101 ns
[2460.779s][info ][safepoint      ] Safepoint "Cleanup", Time since last: 1000119925 ns, Reaching safepoint: 43001 ns, At safepoint: 2500 ns, Total: 45501 ns
[2461.779s][info ][safepoint      ] Safepoint "Cleanup", Time since last: 1000078323 ns, Reaching safepoint: 57801 ns, At safepoint: 8700 ns, Total: 66501 ns
[2462.779s][info ][safepoint      ] Safepoint "Cleanup", Time since last: 1000046523 ns, Reaching safepoint: 67201 ns, At safepoint: 5700 ns, Total: 72901 ns
[2463.779s][info ][safepoint      ] Safepoint "Cleanup", Time since last: 1000074924 ns, Reaching safepoint: 46901 ns, At safepoint: 22500 ns, Total: 69401 ns
[2466.780s][info ][safepoint      ] Safepoint "Cleanup", Time since last: 3000234770 ns, Reaching safepoint: 47701 ns, At safepoint: 4300 ns, Total: 52001 ns
[2468.780s][info ][safepoint      ] Safepoint "Cleanup", Time since last: 2000178747 ns, Reaching safepoint: 38300 ns, At safepoint: 2501 ns, Total: 40801 ns
[2469.780s][info ][safepoint      ] Safepoint "Cleanup", Time since last: 1000099423 ns, Reaching safepoint: 111403 ns, At safepoint: 11300 ns, Total: 122703 ns
[2470.780s][info ][safepoint      ] Safepoint "Cleanup", Time since last: 1000082923 ns, Reaching safepoint: 44301 ns, At safepoint: 3000 ns, Total: 47301 ns
[2471.780s][info ][safepoint      ] Safepoint "Cleanup", Time since last: 1000104824 ns, Reaching safepoint: 60301 ns, At safepoint: 3700 ns, Total: 64001 ns
[2478.781s][info ][safepoint      ] Safepoint "Cleanup", Time since last: 7000488760 ns, Reaching safepoint: 47501 ns, At safepoint: 7600 ns, Total: 55101 ns
[2480.781s][info ][safepoint      ] Safepoint "Cleanup", Time since last: 2000179647 ns, Reaching safepoint: 42001 ns, At safepoint: 2200 ns, Total: 44201 ns
[2481.781s][info ][safepoint      ] Safepoint "Cleanup", Time since last: 1000104623 ns, Reaching safepoint: 53101 ns, At safepoint: 5800 ns, Total: 58901 ns
[2482.781s][info ][safepoint      ] Safepoint "Cleanup", Time since last: 1000104224 ns, Reaching safepoint: 44601 ns, At safepoint: 20100 ns, Total: 64701 ns
[2483.115s][info ][gc,start       ] GC(159) Pause Young (Allocation Failure)
[2483.123s][debug][gc,phases      ] GC(159) Scavenge 7.697ms
[2483.123s][debug][gc,ref         ] GC(159) Skipped phase 1 of Reference Processing: no references
[2483.123s][debug][gc,ref         ] GC(159) Skipped phase 3 of Reference Processing: no references
[2483.123s][debug][gc,phases      ] GC(159) Reference Processing 0.040ms
[2483.123s][debug][gc,phases      ] GC(159) Weak Processing 0.521ms
[2483.123s][debug][gc,age         ] GC(159) Desired survivor size 122683392 bytes, new threshold 15 (max threshold 15)
[2483.123s][info ][gc,heap        ] GC(159) PSYoungGen: 1879968K(1975808K)->25968K(1977344K) Eden: 1854464K(1854464K)->0K(1856512K) From: 25504K(121344K)->25968K(120832K)
[2483.123s][info ][gc,heap        ] GC(159) ParOldGen: 529843K(659968K)->529875K(659968K)
[2483.123s][info ][gc,metaspace   ] GC(159) Metaspace: 79691K(80320K)->79691K(80320K) NonClass: 68882K(69248K)->68882K(69248K) Class: 10809K(11072K)->10809K(11072K)
[2483.123s][info ][gc             ] GC(159) Pause Young (Allocation Failure) 2353M->542M(2575M) 8.390ms
[2483.123s][info ][gc,cpu         ] GC(159) User=0.03s Sys=0.00s Real=0.01s
[2483.123s][info ][safepoint      ] Safepoint "ParallelGCFailedAllocation", Time since last: 333435710 ns, Reaching safepoint: 51101 ns, At safepoint: 8464783 ns, Total: 8515884 ns
[2484.124s][info ][safepoint      ] Safepoint "Cleanup", Time since last: 1000084323 ns, Reaching safepoint: 48301 ns, At safepoint: 2800 ns, Total: 51101 ns
[2485.124s][info ][safepoint      ] Safepoint "Cleanup", Time since last: 1000105123 ns, Reaching safepoint: 47301 ns, At safepoint: 2600 ns, Total: 49901 ns
[2500.125s][info ][safepoint      ] Safepoint "Cleanup", Time since last: 15000977837 ns, Reaching safepoint: 75902 ns, At safepoint: 9400 ns, Total: 85302 ns
[2509.125s][info ][safepoint      ] Safepoint "Cleanup", Time since last: 9000603101 ns, Reaching safepoint: 54201 ns, At safepoint: 7400 ns, Total: 61601 ns
[2512.126s][info ][safepoint      ] Safepoint "Cleanup", Time since last: 3000195667 ns, Reaching safepoint: 44801 ns, At safepoint: 3200 ns, Total: 48001 ns
[2514.126s][info ][safepoint      ] Safepoint "Cleanup", Time since last: 2000170345 ns, Reaching safepoint: 71402 ns, At safepoint: 7100 ns, Total: 78502 ns
[2517.864s][info ][gc,start       ] GC(160) Pause Young (Allocation Failure)
[2517.871s][debug][gc,phases      ] GC(160) Scavenge 7.185ms
[2517.871s][debug][gc,ref         ] GC(160) Skipped phase 1 of Reference Processing: no references
[2517.871s][debug][gc,ref         ] GC(160) Skipped phase 3 of Reference Processing: no references
[2517.871s][debug][gc,phases      ] GC(160) Reference Processing 0.030ms
[2517.872s][debug][gc,phases      ] GC(160) Weak Processing 0.575ms
[2517.872s][debug][gc,age         ] GC(160) Desired survivor size 120061952 bytes, new threshold 15 (max threshold 15)
[2517.872s][info ][gc,heap        ] GC(160) PSYoungGen: 1882480K(1977344K)->26288K(1976320K) Eden: 1856512K(1856512K)->0K(1856512K) From: 25968K(120832K)->26288K(119808K)
[2517.872s][info ][gc,heap        ] GC(160) ParOldGen: 529875K(659968K)->529907K(659968K)
[2517.872s][info ][gc,metaspace   ] GC(160) Metaspace: 79718K(80320K)->79718K(80320K) NonClass: 68909K(69248K)->68909K(69248K) Class: 10809K(11072K)->10809K(11072K)
[2517.872s][info ][gc             ] GC(160) Pause Young (Allocation Failure) 2355M->543M(2574M) 7.932ms
[2517.872s][info ][gc,cpu         ] GC(160) User=0.03s Sys=0.00s Real=0.00s
[2517.872s][info ][safepoint      ] Safepoint "ParallelGCFailedAllocation", Time since last: 3738088420 ns, Reaching safepoint: 51701 ns, At safepoint: 8013073 ns, Total: 8064774 ns
[2519.872s][info ][safepoint      ] Safepoint "Cleanup", Time since last: 2000138845 ns, Reaching safepoint: 74101 ns, At safepoint: 7801 ns, Total: 81902 ns
[2522.873s][info ][safepoint      ] Safepoint "Cleanup", Time since last: 3000202266 ns, Reaching safepoint: 41301 ns, At safepoint: 8800 ns, Total: 50101 ns
[2523.873s][info ][safepoint      ] Safepoint "Cleanup", Time since last: 1000135623 ns, Reaching safepoint: 43901 ns, At safepoint: 3700 ns, Total: 47601 ns
[2524.873s][info ][safepoint      ] Safepoint "Cleanup", Time since last: 1000111423 ns, Reaching safepoint: 54702 ns, At safepoint: 10600 ns, Total: 65302 ns
[2525.873s][info ][safepoint      ] Safepoint "Cleanup", Time since last: 1000107923 ns, Reaching safepoint: 51701 ns, At safepoint: 9400 ns, Total: 61101 ns
[2526.873s][info ][safepoint      ] Safepoint "Cleanup", Time since last: 1000078922 ns, Reaching safepoint: 43601 ns, At safepoint: 3300 ns, Total: 46901 ns
[2529.874s][info ][safepoint      ] Safepoint "Cleanup", Time since last: 3000233267 ns, Reaching safepoint: 47401 ns, At safepoint: 6000 ns, Total: 53401 ns
[2533.874s][info ][safepoint      ] Safepoint "Cleanup", Time since last: 4000298688 ns, Reaching safepoint: 45801 ns, At safepoint: 2300 ns, Total: 48101 ns
[2551.875s][info ][safepoint      ] Safepoint "Cleanup", Time since last: 18001113190 ns, Reaching safepoint: 66701 ns, At safepoint: 7001 ns, Total: 73702 ns
[2552.219s][info ][gc,start       ] GC(161) Pause Young (Allocation Failure)
[2552.227s][debug][gc,phases      ] GC(161) Scavenge 7.596ms
[2552.227s][debug][gc,ref         ] GC(161) Skipped phase 1 of Reference Processing: no references
[2552.227s][debug][gc,ref         ] GC(161) Skipped phase 3 of Reference Processing: no references
[2552.227s][debug][gc,phases      ] GC(161) Reference Processing 0.031ms
[2552.227s][debug][gc,phases      ] GC(161) Weak Processing 0.600ms
[2552.227s][debug][gc,age         ] GC(161) Desired survivor size 117440512 bytes, new threshold 15 (max threshold 15)
[2552.227s][info ][gc,heap        ] GC(161) PSYoungGen: 1882800K(1976320K)->26080K(1982464K) Eden: 1856512K(1856512K)->0K(1865216K) From: 26288K(119808K)->26080K(117248K)
[2552.227s][info ][gc,heap        ] GC(161) ParOldGen: 529907K(659968K)->529939K(659968K)
[2552.227s][info ][gc,metaspace   ] GC(161) Metaspace: 79727K(80320K)->79727K(80320K) NonClass: 68918K(69248K)->68918K(69248K) Class: 10809K(11072K)->10809K(11072K)
[2552.227s][info ][gc             ] GC(161) Pause Young (Allocation Failure) 2356M->542M(2580M) 8.370ms
[2552.227s][info ][gc,cpu         ] GC(161) User=0.03s Sys=0.00s Real=0.01s
[2552.227s][info ][safepoint      ] Safepoint "ParallelGCFailedAllocation", Time since last: 343754432 ns, Reaching safepoint: 43001 ns, At safepoint: 8440982 ns, Total: 8483983 ns
[2558.228s][info ][safepoint      ] Safepoint "Cleanup", Time since last: 6000392629 ns, Reaching safepoint: 27401 ns, At safepoint: 3000 ns, Total: 30401 ns
[2566.228s][info ][safepoint      ] Safepoint "Cleanup", Time since last: 8000543372 ns, Reaching safepoint: 37601 ns, At safepoint: 2800 ns, Total: 40401 ns
[2578.229s][info ][safepoint      ] Safepoint "Cleanup", Time since last: 12000726654 ns, Reaching safepoint: 51301 ns, At safepoint: 3201 ns, Total: 54502 ns
[2579.229s][info ][safepoint      ] Safepoint "Cleanup", Time since last: 1000107822 ns, Reaching safepoint: 43901 ns, At safepoint: 2800 ns, Total: 46701 ns
[2586.666s][info ][gc,start       ] GC(162) Pause Young (Allocation Failure)
[2586.674s][debug][gc,phases      ] GC(162) Scavenge 7.411ms
[2586.674s][debug][gc,ref         ] GC(162) Skipped phase 1 of Reference Processing: no references
[2586.674s][debug][gc,ref         ] GC(162) Skipped phase 3 of Reference Processing: no references
[2586.674s][debug][gc,phases      ] GC(162) Reference Processing 0.029ms
[2586.674s][debug][gc,phases      ] GC(162) Weak Processing 0.634ms
[2586.674s][debug][gc,age         ] GC(162) Desired survivor size 114294784 bytes, new threshold 15 (max threshold 15)
[2586.674s][info ][gc,heap        ] GC(162) PSYoungGen: 1891296K(1982464K)->26272K(1979904K) Eden: 1865216K(1865216K)->0K(1865216K) From: 26080K(117248K)->26272K(114688K)
[2586.674s][info ][gc,heap        ] GC(162) ParOldGen: 529939K(659968K)->529979K(659968K)
[2586.674s][info ][gc,metaspace   ] GC(162) Metaspace: 79731K(80320K)->79731K(80320K) NonClass: 68922K(69248K)->68922K(69248K) Class: 10809K(11072K)->10809K(11072K)
[2586.674s][info ][gc             ] GC(162) Pause Young (Allocation Failure) 2364M->543M(2578M) 8.234ms
[2586.674s][info ][gc,cpu         ] GC(162) User=0.02s Sys=0.00s Real=0.01s
[2586.674s][info ][safepoint      ] Safepoint "ParallelGCFailedAllocation", Time since last: 7436721180 ns, Reaching safepoint: 71901 ns, At safepoint: 8324080 ns, Total: 8395981 ns
[2590.675s][info ][safepoint      ] Safepoint "Cleanup", Time since last: 4000180183 ns, Reaching safepoint: 49701 ns, At safepoint: 7900 ns, Total: 57601 ns
[2595.675s][info ][safepoint      ] Safepoint "Cleanup", Time since last: 5000375806 ns, Reaching safepoint: 44201 ns, At safepoint: 3300 ns, Total: 47501 ns
[2605.676s][info ][safepoint      ] Safepoint "Cleanup", Time since last: 10000599809 ns, Reaching safepoint: 51301 ns, At safepoint: 5700 ns, Total: 57001 ns
[2607.676s][info ][safepoint      ] Safepoint "Cleanup", Time since last: 2000176343 ns, Reaching safepoint: 56901 ns, At safepoint: 9400 ns, Total: 66301 ns
[2620.677s][info ][safepoint      ] Safepoint "Cleanup", Time since last: 13000864370 ns, Reaching safepoint: 62302 ns, At safepoint: 3300 ns, Total: 65602 ns
[2621.218s][info ][gc,start       ] GC(163) Pause Young (Allocation Failure)
[2621.225s][debug][gc,phases      ] GC(163) Scavenge 7.618ms
[2621.225s][debug][gc,ref         ] GC(163) Skipped phase 1 of Reference Processing: no references
[2621.225s][debug][gc,ref         ] GC(163) Skipped phase 3 of Reference Processing: no references
[2621.225s][debug][gc,phases      ] GC(163) Reference Processing 0.027ms
[2621.226s][debug][gc,phases      ] GC(163) Weak Processing 0.509ms
[2621.226s][debug][gc,age         ] GC(163) Desired survivor size 111149056 bytes, new threshold 15 (max threshold 15)
[2621.226s][info ][gc,heap        ] GC(163) PSYoungGen: 1891488K(1979904K)->26305K(1988608K) Eden: 1865216K(1865216K)->0K(1876992K) From: 26272K(114688K)->26305K(111616K)
[2621.226s][info ][gc,heap        ] GC(163) ParOldGen: 529979K(659968K)->530027K(659968K)
[2621.226s][info ][gc,metaspace   ] GC(163) Metaspace: 79733K(80320K)->79733K(80320K) NonClass: 68924K(69248K)->68924K(69248K) Class: 10809K(11072K)->10809K(11072K)
[2621.226s][info ][gc             ] GC(163) Pause Young (Allocation Failure) 2364M->543M(2586M) 8.292ms
[2621.226s][info ][gc,cpu         ] GC(163) User=0.03s Sys=0.00s Real=0.01s
[2621.226s][info ][safepoint      ] Safepoint "ParallelGCFailedAllocation", Time since last: 540794591 ns, Reaching safepoint: 27901 ns, At safepoint: 8364581 ns, Total: 8392482 ns
[2624.226s][info ][safepoint      ] Safepoint "Cleanup", Time since last: 3000214062 ns, Reaching safepoint: 49401 ns, At safepoint: 2900 ns, Total: 52301 ns
[2626.227s][info ][safepoint      ] Safepoint "Cleanup", Time since last: 2000164442 ns, Reaching safepoint: 41601 ns, At safepoint: 3000 ns, Total: 44601 ns
[2629.227s][info ][safepoint      ] Safepoint "Cleanup", Time since last: 3000233363 ns, Reaching safepoint: 54201 ns, At safepoint: 9800 ns, Total: 64001 ns
[2630.227s][info ][safepoint      ] Safepoint "Cleanup", Time since last: 1000114522 ns, Reaching safepoint: 50501 ns, At safepoint: 2600 ns, Total: 53101 ns
[2635.227s][info ][safepoint      ] Safepoint "Cleanup", Time since last: 5000394604 ns, Reaching safepoint: 44601 ns, At safepoint: 3200 ns, Total: 47801 ns
[2636.228s][info ][safepoint      ] Safepoint "Cleanup", Time since last: 1000102722 ns, Reaching safepoint: 44101 ns, At safepoint: 3500 ns, Total: 47601 ns
[2647.228s][info ][safepoint      ] Safepoint "Cleanup", Time since last: 11000715424 ns, Reaching safepoint: 147503 ns, At safepoint: 2801 ns, Total: 150304 ns
[2656.270s][info ][gc,start       ] GC(164) Pause Young (Allocation Failure)
[2656.277s][debug][gc,phases      ] GC(164) Scavenge 6.828ms
[2656.277s][debug][gc,ref         ] GC(164) Skipped phase 1 of Reference Processing: no references
[2656.277s][debug][gc,ref         ] GC(164) Skipped phase 3 of Reference Processing: no references
[2656.277s][debug][gc,phases      ] GC(164) Reference Processing 0.026ms
[2656.277s][debug][gc,phases      ] GC(164) Weak Processing 0.557ms
[2656.277s][debug][gc,age         ] GC(164) Desired survivor size 107479040 bytes, new threshold 15 (max threshold 15)
[2656.277s][info ][gc,heap        ] GC(164) PSYoungGen: 1903297K(1988608K)->26000K(1985536K) Eden: 1876992K(1876992K)->0K(1876992K) From: 26305K(111616K)->26000K(108544K)
[2656.278s][info ][gc,heap        ] GC(164) ParOldGen: 530027K(659968K)->530099K(659968K)
[2656.278s][info ][gc,metaspace   ] GC(164) Metaspace: 79733K(80320K)->79733K(80320K) NonClass: 68924K(69248K)->68924K(69248K) Class: 10809K(11072K)->10809K(11072K)
[2656.278s][info ][gc             ] GC(164) Pause Young (Allocation Failure) 2376M->543M(2583M) 7.549ms
[2656.278s][info ][gc,cpu         ] GC(164) User=0.03s Sys=0.00s Real=0.01s
[2656.278s][info ][safepoint      ] Safepoint "ParallelGCFailedAllocation", Time since last: 9041464466 ns, Reaching safepoint: 43501 ns, At safepoint: 7617365 ns, Total: 7660866 ns
[2658.278s][info ][safepoint      ] Safepoint "Cleanup", Time since last: 2000145941 ns, Reaching safepoint: 47401 ns, At safepoint: 5800 ns, Total: 53201 ns
[2671.279s][info ][safepoint      ] Safepoint "Cleanup", Time since last: 13000750860 ns, Reaching safepoint: 43801 ns, At safepoint: 4300 ns, Total: 48101 ns
[2685.279s][info ][safepoint      ] Safepoint "Cleanup", Time since last: 14000856079 ns, Reaching safepoint: 69201 ns, At safepoint: 8800 ns, Total: 78001 ns
[2690.280s][info ][safepoint      ] Safepoint "Cleanup", Time since last: 5000303800 ns, Reaching safepoint: 44601 ns, At safepoint: 2800 ns, Total: 47401 ns
[2690.614s][info ][gc,start       ] GC(165) Pause Young (Allocation Failure)
[2690.622s][debug][gc,phases      ] GC(165) Scavenge 8.282ms
[2690.622s][debug][gc,ref         ] GC(165) Skipped phase 1 of Reference Processing: no references
[2690.622s][debug][gc,ref         ] GC(165) Skipped phase 3 of Reference Processing: no references
[2690.622s][debug][gc,phases      ] GC(165) Reference Processing 0.027ms
[2690.623s][debug][gc,phases      ] GC(165) Weak Processing 0.586ms
[2690.623s][debug][gc,age         ] GC(165) Desired survivor size 103809024 bytes, new threshold 15 (max threshold 15)
[2690.623s][info ][gc,heap        ] GC(165) PSYoungGen: 1902992K(1985536K)->26016K(1995776K) Eden: 1876992K(1876992K)->0K(1890816K) From: 26000K(108544K)->26016K(104960K)
[2690.623s][info ][gc,heap        ] GC(165) ParOldGen: 530099K(659968K)->530363K(659968K)
[2690.623s][info ][gc,metaspace   ] GC(165) Metaspace: 79739K(80320K)->79739K(80320K) NonClass: 68930K(69248K)->68930K(69248K) Class: 10809K(11072K)->10809K(11072K)
[2690.623s][info ][gc             ] GC(165) Pause Young (Allocation Failure) 2376M->543M(2593M) 9.035ms
[2690.623s][info ][gc,cpu         ] GC(165) User=0.03s Sys=0.00s Real=0.01s
[2690.623s][info ][safepoint      ] Safepoint "ParallelGCFailedAllocation", Time since last: 333915518 ns, Reaching safepoint: 109703 ns, At safepoint: 9114797 ns, Total: 9224500 ns
[2692.623s][info ][safepoint      ] Safepoint "Cleanup", Time since last: 2000149540 ns, Reaching safepoint: 43601 ns, At safepoint: 2800 ns, Total: 46401 ns
[2706.624s][info ][safepoint      ] Safepoint "Cleanup", Time since last: 14000828975 ns, Reaching safepoint: 76702 ns, At safepoint: 2700 ns, Total: 79402 ns
[2707.624s][info ][safepoint      ] Safepoint "Cleanup", Time since last: 1000095220 ns, Reaching safepoint: 50501 ns, At safepoint: 8300 ns, Total: 58801 ns
[2708.624s][info ][safepoint      ] Safepoint "Cleanup", Time since last: 1000105021 ns, Reaching safepoint: 46401 ns, At safepoint: 2600 ns, Total: 49001 ns
[2721.778s][info ][safepoint      ] Safepoint "Cleanup", Time since last: 13153680559 ns, Reaching safepoint: 118403 ns, At safepoint: 17600 ns, Total: 136003 ns
[2722.778s][info ][safepoint      ] Safepoint "Cleanup", Time since last: 1000089820 ns, Reaching safepoint: 64302 ns, At safepoint: 5700 ns, Total: 70002 ns
[2723.779s][info ][safepoint      ] Safepoint "Cleanup", Time since last: 1000100120 ns, Reaching safepoint: 41801 ns, At safepoint: 11800 ns, Total: 53601 ns
[2724.264s][info ][gc,start       ] GC(166) Pause Young (Allocation Failure)
[2724.272s][debug][gc,phases      ] GC(166) Scavenge 7.327ms
[2724.272s][debug][gc,ref         ] GC(166) Skipped phase 1 of Reference Processing: no references
[2724.272s][debug][gc,ref         ] GC(166) Skipped phase 3 of Reference Processing: no references
[2724.272s][debug][gc,phases      ] GC(166) Reference Processing 0.040ms
[2724.272s][debug][gc,phases      ] GC(166) Weak Processing 0.571ms
[2724.272s][debug][gc,age         ] GC(166) Desired survivor size 102236160 bytes, new threshold 15 (max threshold 15)
[2724.272s][info ][gc,heap        ] GC(166) PSYoungGen: 1916832K(1995776K)->13712K(1992192K) Eden: 1890816K(1890816K)->0K(1890816K) From: 26016K(104960K)->13712K(101376K)
[2724.272s][info ][gc,heap        ] GC(166) ParOldGen: 530363K(659968K)->543485K(659968K)
[2724.273s][info ][gc,metaspace   ] GC(166) Metaspace: 79750K(80320K)->79750K(80320K) NonClass: 68941K(69248K)->68941K(69248K) Class: 10809K(11072K)->10809K(11072K)
[2724.273s][info ][gc             ] GC(166) Pause Young (Allocation Failure) 2389M->544M(2590M) 8.078ms
[2724.273s][info ][gc,cpu         ] GC(166) User=0.03s Sys=0.00s Real=0.00s
[2724.273s][info ][safepoint      ] Safepoint "ParallelGCFailedAllocation", Time since last: 485766101 ns, Reaching safepoint: 108503 ns, At safepoint: 8162676 ns, Total: 8271179 ns
[2732.273s][info ][safepoint      ] Safepoint "Cleanup", Time since last: 8000490556 ns, Reaching safepoint: 42900 ns, At safepoint: 6401 ns, Total: 49301 ns
[2744.274s][info ][safepoint      ] Safepoint "Cleanup", Time since last: 12000837634 ns, Reaching safepoint: 81101 ns, At safepoint: 10800 ns, Total: 91901 ns
[2748.274s][info ][safepoint      ] Safepoint "Cleanup", Time since last: 4000261578 ns, Reaching safepoint: 51801 ns, At safepoint: 5700 ns, Total: 57501 ns
[2749.275s][info ][safepoint      ] Safepoint "Cleanup", Time since last: 1000110520 ns, Reaching safepoint: 48601 ns, At safepoint: 3100 ns, Total: 51701 ns
[2759.918s][info ][gc,start       ] GC(167) Pause Young (Allocation Failure)
[2759.922s][debug][gc,phases      ] GC(167) Scavenge 4.414ms
[2759.922s][debug][gc,ref         ] GC(167) Skipped phase 1 of Reference Processing: no references
[2759.922s][debug][gc,ref         ] GC(167) Skipped phase 3 of Reference Processing: no references
[2759.922s][debug][gc,phases      ] GC(167) Reference Processing 0.025ms
[2759.923s][debug][gc,phases      ] GC(167) Weak Processing 0.557ms
[2759.923s][debug][gc,age         ] GC(167) Desired survivor size 100663296 bytes, new threshold 15 (max threshold 15)
[2759.923s][info ][gc,heap        ] GC(167) PSYoungGen: 1904528K(1992192K)->12032K(1998848K) Eden: 1890816K(1890816K)->0K(1899008K) From: 13712K(101376K)->12032K(99840K)
[2759.923s][info ][gc,heap        ] GC(167) ParOldGen: 543485K(659968K)->545110K(659968K)
[2759.923s][info ][gc,metaspace   ] GC(167) Metaspace: 79758K(80384K)->79758K(80384K) NonClass: 68948K(69312K)->68948K(69312K) Class: 10809K(11072K)->10809K(11072K)
[2759.923s][info ][gc             ] GC(167) Pause Young (Allocation Failure) 2390M->544M(2596M) 5.132ms
[2759.923s][info ][gc,cpu         ] GC(167) User=0.02s Sys=0.00s Real=0.01s
[2759.923s][info ][safepoint      ] Safepoint "ParallelGCFailedAllocation", Time since last: 10642975178 ns, Reaching safepoint: 43901 ns, At safepoint: 5208113 ns, Total: 5252014 ns
[2763.923s][info ][safepoint      ] Safepoint "Cleanup", Time since last: 4000310378 ns, Reaching safepoint: 63801 ns, At safepoint: 4700 ns, Total: 68501 ns
[2769.924s][info ][safepoint      ] Safepoint "Cleanup", Time since last: 6000394315 ns, Reaching safepoint: 70401 ns, At safepoint: 7201 ns, Total: 77602 ns
[2781.924s][info ][safepoint      ] Safepoint "Cleanup", Time since last: 12000773428 ns, Reaching safepoint: 29801 ns, At safepoint: 2900 ns, Total: 32701 ns
[2794.919s][info ][gc,start       ] GC(168) Pause Young (Allocation Failure)
[2794.923s][debug][gc,phases      ] GC(168) Scavenge 4.405ms
[2794.923s][debug][gc,ref         ] GC(168) Skipped phase 1 of Reference Processing: no references
[2794.923s][debug][gc,ref         ] GC(168) Skipped phase 3 of Reference Processing: no references
[2794.923s][debug][gc,ref         ] GC(168) Skipped phase 4 of Reference Processing: no references
[2794.923s][debug][gc,phases      ] GC(168) Reference Processing 0.055ms
[2794.924s][debug][gc,phases      ] GC(168) Weak Processing 0.557ms
[2794.924s][debug][gc,age         ] GC(168) Desired survivor size 98041856 bytes, new threshold 15 (max threshold 15)
[2794.924s][info ][gc,heap        ] GC(168) PSYoungGen: 1911040K(1998848K)->12000K(1997312K) Eden: 1899008K(1899008K)->0K(1899008K) From: 12032K(99840K)->12000K(98304K)
[2794.924s][info ][gc,heap        ] GC(168) ParOldGen: 545110K(659968K)->545142K(659968K)
[2794.924s][info ][gc,metaspace   ] GC(168) Metaspace: 79759K(80384K)->79759K(80384K) NonClass: 68950K(69312K)->68950K(69312K) Class: 10809K(11072K)->10809K(11072K)
[2794.924s][info ][gc             ] GC(168) Pause Young (Allocation Failure) 2398M->544M(2595M) 5.175ms
[2794.924s][info ][gc,cpu         ] GC(168) User=0.02s Sys=0.00s Real=0.01s
[2794.924s][info ][safepoint      ] Safepoint "ParallelGCFailedAllocation", Time since last: 12994256203 ns, Reaching safepoint: 44201 ns, At safepoint: 5255814 ns, Total: 5300015 ns
[2799.924s][info ][safepoint      ] Safepoint "Cleanup", Time since last: 5000308494 ns, Reaching safepoint: 75101 ns, At safepoint: 5900 ns, Total: 81001 ns
[2812.925s][info ][safepoint      ] Safepoint "Cleanup", Time since last: 13000806443 ns, Reaching safepoint: 44501 ns, At safepoint: 2700 ns, Total: 47201 ns
[2813.925s][info ][safepoint      ] Safepoint "Cleanup", Time since last: 1000106520 ns, Reaching safepoint: 57501 ns, At safepoint: 3600 ns, Total: 61101 ns
[2830.363s][info ][gc,start       ] GC(169) Pause Young (Allocation Failure)
[2830.368s][debug][gc,phases      ] GC(169) Scavenge 4.497ms
[2830.368s][debug][gc,ref         ] GC(169) Skipped phase 1 of Reference Processing: no references
[2830.368s][debug][gc,ref         ] GC(169) Skipped phase 3 of Reference Processing: no references
[2830.368s][debug][gc,ref         ] GC(169) Skipped phase 4 of Reference Processing: no references
[2830.368s][debug][gc,phases      ] GC(169) Reference Processing 0.025ms
[2830.368s][debug][gc,phases      ] GC(169) Weak Processing 0.495ms
[2830.368s][debug][gc,age         ] GC(169) Desired survivor size 95420416 bytes, new threshold 15 (max threshold 15)
[2830.368s][info ][gc,heap        ] GC(169) PSYoungGen: 1911008K(1997312K)->12208K(2003968K) Eden: 1899008K(1899008K)->0K(1908224K) From: 12000K(98304K)->12208K(95744K)
[2830.368s][info ][gc,heap        ] GC(169) ParOldGen: 545142K(659968K)->545190K(659968K)
[2830.368s][info ][gc,metaspace   ] GC(169) Metaspace: 79759K(80384K)->79759K(80384K) NonClass: 68950K(69312K)->68950K(69312K) Class: 10809K(11072K)->10809K(11072K)
[2830.368s][info ][gc             ] GC(169) Pause Young (Allocation Failure) 2398M->544M(2601M) 5.144ms
[2830.368s][info ][gc,cpu         ] GC(169) User=0.02s Sys=0.00s Real=0.00s
[2830.368s][info ][safepoint      ] Safepoint "ParallelGCFailedAllocation", Time since last: 16437596836 ns, Reaching safepoint: 64401 ns, At safepoint: 5226913 ns, Total: 5291314 ns
[2839.369s][info ][safepoint      ] Safepoint "Cleanup", Time since last: 9000594767 ns, Reaching safepoint: 114503 ns, At safepoint: 6800 ns, Total: 121303 ns
[2850.370s][info ][safepoint      ] Safepoint "Cleanup", Time since last: 11000759104 ns, Reaching safepoint: 53101 ns, At safepoint: 12300 ns, Total: 65401 ns
[2865.917s][info ][gc,start       ] GC(170) Pause Young (Allocation Failure)
[2865.922s][debug][gc,phases      ] GC(170) Scavenge 5.271ms
[2865.922s][debug][gc,ref         ] GC(170) Skipped phase 1 of Reference Processing: no references
[2865.923s][debug][gc,ref         ] GC(170) Skipped phase 3 of Reference Processing: no references
[2865.923s][debug][gc,ref         ] GC(170) Skipped phase 4 of Reference Processing: no references
[2865.923s][debug][gc,phases      ] GC(170) Reference Processing 0.026ms
[2865.923s][debug][gc,phases      ] GC(170) Weak Processing 0.500ms
[2865.923s][debug][gc,age         ] GC(170) Desired survivor size 92798976 bytes, new threshold 15 (max threshold 15)
[2865.923s][info ][gc,heap        ] GC(170) PSYoungGen: 1920432K(2003968K)->9440K(2001408K) Eden: 1908224K(1908224K)->0K(1908224K) From: 12208K(95744K)->9440K(93184K)
[2865.923s][info ][gc,heap        ] GC(170) ParOldGen: 545190K(659968K)->547762K(659968K)
[2865.923s][info ][gc,metaspace   ] GC(170) Metaspace: 79761K(80384K)->79761K(80384K) NonClass: 68952K(69312K)->68952K(69312K) Class: 10809K(11072K)->10809K(11072K)
[2865.923s][info ][gc             ] GC(170) Pause Young (Allocation Failure) 2407M->544M(2599M) 5.923ms
[2865.923s][info ][gc,cpu         ] GC(170) User=0.02s Sys=0.00s Real=0.01s
[2865.923s][info ][safepoint      ] Safepoint "ParallelGCFailedAllocation", Time since last: 15547276185 ns, Reaching safepoint: 59601 ns, At safepoint: 5988329 ns, Total: 6047930 ns
[2892.925s][info ][safepoint      ] Safepoint "Cleanup", Time since last: 27001648689 ns, Reaching safepoint: 74902 ns, At safepoint: 7400 ns, Total: 82302 ns
[2898.925s][info ][safepoint      ] Safepoint "Cleanup", Time since last: 6000376808 ns, Reaching safepoint: 48901 ns, At safepoint: 5800 ns, Total: 54701 ns
[2901.567s][info ][gc,start       ] GC(171) Pause Young (Allocation Failure)
[2901.571s][debug][gc,phases      ] GC(171) Scavenge 4.485ms
[2901.571s][debug][gc,ref         ] GC(171) Skipped phase 1 of Reference Processing: no references
[2901.571s][debug][gc,ref         ] GC(171) Skipped phase 3 of Reference Processing: no references
[2901.571s][debug][gc,ref         ] GC(171) Skipped phase 4 of Reference Processing: no references
[2901.571s][debug][gc,phases      ] GC(171) Reference Processing 0.024ms
[2901.572s][debug][gc,phases      ] GC(171) Weak Processing 0.558ms
[2901.572s][debug][gc,age         ] GC(171) Desired survivor size 90177536 bytes, new threshold 15 (max threshold 15)
[2901.572s][info ][gc,heap        ] GC(171) PSYoungGen: 1917664K(2001408K)->5712K(2009088K) Eden: 1908224K(1908224K)->0K(1918464K) From: 9440K(93184K)->5712K(90624K)
[2901.572s][info ][gc,heap        ] GC(171) ParOldGen: 547762K(659968K)->551660K(659968K)
[2901.572s][info ][gc,metaspace   ] GC(171) Metaspace: 79761K(80384K)->79761K(80384K) NonClass: 68952K(69312K)->68952K(69312K) Class: 10809K(11072K)->10809K(11072K)
[2901.572s][info ][gc             ] GC(171) Pause Young (Allocation Failure) 2407M->544M(2606M) 5.193ms
[2901.572s][info ][gc,cpu         ] GC(171) User=0.01s Sys=0.00s Real=0.00s
[2901.572s][info ][safepoint      ] Safepoint "ParallelGCFailedAllocation", Time since last: 2641169193 ns, Reaching safepoint: 26001 ns, At safepoint: 5257913 ns, Total: 5283914 ns
[2907.572s][info ][safepoint      ] Safepoint "Cleanup", Time since last: 6000381108 ns, Reaching safepoint: 76402 ns, At safepoint: 9900 ns, Total: 86302 ns
[2927.574s][info ][safepoint      ] Safepoint "Cleanup", Time since last: 20001289358 ns, Reaching safepoint: 80702 ns, At safepoint: 6800 ns, Total: 87502 ns
[2938.368s][info ][gc,start       ] GC(172) Pause Young (Allocation Failure)
[2938.371s][debug][gc,phases      ] GC(172) Scavenge 2.719ms
[2938.371s][debug][gc,ref         ] GC(172) Skipped phase 1 of Reference Processing: no references
[2938.371s][debug][gc,ref         ] GC(172) Skipped phase 3 of Reference Processing: no references
[2938.371s][debug][gc,ref         ] GC(172) Skipped phase 4 of Reference Processing: no references
[2938.371s][debug][gc,phases      ] GC(172) Reference Processing 0.023ms
[2938.372s][debug][gc,phases      ] GC(172) Weak Processing 0.560ms
[2938.372s][debug][gc,age         ] GC(172) Desired survivor size 88080384 bytes, new threshold 15 (max threshold 15)
[2938.372s][info ][gc,heap        ] GC(172) PSYoungGen: 1924176K(2009088K)->3824K(2006528K) Eden: 1918464K(1918464K)->0K(1918464K) From: 5712K(90624K)->3824K(88064K)
[2938.372s][info ][gc,heap        ] GC(172) ParOldGen: 551660K(659968K)->553540K(659968K)
[2938.372s][info ][gc,metaspace   ] GC(172) Metaspace: 79762K(80384K)->79762K(80384K) NonClass: 68953K(69312K)->68953K(69312K) Class: 10809K(11072K)->10809K(11072K)
[2938.372s][info ][gc             ] GC(172) Pause Young (Allocation Failure) 2417M->544M(2604M) 3.446ms
[2938.372s][info ][gc,cpu         ] GC(172) User=0.02s Sys=0.00s Real=0.00s
[2938.372s][info ][safepoint      ] Safepoint "ParallelGCFailedAllocation", Time since last: 10794821445 ns, Reaching safepoint: 26401 ns, At safepoint: 3515676 ns, Total: 3542077 ns
[2955.373s][info ][safepoint      ] Safepoint "Cleanup", Time since last: 17001062700 ns, Reaching safepoint: 70702 ns, At safepoint: 8900 ns, Total: 79602 ns
[2956.373s][info ][safepoint      ] Safepoint "Cleanup", Time since last: 1000073318 ns, Reaching safepoint: 50501 ns, At safepoint: 2700 ns, Total: 53201 ns
[2957.373s][info ][safepoint      ] Safepoint "Cleanup", Time since last: 1000096418 ns, Reaching safepoint: 53501 ns, At safepoint: 5300 ns, Total: 58801 ns
[2964.374s][info ][safepoint      ] Safepoint "Cleanup", Time since last: 7000405023 ns, Reaching safepoint: 44701 ns, At safepoint: 8800 ns, Total: 53501 ns
[2973.374s][info ][safepoint      ] Safepoint "Cleanup", Time since last: 9000584658 ns, Reaching safepoint: 46401 ns, At safepoint: 4000 ns, Total: 50401 ns
[2975.620s][info ][gc,start       ] GC(173) Pause Young (Allocation Failure)
[2975.623s][debug][gc,phases      ] GC(173) Scavenge 3.051ms
[2975.623s][debug][gc,ref         ] GC(173) Skipped phase 1 of Reference Processing: no references
[2975.623s][debug][gc,ref         ] GC(173) Skipped phase 3 of Reference Processing: no references
[2975.623s][debug][gc,ref         ] GC(173) Skipped phase 4 of Reference Processing: no references
[2975.623s][debug][gc,phases      ] GC(173) Reference Processing 0.029ms
[2975.624s][debug][gc,phases      ] GC(173) Weak Processing 0.646ms
[2975.624s][debug][gc,age         ] GC(173) Desired survivor size 85458944 bytes, new threshold 15 (max threshold 15)
[2975.624s][info ][gc,heap        ] GC(173) PSYoungGen: 1922288K(2006528K)->2784K(2013696K) Eden: 1918464K(1918464K)->0K(1927680K) From: 3824K(88064K)->2784K(86016K)
[2975.624s][info ][gc,heap        ] GC(173) ParOldGen: 553540K(659968K)->554704K(659968K)
[2975.624s][info ][gc,metaspace   ] GC(173) Metaspace: 79769K(80384K)->79769K(80384K) NonClass: 68960K(69312K)->68960K(69312K) Class: 10809K(11072K)->10809K(11072K)
[2975.624s][info ][gc             ] GC(173) Pause Young (Allocation Failure) 2417M->544M(2611M) 3.852ms
[2975.624s][info ][gc,cpu         ] GC(173) User=0.01s Sys=0.00s Real=0.01s
[2975.624s][info ][safepoint      ] Safepoint "ParallelGCFailedAllocation", Time since last: 2245533640 ns, Reaching safepoint: 38901 ns, At safepoint: 3929385 ns, Total: 3968286 ns
[2985.625s][info ][safepoint      ] Safepoint "Cleanup", Time since last: 10000700176 ns, Reaching safepoint: 73901 ns, At safepoint: 8000 ns, Total: 81901 ns
[2992.625s][info ][safepoint      ] Safepoint "Cleanup", Time since last: 7000486723 ns, Reaching safepoint: 47401 ns, At safepoint: 6501 ns, Total: 53902 ns
[3011.967s][info ][gc,start       ] GC(174) Pause Young (Allocation Failure)
[3011.969s][debug][gc,phases      ] GC(174) Scavenge 1.964ms
[3011.969s][debug][gc,ref         ] GC(174) Skipped phase 1 of Reference Processing: no references
[3011.969s][debug][gc,ref         ] GC(174) Skipped phase 2 of Reference Processing: no references
[3011.969s][debug][gc,ref         ] GC(174) Skipped phase 3 of Reference Processing: no references
[3011.969s][debug][gc,ref         ] GC(174) Skipped phase 4 of Reference Processing: no references
[3011.969s][debug][gc,phases      ] GC(174) Reference Processing 0.022ms
[3011.970s][debug][gc,phases      ] GC(174) Weak Processing 0.488ms
[3011.970s][debug][gc,age         ] GC(174) Desired survivor size 82313216 bytes, new threshold 15 (max threshold 15)
[3011.970s][info ][gc,heap        ] GC(174) PSYoungGen: 1930464K(2013696K)->2352K(2011136K) Eden: 1927680K(1927680K)->0K(1927680K) From: 2784K(86016K)->2352K(83456K)
[3011.970s][info ][gc,heap        ] GC(174) ParOldGen: 554704K(659968K)->555288K(659968K)
[3011.970s][info ][gc,metaspace   ] GC(174) Metaspace: 79769K(80384K)->79769K(80384K) NonClass: 68960K(69312K)->68960K(69312K) Class: 10809K(11072K)->10809K(11072K)
[3011.970s][info ][gc             ] GC(174) Pause Young (Allocation Failure) 2426M->544M(2608M) 2.601ms
[3011.970s][info ][gc,cpu         ] GC(174) User=0.01s Sys=0.00s Real=0.00s
[3011.970s][info ][safepoint      ] Safepoint "ParallelGCFailedAllocation", Time since last: 19341994996 ns, Reaching safepoint: 72601 ns, At safepoint: 2678458 ns, Total: 2751059 ns
[3012.970s][info ][safepoint      ] Safepoint "Cleanup", Time since last: 1000081018 ns, Reaching safepoint: 39100 ns, At safepoint: 3201 ns, Total: 42301 ns
[3021.971s][info ][safepoint      ] Safepoint "Cleanup", Time since last: 9000595155 ns, Reaching safepoint: 54002 ns, At safepoint: 10300 ns, Total: 64302 ns
[3047.218s][info ][gc,start       ] GC(175) Pause Young (Allocation Failure)
[3047.220s][debug][gc,phases      ] GC(175) Scavenge 1.694ms
[3047.220s][debug][gc,ref         ] GC(175) Skipped phase 1 of Reference Processing: no references
[3047.220s][debug][gc,ref         ] GC(175) Skipped phase 3 of Reference Processing: no references
[3047.220s][debug][gc,phases      ] GC(175) Reference Processing 0.019ms
[3047.220s][debug][gc,phases      ] GC(175) Weak Processing 0.534ms
[3047.220s][debug][gc,age         ] GC(175) Desired survivor size 79167488 bytes, new threshold 15 (max threshold 15)
[3047.220s][info ][gc,heap        ] GC(175) PSYoungGen: 1930032K(2011136K)->2368K(2019840K) Eden: 1927680K(1927680K)->0K(1939456K) From: 2352K(83456K)->2368K(80384K)
[3047.220s][info ][gc,heap        ] GC(175) ParOldGen: 555288K(659968K)->555344K(659968K)
[3047.221s][info ][gc,metaspace   ] GC(175) Metaspace: 79788K(80384K)->79788K(80384K) NonClass: 68979K(69312K)->68979K(69312K) Class: 10809K(11072K)->10809K(11072K)
[3047.221s][info ][gc             ] GC(175) Pause Young (Allocation Failure) 2427M->544M(2617M) 2.358ms
[3047.221s][info ][gc,cpu         ] GC(175) User=0.00s Sys=0.00s Real=0.00s
[3047.221s][info ][safepoint      ] Safepoint "ParallelGCFailedAllocation", Time since last: 25247230342 ns, Reaching safepoint: 81302 ns, At safepoint: 2428352 ns, Total: 2509654 ns
[3077.223s][info ][safepoint      ] Safepoint "Cleanup", Time since last: 30001927566 ns, Reaching safepoint: 54101 ns, At safepoint: 9100 ns, Total: 63201 ns
[3081.614s][info ][gc,start       ] GC(176) Pause Young (Allocation Failure)
[3081.616s][debug][gc,phases      ] GC(176) Scavenge 2.101ms
[3081.616s][debug][gc,ref         ] GC(176) Skipped phase 1 of Reference Processing: no references
[3081.616s][debug][gc,ref         ] GC(176) Skipped phase 3 of Reference Processing: no references
[3081.616s][debug][gc,phases      ] GC(176) Reference Processing 0.020ms
[3081.617s][debug][gc,phases      ] GC(176) Weak Processing 0.527ms
[3081.617s][debug][gc,age         ] GC(176) Desired survivor size 76021760 bytes, new threshold 15 (max threshold 15)
[3081.617s][info ][gc,heap        ] GC(176) PSYoungGen: 1941824K(2019840K)->2768K(2016768K) Eden: 1939456K(1939456K)->0K(1939456K) From: 2368K(80384K)->2768K(77312K)
[3081.617s][info ][gc,heap        ] GC(176) ParOldGen: 555344K(659968K)->555384K(659968K)
[3081.617s][info ][gc,metaspace   ] GC(176) Metaspace: 79789K(80384K)->79789K(80384K) NonClass: 68980K(69312K)->68980K(69312K) Class: 10809K(11072K)->10809K(11072K)
[3081.617s][info ][gc             ] GC(176) Pause Young (Allocation Failure) 2438M->545M(2614M) 2.784ms
[3081.617s][info ][gc,cpu         ] GC(176) User=0.01s Sys=0.01s Real=0.00s
[3081.617s][info ][safepoint      ] Safepoint "ParallelGCFailedAllocation", Time since last: 4391235464 ns, Reaching safepoint: 109903 ns, At safepoint: 2857961 ns, Total: 2967864 ns
[3090.617s][info ][safepoint      ] Safepoint "Cleanup", Time since last: 9000620205 ns, Reaching safepoint: 121803 ns, At safepoint: 8400 ns, Total: 130203 ns
[3100.618s][info ][safepoint      ] Safepoint "Cleanup", Time since last: 10000698648 ns, Reaching safepoint: 122303 ns, At safepoint: 13900 ns, Total: 136203 ns
[3107.619s][info ][safepoint      ] Safepoint "Cleanup", Time since last: 7000496597 ns, Reaching safepoint: 145803 ns, At safepoint: 13400 ns, Total: 159203 ns
[3115.620s][info ][safepoint      ] Safepoint "Cleanup", Time since last: 8000573029 ns, Reaching safepoint: 56301 ns, At safepoint: 5200 ns, Total: 61501 ns
[3116.564s][info ][gc,start       ] GC(177) Pause Young (Allocation Failure)
[3116.566s][debug][gc,phases      ] GC(177) Scavenge 2.044ms
[3116.566s][debug][gc,ref         ] GC(177) Skipped phase 1 of Reference Processing: no references
[3116.566s][debug][gc,ref         ] GC(177) Skipped phase 2 of Reference Processing: no references
[3116.566s][debug][gc,ref         ] GC(177) Skipped phase 3 of Reference Processing: no references
[3116.566s][debug][gc,ref         ] GC(177) Skipped phase 4 of Reference Processing: no references
[3116.566s][debug][gc,phases      ] GC(177) Reference Processing 0.023ms
[3116.567s][debug][gc,phases      ] GC(177) Weak Processing 0.498ms
[3116.567s][debug][gc,age         ] GC(177) Desired survivor size 72351744 bytes, new threshold 15 (max threshold 15)
[3116.567s][info ][gc,heap        ] GC(177) PSYoungGen: 1942224K(2016768K)->2736K(2026496K) Eden: 1939456K(1939456K)->0K(1952256K) From: 2768K(77312K)->2736K(74240K)
[3116.567s][info ][gc,heap        ] GC(177) ParOldGen: 555384K(659968K)->555452K(659968K)
[3116.567s][info ][gc,metaspace   ] GC(177) Metaspace: 79789K(80384K)->79789K(80384K) NonClass: 68980K(69312K)->68980K(69312K) Class: 10809K(11072K)->10809K(11072K)
[3116.567s][info ][gc             ] GC(177) Pause Young (Allocation Failure) 2439M->545M(2623M) 2.682ms
[3116.567s][info ][gc,cpu         ] GC(177) User=0.01s Sys=0.00s Real=0.00s
[3116.567s][info ][safepoint      ] Safepoint "ParallelGCFailedAllocation", Time since last: 944212316 ns, Reaching safepoint: 103102 ns, At safepoint: 2755059 ns, Total: 2858161 ns
[3146.569s][info ][safepoint      ] Safepoint "Cleanup", Time since last: 30002131922 ns, Reaching safepoint: 144003 ns, At safepoint: 5400 ns, Total: 149403 ns
[3152.615s][info ][gc,start       ] GC(178) Pause Young (Allocation Failure)
[3152.620s][debug][gc,phases      ] GC(178) Scavenge 4.275ms
[3152.620s][debug][gc,ref         ] GC(178) Skipped phase 1 of Reference Processing: no references
[3152.620s][debug][gc,ref         ] GC(178) Skipped phase 2 of Reference Processing: no references
[3152.620s][debug][gc,ref         ] GC(178) Skipped phase 3 of Reference Processing: no references
[3152.620s][debug][gc,ref         ] GC(178) Skipped phase 4 of Reference Processing: no references
[3152.620s][debug][gc,phases      ] GC(178) Reference Processing 0.030ms
[3152.621s][debug][gc,phases      ] GC(178) Weak Processing 0.690ms
[3152.621s][debug][gc,age         ] GC(178) Desired survivor size 69206016 bytes, new threshold 15 (max threshold 15)
[3152.621s][info ][gc,heap        ] GC(178) PSYoungGen: 1954992K(2026496K)->2784K(2022912K) Eden: 1952256K(1952256K)->0K(1952256K) From: 2736K(74240K)->2784K(70656K)
[3152.621s][info ][gc,heap        ] GC(178) ParOldGen: 555452K(659968K)->555484K(659968K)
[3152.621s][info ][gc,metaspace   ] GC(178) Metaspace: 79791K(80384K)->79791K(80384K) NonClass: 68982K(69312K)->68982K(69312K) Class: 10809K(11072K)->10809K(11072K)
[3152.621s][info ][gc             ] GC(178) Pause Young (Allocation Failure) 2451M->545M(2620M) 5.141ms
[3152.621s][info ][gc,cpu         ] GC(178) User=0.02s Sys=0.00s Real=0.00s
[3152.621s][info ][safepoint      ] Safepoint "ParallelGCFailedAllocation", Time since last: 6046408420 ns, Reaching safepoint: 47701 ns, At safepoint: 5250512 ns, Total: 5298213 ns
[3153.621s][info ][safepoint      ] Safepoint "Cleanup", Time since last: 1000089225 ns, Reaching safepoint: 125303 ns, At safepoint: 9500 ns, Total: 134803 ns
[3188.567s][info ][gc,start       ] GC(179) Pause Young (Allocation Failure)
[3188.575s][debug][gc,phases      ] GC(179) Scavenge 7.264ms
[3188.575s][debug][gc,ref         ] GC(179) Skipped phase 1 of Reference Processing: no references
[3188.575s][debug][gc,ref         ] GC(179) Skipped phase 2 of Reference Processing: no references
[3188.575s][debug][gc,ref         ] GC(179) Skipped phase 3 of Reference Processing: no references
[3188.575s][debug][gc,ref         ] GC(179) Skipped phase 4 of Reference Processing: no references
[3188.575s][debug][gc,phases      ] GC(179) Reference Processing 0.050ms
[3188.575s][debug][gc,phases      ] GC(179) Weak Processing 0.713ms
[3188.575s][debug][gc,age         ] GC(179) Desired survivor size 65536000 bytes, new threshold 15 (max threshold 15)
[3188.575s][info ][gc,heap        ] GC(179) PSYoungGen: 1955040K(2022912K)->2832K(2033152K) Eden: 1952256K(1952256K)->0K(1965568K) From: 2784K(70656K)->2832K(67584K)
[3188.575s][info ][gc,heap        ] GC(179) ParOldGen: 555484K(659968K)->555540K(659968K)
[3188.575s][info ][gc,metaspace   ] GC(179) Metaspace: 79795K(80384K)->79795K(80384K) NonClass: 68986K(69312K)->68986K(69312K) Class: 10809K(11072K)->10809K(11072K)
[3188.575s][info ][gc             ] GC(179) Pause Young (Allocation Failure) 2451M->545M(2630M) 8.238ms
[3188.575s][info ][gc,cpu         ] GC(179) User=0.00s Sys=0.01s Real=0.01s
[3188.576s][info ][safepoint      ] Safepoint "ParallelGCFailedAllocation", Time since last: 34946184278 ns, Reaching safepoint: 75402 ns, At safepoint: 8338078 ns, Total: 8413480 ns
[3224.464s][info ][gc,start       ] GC(180) Pause Young (Allocation Failure)
[3224.466s][debug][gc,phases      ] GC(180) Scavenge 2.084ms
[3224.466s][debug][gc,ref         ] GC(180) Skipped phase 1 of Reference Processing: no references
[3224.466s][debug][gc,ref         ] GC(180) Skipped phase 2 of Reference Processing: no references
[3224.466s][debug][gc,ref         ] GC(180) Skipped phase 3 of Reference Processing: no references
[3224.466s][debug][gc,ref         ] GC(180) Skipped phase 4 of Reference Processing: no references
[3224.466s][debug][gc,phases      ] GC(180) Reference Processing 0.022ms
[3224.467s][debug][gc,phases      ] GC(180) Weak Processing 0.513ms
[3224.467s][debug][gc,age         ] GC(180) Desired survivor size 61865984 bytes, new threshold 15 (max threshold 15)
[3224.467s][info ][gc,heap        ] GC(180) PSYoungGen: 1968400K(2033152K)->3040K(2029568K) Eden: 1965568K(1965568K)->0K(1965568K) From: 2832K(67584K)->3040K(64000K)
[3224.467s][info ][gc,heap        ] GC(180) ParOldGen: 555540K(659968K)->555588K(659968K)
[3224.467s][info ][gc,metaspace   ] GC(180) Metaspace: 79796K(80384K)->79796K(80384K) NonClass: 68987K(69312K)->68987K(69312K) Class: 10809K(11072K)->10809K(11072K)
[3224.467s][info ][gc             ] GC(180) Pause Young (Allocation Failure) 2464M->545M(2626M) 2.740ms
[3224.467s][info ][gc,cpu         ] GC(180) User=0.01s Sys=0.00s Real=0.00s
[3224.467s][info ][safepoint      ] Safepoint "ParallelGCFailedAllocation", Time since last: 35888577368 ns, Reaching safepoint: 125403 ns, At safepoint: 2819760 ns, Total: 2945163 ns
[3260.714s][info ][gc,start       ] GC(181) Pause Young (Allocation Failure)
[3260.716s][debug][gc,phases      ] GC(181) Scavenge 2.117ms
[3260.717s][debug][gc,ref         ] GC(181) Skipped phase 1 of Reference Processing: no references
[3260.717s][debug][gc,ref         ] GC(181) Skipped phase 2 of Reference Processing: no references
[3260.717s][debug][gc,ref         ] GC(181) Skipped phase 3 of Reference Processing: no references
[3260.717s][debug][gc,ref         ] GC(181) Skipped phase 4 of Reference Processing: no references
[3260.717s][debug][gc,phases      ] GC(181) Reference Processing 0.023ms
[3260.717s][debug][gc,phases      ] GC(181) Weak Processing 0.548ms
[3260.717s][debug][gc,age         ] GC(181) Desired survivor size 58720256 bytes, new threshold 15 (max threshold 15)
[3260.717s][info ][gc,heap        ] GC(181) PSYoungGen: 1968608K(2029568K)->2832K(2039808K) Eden: 1965568K(1965568K)->0K(1979392K) From: 3040K(64000K)->2832K(60416K)
[3260.717s][info ][gc,heap        ] GC(181) ParOldGen: 555588K(659968K)->555628K(659968K)
[3260.717s][info ][gc,metaspace   ] GC(181) Metaspace: 79796K(80384K)->79796K(80384K) NonClass: 68987K(69312K)->68987K(69312K) Class: 10809K(11072K)->10809K(11072K)
[3260.717s][info ][gc             ] GC(181) Pause Young (Allocation Failure) 2465M->545M(2636M) 2.811ms
[3260.717s][info ][gc,cpu         ] GC(181) User=0.01s Sys=0.00s Real=0.00s
[3260.717s][info ][safepoint      ] Safepoint "ParallelGCFailedAllocation", Time since last: 36247207688 ns, Reaching safepoint: 55401 ns, At safepoint: 2902062 ns, Total: 2957463 ns
[3270.718s][info ][safepoint      ] Safepoint "Cleanup", Time since last: 10000689250 ns, Reaching safepoint: 148703 ns, At safepoint: 13400 ns, Total: 162103 ns
[3271.718s][info ][safepoint      ] Safepoint "Cleanup", Time since last: 1000111078 ns, Reaching safepoint: 133103 ns, At safepoint: 8100 ns, Total: 141203 ns
[3295.614s][info ][gc,start       ] GC(182) Pause Young (Allocation Failure)
[3295.616s][debug][gc,phases      ] GC(182) Scavenge 2.140ms
[3295.616s][debug][gc,ref         ] GC(182) Skipped phase 1 of Reference Processing: no references
[3295.616s][debug][gc,ref         ] GC(182) Skipped phase 3 of Reference Processing: no references
[3295.616s][debug][gc,ref         ] GC(182) Skipped phase 4 of Reference Processing: no references
[3295.616s][debug][gc,phases      ] GC(182) Reference Processing 0.025ms
[3295.617s][debug][gc,phases      ] GC(182) Weak Processing 0.553ms
[3295.617s][debug][gc,age         ] GC(182) Desired survivor size 55574528 bytes, new threshold 15 (max threshold 15)
[3295.617s][info ][gc,heap        ] GC(182) PSYoungGen: 1982224K(2039808K)->3008K(2036736K) Eden: 1979392K(1979392K)->0K(1979392K) From: 2832K(60416K)->3008K(57344K)
[3295.617s][info ][gc,heap        ] GC(182) ParOldGen: 555628K(659968K)->555660K(659968K)
[3295.617s][info ][gc,metaspace   ] GC(182) Metaspace: 79799K(80384K)->79799K(80384K) NonClass: 68990K(69312K)->68990K(69312K) Class: 10809K(11072K)->10809K(11072K)
[3295.617s][info ][gc             ] GC(182) Pause Young (Allocation Failure) 2478M->545M(2633M) 2.844ms
[3295.617s][info ][gc,cpu         ] GC(182) User=0.01s Sys=0.00s Real=0.00s
[3295.617s][info ][safepoint      ] Safepoint "ParallelGCFailedAllocation", Time since last: 23895604000 ns, Reaching safepoint: 130203 ns, At safepoint: 2929263 ns, Total: 3059466 ns
[3302.618s][info ][safepoint      ] Safepoint "Cleanup", Time since last: 7000501315 ns, Reaching safepoint: 119503 ns, At safepoint: 8400 ns, Total: 127903 ns
[3322.619s][info ][safepoint      ] Safepoint "Cleanup", Time since last: 20001284853 ns, Reaching safepoint: 119303 ns, At safepoint: 10000 ns, Total: 129303 ns
[3332.214s][info ][gc,start       ] GC(183) Pause Young (Allocation Failure)
[3332.216s][debug][gc,phases      ] GC(183) Scavenge 1.800ms
[3332.216s][debug][gc,ref         ] GC(183) Skipped phase 1 of Reference Processing: no references
[3332.216s][debug][gc,ref         ] GC(183) Skipped phase 3 of Reference Processing: no references
[3332.216s][debug][gc,phases      ] GC(183) Reference Processing 0.019ms
[3332.217s][debug][gc,phases      ] GC(183) Weak Processing 0.601ms
[3332.217s][debug][gc,age         ] GC(183) Desired survivor size 52428800 bytes, new threshold 15 (max threshold 15)
[3332.217s][info ][gc,heap        ] GC(183) PSYoungGen: 1982400K(2036736K)->2672K(2045952K) Eden: 1979392K(1979392K)->0K(1991680K) From: 3008K(57344K)->2672K(54272K)
[3332.217s][info ][gc,heap        ] GC(183) ParOldGen: 555660K(659968K)->555700K(659968K)
[3332.217s][info ][gc,metaspace   ] GC(183) Metaspace: 79801K(80384K)->79801K(80384K) NonClass: 68992K(69312K)->68992K(69312K) Class: 10809K(11072K)->10809K(11072K)
[3332.217s][info ][gc             ] GC(183) Pause Young (Allocation Failure) 2478M->545M(2642M) 2.547ms
[3332.217s][info ][gc,cpu         ] GC(183) User=0.01s Sys=0.00s Real=0.00s
[3332.217s][info ][safepoint      ] Safepoint "ParallelGCFailedAllocation", Time since last: 9595184104 ns, Reaching safepoint: 111003 ns, At safepoint: 2623756 ns, Total: 2734759 ns
[3335.217s][info ][safepoint      ] Safepoint "Cleanup", Time since last: 3000229101 ns, Reaching safepoint: 122103 ns, At safepoint: 11200 ns, Total: 133303 ns
[3336.218s][info ][safepoint      ] Safepoint "Cleanup", Time since last: 1000111202 ns, Reaching safepoint: 114402 ns, At safepoint: 5901 ns, Total: 120303 ns
[3354.219s][info ][safepoint      ] Safepoint "Cleanup", Time since last: 18001279777 ns, Reaching safepoint: 149403 ns, At safepoint: 10400 ns, Total: 159803 ns
[3363.220s][info ][safepoint      ] Safepoint "Cleanup", Time since last: 9000612379 ns, Reaching safepoint: 124102 ns, At safepoint: 9201 ns, Total: 133303 ns
[3368.668s][info ][gc,start       ] GC(184) Pause Young (Allocation Failure)
[3368.669s][debug][gc,phases      ] GC(184) Scavenge 1.757ms
[3368.670s][debug][gc,ref         ] GC(184) Skipped phase 1 of Reference Processing: no references
[3368.670s][debug][gc,ref         ] GC(184) Skipped phase 3 of Reference Processing: no references
[3368.670s][debug][gc,phases      ] GC(184) Reference Processing 0.020ms
[3368.670s][debug][gc,phases      ] GC(184) Weak Processing 0.518ms
[3368.670s][debug][gc,age         ] GC(184) Desired survivor size 49283072 bytes, new threshold 15 (max threshold 15)
[3368.670s][info ][gc,heap        ] GC(184) PSYoungGen: 1994352K(2045952K)->2976K(2042880K) Eden: 1991680K(1991680K)->0K(1991680K) From: 2672K(54272K)->2976K(51200K)
[3368.670s][info ][gc,heap        ] GC(184) ParOldGen: 555700K(659968K)->555724K(659968K)
[3368.670s][info ][gc,metaspace   ] GC(184) Metaspace: 79804K(80384K)->79804K(80384K) NonClass: 68995K(69312K)->68995K(69312K) Class: 10809K(11072K)->10809K(11072K)
[3368.670s][info ][gc             ] GC(184) Pause Young (Allocation Failure) 2490M->545M(2639M) 2.419ms
[3368.670s][info ][gc,cpu         ] GC(184) User=0.01s Sys=0.00s Real=0.00s
[3368.670s][info ][safepoint      ] Safepoint "ParallelGCFailedAllocation", Time since last: 5447901237 ns, Reaching safepoint: 43901 ns, At safepoint: 2492654 ns, Total: 2536555 ns
[3379.671s][info ][safepoint      ] Safepoint "Cleanup", Time since last: 11000675350 ns, Reaching safepoint: 61701 ns, At safepoint: 3100 ns, Total: 64801 ns
[3405.267s][info ][gc,start       ] GC(185) Pause Young (Allocation Failure)
[3405.269s][debug][gc,phases      ] GC(185) Scavenge 1.797ms
[3405.269s][debug][gc,ref         ] GC(185) Skipped phase 1 of Reference Processing: no references
[3405.269s][debug][gc,ref         ] GC(185) Skipped phase 2 of Reference Processing: no references
[3405.269s][debug][gc,ref         ] GC(185) Skipped phase 3 of Reference Processing: no references
[3405.269s][debug][gc,ref         ] GC(185) Skipped phase 4 of Reference Processing: no references
[3405.269s][debug][gc,phases      ] GC(185) Reference Processing 0.045ms
[3405.269s][debug][gc,phases      ] GC(185) Weak Processing 0.564ms
[3405.269s][debug][gc,age         ] GC(185) Desired survivor size 46137344 bytes, new threshold 15 (max threshold 15)
[3405.269s][info ][gc,heap        ] GC(185) PSYoungGen: 1994656K(2042880K)->2784K(2052096K) Eden: 1991680K(1991680K)->0K(2003968K) From: 2976K(51200K)->2784K(48128K)
[3405.269s][info ][gc,heap        ] GC(185) ParOldGen: 555724K(659968K)->555756K(659968K)
[3405.269s][info ][gc,metaspace   ] GC(185) Metaspace: 79810K(80384K)->79810K(80384K) NonClass: 69001K(69312K)->69001K(69312K) Class: 10809K(11072K)->10809K(11072K)
[3405.269s][info ][gc             ] GC(185) Pause Young (Allocation Failure) 2490M->545M(2648M) 2.520ms
[3405.269s][info ][gc,cpu         ] GC(185) User=0.01s Sys=0.00s Real=0.00s
[3405.269s][info ][safepoint      ] Safepoint "ParallelGCFailedAllocation", Time since last: 25595780713 ns, Reaching safepoint: 63101 ns, At safepoint: 2596456 ns, Total: 2659557 ns
[3413.270s][info ][safepoint      ] Safepoint "Cleanup", Time since last: 8000544897 ns, Reaching safepoint: 122603 ns, At safepoint: 12400 ns, Total: 135003 ns
[3431.271s][info ][safepoint      ] Safepoint "Cleanup", Time since last: 18001295816 ns, Reaching safepoint: 81501 ns, At safepoint: 7601 ns, Total: 89102 ns
[3432.272s][info ][safepoint      ] Safepoint "Cleanup", Time since last: 1000099131 ns, Reaching safepoint: 48802 ns, At safepoint: 2700 ns, Total: 51502 ns
[3434.272s][info ][safepoint      ] Safepoint "Cleanup", Time since last: 2000170464 ns, Reaching safepoint: 46801 ns, At safepoint: 3900 ns, Total: 50701 ns
[3442.068s][info ][gc,start       ] GC(186) Pause Young (Allocation Failure)
[3442.069s][debug][gc,phases      ] GC(186) Scavenge 1.566ms
[3442.069s][debug][gc,ref         ] GC(186) Skipped phase 1 of Reference Processing: no references
[3442.069s][debug][gc,ref         ] GC(186) Skipped phase 2 of Reference Processing: no references
[3442.069s][debug][gc,ref         ] GC(186) Skipped phase 3 of Reference Processing: no references
[3442.069s][debug][gc,ref         ] GC(186) Skipped phase 4 of Reference Processing: no references
[3442.069s][debug][gc,phases      ] GC(186) Reference Processing 0.022ms
[3442.070s][debug][gc,phases      ] GC(186) Weak Processing 0.491ms
[3442.070s][debug][gc,age         ] GC(186) Desired survivor size 43515904 bytes, new threshold 15 (max threshold 15)
[3442.070s][info ][gc,heap        ] GC(186) PSYoungGen: 2006752K(2052096K)->2512K(2049024K) Eden: 2003968K(2003968K)->0K(2003968K) From: 2784K(48128K)->2512K(45056K)
[3442.070s][info ][gc,heap        ] GC(186) ParOldGen: 555756K(659968K)->555788K(659968K)
[3442.070s][info ][gc,metaspace   ] GC(186) Metaspace: 79810K(80384K)->79810K(80384K) NonClass: 69001K(69312K)->69001K(69312K) Class: 10809K(11072K)->10809K(11072K)
[3442.070s][info ][gc             ] GC(186) Pause Young (Allocation Failure) 2502M->545M(2645M) 2.192ms
[3442.070s][info ][gc,cpu         ] GC(186) User=0.01s Sys=0.00s Real=0.00s
[3442.070s][info ][safepoint      ] Safepoint "ParallelGCFailedAllocation", Time since last: 7795934380 ns, Reaching safepoint: 52001 ns, At safepoint: 2262448 ns, Total: 2314449 ns
[3449.071s][info ][safepoint      ] Safepoint "Cleanup", Time since last: 7000463747 ns, Reaching safepoint: 40200 ns, At safepoint: 5801 ns, Total: 46001 ns
[3461.071s][info ][safepoint      ] Safepoint "Cleanup", Time since last: 12000748852 ns, Reaching safepoint: 38501 ns, At safepoint: 3700 ns, Total: 42201 ns
[3462.071s][info ][safepoint      ] Safepoint "Cleanup", Time since last: 1000106640 ns, Reaching safepoint: 53602 ns, At safepoint: 4800 ns, Total: 58402 ns
[3471.072s][info ][safepoint      ] Safepoint "Cleanup", Time since last: 9000558267 ns, Reaching safepoint: 52401 ns, At safepoint: 11301 ns, Total: 63702 ns
[3479.765s][info ][gc,start       ] GC(187) Pause Young (Allocation Failure)
[3479.767s][debug][gc,phases      ] GC(187) Scavenge 1.826ms
[3479.767s][debug][gc,ref         ] GC(187) Skipped phase 1 of Reference Processing: no references
[3479.767s][debug][gc,ref         ] GC(187) Skipped phase 2 of Reference Processing: no references
[3479.767s][debug][gc,ref         ] GC(187) Skipped phase 3 of Reference Processing: no references
[3479.767s][debug][gc,ref         ] GC(187) Skipped phase 4 of Reference Processing: no references
[3479.767s][debug][gc,phases      ] GC(187) Reference Processing 0.029ms
[3479.768s][debug][gc,phases      ] GC(187) Weak Processing 0.680ms
[3479.768s][debug][gc,age         ] GC(187) Desired survivor size 40894464 bytes, new threshold 15 (max threshold 15)
[3479.768s][info ][gc,heap        ] GC(187) PSYoungGen: 2006480K(2049024K)->2608K(2057216K) Eden: 2003968K(2003968K)->0K(2014720K) From: 2512K(45056K)->2608K(42496K)
[3479.768s][info ][gc,heap        ] GC(187) ParOldGen: 555788K(659968K)->555820K(659968K)
[3479.768s][info ][gc,metaspace   ] GC(187) Metaspace: 79813K(80384K)->79813K(80384K) NonClass: 69004K(69312K)->69004K(69312K) Class: 10809K(11072K)->10809K(11072K)
[3479.768s][info ][gc             ] GC(187) Pause Young (Allocation Failure) 2502M->545M(2653M) 2.694ms
[3479.768s][info ][gc,cpu         ] GC(187) User=0.01s Sys=0.00s Real=0.00s
[3479.768s][info ][safepoint      ] Safepoint "ParallelGCFailedAllocation", Time since last: 8693083295 ns, Reaching safepoint: 45001 ns, At safepoint: 2785160 ns, Total: 2830161 ns
[3487.769s][info ][safepoint      ] Safepoint "Cleanup", Time since last: 8000591365 ns, Reaching safepoint: 146603 ns, At safepoint: 13200 ns, Total: 159803 ns
[3498.770s][info ][safepoint      ] Safepoint "Cleanup", Time since last: 11000805129 ns, Reaching safepoint: 38601 ns, At safepoint: 3000 ns, Total: 41601 ns
[3513.771s][info ][safepoint      ] Safepoint "Cleanup", Time since last: 15000972767 ns, Reaching safepoint: 76102 ns, At safepoint: 10000 ns, Total: 86102 ns
[3515.771s][info ][safepoint      ] Safepoint "Cleanup", Time since last: 2000161307 ns, Reaching safepoint: 50601 ns, At safepoint: 5200 ns, Total: 55801 ns
[3517.419s][info ][gc,start       ] GC(188) Pause Young (Allocation Failure)
[3517.421s][debug][gc,phases      ] GC(188) Scavenge 1.636ms
[3517.421s][debug][gc,ref         ] GC(188) Skipped phase 1 of Reference Processing: no references
[3517.421s][debug][gc,ref         ] GC(188) Skipped phase 2 of Reference Processing: no references
[3517.421s][debug][gc,ref         ] GC(188) Skipped phase 3 of Reference Processing: no references
[3517.421s][debug][gc,ref         ] GC(188) Skipped phase 4 of Reference Processing: no references
[3517.421s][debug][gc,phases      ] GC(188) Reference Processing 0.033ms
[3517.422s][debug][gc,phases      ] GC(188) Weak Processing 0.553ms
[3517.422s][debug][gc,age         ] GC(188) Desired survivor size 38273024 bytes, new threshold 15 (max threshold 15)
[3517.422s][info ][gc,heap        ] GC(188) PSYoungGen: 2017328K(2057216K)->2944K(2054656K) Eden: 2014720K(2014720K)->0K(2014720K) From: 2608K(42496K)->2944K(39936K)
[3517.422s][info ][gc,heap        ] GC(188) ParOldGen: 555820K(659968K)->555852K(659968K)
[3517.422s][info ][gc,metaspace   ] GC(188) Metaspace: 79816K(80384K)->79816K(80384K) NonClass: 69006K(69312K)->69006K(69312K) Class: 10809K(11072K)->10809K(11072K)
[3517.422s][info ][gc             ] GC(188) Pause Young (Allocation Failure) 2512M->545M(2651M) 2.341ms
[3517.422s][info ][gc,cpu         ] GC(188) User=0.01s Sys=0.00s Real=0.01s
[3517.422s][info ][safepoint      ] Safepoint "ParallelGCFailedAllocation", Time since last: 1648444263 ns, Reaching safepoint: 40401 ns, At safepoint: 2414552 ns, Total: 2454953 ns
[3518.422s][info ][safepoint      ] Safepoint "Cleanup", Time since last: 1000079054 ns, Reaching safepoint: 45401 ns, At safepoint: 2500 ns, Total: 47901 ns
[3519.422s][info ][safepoint      ] Safepoint "Cleanup", Time since last: 1000110155 ns, Reaching safepoint: 45501 ns, At safepoint: 3700 ns, Total: 49201 ns
[3522.422s][info ][safepoint      ] Safepoint "Cleanup", Time since last: 3000214665 ns, Reaching safepoint: 64401 ns, At safepoint: 8600 ns, Total: 73001 ns
[3523.423s][info ][safepoint      ] Safepoint "Cleanup", Time since last: 1000108257 ns, Reaching safepoint: 57501 ns, At safepoint: 19900 ns, Total: 77401 ns
[3525.423s][info ][safepoint      ] Safepoint "Cleanup", Time since last: 2000127011 ns, Reaching safepoint: 38701 ns, At safepoint: 3300 ns, Total: 42001 ns
[3530.423s][info ][safepoint      ] Safepoint "Cleanup", Time since last: 5000363383 ns, Reaching safepoint: 44401 ns, At safepoint: 7100 ns, Total: 51501 ns
[3531.423s][info ][safepoint      ] Safepoint "Cleanup", Time since last: 1000108058 ns, Reaching safepoint: 47801 ns, At safepoint: 2800 ns, Total: 50601 ns
[3532.423s][info ][safepoint      ] Safepoint "Cleanup", Time since last: 1000103959 ns, Reaching safepoint: 52101 ns, At safepoint: 10000 ns, Total: 62101 ns
[3533.424s][info ][safepoint      ] Safepoint "Cleanup", Time since last: 1000116559 ns, Reaching safepoint: 122902 ns, At safepoint: 9600 ns, Total: 132502 ns
[3534.424s][info ][safepoint      ] Safepoint "Cleanup", Time since last: 1000101659 ns, Reaching safepoint: 47901 ns, At safepoint: 2900 ns, Total: 50801 ns
[3535.424s][info ][safepoint      ] Safepoint "Cleanup", Time since last: 1000107759 ns, Reaching safepoint: 117403 ns, At safepoint: 9900 ns, Total: 127303 ns
[3536.424s][info ][safepoint      ] Safepoint "Cleanup", Time since last: 1000118359 ns, Reaching safepoint: 121103 ns, At safepoint: 7700 ns, Total: 128803 ns
[3537.425s][info ][safepoint      ] Safepoint "Cleanup", Time since last: 1000107059 ns, Reaching safepoint: 125403 ns, At safepoint: 9300 ns, Total: 134703 ns
[3538.425s][info ][safepoint      ] Safepoint "Cleanup", Time since last: 1000121760 ns, Reaching safepoint: 115703 ns, At safepoint: 10500 ns, Total: 126203 ns
[3539.425s][info ][safepoint      ] Safepoint "Cleanup", Time since last: 1000129360 ns, Reaching safepoint: 113903 ns, At safepoint: 8000 ns, Total: 121903 ns
[3539.615s][info ][gc,start       ] GC(189) Pause Young (Allocation Failure)
[3539.626s][debug][gc,phases      ] GC(189) Scavenge 11.683ms
[3539.627s][debug][gc,ref         ] GC(189) Skipped phase 1 of Reference Processing: no references
[3539.627s][debug][gc,ref         ] GC(189) Skipped phase 3 of Reference Processing: no references
[3539.627s][debug][gc,phases      ] GC(189) Reference Processing 0.024ms
[3539.627s][debug][gc,phases      ] GC(189) Weak Processing 0.578ms
[3539.627s][debug][gc,age         ] GC(189) Desired survivor size 47185920 bytes, new threshold 14 (max threshold 15)
[3539.627s][info ][gc,heap        ] GC(189) PSYoungGen: 2017664K(2054656K)->37344K(2042368K) Eden: 2014720K(2014720K)->0K(2004992K) From: 2944K(39936K)->37344K(37376K)
[3539.627s][info ][gc,heap        ] GC(189) ParOldGen: 555852K(659968K)->556684K(659968K)
[3539.627s][info ][gc,metaspace   ] GC(189) Metaspace: 79834K(80448K)->79834K(80448K) NonClass: 69025K(69376K)->69025K(69376K) Class: 10809K(11072K)->10809K(11072K)
[3539.627s][info ][gc             ] GC(189) Pause Young (Allocation Failure) 2513M->580M(2639M) 12.421ms
[3539.627s][info ][gc,cpu         ] GC(189) User=0.04s Sys=0.00s Real=0.01s
[3539.627s][info ][safepoint      ] Safepoint "ParallelGCFailedAllocation", Time since last: 189518567 ns, Reaching safepoint: 129002 ns, At safepoint: 12503769 ns, Total: 12632771 ns
[3540.627s][info ][safepoint      ] Safepoint "Cleanup", Time since last: 1000086659 ns, Reaching safepoint: 134303 ns, At safepoint: 10101 ns, Total: 144404 ns
[3541.628s][info ][safepoint      ] Safepoint "Cleanup", Time since last: 1000104960 ns, Reaching safepoint: 145103 ns, At safepoint: 13000 ns, Total: 158103 ns
[3542.628s][info ][safepoint      ] Safepoint "Cleanup", Time since last: 1000064360 ns, Reaching safepoint: 115103 ns, At safepoint: 5500 ns, Total: 120603 ns
[3547.628s][info ][safepoint      ] Safepoint "Cleanup", Time since last: 5000348702 ns, Reaching safepoint: 74102 ns, At safepoint: 3500 ns, Total: 77602 ns
[3548.629s][info ][safepoint      ] Safepoint "Cleanup", Time since last: 1000102962 ns, Reaching safepoint: 61001 ns, At safepoint: 7800 ns, Total: 68801 ns
[3549.629s][info ][safepoint      ] Safepoint "Cleanup", Time since last: 1000109463 ns, Reaching safepoint: 45501 ns, At safepoint: 3300 ns, Total: 48801 ns
[3550.370s][info ][gc,start       ] GC(190) Pause Young (Allocation Failure)
[3550.391s][debug][gc,phases      ] GC(190) Scavenge 21.103ms
[3550.391s][debug][gc,ref         ] GC(190) Skipped phase 1 of Reference Processing: no references
[3550.391s][debug][gc,ref         ] GC(190) Skipped phase 3 of Reference Processing: no references
[3550.391s][debug][gc,phases      ] GC(190) Reference Processing 0.038ms
[3550.392s][debug][gc,phases      ] GC(190) Weak Processing 0.578ms
[3550.392s][debug][gc,age         ] GC(190) Desired survivor size 69206016 bytes, new threshold 13 (max threshold 15)
[3550.392s][info ][gc,heap        ] GC(190) PSYoungGen: 2042336K(2042368K)->46064K(2051072K) Eden: 2004992K(2004992K)->0K(2004992K) From: 37344K(37376K)->46064K(46080K)
[3550.392s][info ][gc,heap        ] GC(190) ParOldGen: 556684K(659968K)->589213K(659968K)
[3550.392s][info ][gc,metaspace   ] GC(190) Metaspace: 79845K(80448K)->79845K(80448K) NonClass: 69036K(69376K)->69036K(69376K) Class: 10809K(11072K)->10809K(11072K)
[3550.392s][info ][gc             ] GC(190) Pause Young (Allocation Failure) 2538M->620M(2647M) 21.854ms
[3550.392s][info ][gc,cpu         ] GC(190) User=0.09s Sys=0.00s Real=0.02s
[3550.392s][info ][safepoint      ] Safepoint "ParallelGCFailedAllocation", Time since last: 741143305 ns, Reaching safepoint: 107702 ns, At safepoint: 21933771 ns, Total: 22041473 ns
[3551.392s][info ][safepoint      ] Safepoint "Cleanup", Time since last: 1000077462 ns, Reaching safepoint: 41101 ns, At safepoint: 2600 ns, Total: 43701 ns
[3552.392s][info ][safepoint      ] Safepoint "Cleanup", Time since last: 1000118063 ns, Reaching safepoint: 45201 ns, At safepoint: 2100 ns, Total: 47301 ns
[3553.392s][info ][safepoint      ] Safepoint "Cleanup", Time since last: 1000111663 ns, Reaching safepoint: 48001 ns, At safepoint: 4100 ns, Total: 52101 ns
[3554.392s][info ][safepoint      ] Safepoint "Cleanup", Time since last: 1000094063 ns, Reaching safepoint: 55501 ns, At safepoint: 5601 ns, Total: 61102 ns
[3555.393s][info ][safepoint      ] Safepoint "Cleanup", Time since last: 1000100063 ns, Reaching safepoint: 102602 ns, At safepoint: 9900 ns, Total: 112502 ns
[3556.393s][info ][safepoint      ] Safepoint "Cleanup", Time since last: 1000072063 ns, Reaching safepoint: 48601 ns, At safepoint: 5601 ns, Total: 54202 ns
[3557.393s][info ][safepoint      ] Safepoint "Cleanup", Time since last: 1000103864 ns, Reaching safepoint: 44700 ns, At safepoint: 5801 ns, Total: 50501 ns
[3558.393s][info ][safepoint      ] Safepoint "Cleanup", Time since last: 1000103564 ns, Reaching safepoint: 63501 ns, At safepoint: 5900 ns, Total: 69401 ns
[3561.393s][info ][safepoint      ] Safepoint "Cleanup", Time since last: 3000217392 ns, Reaching safepoint: 44801 ns, At safepoint: 4300 ns, Total: 49101 ns
[3561.424s][info ][gc,start       ] GC(191) Pause Young (Allocation Failure)
[3561.449s][debug][gc,phases      ] GC(191) Scavenge 24.887ms
[3561.449s][debug][gc,ref         ] GC(191) Skipped phase 1 of Reference Processing: no references
[3561.449s][debug][gc,ref         ] GC(191) Skipped phase 3 of Reference Processing: no references
[3561.449s][debug][gc,phases      ] GC(191) Reference Processing 0.025ms
[3561.449s][debug][gc,phases      ] GC(191) Weak Processing 0.587ms
[3561.449s][debug][gc,age         ] GC(191) Desired survivor size 92274688 bytes, new threshold 12 (max threshold 15)
[3561.449s][info ][gc,heap        ] GC(191) PSYoungGen: 2051056K(2051072K)->46064K(1963008K) Eden: 2004992K(2004992K)->0K(1916928K) From: 46064K(46080K)->46064K(46080K)
[3561.449s][info ][gc,heap        ] GC(191) ParOldGen: 589213K(659968K)->634417K(659968K)
[3561.449s][info ][gc,metaspace   ] GC(191) Metaspace: 79857K(80448K)->79857K(80448K) NonClass: 69048K(69376K)->69048K(69376K) Class: 10809K(11072K)->10809K(11072K)
[3561.449s][info ][gc             ] GC(191) Pause Young (Allocation Failure) 2578M->664M(2561M) 25.641ms
[3561.449s][info ][gc,cpu         ] GC(191) User=0.10s Sys=0.00s Real=0.02s
[3561.449s][debug][gc,phases      ] GC(192) Pre Compact 0.010ms
[3561.449s][info ][gc,start       ] GC(192) Pause Full (Ergonomics)
[3561.449s][info ][gc,phases,start] GC(192) Marking Phase
[3561.590s][debug][gc,phases      ] GC(192) Par Mark 140.424ms
[3561.591s][debug][gc,ref         ] GC(192) Skipped phase 3 of Reference Processing: no references
[3561.591s][debug][gc,phases      ] GC(192) Reference Processing 0.823ms
[3561.591s][debug][gc,phases      ] GC(192) Weak Processing 0.586ms
[3561.592s][debug][gc,phases      ] GC(192) ClassLoaderData 0.346ms
[3561.592s][debug][gc,phases      ] GC(192) Trigger cleanups 0.007ms
[3561.623s][debug][gc,phases      ] GC(192) Class Unloading 32.058ms
[3561.624s][info ][gc,phases      ] GC(192) Marking Phase 174.075ms
[3561.624s][info ][gc,phases,start] GC(192) Summary Phase
[3561.624s][info ][gc,phases      ] GC(192) Summary Phase 0.022ms
[3561.624s][info ][gc,phases,start] GC(192) Adjust Roots
[3561.642s][info ][gc,phases      ] GC(192) Adjust Roots 18.474ms
[3561.642s][info ][gc,phases,start] GC(192) Compaction Phase
[3561.785s][info ][gc,phases      ] GC(192) Compaction Phase 143.279ms
[3561.785s][info ][gc,phases,start] GC(192) Post Compact
[3561.787s][info ][gc,phases      ] GC(192) Post Compact 1.862ms
[3561.787s][info ][gc,heap        ] GC(192) PSYoungGen: 46064K(1963008K)->0K(2007040K) Eden: 0K(1916928K)->0K(1916928K) From: 46064K(46080K)->0K(90112K)
[3561.787s][info ][gc,heap        ] GC(192) ParOldGen: 634417K(659968K)->507072K(700928K)
[3561.787s][info ][gc,metaspace   ] GC(192) Metaspace: 79857K(80448K)->79739K(80448K) NonClass: 69048K(69376K)->68956K(69376K) Class: 10809K(11072K)->10782K(11072K)
[3561.787s][info ][gc             ] GC(192) Pause Full (Ergonomics) 664M->495M(2644M) 337.975ms
[3561.787s][info ][gc,cpu         ] GC(192) User=1.18s Sys=0.00s Real=0.34s
[3561.787s][info ][safepoint      ] Safepoint "ParallelGCFailedAllocation", Time since last: 30291850 ns, Reaching safepoint: 42901 ns, At safepoint: 363767108 ns, Total: 363810009 ns
[3561.791s][info ][safepoint      ] Safepoint "ICBufferFull", Time since last: 2547554 ns, Reaching safepoint: 1038523 ns, At safepoint: 6600 ns, Total: 1045123 ns
[3561.804s][info ][safepoint      ] Safepoint "ICBufferFull", Time since last: 12631971 ns, Reaching safepoint: 213704 ns, At safepoint: 2201 ns, Total: 215905 ns
[3562.125s][info ][safepoint      ] Safepoint "ICBufferFull", Time since last: 320989889 ns, Reaching safepoint: 224905 ns, At safepoint: 2600 ns, Total: 227505 ns
[3563.126s][info ][safepoint      ] Safepoint "Cleanup", Time since last: 1000109465 ns, Reaching safepoint: 277706 ns, At safepoint: 10200 ns, Total: 287906 ns
[3564.126s][info ][safepoint      ] Safepoint "Cleanup", Time since last: 1000105466 ns, Reaching safepoint: 136203 ns, At safepoint: 5700 ns, Total: 141903 ns
[3565.126s][info ][safepoint      ] Safepoint "Cleanup", Time since last: 1000114766 ns, Reaching safepoint: 129802 ns, At safepoint: 7901 ns, Total: 137703 ns
[3566.126s][info ][safepoint      ] Safepoint "Cleanup", Time since last: 1000113966 ns, Reaching safepoint: 132403 ns, At safepoint: 8500 ns, Total: 140903 ns
[3567.126s][info ][safepoint      ] Safepoint "Cleanup", Time since last: 1000082465 ns, Reaching safepoint: 59202 ns, At safepoint: 12500 ns, Total: 71702 ns
[3568.127s][info ][safepoint      ] Safepoint "Cleanup", Time since last: 1000111366 ns, Reaching safepoint: 200505 ns, At safepoint: 9600 ns, Total: 210105 ns
[3569.127s][info ][safepoint      ] Safepoint "Cleanup", Time since last: 1000107067 ns, Reaching safepoint: 55601 ns, At safepoint: 5300 ns, Total: 60901 ns
[3570.127s][info ][safepoint      ] Safepoint "Cleanup", Time since last: 1000108567 ns, Reaching safepoint: 55101 ns, At safepoint: 18000 ns, Total: 73101 ns
[3571.127s][info ][safepoint      ] Safepoint "Cleanup", Time since last: 1000109467 ns, Reaching safepoint: 117203 ns, At safepoint: 8000 ns, Total: 125203 ns
[3573.128s][info ][safepoint      ] Safepoint "Cleanup", Time since last: 2000169434 ns, Reaching safepoint: 53501 ns, At safepoint: 5300 ns, Total: 58801 ns
[3574.128s][info ][safepoint      ] Safepoint "Cleanup", Time since last: 1000108068 ns, Reaching safepoint: 72502 ns, At safepoint: 9200 ns, Total: 81702 ns
[3575.128s][info ][safepoint      ] Safepoint "Cleanup", Time since last: 1000107968 ns, Reaching safepoint: 79201 ns, At safepoint: 10701 ns, Total: 89902 ns
[3576.128s][info ][safepoint      ] Safepoint "Cleanup", Time since last: 1000108668 ns, Reaching safepoint: 141203 ns, At safepoint: 7300 ns, Total: 148503 ns
[3577.128s][info ][safepoint      ] Safepoint "Cleanup", Time since last: 1000114468 ns, Reaching safepoint: 123903 ns, At safepoint: 8000 ns, Total: 131903 ns
[3578.129s][info ][safepoint      ] Safepoint "Cleanup", Time since last: 1000106969 ns, Reaching safepoint: 56001 ns, At safepoint: 2600 ns, Total: 58601 ns
[3578.578s][info ][gc,start       ] GC(193) Pause Young (Allocation Failure)
[3578.580s][debug][gc,phases      ] GC(193) Scavenge 2.461ms
[3578.580s][debug][gc,ref         ] GC(193) Skipped phase 1 of Reference Processing: no references
[3578.580s][debug][gc,ref         ] GC(193) Skipped phase 3 of Reference Processing: no references
[3578.580s][debug][gc,phases      ] GC(193) Reference Processing 0.022ms
[3578.581s][debug][gc,phases      ] GC(193) Weak Processing 0.548ms
[3578.581s][debug][gc,age         ] GC(193) Desired survivor size 89128960 bytes, new threshold 13 (max threshold 15)
[3578.581s][info ][gc,heap        ] GC(193) PSYoungGen: 1916928K(2007040K)->3168K(2010112K) Eden: 1916928K(1916928K)->0K(1920000K) From: 0K(90112K)->3168K(90112K)
[3578.581s][info ][gc,heap        ] GC(193) ParOldGen: 507072K(700928K)->507072K(700928K)
[3578.581s][info ][gc,metaspace   ] GC(193) Metaspace: 79761K(80448K)->79761K(80448K) NonClass: 68974K(69376K)->68974K(69376K) Class: 10787K(11072K)->10787K(11072K)
[3578.581s][info ][gc             ] GC(193) Pause Young (Allocation Failure) 2367M->498M(2647M) 3.185ms
[3578.581s][info ][gc,cpu         ] GC(193) User=0.01s Sys=0.00s Real=0.01s
[3578.581s][info ][safepoint      ] Safepoint "ParallelGCFailedAllocation", Time since last: 449055440 ns, Reaching safepoint: 39401 ns, At safepoint: 3256270 ns, Total: 3295671 ns
[3579.581s][info ][safepoint      ] Safepoint "Cleanup", Time since last: 1000082468 ns, Reaching safepoint: 75601 ns, At safepoint: 8801 ns, Total: 84402 ns
[3580.581s][info ][safepoint      ] Safepoint "Cleanup", Time since last: 1000105869 ns, Reaching safepoint: 62701 ns, At safepoint: 6300 ns, Total: 69001 ns
[3581.582s][info ][safepoint      ] Safepoint "Cleanup", Time since last: 1000105470 ns, Reaching safepoint: 56201 ns, At safepoint: 8100 ns, Total: 64301 ns
[3584.582s][info ][safepoint      ] Safepoint "Cleanup", Time since last: 3000246908 ns, Reaching safepoint: 47401 ns, At safepoint: 6000 ns, Total: 53401 ns
[3585.582s][info ][safepoint      ] Safepoint "Cleanup", Time since last: 1000110170 ns, Reaching safepoint: 51301 ns, At safepoint: 12700 ns, Total: 64001 ns
[3586.582s][info ][safepoint      ] Safepoint "Cleanup", Time since last: 1000108571 ns, Reaching safepoint: 54401 ns, At safepoint: 5300 ns, Total: 59701 ns
[3587.582s][info ][safepoint      ] Safepoint "Cleanup", Time since last: 1000102671 ns, Reaching safepoint: 51601 ns, At safepoint: 18500 ns, Total: 70101 ns
[3588.737s][info ][safepoint      ] Safepoint "Cleanup", Time since last: 1154204179 ns, Reaching safepoint: 143903 ns, At safepoint: 14301 ns, Total: 158204 ns
[3589.737s][info ][safepoint      ] Safepoint "Cleanup", Time since last: 1000102270 ns, Reaching safepoint: 63502 ns, At safepoint: 7100 ns, Total: 70602 ns
[3590.737s][info ][safepoint      ] Safepoint "Cleanup", Time since last: 1000099271 ns, Reaching safepoint: 58501 ns, At safepoint: 6900 ns, Total: 65401 ns
[3591.737s][info ][safepoint      ] Safepoint "Cleanup", Time since last: 1000102272 ns, Reaching safepoint: 49101 ns, At safepoint: 2500 ns, Total: 51601 ns
[3592.737s][info ][safepoint      ] Safepoint "Cleanup", Time since last: 1000109772 ns, Reaching safepoint: 50101 ns, At safepoint: 2900 ns, Total: 53001 ns
[3595.738s][info ][safepoint      ] Safepoint "Cleanup", Time since last: 3000242815 ns, Reaching safepoint: 55301 ns, At safepoint: 7100 ns, Total: 62401 ns
[3596.738s][info ][safepoint      ] Safepoint "Cleanup", Time since last: 1000105372 ns, Reaching safepoint: 54802 ns, At safepoint: 17300 ns, Total: 72102 ns
[3597.326s][info ][gc,start       ] GC(194) Pause Young (Allocation Failure)
[3597.329s][debug][gc,phases      ] GC(194) Scavenge 2.466ms
[3597.329s][debug][gc,ref         ] GC(194) Skipped phase 1 of Reference Processing: no references
[3597.329s][debug][gc,ref         ] GC(194) Skipped phase 3 of Reference Processing: no references
[3597.329s][debug][gc,phases      ] GC(194) Reference Processing 0.035ms
[3597.329s][debug][gc,phases      ] GC(194) Weak Processing 0.588ms
[3597.329s][debug][gc,age         ] GC(194) Desired survivor size 85983232 bytes, new threshold 14 (max threshold 15)
[3597.329s][info ][gc,heap        ] GC(194) PSYoungGen: 1923168K(2010112K)->3856K(2007040K) Eden: 1920000K(1920000K)->0K(1920000K) From: 3168K(90112K)->3856K(87040K)
[3597.329s][info ][gc,heap        ] GC(194) ParOldGen: 507072K(700928K)->507080K(700928K)
[3597.330s][info ][gc,metaspace   ] GC(194) Metaspace: 79901K(80512K)->79901K(80512K) NonClass: 69110K(69440K)->69110K(69440K) Class: 10790K(11072K)->10790K(11072K)
[3597.330s][info ][gc             ] GC(194) Pause Young (Allocation Failure) 2373M->498M(2644M) 3.221ms
[3597.330s][info ][gc,cpu         ] GC(194) User=0.01s Sys=0.00s Real=0.00s
[3597.330s][info ][safepoint      ] Safepoint "ParallelGCFailedAllocation", Time since last: 588419433 ns, Reaching safepoint: 26901 ns, At safepoint: 3291171 ns, Total: 3318072 ns
[3600.330s][info ][safepoint      ] Safepoint "Cleanup", Time since last: 3000227517 ns, Reaching safepoint: 48701 ns, At safepoint: 6100 ns, Total: 54801 ns
[3601.330s][info ][safepoint      ] Safepoint "Cleanup", Time since last: 1000114674 ns, Reaching safepoint: 43801 ns, At safepoint: 2300 ns, Total: 46101 ns
[3604.330s][info ][safepoint      ] Safepoint "Cleanup", Time since last: 3000240920 ns, Reaching safepoint: 49801 ns, At safepoint: 9200 ns, Total: 59001 ns
[3605.330s][info ][safepoint      ] Safepoint "Cleanup", Time since last: 1000108174 ns, Reaching safepoint: 42101 ns, At safepoint: 5500 ns, Total: 47601 ns
[3606.331s][info ][safepoint      ] Safepoint "Cleanup", Time since last: 1000110775 ns, Reaching safepoint: 76501 ns, At safepoint: 7401 ns, Total: 83902 ns
[3607.527s][info ][safepoint      ] Safepoint "Cleanup", Time since last: 1195641173 ns, Reaching safepoint: 203304 ns, At safepoint: 12501 ns, Total: 215805 ns
[3608.527s][info ][safepoint      ] Safepoint "Cleanup", Time since last: 1000133275 ns, Reaching safepoint: 154203 ns, At safepoint: 9601 ns, Total: 163804 ns
[3609.527s][info ][safepoint      ] Safepoint "Cleanup", Time since last: 1000114975 ns, Reaching safepoint: 128303 ns, At safepoint: 9200 ns, Total: 137503 ns
[3610.527s][info ][safepoint      ] Safepoint "Cleanup", Time since last: 1000104575 ns, Reaching safepoint: 104302 ns, At safepoint: 4501 ns, Total: 108803 ns
[3615.528s][info ][safepoint      ] Safepoint "Cleanup", Time since last: 5000347275 ns, Reaching safepoint: 138203 ns, At safepoint: 7700 ns, Total: 145903 ns
[3615.529s][info ][gc,start       ] GC(195) Pause Young (Allocation Failure)
[3615.532s][debug][gc,phases      ] GC(195) Scavenge 2.430ms
[3615.532s][debug][gc,ref         ] GC(195) Skipped phase 1 of Reference Processing: no references
[3615.532s][debug][gc,ref         ] GC(195) Skipped phase 3 of Reference Processing: no references
[3615.532s][debug][gc,phases      ] GC(195) Reference Processing 0.027ms
[3615.532s][debug][gc,phases      ] GC(195) Weak Processing 0.508ms
[3615.532s][debug][gc,age         ] GC(195) Desired survivor size 82313216 bytes, new threshold 15 (max threshold 15)
[3615.532s][info ][gc,heap        ] GC(195) PSYoungGen: 1923856K(2007040K)->4368K(2016768K) Eden: 1920000K(1920000K)->0K(1932800K) From: 3856K(87040K)->4368K(83968K)
[3615.532s][info ][gc,heap        ] GC(195) ParOldGen: 507080K(700928K)->507080K(700928K)
[3615.532s][info ][gc,metaspace   ] GC(195) Metaspace: 79926K(80512K)->79926K(80512K) NonClass: 69133K(69440K)->69133K(69440K) Class: 10793K(11072K)->10793K(11072K)
[3615.532s][info ][gc             ] GC(195) Pause Young (Allocation Failure) 2373M->499M(2654M) 3.068ms
[3615.532s][info ][gc,cpu         ] GC(195) User=0.01s Sys=0.00s Real=0.00s
[3615.532s][info ][safepoint      ] Safepoint "ParallelGCFailedAllocation", Time since last: 1246627 ns, Reaching safepoint: 17401 ns, At safepoint: 3134667 ns, Total: 3152068 ns
[3616.532s][info ][safepoint      ] Safepoint "Cleanup", Time since last: 1000081576 ns, Reaching safepoint: 43601 ns, At safepoint: 2900 ns, Total: 46501 ns
[3618.533s][info ][safepoint      ] Safepoint "Cleanup", Time since last: 2000166653 ns, Reaching safepoint: 43801 ns, At safepoint: 7500 ns, Total: 51301 ns
[3619.533s][info ][safepoint      ] Safepoint "Cleanup", Time since last: 1000102977 ns, Reaching safepoint: 71901 ns, At safepoint: 5801 ns, Total: 77702 ns
[3620.533s][info ][safepoint      ] Safepoint "Cleanup", Time since last: 1000103277 ns, Reaching safepoint: 43901 ns, At safepoint: 8400 ns, Total: 52301 ns
[3621.533s][info ][safepoint      ] Safepoint "Cleanup", Time since last: 1000096477 ns, Reaching safepoint: 56301 ns, At safepoint: 6001 ns, Total: 62302 ns
[3622.533s][info ][safepoint      ] Safepoint "Cleanup", Time since last: 1000103477 ns, Reaching safepoint: 122503 ns, At safepoint: 10300 ns, Total: 132803 ns
[3623.533s][info ][safepoint      ] Safepoint "Cleanup", Time since last: 1000097278 ns, Reaching safepoint: 50701 ns, At safepoint: 3000 ns, Total: 53701 ns
[3624.534s][info ][safepoint      ] Safepoint "Cleanup", Time since last: 1000121278 ns, Reaching safepoint: 44601 ns, At safepoint: 6201 ns, Total: 50802 ns
[3625.534s][info ][safepoint      ] Safepoint "Cleanup", Time since last: 1000102978 ns, Reaching safepoint: 46801 ns, At safepoint: 2700 ns, Total: 49501 ns
[3627.534s][info ][safepoint      ] Safepoint "Cleanup", Time since last: 2000171156 ns, Reaching safepoint: 65502 ns, At safepoint: 6900 ns, Total: 72402 ns
[3628.534s][info ][safepoint      ] Safepoint "Cleanup", Time since last: 1000110279 ns, Reaching safepoint: 47601 ns, At safepoint: 2800 ns, Total: 50401 ns
[3630.534s][info ][safepoint      ] Safepoint "Cleanup", Time since last: 2000146557 ns, Reaching safepoint: 50601 ns, At safepoint: 3000 ns, Total: 53601 ns
[3631.225s][info ][gc,start       ] GC(196) Pause Young (Allocation Failure)
[3631.228s][debug][gc,phases      ] GC(196) Scavenge 3.054ms
[3631.228s][debug][gc,ref         ] GC(196) Skipped phase 1 of Reference Processing: no references
[3631.228s][debug][gc,ref         ] GC(196) Skipped phase 3 of Reference Processing: no references
[3631.228s][debug][gc,phases      ] GC(196) Reference Processing 0.042ms
[3631.228s][debug][gc,phases      ] GC(196) Weak Processing 0.616ms
[3631.229s][debug][gc,age         ] GC(196) Desired survivor size 78118912 bytes, new threshold 15 (max threshold 15)
[3631.229s][info ][gc,heap        ] GC(196) PSYoungGen: 1937168K(2016768K)->4672K(2013184K) Eden: 1932800K(1932800K)->0K(1932800K) From: 4368K(83968K)->4672K(80384K)
[3631.229s][info ][gc,heap        ] GC(196) ParOldGen: 507080K(700928K)->507088K(700928K)
[3631.229s][info ][gc,metaspace   ] GC(196) Metaspace: 79966K(80512K)->79966K(80512K) NonClass: 69172K(69440K)->69172K(69440K) Class: 10794K(11072K)->10794K(11072K)
[3631.229s][info ][gc             ] GC(196) Pause Young (Allocation Failure) 2386M->499M(2650M) 3.846ms
[3631.229s][info ][gc,cpu         ] GC(196) User=0.01s Sys=0.00s Real=0.00s
[3631.229s][info ][safepoint      ] Safepoint "ParallelGCFailedAllocation", Time since last: 690291726 ns, Reaching safepoint: 65001 ns, At safepoint: 3922284 ns, Total: 3987285 ns
[3632.229s][info ][safepoint      ] Safepoint "Cleanup", Time since last: 1000090880 ns, Reaching safepoint: 51301 ns, At safepoint: 5400 ns, Total: 56701 ns
[3635.229s][info ][safepoint      ] Safepoint "Cleanup", Time since last: 3000237838 ns, Reaching safepoint: 46101 ns, At safepoint: 9100 ns, Total: 55201 ns
[3636.229s][info ][safepoint      ] Safepoint "Cleanup", Time since last: 1000089980 ns, Reaching safepoint: 44901 ns, At safepoint: 5701 ns, Total: 50602 ns
[3643.230s][info ][safepoint      ] Safepoint "Cleanup", Time since last: 7000444061 ns, Reaching safepoint: 78202 ns, At safepoint: 8500 ns, Total: 86702 ns
[3645.230s][info ][safepoint      ] Safepoint "Cleanup", Time since last: 2000160463 ns, Reaching safepoint: 112903 ns, At safepoint: 5600 ns, Total: 118503 ns
[3647.230s][info ][safepoint      ] Safepoint "Cleanup", Time since last: 2000165164 ns, Reaching safepoint: 41101 ns, At safepoint: 3100 ns, Total: 44201 ns
[3648.666s][info ][gc,start       ] GC(197) Pause Young (Allocation Failure)
[3648.668s][debug][gc,phases      ] GC(197) Scavenge 2.801ms
[3648.669s][debug][gc,ref         ] GC(197) Skipped phase 1 of Reference Processing: no references
[3648.669s][debug][gc,ref         ] GC(197) Skipped phase 3 of Reference Processing: no references
[3648.669s][debug][gc,phases      ] GC(197) Reference Processing 0.032ms
[3648.669s][debug][gc,phases      ] GC(197) Weak Processing 0.516ms
[3648.669s][debug][gc,age         ] GC(197) Desired survivor size 74448896 bytes, new threshold 15 (max threshold 15)
[3648.669s][info ][gc,heap        ] GC(197) PSYoungGen: 1937472K(2013184K)->4528K(2024448K) Eden: 1932800K(1932800K)->0K(1948160K) From: 4672K(80384K)->4528K(76288K)
[3648.669s][info ][gc,heap        ] GC(197) ParOldGen: 507088K(700928K)->507088K(700928K)
[3648.669s][info ][gc,metaspace   ] GC(197) Metaspace: 79968K(80512K)->79968K(80512K) NonClass: 69174K(69440K)->69174K(69440K) Class: 10794K(11072K)->10794K(11072K)
[3648.669s][info ][gc             ] GC(197) Pause Young (Allocation Failure) 2387M->499M(2661M) 3.496ms
[3648.669s][info ][gc,cpu         ] GC(197) User=0.01s Sys=0.00s Real=0.00s
[3648.669s][info ][safepoint      ] Safepoint "ParallelGCFailedAllocation", Time since last: 1435297730 ns, Reaching safepoint: 116603 ns, At safepoint: 3580277 ns, Total: 3696880 ns
[3649.669s][info ][safepoint      ] Safepoint "Cleanup", Time since last: 1000088882 ns, Reaching safepoint: 115203 ns, At safepoint: 6900 ns, Total: 122103 ns
[3650.670s][info ][safepoint      ] Safepoint "Cleanup", Time since last: 1000106583 ns, Reaching safepoint: 109303 ns, At safepoint: 6500 ns, Total: 115803 ns
[3664.671s][info ][safepoint      ] Safepoint "Cleanup", Time since last: 14000841070 ns, Reaching safepoint: 111002 ns, At safepoint: 8500 ns, Total: 119502 ns
[3665.671s][info ][safepoint      ] Safepoint "Cleanup", Time since last: 1000119086 ns, Reaching safepoint: 115303 ns, At safepoint: 8000 ns, Total: 123303 ns
[3666.414s][info ][gc,start       ] GC(198) Pause Young (Allocation Failure)
[3666.417s][debug][gc,phases      ] GC(198) Scavenge 2.922ms
[3666.417s][debug][gc,ref         ] GC(198) Skipped phase 1 of Reference Processing: no references
[3666.417s][debug][gc,ref         ] GC(198) Skipped phase 3 of Reference Processing: no references
[3666.417s][debug][gc,phases      ] GC(198) Reference Processing 0.033ms
[3666.417s][debug][gc,phases      ] GC(198) Weak Processing 0.534ms
[3666.417s][debug][gc,age         ] GC(198) Desired survivor size 70778880 bytes, new threshold 15 (max threshold 15)
[3666.417s][info ][gc,heap        ] GC(198) PSYoungGen: 1952688K(2024448K)->4608K(2020864K) Eden: 1948160K(1948160K)->0K(1948160K) From: 4528K(76288K)->4608K(72704K)
[3666.417s][info ][gc,heap        ] GC(198) ParOldGen: 507088K(700928K)->507088K(700928K)
[3666.417s][info ][gc,metaspace   ] GC(198) Metaspace: 79973K(80576K)->79973K(80576K) NonClass: 69179K(69504K)->69179K(69504K) Class: 10794K(11072K)->10794K(11072K)
[3666.417s][info ][gc             ] GC(198) Pause Young (Allocation Failure) 2402M->499M(2658M) 3.622ms
[3666.417s][info ][gc,cpu         ] GC(198) User=0.01s Sys=0.00s Real=0.00s
[3666.417s][info ][safepoint      ] Safepoint "ParallelGCFailedAllocation", Time since last: 742650255 ns, Reaching safepoint: 33601 ns, At safepoint: 3694879 ns, Total: 3728480 ns
[3668.417s][info ][safepoint      ] Safepoint "Cleanup", Time since last: 2000144271 ns, Reaching safepoint: 137703 ns, At safepoint: 4900 ns, Total: 142603 ns
[3669.418s][info ][safepoint      ] Safepoint "Cleanup", Time since last: 1000096087 ns, Reaching safepoint: 107102 ns, At safepoint: 4800 ns, Total: 111902 ns
[3673.418s][info ][safepoint      ] Safepoint "Cleanup", Time since last: 4000292746 ns, Reaching safepoint: 113202 ns, At safepoint: 8200 ns, Total: 121402 ns
[3674.418s][info ][safepoint      ] Safepoint "Cleanup", Time since last: 1000105788 ns, Reaching safepoint: 112102 ns, At safepoint: 6500 ns, Total: 118602 ns
[3676.419s][info ][safepoint      ] Safepoint "Cleanup", Time since last: 2000136774 ns, Reaching safepoint: 116503 ns, At safepoint: 13200 ns, Total: 129703 ns
[3677.419s][info ][safepoint      ] Safepoint "Cleanup", Time since last: 1000121388 ns, Reaching safepoint: 124503 ns, At safepoint: 10500 ns, Total: 135003 ns
[3678.419s][info ][safepoint      ] Safepoint "Cleanup", Time since last: 1000119689 ns, Reaching safepoint: 127603 ns, At safepoint: 7300 ns, Total: 134903 ns
[3679.419s][info ][safepoint      ] Safepoint "Cleanup", Time since last: 1000114588 ns, Reaching safepoint: 129303 ns, At safepoint: 7700 ns, Total: 137003 ns
[3680.420s][info ][safepoint      ] Safepoint "Cleanup", Time since last: 1000112189 ns, Reaching safepoint: 160803 ns, At safepoint: 8001 ns, Total: 168804 ns
[3682.420s][info ][safepoint      ] Safepoint "Cleanup", Time since last: 2000180577 ns, Reaching safepoint: 116902 ns, At safepoint: 5900 ns, Total: 122802 ns
[3683.420s][info ][safepoint      ] Safepoint "Cleanup", Time since last: 1000109689 ns, Reaching safepoint: 128703 ns, At safepoint: 10400 ns, Total: 139103 ns
[3684.427s][info ][gc,start       ] GC(199) Pause Young (Allocation Failure)
[3684.430s][debug][gc,phases      ] GC(199) Scavenge 3.205ms
[3684.430s][debug][gc,ref         ] GC(199) Skipped phase 1 of Reference Processing: no references
[3684.430s][debug][gc,ref         ] GC(199) Skipped phase 3 of Reference Processing: no references
[3684.430s][debug][gc,phases      ] GC(199) Reference Processing 0.031ms
[3684.431s][debug][gc,phases      ] GC(199) Weak Processing 0.550ms
[3684.431s][debug][gc,age         ] GC(199) Desired survivor size 67108864 bytes, new threshold 15 (max threshold 15)
[3684.431s][info ][gc,heap        ] GC(199) PSYoungGen: 1952768K(2020864K)->4768K(2031616K) Eden: 1948160K(1948160K)->0K(1962496K) From: 4608K(72704K)->4768K(69120K)
[3684.431s][info ][gc,heap        ] GC(199) ParOldGen: 507088K(700928K)->507088K(700928K)
[3684.431s][info ][gc,metaspace   ] GC(199) Metaspace: 80020K(80640K)->80020K(80640K) NonClass: 69224K(69568K)->69224K(69568K) Class: 10795K(11072K)->10795K(11072K)
[3684.431s][info ][gc             ] GC(199) Pause Young (Allocation Failure) 2402M->499M(2668M) 3.920ms
[3684.431s][info ][gc,cpu         ] GC(199) User=0.02s Sys=0.00s Real=0.00s
[3684.431s][info ][safepoint      ] Safepoint "ParallelGCFailedAllocation", Time since last: 1006669831 ns, Reaching safepoint: 59201 ns, At safepoint: 3997586 ns, Total: 4056787 ns
[3686.431s][info ][safepoint      ] Safepoint "Cleanup", Time since last: 2000170478 ns, Reaching safepoint: 64501 ns, At safepoint: 7501 ns, Total: 72002 ns
[3687.431s][info ][safepoint      ] Safepoint "Cleanup", Time since last: 1000113190 ns, Reaching safepoint: 57201 ns, At safepoint: 7700 ns, Total: 64901 ns
[3688.432s][info ][safepoint      ] Safepoint "Cleanup", Time since last: 1000109590 ns, Reaching safepoint: 52601 ns, At safepoint: 6400 ns, Total: 59001 ns
[3689.432s][info ][safepoint      ] Safepoint "Cleanup", Time since last: 1000109991 ns, Reaching safepoint: 49401 ns, At safepoint: 6900 ns, Total: 56301 ns
[3690.432s][info ][safepoint      ] Safepoint "Cleanup", Time since last: 1000108990 ns, Reaching safepoint: 125503 ns, At safepoint: 35401 ns, Total: 160904 ns
[3691.432s][info ][safepoint      ] Safepoint "Cleanup", Time since last: 1000102190 ns, Reaching safepoint: 139003 ns, At safepoint: 6100 ns, Total: 145103 ns
[3692.433s][info ][safepoint      ] Safepoint "Cleanup", Time since last: 1000102791 ns, Reaching safepoint: 550112 ns, At safepoint: 9600 ns, Total: 559712 ns
[3693.433s][info ][safepoint      ] Safepoint "Cleanup", Time since last: 1000110391 ns, Reaching safepoint: 114902 ns, At safepoint: 6600 ns, Total: 121502 ns
[3695.433s][info ][safepoint      ] Safepoint "Cleanup", Time since last: 2000162281 ns, Reaching safepoint: 148904 ns, At safepoint: 5700 ns, Total: 154604 ns
[3702.016s][info ][gc,start       ] GC(200) Pause Young (Allocation Failure)
[3702.019s][debug][gc,phases      ] GC(200) Scavenge 3.160ms
[3702.019s][debug][gc,ref         ] GC(200) Skipped phase 1 of Reference Processing: no references
[3702.019s][debug][gc,ref         ] GC(200) Skipped phase 3 of Reference Processing: no references
[3702.019s][debug][gc,phases      ] GC(200) Reference Processing 0.025ms
[3702.020s][debug][gc,phases      ] GC(200) Weak Processing 0.566ms
[3702.020s][debug][gc,age         ] GC(200) Desired survivor size 63438848 bytes, new threshold 15 (max threshold 15)
[3702.020s][info ][gc,heap        ] GC(200) PSYoungGen: 1967264K(2031616K)->4736K(2028032K) Eden: 1962496K(1962496K)->0K(1962496K) From: 4768K(69120K)->4736K(65536K)
[3702.020s][info ][gc,heap        ] GC(200) ParOldGen: 507088K(700928K)->507088K(700928K)
[3702.020s][info ][gc,metaspace   ] GC(200) Metaspace: 80060K(80704K)->80060K(80704K) NonClass: 69259K(69632K)->69259K(69632K) Class: 10801K(11072K)->10801K(11072K)
[3702.020s][info ][gc             ] GC(200) Pause Young (Allocation Failure) 2416M->499M(2665M) 3.874ms
[3702.020s][info ][gc,cpu         ] GC(200) User=0.02s Sys=0.00s Real=0.00s
[3702.020s][info ][safepoint      ] Safepoint "ParallelGCFailedAllocation", Time since last: 6582624958 ns, Reaching safepoint: 74201 ns, At safepoint: 3970485 ns, Total: 4044686 ns
[3704.020s][info ][safepoint      ] Safepoint "Cleanup", Time since last: 2000117984 ns, Reaching safepoint: 60301 ns, At safepoint: 9800 ns, Total: 70101 ns
[3705.021s][info ][safepoint      ] Safepoint "Cleanup", Time since last: 1000100493 ns, Reaching safepoint: 130303 ns, At safepoint: 8700 ns, Total: 139003 ns
[3706.021s][info ][safepoint      ] Safepoint "Cleanup", Time since last: 1000108993 ns, Reaching safepoint: 123002 ns, At safepoint: 10701 ns, Total: 133703 ns
[3708.021s][info ][safepoint      ] Safepoint "Cleanup", Time since last: 2000180986 ns, Reaching safepoint: 118302 ns, At safepoint: 10800 ns, Total: 129102 ns
[3709.021s][info ][safepoint      ] Safepoint "Cleanup", Time since last: 1000127194 ns, Reaching safepoint: 115403 ns, At safepoint: 7900 ns, Total: 123303 ns
[3711.022s][info ][safepoint      ] Safepoint "Cleanup", Time since last: 2000172587 ns, Reaching safepoint: 86701 ns, At safepoint: 7101 ns, Total: 93802 ns
[3713.022s][info ][safepoint      ] Safepoint "Cleanup", Time since last: 2000170187 ns, Reaching safepoint: 117202 ns, At safepoint: 10701 ns, Total: 127903 ns
[3715.022s][info ][safepoint      ] Safepoint "Cleanup", Time since last: 2000136187 ns, Reaching safepoint: 112702 ns, At safepoint: 13300 ns, Total: 126002 ns
[3716.022s][info ][safepoint      ] Safepoint "Cleanup", Time since last: 1000069094 ns, Reaching safepoint: 104503 ns, At safepoint: 7800 ns, Total: 112303 ns
[3717.023s][info ][safepoint      ] Safepoint "Cleanup", Time since last: 1000100794 ns, Reaching safepoint: 116103 ns, At safepoint: 9500 ns, Total: 125603 ns
[3718.023s][info ][safepoint      ] Safepoint "Cleanup", Time since last: 1000109095 ns, Reaching safepoint: 88602 ns, At safepoint: 7400 ns, Total: 96002 ns
[3719.974s][info ][gc,start       ] GC(201) Pause Young (Allocation Failure)
[3719.977s][debug][gc,phases      ] GC(201) Scavenge 2.687ms
[3719.977s][debug][gc,ref         ] GC(201) Skipped phase 1 of Reference Processing: no references
[3719.977s][debug][gc,ref         ] GC(201) Skipped phase 3 of Reference Processing: no references
[3719.977s][debug][gc,phases      ] GC(201) Reference Processing 0.026ms
[3719.978s][debug][gc,phases      ] GC(201) Weak Processing 0.496ms
[3719.978s][debug][gc,age         ] GC(201) Desired survivor size 59768832 bytes, new threshold 15 (max threshold 15)
[3719.978s][info ][gc,heap        ] GC(201) PSYoungGen: 1967232K(2028032K)->4832K(2038784K) Eden: 1962496K(1962496K)->0K(1976832K) From: 4736K(65536K)->4832K(61952K)
[3719.978s][info ][gc,heap        ] GC(201) ParOldGen: 507088K(700928K)->507096K(700928K)
[3719.978s][info ][gc,metaspace   ] GC(201) Metaspace: 80073K(80704K)->80073K(80704K) NonClass: 69271K(69632K)->69271K(69632K) Class: 10802K(11072K)->10802K(11072K)
[3719.978s][info ][gc             ] GC(201) Pause Young (Allocation Failure) 2416M->499M(2675M) 3.333ms
[3719.978s][info ][gc,cpu         ] GC(201) User=0.01s Sys=0.00s Real=0.00s
[3719.978s][info ][safepoint      ] Safepoint "ParallelGCFailedAllocation", Time since last: 1951505244 ns, Reaching safepoint: 49101 ns, At safepoint: 3410373 ns, Total: 3459474 ns
[3720.978s][info ][safepoint      ] Safepoint "Cleanup", Time since last: 1000083095 ns, Reaching safepoint: 104502 ns, At safepoint: 6201 ns, Total: 110703 ns
[3724.978s][info ][safepoint      ] Safepoint "Cleanup", Time since last: 4000224879 ns, Reaching safepoint: 46501 ns, At safepoint: 5800 ns, Total: 52301 ns
[3729.979s][info ][safepoint      ] Safepoint "Cleanup", Time since last: 5000347179 ns, Reaching safepoint: 75402 ns, At safepoint: 5900 ns, Total: 81302 ns
[3731.979s][info ][safepoint      ] Safepoint "Cleanup", Time since last: 2000164693 ns, Reaching safepoint: 132503 ns, At safepoint: 8500 ns, Total: 141003 ns
[3732.979s][info ][safepoint      ] Safepoint "Cleanup", Time since last: 1000097497 ns, Reaching safepoint: 135603 ns, At safepoint: 10200 ns, Total: 145803 ns
[3733.979s][info ][safepoint      ] Safepoint "Cleanup", Time since last: 1000118298 ns, Reaching safepoint: 114603 ns, At safepoint: 8200 ns, Total: 122803 ns
[3736.980s][info ][safepoint      ] Safepoint "Cleanup", Time since last: 3000212391 ns, Reaching safepoint: 46001 ns, At safepoint: 7500 ns, Total: 53501 ns
[3737.980s][info ][safepoint      ] Safepoint "Cleanup", Time since last: 1000107499 ns, Reaching safepoint: 39401 ns, At safepoint: 2800 ns, Total: 42201 ns
[3738.215s][info ][gc,start       ] GC(202) Pause Young (Allocation Failure)
[3738.218s][debug][gc,phases      ] GC(202) Scavenge 2.818ms
[3738.218s][debug][gc,ref         ] GC(202) Skipped phase 1 of Reference Processing: no references
[3738.218s][debug][gc,ref         ] GC(202) Skipped phase 3 of Reference Processing: no references
[3738.218s][debug][gc,phases      ] GC(202) Reference Processing 0.029ms
[3738.218s][debug][gc,phases      ] GC(202) Weak Processing 0.509ms
[3738.218s][debug][gc,age         ] GC(202) Desired survivor size 56098816 bytes, new threshold 15 (max threshold 15)
[3738.218s][info ][gc,heap        ] GC(202) PSYoungGen: 1981664K(2038784K)->4832K(2035200K) Eden: 1976832K(1976832K)->0K(1976832K) From: 4832K(61952K)->4832K(58368K)
[3738.218s][info ][gc,heap        ] GC(202) ParOldGen: 507096K(700928K)->507104K(700928K)
[3738.218s][info ][gc,metaspace   ] GC(202) Metaspace: 80100K(80704K)->80100K(80704K) NonClass: 69298K(69632K)->69298K(69632K) Class: 10802K(11072K)->10802K(11072K)
[3738.218s][info ][gc             ] GC(202) Pause Young (Allocation Failure) 2430M->499M(2672M) 3.485ms
[3738.218s][info ][gc,cpu         ] GC(202) User=0.01s Sys=0.00s Real=0.00s
[3738.219s][info ][safepoint      ] Safepoint "ParallelGCFailedAllocation", Time since last: 235031852 ns, Reaching safepoint: 96102 ns, At safepoint: 3562376 ns, Total: 3658478 ns
[3739.219s][info ][safepoint      ] Safepoint "Cleanup", Time since last: 1000083098 ns, Reaching safepoint: 120303 ns, At safepoint: 8000 ns, Total: 128303 ns
[3740.625s][info ][safepoint      ] Safepoint "Cleanup", Time since last: 1405806120 ns, Reaching safepoint: 160703 ns, At safepoint: 8100 ns, Total: 168803 ns
[3746.625s][info ][safepoint      ] Safepoint "Cleanup", Time since last: 6000364990 ns, Reaching safepoint: 117102 ns, At safepoint: 5800 ns, Total: 122902 ns
[3748.625s][info ][safepoint      ] Safepoint "Cleanup", Time since last: 2000171299 ns, Reaching safepoint: 115002 ns, At safepoint: 12401 ns, Total: 127403 ns
[3752.626s][info ][safepoint      ] Safepoint "Cleanup", Time since last: 4000303698 ns, Reaching safepoint: 118603 ns, At safepoint: 8100 ns, Total: 126703 ns
[3753.626s][info ][safepoint      ] Safepoint "Cleanup", Time since last: 1000117101 ns, Reaching safepoint: 122002 ns, At safepoint: 5700 ns, Total: 127702 ns
[3754.626s][info ][safepoint      ] Safepoint "Cleanup", Time since last: 1000116201 ns, Reaching safepoint: 118703 ns, At safepoint: 5800 ns, Total: 124503 ns
[3755.627s][info ][safepoint      ] Safepoint "Cleanup", Time since last: 1000108501 ns, Reaching safepoint: 118503 ns, At safepoint: 8500 ns, Total: 127003 ns
[3756.515s][info ][gc,start       ] GC(203) Pause Young (Allocation Failure)
[3756.518s][debug][gc,phases      ] GC(203) Scavenge 3.278ms
[3756.518s][debug][gc,ref         ] GC(203) Skipped phase 1 of Reference Processing: no references
[3756.518s][debug][gc,ref         ] GC(203) Skipped phase 3 of Reference Processing: no references
[3756.518s][debug][gc,ref         ] GC(203) Skipped phase 4 of Reference Processing: no references
[3756.518s][debug][gc,phases      ] GC(203) Reference Processing 0.049ms
[3756.519s][debug][gc,phases      ] GC(203) Weak Processing 0.543ms
[3756.519s][debug][gc,age         ] GC(203) Desired survivor size 52953088 bytes, new threshold 15 (max threshold 15)
[3756.519s][info ][gc,heap        ] GC(203) PSYoungGen: 1981664K(2035200K)->4848K(2045440K) Eden: 1976832K(1976832K)->0K(1990656K) From: 4832K(58368K)->4848K(54784K)
[3756.519s][info ][gc,heap        ] GC(203) ParOldGen: 507104K(700928K)->507104K(700928K)
[3756.519s][info ][gc,metaspace   ] GC(203) Metaspace: 80104K(80704K)->80104K(80704K) NonClass: 69302K(69632K)->69302K(69632K) Class: 10802K(11072K)->10802K(11072K)
[3756.519s][info ][gc             ] GC(203) Pause Young (Allocation Failure) 2430M->499M(2682M) 4.026ms
[3756.519s][info ][gc,cpu         ] GC(203) User=0.01s Sys=0.00s Real=0.00s
[3756.519s][info ][safepoint      ] Safepoint "ParallelGCFailedAllocation", Time since last: 887930789 ns, Reaching safepoint: 122903 ns, At safepoint: 4116288 ns, Total: 4239191 ns
[3757.519s][info ][safepoint      ] Safepoint "Cleanup", Time since last: 1000085001 ns, Reaching safepoint: 127403 ns, At safepoint: 11500 ns, Total: 138903 ns
[3758.519s][info ][safepoint      ] Safepoint "Cleanup", Time since last: 1000118902 ns, Reaching safepoint: 123202 ns, At safepoint: 7101 ns, Total: 130303 ns
[3759.520s][info ][safepoint      ] Safepoint "Cleanup", Time since last: 1000117301 ns, Reaching safepoint: 143603 ns, At safepoint: 11901 ns, Total: 155504 ns
[3765.520s][info ][safepoint      ] Safepoint "Cleanup", Time since last: 6000450908 ns, Reaching safepoint: 116903 ns, At safepoint: 11300 ns, Total: 128203 ns
[3769.521s][info ][safepoint      ] Safepoint "Cleanup", Time since last: 4000324309 ns, Reaching safepoint: 121903 ns, At safepoint: 12700 ns, Total: 134603 ns
[3770.521s][info ][safepoint      ] Safepoint "Cleanup", Time since last: 1000073102 ns, Reaching safepoint: 125403 ns, At safepoint: 10700 ns, Total: 136103 ns
[3771.521s][info ][safepoint      ] Safepoint "Cleanup", Time since last: 1000107104 ns, Reaching safepoint: 107702 ns, At safepoint: 8700 ns, Total: 116402 ns
[3772.521s][info ][safepoint      ] Safepoint "Cleanup", Time since last: 1000108404 ns, Reaching safepoint: 116302 ns, At safepoint: 7500 ns, Total: 123802 ns
[3773.521s][info ][safepoint      ] Safepoint "Cleanup", Time since last: 1000106504 ns, Reaching safepoint: 112402 ns, At safepoint: 6100 ns, Total: 118502 ns
[3773.573s][info ][gc,start       ] GC(204) Pause Young (Allocation Failure)
[3773.578s][debug][gc,phases      ] GC(204) Scavenge 5.257ms
[3773.578s][debug][gc,ref         ] GC(204) Skipped phase 1 of Reference Processing: no references
[3773.578s][debug][gc,ref         ] GC(204) Skipped phase 3 of Reference Processing: no references
[3773.579s][debug][gc,phases      ] GC(204) Reference Processing 0.026ms
[3773.579s][debug][gc,phases      ] GC(204) Weak Processing 0.499ms
[3773.579s][debug][gc,age         ] GC(204) Desired survivor size 49807360 bytes, new threshold 15 (max threshold 15)
[3773.579s][info ][gc,heap        ] GC(204) PSYoungGen: 1995504K(2045440K)->13696K(2042368K) Eden: 1990656K(1990656K)->0K(1990656K) From: 4848K(54784K)->13696K(51712K)
[3773.579s][info ][gc,heap        ] GC(204) ParOldGen: 507104K(700928K)->507104K(700928K)
[3773.579s][info ][gc,metaspace   ] GC(204) Metaspace: 80110K(80768K)->80110K(80768K) NonClass: 69307K(69696K)->69307K(69696K) Class: 10802K(11072K)->10802K(11072K)
[3773.579s][info ][gc             ] GC(204) Pause Young (Allocation Failure) 2443M->508M(2679M) 5.920ms
[3773.579s][info ][gc,cpu         ] GC(204) User=0.02s Sys=0.00s Real=0.00s
[3773.579s][info ][safepoint      ] Safepoint "ParallelGCFailedAllocation", Time since last: 51582710 ns, Reaching safepoint: 33200 ns, At safepoint: 5997029 ns, Total: 6030229 ns
[3774.579s][info ][safepoint      ] Safepoint "Cleanup", Time since last: 1000089204 ns, Reaching safepoint: 57301 ns, At safepoint: 11400 ns, Total: 68701 ns
[3775.579s][info ][safepoint      ] Safepoint "Cleanup", Time since last: 1000095204 ns, Reaching safepoint: 46501 ns, At safepoint: 7100 ns, Total: 53601 ns
[3777.580s][info ][safepoint      ] Safepoint "Cleanup", Time since last: 2000178408 ns, Reaching safepoint: 44700 ns, At safepoint: 3801 ns, Total: 48501 ns
[3792.063s][info ][gc,start       ] GC(205) Pause Young (Allocation Failure)
[3792.069s][debug][gc,phases      ] GC(205) Scavenge 5.109ms
[3792.069s][debug][gc,ref         ] GC(205) Skipped phase 1 of Reference Processing: no references
[3792.069s][debug][gc,ref         ] GC(205) Skipped phase 3 of Reference Processing: no references
[3792.069s][debug][gc,phases      ] GC(205) Reference Processing 0.056ms
[3792.069s][debug][gc,phases      ] GC(205) Weak Processing 0.515ms
[3792.069s][debug][gc,age         ] GC(205) Desired survivor size 47185920 bytes, new threshold 15 (max threshold 15)
[3792.069s][info ][gc,heap        ] GC(205) PSYoungGen: 2004352K(2042368K)->13600K(2051072K) Eden: 1990656K(1990656K)->0K(2002432K) From: 13696K(51712K)->13600K(48640K)
[3792.069s][info ][gc,heap        ] GC(205) ParOldGen: 507104K(700928K)->507104K(700928K)
[3792.069s][info ][gc,metaspace   ] GC(205) Metaspace: 80110K(80768K)->80110K(80768K) NonClass: 69307K(69696K)->69307K(69696K) Class: 10802K(11072K)->10802K(11072K)
[3792.069s][info ][gc             ] GC(205) Pause Young (Allocation Failure) 2452M->508M(2687M) 5.822ms
[3792.069s][info ][gc,cpu         ] GC(205) User=0.01s Sys=0.01s Real=0.00s
[3792.069s][info ][safepoint      ] Safepoint "ParallelGCFailedAllocation", Time since last: 14483727044 ns, Reaching safepoint: 57201 ns, At safepoint: 5904627 ns, Total: 5961828 ns
[3800.070s][info ][safepoint      ] Safepoint "Cleanup", Time since last: 8000516249 ns, Reaching safepoint: 122402 ns, At safepoint: 6000 ns, Total: 128402 ns
[3802.070s][info ][safepoint      ] Safepoint "Cleanup", Time since last: 2000178315 ns, Reaching safepoint: 111002 ns, At safepoint: 9601 ns, Total: 120603 ns
[3810.128s][info ][gc,start       ] GC(206) Pause Young (Allocation Failure)
[3810.132s][debug][gc,phases      ] GC(206) Scavenge 4.111ms
[3810.132s][debug][gc,ref         ] GC(206) Skipped phase 1 of Reference Processing: no references
[3810.133s][debug][gc,ref         ] GC(206) Skipped phase 3 of Reference Processing: no references
[3810.133s][debug][gc,phases      ] GC(206) Reference Processing 0.026ms
[3810.133s][debug][gc,phases      ] GC(206) Weak Processing 0.515ms
[3810.133s][debug][gc,age         ] GC(206) Desired survivor size 44040192 bytes, new threshold 15 (max threshold 15)
[3810.133s][info ][gc,heap        ] GC(206) PSYoungGen: 2016032K(2051072K)->12176K(2048512K) Eden: 2002432K(2002432K)->0K(2002432K) From: 13600K(48640K)->12176K(46080K)
[3810.133s][info ][gc,heap        ] GC(206) ParOldGen: 507104K(700928K)->507112K(700928K)
[3810.133s][info ][gc,metaspace   ] GC(206) Metaspace: 80115K(80768K)->80115K(80768K) NonClass: 69313K(69696K)->69313K(69696K) Class: 10802K(11072K)->10802K(11072K)
[3810.133s][info ][gc             ] GC(206) Pause Young (Allocation Failure) 2464M->507M(2685M) 4.794ms
[3810.133s][info ][gc,cpu         ] GC(206) User=0.02s Sys=0.00s Real=0.01s
[3810.133s][info ][safepoint      ] Safepoint "ParallelGCFailedAllocation", Time since last: 8057951594 ns, Reaching safepoint: 41601 ns, At safepoint: 4876105 ns, Total: 4917706 ns
[3817.134s][info ][safepoint      ] Safepoint "Cleanup", Time since last: 7000388958 ns, Reaching safepoint: 48601 ns, At safepoint: 8100 ns, Total: 56701 ns
[3826.134s][info ][safepoint      ] Safepoint "Cleanup", Time since last: 9000626687 ns, Reaching safepoint: 71502 ns, At safepoint: 15900 ns, Total: 87402 ns
[3827.134s][info ][safepoint      ] Safepoint "Cleanup", Time since last: 1000109212 ns, Reaching safepoint: 46201 ns, At safepoint: 8100 ns, Total: 54301 ns
[3828.665s][info ][gc,start       ] GC(207) Pause Young (Allocation Failure)
[3828.670s][debug][gc,phases      ] GC(207) Scavenge 4.811ms
[3828.670s][debug][gc,ref         ] GC(207) Skipped phase 1 of Reference Processing: no references
[3828.670s][debug][gc,ref         ] GC(207) Skipped phase 3 of Reference Processing: no references
[3828.670s][debug][gc,phases      ] GC(207) Reference Processing 0.026ms
[3828.670s][debug][gc,phases      ] GC(207) Weak Processing 0.491ms
[3828.670s][debug][gc,age         ] GC(207) Desired survivor size 40894464 bytes, new threshold 15 (max threshold 15)
[3828.670s][info ][gc,heap        ] GC(207) PSYoungGen: 2014608K(2048512K)->12144K(2057216K) Eden: 2002432K(2002432K)->0K(2014208K) From: 12176K(46080K)->12144K(43008K)
[3828.670s][info ][gc,heap        ] GC(207) ParOldGen: 507112K(700928K)->507112K(700928K)
[3828.670s][info ][gc,metaspace   ] GC(207) Metaspace: 80118K(80768K)->80118K(80768K) NonClass: 69315K(69696K)->69315K(69696K) Class: 10802K(11072K)->10802K(11072K)
[3828.670s][info ][gc             ] GC(207) Pause Young (Allocation Failure) 2462M->507M(2693M) 5.497ms
[3828.670s][info ][gc,cpu         ] GC(207) User=0.02s Sys=0.01s Real=0.00s
[3828.670s][info ][safepoint      ] Safepoint "ParallelGCFailedAllocation", Time since last: 1530069310 ns, Reaching safepoint: 151203 ns, At safepoint: 5579420 ns, Total: 5730623 ns
[3830.671s][info ][safepoint      ] Safepoint "Cleanup", Time since last: 2000144922 ns, Reaching safepoint: 114302 ns, At safepoint: 7500 ns, Total: 121802 ns
[3831.671s][info ][safepoint      ] Safepoint "Cleanup", Time since last: 1000102912 ns, Reaching safepoint: 109102 ns, At safepoint: 13001 ns, Total: 122103 ns
[3832.671s][info ][safepoint      ] Safepoint "Cleanup", Time since last: 1000104512 ns, Reaching safepoint: 52001 ns, At safepoint: 6300 ns, Total: 58301 ns
[3921.676s][info ][safepoint      ] Safepoint "Cleanup", Time since last: 89005327363 ns, Reaching safepoint: 38501 ns, At safepoint: 7900 ns, Total: 46401 ns
[4019.682s][info ][safepoint      ] Safepoint "Cleanup", Time since last: 98005973520 ns, Reaching safepoint: 38301 ns, At safepoint: 6300 ns, Total: 44601 ns
[4159.668s][info ][gc,heap,exit   ] Heap
[4159.668s][info ][gc,heap,exit   ]  PSYoungGen      total 2057216K, used 1335478K [0x0000000780000000, 0x0000000800000000, 0x0000000800000000)
[4159.668s][info ][gc,heap,exit   ]   eden space 2014208K, 65% used [0x0000000780000000,0x00000007d0c51a20,0x00000007faf00000)
[4159.668s][info ][gc,heap,exit   ]   from space 43008K, 28% used [0x00000007fd600000,0x00000007fe1dc148,0x0000000800000000)
[4159.668s][info ][gc,heap,exit   ]   to   space 39936K, 0% used [0x00000007faf00000,0x00000007faf00000,0x00000007fd600000)
[4159.668s][info ][gc,heap,exit   ]  ParOldGen       total 700928K, used 507112K [0x0000000740000000, 0x000000076ac80000, 0x0000000780000000)
[4159.668s][info ][gc,heap,exit   ]   object space 700928K, 72% used [0x0000000740000000,0x000000075ef3a350,0x000000076ac80000)
[4159.668s][info ][gc,heap,exit   ]  Metaspace       used 80179K, committed 80768K, reserved 1122304K
[4159.668s][info ][gc,heap,exit   ]   class space    used 10808K, committed 11072K, reserved 1048576K
